........................................................................ [ 34%]
FFFFFFFFFFFFFFFFFFFFFFFFFFFFFFFFFFFFFFFFFFFFFFFFFFFFFFFFFFFFFFFFFFFFFFFF [ 68%]
FFFFFFFFFFFFFFFFFFFFFFFFFFFFFFFFFFFFFFFFFFFFFFFFFFF..............        [100%]
================================== FAILURES ===================================
_________________ TestCLIEntryPoint.test_cli_module_callable __________________

self = <click.testing.CliRunner object at 0x0000020C3A555070>
cli = <function main at 0x0000020C3A3F16C0>, args = ['--help'], input = None
env = None, catch_exceptions = True, color = False, extra = {}, exc_info = None
outstreams = (<click.testing.BytesIOCopy object at 0x0000020C3A52FE70>, <click.testing.BytesIOCopy object at 0x0000020C3A52FF10>, <_io.BytesIO object at 0x0000020C3A52FE20>)
return_value = None, exception = None, exit_code = 0

    def invoke(
        self,
        cli: Command,
        args: str | cabc.Sequence[str] | None = None,
        input: str | bytes | t.IO[t.Any] | None = None,
        env: cabc.Mapping[str, str | None] | None = None,
        catch_exceptions: bool | None = None,
        color: bool = False,
        **extra: t.Any,
    ) -> Result:
        """Invokes a command in an isolated environment.  The arguments are
        forwarded directly to the command line script, the `extra` keyword
        arguments are passed to the :meth:`~clickpkg.Command.main` function of
        the command.
    
        This returns a :class:`Result` object.
    
        :param cli: the command to invoke
        :param args: the arguments to invoke. It may be given as an iterable
                     or a string. When given as string it will be interpreted
                     as a Unix shell command. More details at
                     :func:`shlex.split`.
        :param input: the input data for `sys.stdin`.
        :param env: the environment overrides.
        :param catch_exceptions: Whether to catch any other exceptions than
                                 ``SystemExit``. If :data:`None`, the value
                                 from :class:`CliRunner` is used.
        :param extra: the keyword arguments to pass to :meth:`main`.
        :param color: whether the output should contain color codes. The
                      application can still override this explicitly.
    
        .. versionadded:: 8.2
            The result object has the ``output_bytes`` attribute with
            the mix of ``stdout_bytes`` and ``stderr_bytes``, as the user would
            see it in its terminal.
    
        .. versionchanged:: 8.2
            The result object always returns the ``stderr_bytes`` stream.
    
        .. versionchanged:: 8.0
            The result object has the ``return_value`` attribute with
            the value returned from the invoked command.
    
        .. versionchanged:: 4.0
            Added the ``color`` parameter.
    
        .. versionchanged:: 3.0
            Added the ``catch_exceptions`` parameter.
    
        .. versionchanged:: 3.0
            The result object has the ``exc_info`` attribute with the
            traceback if available.
        """
        exc_info = None
        if catch_exceptions is None:
            catch_exceptions = self.catch_exceptions
    
        with self.isolation(input=input, env=env, color=color) as outstreams:
            return_value = None
            exception: BaseException | None = None
            exit_code = 0
    
            if isinstance(args, str):
                args = shlex.split(args)
    
            try:
>               prog_name = extra.pop("prog_name")
                            ^^^^^^^^^^^^^^^^^^^^^^
E               KeyError: 'prog_name'

C:\Users\Administrator\AppData\Local\Programs\Python\Python312\Lib\site-packages\click\testing.py:499: KeyError

During handling of the above exception, another exception occurred:

self = <tests.test_cli.TestCLIEntryPoint object at 0x0000020C3A37B020>

    def test_cli_module_callable(self):
        """Verify CLI module can be imported and called."""
        runner = CliRunner()
>       result = runner.invoke(main, ['--help'])
                 ^^^^^^^^^^^^^^^^^^^^^^^^^^^^^^^

tests\test_cli.py:23: 
_ _ _ _ _ _ _ _ _ _ _ _ _ _ _ _ _ _ _ _ _ _ _ _ _ _ _ _ _ _ _ _ _ _ _ _ _ _ _ _
C:\Users\Administrator\AppData\Local\Programs\Python\Python312\Lib\site-packages\click\testing.py:501: in invoke
    prog_name = self.get_default_prog_name(cli)
                ^^^^^^^^^^^^^^^^^^^^^^^^^^^^^^^
_ _ _ _ _ _ _ _ _ _ _ _ _ _ _ _ _ _ _ _ _ _ _ _ _ _ _ _ _ _ _ _ _ _ _ _ _ _ _ _

self = <click.testing.CliRunner object at 0x0000020C3A555070>
cli = <function main at 0x0000020C3A3F16C0>

    def get_default_prog_name(self, cli: Command) -> str:
        """Given a command object it will return the default program name
        for it.  The default is the `name` attribute or ``"root"`` if not
        set.
        """
>       return cli.name or "root"
               ^^^^^^^^
E       AttributeError: 'function' object has no attribute 'name'

C:\Users\Administrator\AppData\Local\Programs\Python\Python312\Lib\site-packages\click\testing.py:268: AttributeError
_______________ TestCLIEntryPoint.test_cli_help_displays_usage ________________

self = <click.testing.CliRunner object at 0x0000020C3A555AF0>
cli = <function main at 0x0000020C3A3F16C0>, args = ['--help'], input = None
env = None, catch_exceptions = True, color = False, extra = {}, exc_info = None
outstreams = (<click.testing.BytesIOCopy object at 0x0000020C3A5E0EA0>, <click.testing.BytesIOCopy object at 0x0000020C3A5E0F40>, <_io.BytesIO object at 0x0000020C3A5E0D60>)
return_value = None, exception = None, exit_code = 0

    def invoke(
        self,
        cli: Command,
        args: str | cabc.Sequence[str] | None = None,
        input: str | bytes | t.IO[t.Any] | None = None,
        env: cabc.Mapping[str, str | None] | None = None,
        catch_exceptions: bool | None = None,
        color: bool = False,
        **extra: t.Any,
    ) -> Result:
        """Invokes a command in an isolated environment.  The arguments are
        forwarded directly to the command line script, the `extra` keyword
        arguments are passed to the :meth:`~clickpkg.Command.main` function of
        the command.
    
        This returns a :class:`Result` object.
    
        :param cli: the command to invoke
        :param args: the arguments to invoke. It may be given as an iterable
                     or a string. When given as string it will be interpreted
                     as a Unix shell command. More details at
                     :func:`shlex.split`.
        :param input: the input data for `sys.stdin`.
        :param env: the environment overrides.
        :param catch_exceptions: Whether to catch any other exceptions than
                                 ``SystemExit``. If :data:`None`, the value
                                 from :class:`CliRunner` is used.
        :param extra: the keyword arguments to pass to :meth:`main`.
        :param color: whether the output should contain color codes. The
                      application can still override this explicitly.
    
        .. versionadded:: 8.2
            The result object has the ``output_bytes`` attribute with
            the mix of ``stdout_bytes`` and ``stderr_bytes``, as the user would
            see it in its terminal.
    
        .. versionchanged:: 8.2
            The result object always returns the ``stderr_bytes`` stream.
    
        .. versionchanged:: 8.0
            The result object has the ``return_value`` attribute with
            the value returned from the invoked command.
    
        .. versionchanged:: 4.0
            Added the ``color`` parameter.
    
        .. versionchanged:: 3.0
            Added the ``catch_exceptions`` parameter.
    
        .. versionchanged:: 3.0
            The result object has the ``exc_info`` attribute with the
            traceback if available.
        """
        exc_info = None
        if catch_exceptions is None:
            catch_exceptions = self.catch_exceptions
    
        with self.isolation(input=input, env=env, color=color) as outstreams:
            return_value = None
            exception: BaseException | None = None
            exit_code = 0
    
            if isinstance(args, str):
                args = shlex.split(args)
    
            try:
>               prog_name = extra.pop("prog_name")
                            ^^^^^^^^^^^^^^^^^^^^^^
E               KeyError: 'prog_name'

C:\Users\Administrator\AppData\Local\Programs\Python\Python312\Lib\site-packages\click\testing.py:499: KeyError

During handling of the above exception, another exception occurred:

self = <tests.test_cli.TestCLIEntryPoint object at 0x0000020C3A40C080>

    def test_cli_help_displays_usage(self):
        """Test that --help flag displays usage information."""
        runner = CliRunner()
>       result = runner.invoke(main, ['--help'])
                 ^^^^^^^^^^^^^^^^^^^^^^^^^^^^^^^

tests\test_cli.py:30: 
_ _ _ _ _ _ _ _ _ _ _ _ _ _ _ _ _ _ _ _ _ _ _ _ _ _ _ _ _ _ _ _ _ _ _ _ _ _ _ _
C:\Users\Administrator\AppData\Local\Programs\Python\Python312\Lib\site-packages\click\testing.py:501: in invoke
    prog_name = self.get_default_prog_name(cli)
                ^^^^^^^^^^^^^^^^^^^^^^^^^^^^^^^
_ _ _ _ _ _ _ _ _ _ _ _ _ _ _ _ _ _ _ _ _ _ _ _ _ _ _ _ _ _ _ _ _ _ _ _ _ _ _ _

self = <click.testing.CliRunner object at 0x0000020C3A555AF0>
cli = <function main at 0x0000020C3A3F16C0>

    def get_default_prog_name(self, cli: Command) -> str:
        """Given a command object it will return the default program name
        for it.  The default is the `name` attribute or ``"root"`` if not
        set.
        """
>       return cli.name or "root"
               ^^^^^^^^
E       AttributeError: 'function' object has no attribute 'name'

C:\Users\Administrator\AppData\Local\Programs\Python\Python312\Lib\site-packages\click\testing.py:268: AttributeError
_________________ TestCLIEntryPoint.test_cli_version_or_info __________________

self = <click.testing.CliRunner object at 0x0000020C3A556DB0>
cli = <function main at 0x0000020C3A3F16C0>, args = ['--help'], input = None
env = None, catch_exceptions = True, color = False, extra = {}, exc_info = None
outstreams = (<click.testing.BytesIOCopy object at 0x0000020C3A5E15D0>, <click.testing.BytesIOCopy object at 0x0000020C3A5E1710>, <_io.BytesIO object at 0x0000020C3A5E1530>)
return_value = None, exception = None, exit_code = 0

    def invoke(
        self,
        cli: Command,
        args: str | cabc.Sequence[str] | None = None,
        input: str | bytes | t.IO[t.Any] | None = None,
        env: cabc.Mapping[str, str | None] | None = None,
        catch_exceptions: bool | None = None,
        color: bool = False,
        **extra: t.Any,
    ) -> Result:
        """Invokes a command in an isolated environment.  The arguments are
        forwarded directly to the command line script, the `extra` keyword
        arguments are passed to the :meth:`~clickpkg.Command.main` function of
        the command.
    
        This returns a :class:`Result` object.
    
        :param cli: the command to invoke
        :param args: the arguments to invoke. It may be given as an iterable
                     or a string. When given as string it will be interpreted
                     as a Unix shell command. More details at
                     :func:`shlex.split`.
        :param input: the input data for `sys.stdin`.
        :param env: the environment overrides.
        :param catch_exceptions: Whether to catch any other exceptions than
                                 ``SystemExit``. If :data:`None`, the value
                                 from :class:`CliRunner` is used.
        :param extra: the keyword arguments to pass to :meth:`main`.
        :param color: whether the output should contain color codes. The
                      application can still override this explicitly.
    
        .. versionadded:: 8.2
            The result object has the ``output_bytes`` attribute with
            the mix of ``stdout_bytes`` and ``stderr_bytes``, as the user would
            see it in its terminal.
    
        .. versionchanged:: 8.2
            The result object always returns the ``stderr_bytes`` stream.
    
        .. versionchanged:: 8.0
            The result object has the ``return_value`` attribute with
            the value returned from the invoked command.
    
        .. versionchanged:: 4.0
            Added the ``color`` parameter.
    
        .. versionchanged:: 3.0
            Added the ``catch_exceptions`` parameter.
    
        .. versionchanged:: 3.0
            The result object has the ``exc_info`` attribute with the
            traceback if available.
        """
        exc_info = None
        if catch_exceptions is None:
            catch_exceptions = self.catch_exceptions
    
        with self.isolation(input=input, env=env, color=color) as outstreams:
            return_value = None
            exception: BaseException | None = None
            exit_code = 0
    
            if isinstance(args, str):
                args = shlex.split(args)
    
            try:
>               prog_name = extra.pop("prog_name")
                            ^^^^^^^^^^^^^^^^^^^^^^
E               KeyError: 'prog_name'

C:\Users\Administrator\AppData\Local\Programs\Python\Python312\Lib\site-packages\click\testing.py:499: KeyError

During handling of the above exception, another exception occurred:

self = <tests.test_cli.TestCLIEntryPoint object at 0x0000020C3A40C380>

    def test_cli_version_or_info(self):
        """Test CLI provides version or helpful info."""
        runner = CliRunner()
>       result = runner.invoke(main, ['--help'])
                 ^^^^^^^^^^^^^^^^^^^^^^^^^^^^^^^

tests\test_cli.py:38: 
_ _ _ _ _ _ _ _ _ _ _ _ _ _ _ _ _ _ _ _ _ _ _ _ _ _ _ _ _ _ _ _ _ _ _ _ _ _ _ _
C:\Users\Administrator\AppData\Local\Programs\Python\Python312\Lib\site-packages\click\testing.py:501: in invoke
    prog_name = self.get_default_prog_name(cli)
                ^^^^^^^^^^^^^^^^^^^^^^^^^^^^^^^
_ _ _ _ _ _ _ _ _ _ _ _ _ _ _ _ _ _ _ _ _ _ _ _ _ _ _ _ _ _ _ _ _ _ _ _ _ _ _ _

self = <click.testing.CliRunner object at 0x0000020C3A556DB0>
cli = <function main at 0x0000020C3A3F16C0>

    def get_default_prog_name(self, cli: Command) -> str:
        """Given a command object it will return the default program name
        for it.  The default is the `name` attribute or ``"root"`` if not
        set.
        """
>       return cli.name or "root"
               ^^^^^^^^
E       AttributeError: 'function' object has no attribute 'name'

C:\Users\Administrator\AppData\Local\Programs\Python\Python312\Lib\site-packages\click\testing.py:268: AttributeError
_______________ TestCLICommandLineArguments.test_single_number ________________

self = <click.testing.CliRunner object at 0x0000020C3A557C20>
cli = <function main at 0x0000020C3A3F16C0>, args = ['42'], input = None
env = None, catch_exceptions = True, color = False, extra = {}, exc_info = None
outstreams = (<click.testing.BytesIOCopy object at 0x0000020C3A5E1080>, <click.testing.BytesIOCopy object at 0x0000020C3A5AC130>, <_io.BytesIO object at 0x0000020C3A5E1C10>)
return_value = None, exception = None, exit_code = 0

    def invoke(
        self,
        cli: Command,
        args: str | cabc.Sequence[str] | None = None,
        input: str | bytes | t.IO[t.Any] | None = None,
        env: cabc.Mapping[str, str | None] | None = None,
        catch_exceptions: bool | None = None,
        color: bool = False,
        **extra: t.Any,
    ) -> Result:
        """Invokes a command in an isolated environment.  The arguments are
        forwarded directly to the command line script, the `extra` keyword
        arguments are passed to the :meth:`~clickpkg.Command.main` function of
        the command.
    
        This returns a :class:`Result` object.
    
        :param cli: the command to invoke
        :param args: the arguments to invoke. It may be given as an iterable
                     or a string. When given as string it will be interpreted
                     as a Unix shell command. More details at
                     :func:`shlex.split`.
        :param input: the input data for `sys.stdin`.
        :param env: the environment overrides.
        :param catch_exceptions: Whether to catch any other exceptions than
                                 ``SystemExit``. If :data:`None`, the value
                                 from :class:`CliRunner` is used.
        :param extra: the keyword arguments to pass to :meth:`main`.
        :param color: whether the output should contain color codes. The
                      application can still override this explicitly.
    
        .. versionadded:: 8.2
            The result object has the ``output_bytes`` attribute with
            the mix of ``stdout_bytes`` and ``stderr_bytes``, as the user would
            see it in its terminal.
    
        .. versionchanged:: 8.2
            The result object always returns the ``stderr_bytes`` stream.
    
        .. versionchanged:: 8.0
            The result object has the ``return_value`` attribute with
            the value returned from the invoked command.
    
        .. versionchanged:: 4.0
            Added the ``color`` parameter.
    
        .. versionchanged:: 3.0
            Added the ``catch_exceptions`` parameter.
    
        .. versionchanged:: 3.0
            The result object has the ``exc_info`` attribute with the
            traceback if available.
        """
        exc_info = None
        if catch_exceptions is None:
            catch_exceptions = self.catch_exceptions
    
        with self.isolation(input=input, env=env, color=color) as outstreams:
            return_value = None
            exception: BaseException | None = None
            exit_code = 0
    
            if isinstance(args, str):
                args = shlex.split(args)
    
            try:
>               prog_name = extra.pop("prog_name")
                            ^^^^^^^^^^^^^^^^^^^^^^
E               KeyError: 'prog_name'

C:\Users\Administrator\AppData\Local\Programs\Python\Python312\Lib\site-packages\click\testing.py:499: KeyError

During handling of the above exception, another exception occurred:

self = <tests.test_cli.TestCLICommandLineArguments object at 0x0000020C3A40C710>

    def test_single_number(self):
        """Test sorting a single number."""
        runner = CliRunner()
>       result = runner.invoke(main, ['42'])
                 ^^^^^^^^^^^^^^^^^^^^^^^^^^^

tests\test_cli.py:48: 
_ _ _ _ _ _ _ _ _ _ _ _ _ _ _ _ _ _ _ _ _ _ _ _ _ _ _ _ _ _ _ _ _ _ _ _ _ _ _ _
C:\Users\Administrator\AppData\Local\Programs\Python\Python312\Lib\site-packages\click\testing.py:501: in invoke
    prog_name = self.get_default_prog_name(cli)
                ^^^^^^^^^^^^^^^^^^^^^^^^^^^^^^^
_ _ _ _ _ _ _ _ _ _ _ _ _ _ _ _ _ _ _ _ _ _ _ _ _ _ _ _ _ _ _ _ _ _ _ _ _ _ _ _

self = <click.testing.CliRunner object at 0x0000020C3A557C20>
cli = <function main at 0x0000020C3A3F16C0>

    def get_default_prog_name(self, cli: Command) -> str:
        """Given a command object it will return the default program name
        for it.  The default is the `name` attribute or ``"root"`` if not
        set.
        """
>       return cli.name or "root"
               ^^^^^^^^
E       AttributeError: 'function' object has no attribute 'name'

C:\Users\Administrator\AppData\Local\Programs\Python\Python312\Lib\site-packages\click\testing.py:268: AttributeError
____________ TestCLICommandLineArguments.test_two_numbers_unsorted ____________

self = <click.testing.CliRunner object at 0x0000020C3A5DF530>
cli = <function main at 0x0000020C3A3F16C0>, args = ['2', '1'], input = None
env = None, catch_exceptions = True, color = False, extra = {}, exc_info = None
outstreams = (<click.testing.BytesIOCopy object at 0x0000020C3A5AE250>, <click.testing.BytesIOCopy object at 0x0000020C3A5AE2F0>, <_io.BytesIO object at 0x0000020C3A5AD5D0>)
return_value = None, exception = None, exit_code = 0

    def invoke(
        self,
        cli: Command,
        args: str | cabc.Sequence[str] | None = None,
        input: str | bytes | t.IO[t.Any] | None = None,
        env: cabc.Mapping[str, str | None] | None = None,
        catch_exceptions: bool | None = None,
        color: bool = False,
        **extra: t.Any,
    ) -> Result:
        """Invokes a command in an isolated environment.  The arguments are
        forwarded directly to the command line script, the `extra` keyword
        arguments are passed to the :meth:`~clickpkg.Command.main` function of
        the command.
    
        This returns a :class:`Result` object.
    
        :param cli: the command to invoke
        :param args: the arguments to invoke. It may be given as an iterable
                     or a string. When given as string it will be interpreted
                     as a Unix shell command. More details at
                     :func:`shlex.split`.
        :param input: the input data for `sys.stdin`.
        :param env: the environment overrides.
        :param catch_exceptions: Whether to catch any other exceptions than
                                 ``SystemExit``. If :data:`None`, the value
                                 from :class:`CliRunner` is used.
        :param extra: the keyword arguments to pass to :meth:`main`.
        :param color: whether the output should contain color codes. The
                      application can still override this explicitly.
    
        .. versionadded:: 8.2
            The result object has the ``output_bytes`` attribute with
            the mix of ``stdout_bytes`` and ``stderr_bytes``, as the user would
            see it in its terminal.
    
        .. versionchanged:: 8.2
            The result object always returns the ``stderr_bytes`` stream.
    
        .. versionchanged:: 8.0
            The result object has the ``return_value`` attribute with
            the value returned from the invoked command.
    
        .. versionchanged:: 4.0
            Added the ``color`` parameter.
    
        .. versionchanged:: 3.0
            Added the ``catch_exceptions`` parameter.
    
        .. versionchanged:: 3.0
            The result object has the ``exc_info`` attribute with the
            traceback if available.
        """
        exc_info = None
        if catch_exceptions is None:
            catch_exceptions = self.catch_exceptions
    
        with self.isolation(input=input, env=env, color=color) as outstreams:
            return_value = None
            exception: BaseException | None = None
            exit_code = 0
    
            if isinstance(args, str):
                args = shlex.split(args)
    
            try:
>               prog_name = extra.pop("prog_name")
                            ^^^^^^^^^^^^^^^^^^^^^^
E               KeyError: 'prog_name'

C:\Users\Administrator\AppData\Local\Programs\Python\Python312\Lib\site-packages\click\testing.py:499: KeyError

During handling of the above exception, another exception occurred:

self = <tests.test_cli.TestCLICommandLineArguments object at 0x0000020C3A40CA10>

    def test_two_numbers_unsorted(self):
        """Test sorting two unsorted numbers."""
        runner = CliRunner()
>       result = runner.invoke(main, ['2', '1'])
                 ^^^^^^^^^^^^^^^^^^^^^^^^^^^^^^^

tests\test_cli.py:55: 
_ _ _ _ _ _ _ _ _ _ _ _ _ _ _ _ _ _ _ _ _ _ _ _ _ _ _ _ _ _ _ _ _ _ _ _ _ _ _ _
C:\Users\Administrator\AppData\Local\Programs\Python\Python312\Lib\site-packages\click\testing.py:501: in invoke
    prog_name = self.get_default_prog_name(cli)
                ^^^^^^^^^^^^^^^^^^^^^^^^^^^^^^^
_ _ _ _ _ _ _ _ _ _ _ _ _ _ _ _ _ _ _ _ _ _ _ _ _ _ _ _ _ _ _ _ _ _ _ _ _ _ _ _

self = <click.testing.CliRunner object at 0x0000020C3A5DF530>
cli = <function main at 0x0000020C3A3F16C0>

    def get_default_prog_name(self, cli: Command) -> str:
        """Given a command object it will return the default program name
        for it.  The default is the `name` attribute or ``"root"`` if not
        set.
        """
>       return cli.name or "root"
               ^^^^^^^^
E       AttributeError: 'function' object has no attribute 'name'

C:\Users\Administrator\AppData\Local\Programs\Python\Python312\Lib\site-packages\click\testing.py:268: AttributeError
______________ TestCLICommandLineArguments.test_multiple_numbers ______________

self = <click.testing.CliRunner object at 0x0000020C3A5DCB90>
cli = <function main at 0x0000020C3A3F16C0>, args = ['5', '1', '4', '2', '8']
input = None, env = None, catch_exceptions = True, color = False, extra = {}
exc_info = None
outstreams = (<click.testing.BytesIOCopy object at 0x0000020C3A5AF380>, <click.testing.BytesIOCopy object at 0x0000020C3A5AF290>, <_io.BytesIO object at 0x0000020C3A5AF330>)
return_value = None, exception = None, exit_code = 0

    def invoke(
        self,
        cli: Command,
        args: str | cabc.Sequence[str] | None = None,
        input: str | bytes | t.IO[t.Any] | None = None,
        env: cabc.Mapping[str, str | None] | None = None,
        catch_exceptions: bool | None = None,
        color: bool = False,
        **extra: t.Any,
    ) -> Result:
        """Invokes a command in an isolated environment.  The arguments are
        forwarded directly to the command line script, the `extra` keyword
        arguments are passed to the :meth:`~clickpkg.Command.main` function of
        the command.
    
        This returns a :class:`Result` object.
    
        :param cli: the command to invoke
        :param args: the arguments to invoke. It may be given as an iterable
                     or a string. When given as string it will be interpreted
                     as a Unix shell command. More details at
                     :func:`shlex.split`.
        :param input: the input data for `sys.stdin`.
        :param env: the environment overrides.
        :param catch_exceptions: Whether to catch any other exceptions than
                                 ``SystemExit``. If :data:`None`, the value
                                 from :class:`CliRunner` is used.
        :param extra: the keyword arguments to pass to :meth:`main`.
        :param color: whether the output should contain color codes. The
                      application can still override this explicitly.
    
        .. versionadded:: 8.2
            The result object has the ``output_bytes`` attribute with
            the mix of ``stdout_bytes`` and ``stderr_bytes``, as the user would
            see it in its terminal.
    
        .. versionchanged:: 8.2
            The result object always returns the ``stderr_bytes`` stream.
    
        .. versionchanged:: 8.0
            The result object has the ``return_value`` attribute with
            the value returned from the invoked command.
    
        .. versionchanged:: 4.0
            Added the ``color`` parameter.
    
        .. versionchanged:: 3.0
            Added the ``catch_exceptions`` parameter.
    
        .. versionchanged:: 3.0
            The result object has the ``exc_info`` attribute with the
            traceback if available.
        """
        exc_info = None
        if catch_exceptions is None:
            catch_exceptions = self.catch_exceptions
    
        with self.isolation(input=input, env=env, color=color) as outstreams:
            return_value = None
            exception: BaseException | None = None
            exit_code = 0
    
            if isinstance(args, str):
                args = shlex.split(args)
    
            try:
>               prog_name = extra.pop("prog_name")
                            ^^^^^^^^^^^^^^^^^^^^^^
E               KeyError: 'prog_name'

C:\Users\Administrator\AppData\Local\Programs\Python\Python312\Lib\site-packages\click\testing.py:499: KeyError

During handling of the above exception, another exception occurred:

self = <tests.test_cli.TestCLICommandLineArguments object at 0x0000020C3A40CD10>

    def test_multiple_numbers(self):
        """Test sorting multiple numbers."""
        runner = CliRunner()
>       result = runner.invoke(main, ['5', '1', '4', '2', '8'])
                 ^^^^^^^^^^^^^^^^^^^^^^^^^^^^^^^^^^^^^^^^^^^^^^

tests\test_cli.py:62: 
_ _ _ _ _ _ _ _ _ _ _ _ _ _ _ _ _ _ _ _ _ _ _ _ _ _ _ _ _ _ _ _ _ _ _ _ _ _ _ _
C:\Users\Administrator\AppData\Local\Programs\Python\Python312\Lib\site-packages\click\testing.py:501: in invoke
    prog_name = self.get_default_prog_name(cli)
                ^^^^^^^^^^^^^^^^^^^^^^^^^^^^^^^
_ _ _ _ _ _ _ _ _ _ _ _ _ _ _ _ _ _ _ _ _ _ _ _ _ _ _ _ _ _ _ _ _ _ _ _ _ _ _ _

self = <click.testing.CliRunner object at 0x0000020C3A5DCB90>
cli = <function main at 0x0000020C3A3F16C0>

    def get_default_prog_name(self, cli: Command) -> str:
        """Given a command object it will return the default program name
        for it.  The default is the `name` attribute or ``"root"`` if not
        set.
        """
>       return cli.name or "root"
               ^^^^^^^^
E       AttributeError: 'function' object has no attribute 'name'

C:\Users\Administrator\AppData\Local\Programs\Python\Python312\Lib\site-packages\click\testing.py:268: AttributeError
___________ TestCLICommandLineArguments.test_comma_separated_values ___________

self = <click.testing.CliRunner object at 0x0000020C3A5DD8E0>
cli = <function main at 0x0000020C3A3F16C0>, args = ['5,3,1,4,2'], input = None
env = None, catch_exceptions = True, color = False, extra = {}, exc_info = None
outstreams = (<click.testing.BytesIOCopy object at 0x0000020C3A5AD530>, <click.testing.BytesIOCopy object at 0x0000020C3A5AFA10>, <_io.BytesIO object at 0x0000020C3A5ADCB0>)
return_value = None, exception = None, exit_code = 0

    def invoke(
        self,
        cli: Command,
        args: str | cabc.Sequence[str] | None = None,
        input: str | bytes | t.IO[t.Any] | None = None,
        env: cabc.Mapping[str, str | None] | None = None,
        catch_exceptions: bool | None = None,
        color: bool = False,
        **extra: t.Any,
    ) -> Result:
        """Invokes a command in an isolated environment.  The arguments are
        forwarded directly to the command line script, the `extra` keyword
        arguments are passed to the :meth:`~clickpkg.Command.main` function of
        the command.
    
        This returns a :class:`Result` object.
    
        :param cli: the command to invoke
        :param args: the arguments to invoke. It may be given as an iterable
                     or a string. When given as string it will be interpreted
                     as a Unix shell command. More details at
                     :func:`shlex.split`.
        :param input: the input data for `sys.stdin`.
        :param env: the environment overrides.
        :param catch_exceptions: Whether to catch any other exceptions than
                                 ``SystemExit``. If :data:`None`, the value
                                 from :class:`CliRunner` is used.
        :param extra: the keyword arguments to pass to :meth:`main`.
        :param color: whether the output should contain color codes. The
                      application can still override this explicitly.
    
        .. versionadded:: 8.2
            The result object has the ``output_bytes`` attribute with
            the mix of ``stdout_bytes`` and ``stderr_bytes``, as the user would
            see it in its terminal.
    
        .. versionchanged:: 8.2
            The result object always returns the ``stderr_bytes`` stream.
    
        .. versionchanged:: 8.0
            The result object has the ``return_value`` attribute with
            the value returned from the invoked command.
    
        .. versionchanged:: 4.0
            Added the ``color`` parameter.
    
        .. versionchanged:: 3.0
            Added the ``catch_exceptions`` parameter.
    
        .. versionchanged:: 3.0
            The result object has the ``exc_info`` attribute with the
            traceback if available.
        """
        exc_info = None
        if catch_exceptions is None:
            catch_exceptions = self.catch_exceptions
    
        with self.isolation(input=input, env=env, color=color) as outstreams:
            return_value = None
            exception: BaseException | None = None
            exit_code = 0
    
            if isinstance(args, str):
                args = shlex.split(args)
    
            try:
>               prog_name = extra.pop("prog_name")
                            ^^^^^^^^^^^^^^^^^^^^^^
E               KeyError: 'prog_name'

C:\Users\Administrator\AppData\Local\Programs\Python\Python312\Lib\site-packages\click\testing.py:499: KeyError

During handling of the above exception, another exception occurred:

self = <tests.test_cli.TestCLICommandLineArguments object at 0x0000020C3A40D010>

    def test_comma_separated_values(self):
        """Test parsing comma-separated values."""
        runner = CliRunner()
>       result = runner.invoke(main, ['5,3,1,4,2'])
                 ^^^^^^^^^^^^^^^^^^^^^^^^^^^^^^^^^^

tests\test_cli.py:69: 
_ _ _ _ _ _ _ _ _ _ _ _ _ _ _ _ _ _ _ _ _ _ _ _ _ _ _ _ _ _ _ _ _ _ _ _ _ _ _ _
C:\Users\Administrator\AppData\Local\Programs\Python\Python312\Lib\site-packages\click\testing.py:501: in invoke
    prog_name = self.get_default_prog_name(cli)
                ^^^^^^^^^^^^^^^^^^^^^^^^^^^^^^^
_ _ _ _ _ _ _ _ _ _ _ _ _ _ _ _ _ _ _ _ _ _ _ _ _ _ _ _ _ _ _ _ _ _ _ _ _ _ _ _

self = <click.testing.CliRunner object at 0x0000020C3A5DD8E0>
cli = <function main at 0x0000020C3A3F16C0>

    def get_default_prog_name(self, cli: Command) -> str:
        """Given a command object it will return the default program name
        for it.  The default is the `name` attribute or ``"root"`` if not
        set.
        """
>       return cli.name or "root"
               ^^^^^^^^
E       AttributeError: 'function' object has no attribute 'name'

C:\Users\Administrator\AppData\Local\Programs\Python\Python312\Lib\site-packages\click\testing.py:268: AttributeError
___________ TestCLICommandLineArguments.test_space_separated_values ___________

self = <click.testing.CliRunner object at 0x0000020C3A557170>
cli = <function main at 0x0000020C3A3F16C0>, args = ['5 3 1 4 2'], input = None
env = None, catch_exceptions = True, color = False, extra = {}, exc_info = None
outstreams = (<click.testing.BytesIOCopy object at 0x0000020C3A757470>, <click.testing.BytesIOCopy object at 0x0000020C3A7574C0>, <_io.BytesIO object at 0x0000020C3A756E80>)
return_value = None, exception = None, exit_code = 0

    def invoke(
        self,
        cli: Command,
        args: str | cabc.Sequence[str] | None = None,
        input: str | bytes | t.IO[t.Any] | None = None,
        env: cabc.Mapping[str, str | None] | None = None,
        catch_exceptions: bool | None = None,
        color: bool = False,
        **extra: t.Any,
    ) -> Result:
        """Invokes a command in an isolated environment.  The arguments are
        forwarded directly to the command line script, the `extra` keyword
        arguments are passed to the :meth:`~clickpkg.Command.main` function of
        the command.
    
        This returns a :class:`Result` object.
    
        :param cli: the command to invoke
        :param args: the arguments to invoke. It may be given as an iterable
                     or a string. When given as string it will be interpreted
                     as a Unix shell command. More details at
                     :func:`shlex.split`.
        :param input: the input data for `sys.stdin`.
        :param env: the environment overrides.
        :param catch_exceptions: Whether to catch any other exceptions than
                                 ``SystemExit``. If :data:`None`, the value
                                 from :class:`CliRunner` is used.
        :param extra: the keyword arguments to pass to :meth:`main`.
        :param color: whether the output should contain color codes. The
                      application can still override this explicitly.
    
        .. versionadded:: 8.2
            The result object has the ``output_bytes`` attribute with
            the mix of ``stdout_bytes`` and ``stderr_bytes``, as the user would
            see it in its terminal.
    
        .. versionchanged:: 8.2
            The result object always returns the ``stderr_bytes`` stream.
    
        .. versionchanged:: 8.0
            The result object has the ``return_value`` attribute with
            the value returned from the invoked command.
    
        .. versionchanged:: 4.0
            Added the ``color`` parameter.
    
        .. versionchanged:: 3.0
            Added the ``catch_exceptions`` parameter.
    
        .. versionchanged:: 3.0
            The result object has the ``exc_info`` attribute with the
            traceback if available.
        """
        exc_info = None
        if catch_exceptions is None:
            catch_exceptions = self.catch_exceptions
    
        with self.isolation(input=input, env=env, color=color) as outstreams:
            return_value = None
            exception: BaseException | None = None
            exit_code = 0
    
            if isinstance(args, str):
                args = shlex.split(args)
    
            try:
>               prog_name = extra.pop("prog_name")
                            ^^^^^^^^^^^^^^^^^^^^^^
E               KeyError: 'prog_name'

C:\Users\Administrator\AppData\Local\Programs\Python\Python312\Lib\site-packages\click\testing.py:499: KeyError

During handling of the above exception, another exception occurred:

self = <tests.test_cli.TestCLICommandLineArguments object at 0x0000020C3A40D310>

    def test_space_separated_values(self):
        """Test parsing space-separated values."""
        runner = CliRunner()
>       result = runner.invoke(main, ['5 3 1 4 2'])
                 ^^^^^^^^^^^^^^^^^^^^^^^^^^^^^^^^^^

tests\test_cli.py:76: 
_ _ _ _ _ _ _ _ _ _ _ _ _ _ _ _ _ _ _ _ _ _ _ _ _ _ _ _ _ _ _ _ _ _ _ _ _ _ _ _
C:\Users\Administrator\AppData\Local\Programs\Python\Python312\Lib\site-packages\click\testing.py:501: in invoke
    prog_name = self.get_default_prog_name(cli)
                ^^^^^^^^^^^^^^^^^^^^^^^^^^^^^^^
_ _ _ _ _ _ _ _ _ _ _ _ _ _ _ _ _ _ _ _ _ _ _ _ _ _ _ _ _ _ _ _ _ _ _ _ _ _ _ _

self = <click.testing.CliRunner object at 0x0000020C3A557170>
cli = <function main at 0x0000020C3A3F16C0>

    def get_default_prog_name(self, cli: Command) -> str:
        """Given a command object it will return the default program name
        for it.  The default is the `name` attribute or ``"root"`` if not
        set.
        """
>       return cli.name or "root"
               ^^^^^^^^
E       AttributeError: 'function' object has no attribute 'name'

C:\Users\Administrator\AppData\Local\Programs\Python\Python312\Lib\site-packages\click\testing.py:268: AttributeError
______________ TestCLICommandLineArguments.test_mixed_separators ______________

self = <click.testing.CliRunner object at 0x0000020C3A5563C0>
cli = <function main at 0x0000020C3A3F16C0>, args = ['5,3', '1', '4', '2']
input = None, env = None, catch_exceptions = True, color = False, extra = {}
exc_info = None
outstreams = (<click.testing.BytesIOCopy object at 0x0000020C3A757330>, <click.testing.BytesIOCopy object at 0x0000020C3A757290>, <_io.BytesIO object at 0x0000020C3A757240>)
return_value = None, exception = None, exit_code = 0

    def invoke(
        self,
        cli: Command,
        args: str | cabc.Sequence[str] | None = None,
        input: str | bytes | t.IO[t.Any] | None = None,
        env: cabc.Mapping[str, str | None] | None = None,
        catch_exceptions: bool | None = None,
        color: bool = False,
        **extra: t.Any,
    ) -> Result:
        """Invokes a command in an isolated environment.  The arguments are
        forwarded directly to the command line script, the `extra` keyword
        arguments are passed to the :meth:`~clickpkg.Command.main` function of
        the command.
    
        This returns a :class:`Result` object.
    
        :param cli: the command to invoke
        :param args: the arguments to invoke. It may be given as an iterable
                     or a string. When given as string it will be interpreted
                     as a Unix shell command. More details at
                     :func:`shlex.split`.
        :param input: the input data for `sys.stdin`.
        :param env: the environment overrides.
        :param catch_exceptions: Whether to catch any other exceptions than
                                 ``SystemExit``. If :data:`None`, the value
                                 from :class:`CliRunner` is used.
        :param extra: the keyword arguments to pass to :meth:`main`.
        :param color: whether the output should contain color codes. The
                      application can still override this explicitly.
    
        .. versionadded:: 8.2
            The result object has the ``output_bytes`` attribute with
            the mix of ``stdout_bytes`` and ``stderr_bytes``, as the user would
            see it in its terminal.
    
        .. versionchanged:: 8.2
            The result object always returns the ``stderr_bytes`` stream.
    
        .. versionchanged:: 8.0
            The result object has the ``return_value`` attribute with
            the value returned from the invoked command.
    
        .. versionchanged:: 4.0
            Added the ``color`` parameter.
    
        .. versionchanged:: 3.0
            Added the ``catch_exceptions`` parameter.
    
        .. versionchanged:: 3.0
            The result object has the ``exc_info`` attribute with the
            traceback if available.
        """
        exc_info = None
        if catch_exceptions is None:
            catch_exceptions = self.catch_exceptions
    
        with self.isolation(input=input, env=env, color=color) as outstreams:
            return_value = None
            exception: BaseException | None = None
            exit_code = 0
    
            if isinstance(args, str):
                args = shlex.split(args)
    
            try:
>               prog_name = extra.pop("prog_name")
                            ^^^^^^^^^^^^^^^^^^^^^^
E               KeyError: 'prog_name'

C:\Users\Administrator\AppData\Local\Programs\Python\Python312\Lib\site-packages\click\testing.py:499: KeyError

During handling of the above exception, another exception occurred:

self = <tests.test_cli.TestCLICommandLineArguments object at 0x0000020C3A40D610>

    def test_mixed_separators(self):
        """Test parsing values with mixed separators."""
        runner = CliRunner()
>       result = runner.invoke(main, ['5,3', '1', '4', '2'])
                 ^^^^^^^^^^^^^^^^^^^^^^^^^^^^^^^^^^^^^^^^^^^

tests\test_cli.py:83: 
_ _ _ _ _ _ _ _ _ _ _ _ _ _ _ _ _ _ _ _ _ _ _ _ _ _ _ _ _ _ _ _ _ _ _ _ _ _ _ _
C:\Users\Administrator\AppData\Local\Programs\Python\Python312\Lib\site-packages\click\testing.py:501: in invoke
    prog_name = self.get_default_prog_name(cli)
                ^^^^^^^^^^^^^^^^^^^^^^^^^^^^^^^
_ _ _ _ _ _ _ _ _ _ _ _ _ _ _ _ _ _ _ _ _ _ _ _ _ _ _ _ _ _ _ _ _ _ _ _ _ _ _ _

self = <click.testing.CliRunner object at 0x0000020C3A5563C0>
cli = <function main at 0x0000020C3A3F16C0>

    def get_default_prog_name(self, cli: Command) -> str:
        """Given a command object it will return the default program name
        for it.  The default is the `name` attribute or ``"root"`` if not
        set.
        """
>       return cli.name or "root"
               ^^^^^^^^
E       AttributeError: 'function' object has no attribute 'name'

C:\Users\Administrator\AppData\Local\Programs\Python\Python312\Lib\site-packages\click\testing.py:268: AttributeError
____________ TestCLICommandLineArguments.test_large_number_of_args ____________

self = <click.testing.CliRunner object at 0x0000020C3A5DCE60>
cli = <function main at 0x0000020C3A3F16C0>
args = ['1', '2', '3', '4', '5', '6', ...], input = None, env = None
catch_exceptions = True, color = False, extra = {}, exc_info = None
outstreams = (<click.testing.BytesIOCopy object at 0x0000020C3A756CF0>, <click.testing.BytesIOCopy object at 0x0000020C3A756930>, <_io.BytesIO object at 0x0000020C3A757F60>)
return_value = None, exception = None, exit_code = 0

    def invoke(
        self,
        cli: Command,
        args: str | cabc.Sequence[str] | None = None,
        input: str | bytes | t.IO[t.Any] | None = None,
        env: cabc.Mapping[str, str | None] | None = None,
        catch_exceptions: bool | None = None,
        color: bool = False,
        **extra: t.Any,
    ) -> Result:
        """Invokes a command in an isolated environment.  The arguments are
        forwarded directly to the command line script, the `extra` keyword
        arguments are passed to the :meth:`~clickpkg.Command.main` function of
        the command.
    
        This returns a :class:`Result` object.
    
        :param cli: the command to invoke
        :param args: the arguments to invoke. It may be given as an iterable
                     or a string. When given as string it will be interpreted
                     as a Unix shell command. More details at
                     :func:`shlex.split`.
        :param input: the input data for `sys.stdin`.
        :param env: the environment overrides.
        :param catch_exceptions: Whether to catch any other exceptions than
                                 ``SystemExit``. If :data:`None`, the value
                                 from :class:`CliRunner` is used.
        :param extra: the keyword arguments to pass to :meth:`main`.
        :param color: whether the output should contain color codes. The
                      application can still override this explicitly.
    
        .. versionadded:: 8.2
            The result object has the ``output_bytes`` attribute with
            the mix of ``stdout_bytes`` and ``stderr_bytes``, as the user would
            see it in its terminal.
    
        .. versionchanged:: 8.2
            The result object always returns the ``stderr_bytes`` stream.
    
        .. versionchanged:: 8.0
            The result object has the ``return_value`` attribute with
            the value returned from the invoked command.
    
        .. versionchanged:: 4.0
            Added the ``color`` parameter.
    
        .. versionchanged:: 3.0
            Added the ``catch_exceptions`` parameter.
    
        .. versionchanged:: 3.0
            The result object has the ``exc_info`` attribute with the
            traceback if available.
        """
        exc_info = None
        if catch_exceptions is None:
            catch_exceptions = self.catch_exceptions
    
        with self.isolation(input=input, env=env, color=color) as outstreams:
            return_value = None
            exception: BaseException | None = None
            exit_code = 0
    
            if isinstance(args, str):
                args = shlex.split(args)
    
            try:
>               prog_name = extra.pop("prog_name")
                            ^^^^^^^^^^^^^^^^^^^^^^
E               KeyError: 'prog_name'

C:\Users\Administrator\AppData\Local\Programs\Python\Python312\Lib\site-packages\click\testing.py:499: KeyError

During handling of the above exception, another exception occurred:

self = <tests.test_cli.TestCLICommandLineArguments object at 0x0000020C3A40D910>

    def test_large_number_of_args(self):
        """Test CLI with large number of arguments."""
        runner = CliRunner()
        numbers = list(range(1, 51))
>       result = runner.invoke(main, [str(n) for n in numbers])
                 ^^^^^^^^^^^^^^^^^^^^^^^^^^^^^^^^^^^^^^^^^^^^^^

tests\test_cli.py:91: 
_ _ _ _ _ _ _ _ _ _ _ _ _ _ _ _ _ _ _ _ _ _ _ _ _ _ _ _ _ _ _ _ _ _ _ _ _ _ _ _
C:\Users\Administrator\AppData\Local\Programs\Python\Python312\Lib\site-packages\click\testing.py:501: in invoke
    prog_name = self.get_default_prog_name(cli)
                ^^^^^^^^^^^^^^^^^^^^^^^^^^^^^^^
_ _ _ _ _ _ _ _ _ _ _ _ _ _ _ _ _ _ _ _ _ _ _ _ _ _ _ _ _ _ _ _ _ _ _ _ _ _ _ _

self = <click.testing.CliRunner object at 0x0000020C3A5DCE60>
cli = <function main at 0x0000020C3A3F16C0>

    def get_default_prog_name(self, cli: Command) -> str:
        """Given a command object it will return the default program name
        for it.  The default is the `name` attribute or ``"root"`` if not
        set.
        """
>       return cli.name or "root"
               ^^^^^^^^
E       AttributeError: 'function' object has no attribute 'name'

C:\Users\Administrator\AppData\Local\Programs\Python\Python312\Lib\site-packages\click\testing.py:268: AttributeError
____________ TestCLICommandLineArguments.test_floating_point_args _____________

self = <click.testing.CliRunner object at 0x0000020C3A615700>
cli = <function main at 0x0000020C3A3F16C0>, args = ['3.5', '1.2', '4.7', '2.1']
input = None, env = None, catch_exceptions = True, color = False, extra = {}
exc_info = None
outstreams = (<click.testing.BytesIOCopy object at 0x0000020C3A5AF970>, <click.testing.BytesIOCopy object at 0x0000020C3A5AFC40>, <_io.BytesIO object at 0x0000020C3A756FC0>)
return_value = None, exception = None, exit_code = 0

    def invoke(
        self,
        cli: Command,
        args: str | cabc.Sequence[str] | None = None,
        input: str | bytes | t.IO[t.Any] | None = None,
        env: cabc.Mapping[str, str | None] | None = None,
        catch_exceptions: bool | None = None,
        color: bool = False,
        **extra: t.Any,
    ) -> Result:
        """Invokes a command in an isolated environment.  The arguments are
        forwarded directly to the command line script, the `extra` keyword
        arguments are passed to the :meth:`~clickpkg.Command.main` function of
        the command.
    
        This returns a :class:`Result` object.
    
        :param cli: the command to invoke
        :param args: the arguments to invoke. It may be given as an iterable
                     or a string. When given as string it will be interpreted
                     as a Unix shell command. More details at
                     :func:`shlex.split`.
        :param input: the input data for `sys.stdin`.
        :param env: the environment overrides.
        :param catch_exceptions: Whether to catch any other exceptions than
                                 ``SystemExit``. If :data:`None`, the value
                                 from :class:`CliRunner` is used.
        :param extra: the keyword arguments to pass to :meth:`main`.
        :param color: whether the output should contain color codes. The
                      application can still override this explicitly.
    
        .. versionadded:: 8.2
            The result object has the ``output_bytes`` attribute with
            the mix of ``stdout_bytes`` and ``stderr_bytes``, as the user would
            see it in its terminal.
    
        .. versionchanged:: 8.2
            The result object always returns the ``stderr_bytes`` stream.
    
        .. versionchanged:: 8.0
            The result object has the ``return_value`` attribute with
            the value returned from the invoked command.
    
        .. versionchanged:: 4.0
            Added the ``color`` parameter.
    
        .. versionchanged:: 3.0
            Added the ``catch_exceptions`` parameter.
    
        .. versionchanged:: 3.0
            The result object has the ``exc_info`` attribute with the
            traceback if available.
        """
        exc_info = None
        if catch_exceptions is None:
            catch_exceptions = self.catch_exceptions
    
        with self.isolation(input=input, env=env, color=color) as outstreams:
            return_value = None
            exception: BaseException | None = None
            exit_code = 0
    
            if isinstance(args, str):
                args = shlex.split(args)
    
            try:
>               prog_name = extra.pop("prog_name")
                            ^^^^^^^^^^^^^^^^^^^^^^
E               KeyError: 'prog_name'

C:\Users\Administrator\AppData\Local\Programs\Python\Python312\Lib\site-packages\click\testing.py:499: KeyError

During handling of the above exception, another exception occurred:

self = <tests.test_cli.TestCLICommandLineArguments object at 0x0000020C3A40DC10>

    def test_floating_point_args(self):
        """Test CLI with floating point numbers."""
        runner = CliRunner()
>       result = runner.invoke(main, ['3.5', '1.2', '4.7', '2.1'])
                 ^^^^^^^^^^^^^^^^^^^^^^^^^^^^^^^^^^^^^^^^^^^^^^^^^

tests\test_cli.py:98: 
_ _ _ _ _ _ _ _ _ _ _ _ _ _ _ _ _ _ _ _ _ _ _ _ _ _ _ _ _ _ _ _ _ _ _ _ _ _ _ _
C:\Users\Administrator\AppData\Local\Programs\Python\Python312\Lib\site-packages\click\testing.py:501: in invoke
    prog_name = self.get_default_prog_name(cli)
                ^^^^^^^^^^^^^^^^^^^^^^^^^^^^^^^
_ _ _ _ _ _ _ _ _ _ _ _ _ _ _ _ _ _ _ _ _ _ _ _ _ _ _ _ _ _ _ _ _ _ _ _ _ _ _ _

self = <click.testing.CliRunner object at 0x0000020C3A615700>
cli = <function main at 0x0000020C3A3F16C0>

    def get_default_prog_name(self, cli: Command) -> str:
        """Given a command object it will return the default program name
        for it.  The default is the `name` attribute or ``"root"`` if not
        set.
        """
>       return cli.name or "root"
               ^^^^^^^^
E       AttributeError: 'function' object has no attribute 'name'

C:\Users\Administrator\AppData\Local\Programs\Python\Python312\Lib\site-packages\click\testing.py:268: AttributeError
______________ TestCLICommandLineArguments.test_negative_numbers ______________

self = <click.testing.CliRunner object at 0x0000020C3A617BC0>
cli = <function main at 0x0000020C3A3F16C0>
args = ['--', '3', '-1', '-4', '0', '2'], input = None, env = None
catch_exceptions = True, color = False, extra = {}, exc_info = None
outstreams = (<click.testing.BytesIOCopy object at 0x0000020C3A5AC5E0>, <click.testing.BytesIOCopy object at 0x0000020C3A5AD080>, <_io.BytesIO object at 0x0000020C3A5AD030>)
return_value = None, exception = None, exit_code = 0

    def invoke(
        self,
        cli: Command,
        args: str | cabc.Sequence[str] | None = None,
        input: str | bytes | t.IO[t.Any] | None = None,
        env: cabc.Mapping[str, str | None] | None = None,
        catch_exceptions: bool | None = None,
        color: bool = False,
        **extra: t.Any,
    ) -> Result:
        """Invokes a command in an isolated environment.  The arguments are
        forwarded directly to the command line script, the `extra` keyword
        arguments are passed to the :meth:`~clickpkg.Command.main` function of
        the command.
    
        This returns a :class:`Result` object.
    
        :param cli: the command to invoke
        :param args: the arguments to invoke. It may be given as an iterable
                     or a string. When given as string it will be interpreted
                     as a Unix shell command. More details at
                     :func:`shlex.split`.
        :param input: the input data for `sys.stdin`.
        :param env: the environment overrides.
        :param catch_exceptions: Whether to catch any other exceptions than
                                 ``SystemExit``. If :data:`None`, the value
                                 from :class:`CliRunner` is used.
        :param extra: the keyword arguments to pass to :meth:`main`.
        :param color: whether the output should contain color codes. The
                      application can still override this explicitly.
    
        .. versionadded:: 8.2
            The result object has the ``output_bytes`` attribute with
            the mix of ``stdout_bytes`` and ``stderr_bytes``, as the user would
            see it in its terminal.
    
        .. versionchanged:: 8.2
            The result object always returns the ``stderr_bytes`` stream.
    
        .. versionchanged:: 8.0
            The result object has the ``return_value`` attribute with
            the value returned from the invoked command.
    
        .. versionchanged:: 4.0
            Added the ``color`` parameter.
    
        .. versionchanged:: 3.0
            Added the ``catch_exceptions`` parameter.
    
        .. versionchanged:: 3.0
            The result object has the ``exc_info`` attribute with the
            traceback if available.
        """
        exc_info = None
        if catch_exceptions is None:
            catch_exceptions = self.catch_exceptions
    
        with self.isolation(input=input, env=env, color=color) as outstreams:
            return_value = None
            exception: BaseException | None = None
            exit_code = 0
    
            if isinstance(args, str):
                args = shlex.split(args)
    
            try:
>               prog_name = extra.pop("prog_name")
                            ^^^^^^^^^^^^^^^^^^^^^^
E               KeyError: 'prog_name'

C:\Users\Administrator\AppData\Local\Programs\Python\Python312\Lib\site-packages\click\testing.py:499: KeyError

During handling of the above exception, another exception occurred:

self = <tests.test_cli.TestCLICommandLineArguments object at 0x0000020C3A40DF10>

    def test_negative_numbers(self):
        """Test CLI with negative numbers."""
        runner = CliRunner()
>       result = runner.invoke(main, ['--', '3', '-1', '-4', '0', '2'])
                 ^^^^^^^^^^^^^^^^^^^^^^^^^^^^^^^^^^^^^^^^^^^^^^^^^^^^^^

tests\test_cli.py:105: 
_ _ _ _ _ _ _ _ _ _ _ _ _ _ _ _ _ _ _ _ _ _ _ _ _ _ _ _ _ _ _ _ _ _ _ _ _ _ _ _
C:\Users\Administrator\AppData\Local\Programs\Python\Python312\Lib\site-packages\click\testing.py:501: in invoke
    prog_name = self.get_default_prog_name(cli)
                ^^^^^^^^^^^^^^^^^^^^^^^^^^^^^^^
_ _ _ _ _ _ _ _ _ _ _ _ _ _ _ _ _ _ _ _ _ _ _ _ _ _ _ _ _ _ _ _ _ _ _ _ _ _ _ _

self = <click.testing.CliRunner object at 0x0000020C3A617BC0>
cli = <function main at 0x0000020C3A3F16C0>

    def get_default_prog_name(self, cli: Command) -> str:
        """Given a command object it will return the default program name
        for it.  The default is the `name` attribute or ``"root"`` if not
        set.
        """
>       return cli.name or "root"
               ^^^^^^^^
E       AttributeError: 'function' object has no attribute 'name'

C:\Users\Administrator\AppData\Local\Programs\Python\Python312\Lib\site-packages\click\testing.py:268: AttributeError
_____________ TestCLICommandLineArguments.test_very_large_numbers _____________

self = <click.testing.CliRunner object at 0x0000020C3A615190>
cli = <function main at 0x0000020C3A3F16C0>, args = ['1000000', '2000', '30000']
input = None, env = None, catch_exceptions = True, color = False, extra = {}
exc_info = None
outstreams = (<click.testing.BytesIOCopy object at 0x0000020C3A5AC8B0>, <click.testing.BytesIOCopy object at 0x0000020C3A5ACFE0>, <_io.BytesIO object at 0x0000020C3A5E1530>)
return_value = None, exception = None, exit_code = 0

    def invoke(
        self,
        cli: Command,
        args: str | cabc.Sequence[str] | None = None,
        input: str | bytes | t.IO[t.Any] | None = None,
        env: cabc.Mapping[str, str | None] | None = None,
        catch_exceptions: bool | None = None,
        color: bool = False,
        **extra: t.Any,
    ) -> Result:
        """Invokes a command in an isolated environment.  The arguments are
        forwarded directly to the command line script, the `extra` keyword
        arguments are passed to the :meth:`~clickpkg.Command.main` function of
        the command.
    
        This returns a :class:`Result` object.
    
        :param cli: the command to invoke
        :param args: the arguments to invoke. It may be given as an iterable
                     or a string. When given as string it will be interpreted
                     as a Unix shell command. More details at
                     :func:`shlex.split`.
        :param input: the input data for `sys.stdin`.
        :param env: the environment overrides.
        :param catch_exceptions: Whether to catch any other exceptions than
                                 ``SystemExit``. If :data:`None`, the value
                                 from :class:`CliRunner` is used.
        :param extra: the keyword arguments to pass to :meth:`main`.
        :param color: whether the output should contain color codes. The
                      application can still override this explicitly.
    
        .. versionadded:: 8.2
            The result object has the ``output_bytes`` attribute with
            the mix of ``stdout_bytes`` and ``stderr_bytes``, as the user would
            see it in its terminal.
    
        .. versionchanged:: 8.2
            The result object always returns the ``stderr_bytes`` stream.
    
        .. versionchanged:: 8.0
            The result object has the ``return_value`` attribute with
            the value returned from the invoked command.
    
        .. versionchanged:: 4.0
            Added the ``color`` parameter.
    
        .. versionchanged:: 3.0
            Added the ``catch_exceptions`` parameter.
    
        .. versionchanged:: 3.0
            The result object has the ``exc_info`` attribute with the
            traceback if available.
        """
        exc_info = None
        if catch_exceptions is None:
            catch_exceptions = self.catch_exceptions
    
        with self.isolation(input=input, env=env, color=color) as outstreams:
            return_value = None
            exception: BaseException | None = None
            exit_code = 0
    
            if isinstance(args, str):
                args = shlex.split(args)
    
            try:
>               prog_name = extra.pop("prog_name")
                            ^^^^^^^^^^^^^^^^^^^^^^
E               KeyError: 'prog_name'

C:\Users\Administrator\AppData\Local\Programs\Python\Python312\Lib\site-packages\click\testing.py:499: KeyError

During handling of the above exception, another exception occurred:

self = <tests.test_cli.TestCLICommandLineArguments object at 0x0000020C3A40E210>

    def test_very_large_numbers(self):
        """Test CLI with very large numbers."""
        runner = CliRunner()
>       result = runner.invoke(main, ['1000000', '2000', '30000'])
                 ^^^^^^^^^^^^^^^^^^^^^^^^^^^^^^^^^^^^^^^^^^^^^^^^^

tests\test_cli.py:112: 
_ _ _ _ _ _ _ _ _ _ _ _ _ _ _ _ _ _ _ _ _ _ _ _ _ _ _ _ _ _ _ _ _ _ _ _ _ _ _ _
C:\Users\Administrator\AppData\Local\Programs\Python\Python312\Lib\site-packages\click\testing.py:501: in invoke
    prog_name = self.get_default_prog_name(cli)
                ^^^^^^^^^^^^^^^^^^^^^^^^^^^^^^^
_ _ _ _ _ _ _ _ _ _ _ _ _ _ _ _ _ _ _ _ _ _ _ _ _ _ _ _ _ _ _ _ _ _ _ _ _ _ _ _

self = <click.testing.CliRunner object at 0x0000020C3A615190>
cli = <function main at 0x0000020C3A3F16C0>

    def get_default_prog_name(self, cli: Command) -> str:
        """Given a command object it will return the default program name
        for it.  The default is the `name` attribute or ``"root"`` if not
        set.
        """
>       return cli.name or "root"
               ^^^^^^^^
E       AttributeError: 'function' object has no attribute 'name'

C:\Users\Administrator\AppData\Local\Programs\Python\Python312\Lib\site-packages\click\testing.py:268: AttributeError
_____________ TestCLICommandLineArguments.test_very_small_numbers _____________

self = <click.testing.CliRunner object at 0x0000020C3A5DC7A0>
cli = <function main at 0x0000020C3A3F16C0>, args = ['0.001', '0.0001', '0.01']
input = None, env = None, catch_exceptions = True, color = False, extra = {}
exc_info = None
outstreams = (<click.testing.BytesIOCopy object at 0x0000020C3A5AD030>, <click.testing.BytesIOCopy object at 0x0000020C3A5AD080>, <_io.BytesIO object at 0x0000020C3A5AC5E0>)
return_value = None, exception = None, exit_code = 0

    def invoke(
        self,
        cli: Command,
        args: str | cabc.Sequence[str] | None = None,
        input: str | bytes | t.IO[t.Any] | None = None,
        env: cabc.Mapping[str, str | None] | None = None,
        catch_exceptions: bool | None = None,
        color: bool = False,
        **extra: t.Any,
    ) -> Result:
        """Invokes a command in an isolated environment.  The arguments are
        forwarded directly to the command line script, the `extra` keyword
        arguments are passed to the :meth:`~clickpkg.Command.main` function of
        the command.
    
        This returns a :class:`Result` object.
    
        :param cli: the command to invoke
        :param args: the arguments to invoke. It may be given as an iterable
                     or a string. When given as string it will be interpreted
                     as a Unix shell command. More details at
                     :func:`shlex.split`.
        :param input: the input data for `sys.stdin`.
        :param env: the environment overrides.
        :param catch_exceptions: Whether to catch any other exceptions than
                                 ``SystemExit``. If :data:`None`, the value
                                 from :class:`CliRunner` is used.
        :param extra: the keyword arguments to pass to :meth:`main`.
        :param color: whether the output should contain color codes. The
                      application can still override this explicitly.
    
        .. versionadded:: 8.2
            The result object has the ``output_bytes`` attribute with
            the mix of ``stdout_bytes`` and ``stderr_bytes``, as the user would
            see it in its terminal.
    
        .. versionchanged:: 8.2
            The result object always returns the ``stderr_bytes`` stream.
    
        .. versionchanged:: 8.0
            The result object has the ``return_value`` attribute with
            the value returned from the invoked command.
    
        .. versionchanged:: 4.0
            Added the ``color`` parameter.
    
        .. versionchanged:: 3.0
            Added the ``catch_exceptions`` parameter.
    
        .. versionchanged:: 3.0
            The result object has the ``exc_info`` attribute with the
            traceback if available.
        """
        exc_info = None
        if catch_exceptions is None:
            catch_exceptions = self.catch_exceptions
    
        with self.isolation(input=input, env=env, color=color) as outstreams:
            return_value = None
            exception: BaseException | None = None
            exit_code = 0
    
            if isinstance(args, str):
                args = shlex.split(args)
    
            try:
>               prog_name = extra.pop("prog_name")
                            ^^^^^^^^^^^^^^^^^^^^^^
E               KeyError: 'prog_name'

C:\Users\Administrator\AppData\Local\Programs\Python\Python312\Lib\site-packages\click\testing.py:499: KeyError

During handling of the above exception, another exception occurred:

self = <tests.test_cli.TestCLICommandLineArguments object at 0x0000020C3A40E510>

    def test_very_small_numbers(self):
        """Test CLI with very small decimal numbers."""
        runner = CliRunner()
>       result = runner.invoke(main, ['0.001', '0.0001', '0.01'])
                 ^^^^^^^^^^^^^^^^^^^^^^^^^^^^^^^^^^^^^^^^^^^^^^^^

tests\test_cli.py:119: 
_ _ _ _ _ _ _ _ _ _ _ _ _ _ _ _ _ _ _ _ _ _ _ _ _ _ _ _ _ _ _ _ _ _ _ _ _ _ _ _
C:\Users\Administrator\AppData\Local\Programs\Python\Python312\Lib\site-packages\click\testing.py:501: in invoke
    prog_name = self.get_default_prog_name(cli)
                ^^^^^^^^^^^^^^^^^^^^^^^^^^^^^^^
_ _ _ _ _ _ _ _ _ _ _ _ _ _ _ _ _ _ _ _ _ _ _ _ _ _ _ _ _ _ _ _ _ _ _ _ _ _ _ _

self = <click.testing.CliRunner object at 0x0000020C3A5DC7A0>
cli = <function main at 0x0000020C3A3F16C0>

    def get_default_prog_name(self, cli: Command) -> str:
        """Given a command object it will return the default program name
        for it.  The default is the `name` attribute or ``"root"`` if not
        set.
        """
>       return cli.name or "root"
               ^^^^^^^^
E       AttributeError: 'function' object has no attribute 'name'

C:\Users\Administrator\AppData\Local\Programs\Python\Python312\Lib\site-packages\click\testing.py:268: AttributeError
___________________ TestCLIFileInput.test_file_input_basic ____________________

self = <click.testing.CliRunner object at 0x0000020C3A5DDE80>
cli = <function main at 0x0000020C3A3F16C0>, args = ['--file', 'numbers.txt']
input = None, env = None, catch_exceptions = True, color = False, extra = {}
exc_info = None
outstreams = (<click.testing.BytesIOCopy object at 0x0000020C3A5F6DE0>, <click.testing.BytesIOCopy object at 0x0000020C3A5F6E80>, <_io.BytesIO object at 0x0000020C3A5F6430>)
return_value = None, exception = None, exit_code = 0

    def invoke(
        self,
        cli: Command,
        args: str | cabc.Sequence[str] | None = None,
        input: str | bytes | t.IO[t.Any] | None = None,
        env: cabc.Mapping[str, str | None] | None = None,
        catch_exceptions: bool | None = None,
        color: bool = False,
        **extra: t.Any,
    ) -> Result:
        """Invokes a command in an isolated environment.  The arguments are
        forwarded directly to the command line script, the `extra` keyword
        arguments are passed to the :meth:`~clickpkg.Command.main` function of
        the command.
    
        This returns a :class:`Result` object.
    
        :param cli: the command to invoke
        :param args: the arguments to invoke. It may be given as an iterable
                     or a string. When given as string it will be interpreted
                     as a Unix shell command. More details at
                     :func:`shlex.split`.
        :param input: the input data for `sys.stdin`.
        :param env: the environment overrides.
        :param catch_exceptions: Whether to catch any other exceptions than
                                 ``SystemExit``. If :data:`None`, the value
                                 from :class:`CliRunner` is used.
        :param extra: the keyword arguments to pass to :meth:`main`.
        :param color: whether the output should contain color codes. The
                      application can still override this explicitly.
    
        .. versionadded:: 8.2
            The result object has the ``output_bytes`` attribute with
            the mix of ``stdout_bytes`` and ``stderr_bytes``, as the user would
            see it in its terminal.
    
        .. versionchanged:: 8.2
            The result object always returns the ``stderr_bytes`` stream.
    
        .. versionchanged:: 8.0
            The result object has the ``return_value`` attribute with
            the value returned from the invoked command.
    
        .. versionchanged:: 4.0
            Added the ``color`` parameter.
    
        .. versionchanged:: 3.0
            Added the ``catch_exceptions`` parameter.
    
        .. versionchanged:: 3.0
            The result object has the ``exc_info`` attribute with the
            traceback if available.
        """
        exc_info = None
        if catch_exceptions is None:
            catch_exceptions = self.catch_exceptions
    
        with self.isolation(input=input, env=env, color=color) as outstreams:
            return_value = None
            exception: BaseException | None = None
            exit_code = 0
    
            if isinstance(args, str):
                args = shlex.split(args)
    
            try:
>               prog_name = extra.pop("prog_name")
                            ^^^^^^^^^^^^^^^^^^^^^^
E               KeyError: 'prog_name'

C:\Users\Administrator\AppData\Local\Programs\Python\Python312\Lib\site-packages\click\testing.py:499: KeyError

During handling of the above exception, another exception occurred:

self = <tests.test_cli.TestCLIFileInput object at 0x0000020C3A3BFB60>

    def test_file_input_basic(self):
        """Test reading numbers from a file (one per line)."""
        runner = CliRunner()
        with runner.isolated_filesystem():
            # Create test file
            with open('numbers.txt', 'w') as f:
                f.write('5\n3\n1\n4\n2\n')
    
>           result = runner.invoke(main, ['--file', 'numbers.txt'])
                     ^^^^^^^^^^^^^^^^^^^^^^^^^^^^^^^^^^^^^^^^^^^^^^

tests\test_cli.py:135: 
_ _ _ _ _ _ _ _ _ _ _ _ _ _ _ _ _ _ _ _ _ _ _ _ _ _ _ _ _ _ _ _ _ _ _ _ _ _ _ _
C:\Users\Administrator\AppData\Local\Programs\Python\Python312\Lib\site-packages\click\testing.py:501: in invoke
    prog_name = self.get_default_prog_name(cli)
                ^^^^^^^^^^^^^^^^^^^^^^^^^^^^^^^
_ _ _ _ _ _ _ _ _ _ _ _ _ _ _ _ _ _ _ _ _ _ _ _ _ _ _ _ _ _ _ _ _ _ _ _ _ _ _ _

self = <click.testing.CliRunner object at 0x0000020C3A5DDE80>
cli = <function main at 0x0000020C3A3F16C0>

    def get_default_prog_name(self, cli: Command) -> str:
        """Given a command object it will return the default program name
        for it.  The default is the `name` attribute or ``"root"`` if not
        set.
        """
>       return cli.name or "root"
               ^^^^^^^^
E       AttributeError: 'function' object has no attribute 'name'

C:\Users\Administrator\AppData\Local\Programs\Python\Python312\Lib\site-packages\click\testing.py:268: AttributeError
_________________ TestCLIFileInput.test_file_input_csv_format _________________

self = <click.testing.CliRunner object at 0x0000020C3A616FC0>
cli = <function main at 0x0000020C3A3F16C0>, args = ['--file', 'numbers.csv']
input = None, env = None, catch_exceptions = True, color = False, extra = {}
exc_info = None
outstreams = (<click.testing.BytesIOCopy object at 0x0000020C3A600540>, <click.testing.BytesIOCopy object at 0x0000020C3A6006D0>, <_io.BytesIO object at 0x0000020C3A603C40>)
return_value = None, exception = None, exit_code = 0

    def invoke(
        self,
        cli: Command,
        args: str | cabc.Sequence[str] | None = None,
        input: str | bytes | t.IO[t.Any] | None = None,
        env: cabc.Mapping[str, str | None] | None = None,
        catch_exceptions: bool | None = None,
        color: bool = False,
        **extra: t.Any,
    ) -> Result:
        """Invokes a command in an isolated environment.  The arguments are
        forwarded directly to the command line script, the `extra` keyword
        arguments are passed to the :meth:`~clickpkg.Command.main` function of
        the command.
    
        This returns a :class:`Result` object.
    
        :param cli: the command to invoke
        :param args: the arguments to invoke. It may be given as an iterable
                     or a string. When given as string it will be interpreted
                     as a Unix shell command. More details at
                     :func:`shlex.split`.
        :param input: the input data for `sys.stdin`.
        :param env: the environment overrides.
        :param catch_exceptions: Whether to catch any other exceptions than
                                 ``SystemExit``. If :data:`None`, the value
                                 from :class:`CliRunner` is used.
        :param extra: the keyword arguments to pass to :meth:`main`.
        :param color: whether the output should contain color codes. The
                      application can still override this explicitly.
    
        .. versionadded:: 8.2
            The result object has the ``output_bytes`` attribute with
            the mix of ``stdout_bytes`` and ``stderr_bytes``, as the user would
            see it in its terminal.
    
        .. versionchanged:: 8.2
            The result object always returns the ``stderr_bytes`` stream.
    
        .. versionchanged:: 8.0
            The result object has the ``return_value`` attribute with
            the value returned from the invoked command.
    
        .. versionchanged:: 4.0
            Added the ``color`` parameter.
    
        .. versionchanged:: 3.0
            Added the ``catch_exceptions`` parameter.
    
        .. versionchanged:: 3.0
            The result object has the ``exc_info`` attribute with the
            traceback if available.
        """
        exc_info = None
        if catch_exceptions is None:
            catch_exceptions = self.catch_exceptions
    
        with self.isolation(input=input, env=env, color=color) as outstreams:
            return_value = None
            exception: BaseException | None = None
            exit_code = 0
    
            if isinstance(args, str):
                args = shlex.split(args)
    
            try:
>               prog_name = extra.pop("prog_name")
                            ^^^^^^^^^^^^^^^^^^^^^^
E               KeyError: 'prog_name'

C:\Users\Administrator\AppData\Local\Programs\Python\Python312\Lib\site-packages\click\testing.py:499: KeyError

During handling of the above exception, another exception occurred:

self = <tests.test_cli.TestCLIFileInput object at 0x0000020C3A40E090>

    def test_file_input_csv_format(self):
        """Test reading numbers from CSV file."""
        runner = CliRunner()
        with runner.isolated_filesystem():
            with open('numbers.csv', 'w') as f:
                f.write('5,3,1,4,2\n')
    
>           result = runner.invoke(main, ['--file', 'numbers.csv'])
                     ^^^^^^^^^^^^^^^^^^^^^^^^^^^^^^^^^^^^^^^^^^^^^^

tests\test_cli.py:146: 
_ _ _ _ _ _ _ _ _ _ _ _ _ _ _ _ _ _ _ _ _ _ _ _ _ _ _ _ _ _ _ _ _ _ _ _ _ _ _ _
C:\Users\Administrator\AppData\Local\Programs\Python\Python312\Lib\site-packages\click\testing.py:501: in invoke
    prog_name = self.get_default_prog_name(cli)
                ^^^^^^^^^^^^^^^^^^^^^^^^^^^^^^^
_ _ _ _ _ _ _ _ _ _ _ _ _ _ _ _ _ _ _ _ _ _ _ _ _ _ _ _ _ _ _ _ _ _ _ _ _ _ _ _

self = <click.testing.CliRunner object at 0x0000020C3A616FC0>
cli = <function main at 0x0000020C3A3F16C0>

    def get_default_prog_name(self, cli: Command) -> str:
        """Given a command object it will return the default program name
        for it.  The default is the `name` attribute or ``"root"`` if not
        set.
        """
>       return cli.name or "root"
               ^^^^^^^^
E       AttributeError: 'function' object has no attribute 'name'

C:\Users\Administrator\AppData\Local\Programs\Python\Python312\Lib\site-packages\click\testing.py:268: AttributeError
______________ TestCLIFileInput.test_file_input_space_separated _______________

self = <click.testing.CliRunner object at 0x0000020C3A6157C0>
cli = <function main at 0x0000020C3A3F16C0>, args = ['--file', 'numbers.txt']
input = None, env = None, catch_exceptions = True, color = False, extra = {}
exc_info = None
outstreams = (<click.testing.BytesIOCopy object at 0x0000020C3A6009A0>, <click.testing.BytesIOCopy object at 0x0000020C3A6009F0>, <_io.BytesIO object at 0x0000020C3A6008B0>)
return_value = None, exception = None, exit_code = 0

    def invoke(
        self,
        cli: Command,
        args: str | cabc.Sequence[str] | None = None,
        input: str | bytes | t.IO[t.Any] | None = None,
        env: cabc.Mapping[str, str | None] | None = None,
        catch_exceptions: bool | None = None,
        color: bool = False,
        **extra: t.Any,
    ) -> Result:
        """Invokes a command in an isolated environment.  The arguments are
        forwarded directly to the command line script, the `extra` keyword
        arguments are passed to the :meth:`~clickpkg.Command.main` function of
        the command.
    
        This returns a :class:`Result` object.
    
        :param cli: the command to invoke
        :param args: the arguments to invoke. It may be given as an iterable
                     or a string. When given as string it will be interpreted
                     as a Unix shell command. More details at
                     :func:`shlex.split`.
        :param input: the input data for `sys.stdin`.
        :param env: the environment overrides.
        :param catch_exceptions: Whether to catch any other exceptions than
                                 ``SystemExit``. If :data:`None`, the value
                                 from :class:`CliRunner` is used.
        :param extra: the keyword arguments to pass to :meth:`main`.
        :param color: whether the output should contain color codes. The
                      application can still override this explicitly.
    
        .. versionadded:: 8.2
            The result object has the ``output_bytes`` attribute with
            the mix of ``stdout_bytes`` and ``stderr_bytes``, as the user would
            see it in its terminal.
    
        .. versionchanged:: 8.2
            The result object always returns the ``stderr_bytes`` stream.
    
        .. versionchanged:: 8.0
            The result object has the ``return_value`` attribute with
            the value returned from the invoked command.
    
        .. versionchanged:: 4.0
            Added the ``color`` parameter.
    
        .. versionchanged:: 3.0
            Added the ``catch_exceptions`` parameter.
    
        .. versionchanged:: 3.0
            The result object has the ``exc_info`` attribute with the
            traceback if available.
        """
        exc_info = None
        if catch_exceptions is None:
            catch_exceptions = self.catch_exceptions
    
        with self.isolation(input=input, env=env, color=color) as outstreams:
            return_value = None
            exception: BaseException | None = None
            exit_code = 0
    
            if isinstance(args, str):
                args = shlex.split(args)
    
            try:
>               prog_name = extra.pop("prog_name")
                            ^^^^^^^^^^^^^^^^^^^^^^
E               KeyError: 'prog_name'

C:\Users\Administrator\AppData\Local\Programs\Python\Python312\Lib\site-packages\click\testing.py:499: KeyError

During handling of the above exception, another exception occurred:

self = <tests.test_cli.TestCLIFileInput object at 0x0000020C3A40DB50>

    def test_file_input_space_separated(self):
        """Test reading space-separated numbers from file."""
        runner = CliRunner()
        with runner.isolated_filesystem():
            with open('numbers.txt', 'w') as f:
                f.write('5 3 1 4 2\n')
    
>           result = runner.invoke(main, ['--file', 'numbers.txt'])
                     ^^^^^^^^^^^^^^^^^^^^^^^^^^^^^^^^^^^^^^^^^^^^^^

tests\test_cli.py:157: 
_ _ _ _ _ _ _ _ _ _ _ _ _ _ _ _ _ _ _ _ _ _ _ _ _ _ _ _ _ _ _ _ _ _ _ _ _ _ _ _
C:\Users\Administrator\AppData\Local\Programs\Python\Python312\Lib\site-packages\click\testing.py:501: in invoke
    prog_name = self.get_default_prog_name(cli)
                ^^^^^^^^^^^^^^^^^^^^^^^^^^^^^^^
_ _ _ _ _ _ _ _ _ _ _ _ _ _ _ _ _ _ _ _ _ _ _ _ _ _ _ _ _ _ _ _ _ _ _ _ _ _ _ _

self = <click.testing.CliRunner object at 0x0000020C3A6157C0>
cli = <function main at 0x0000020C3A3F16C0>

    def get_default_prog_name(self, cli: Command) -> str:
        """Given a command object it will return the default program name
        for it.  The default is the `name` attribute or ``"root"`` if not
        set.
        """
>       return cli.name or "root"
               ^^^^^^^^
E       AttributeError: 'function' object has no attribute 'name'

C:\Users\Administrator\AppData\Local\Programs\Python\Python312\Lib\site-packages\click\testing.py:268: AttributeError
________________ TestCLIFileInput.test_file_input_empty_lines _________________

self = <click.testing.CliRunner object at 0x0000020C3A617290>
cli = <function main at 0x0000020C3A3F16C0>, args = ['--file', 'numbers.txt']
input = None, env = None, catch_exceptions = True, color = False, extra = {}
exc_info = None
outstreams = (<click.testing.BytesIOCopy object at 0x0000020C3A603560>, <click.testing.BytesIOCopy object at 0x0000020C3A603650>, <_io.BytesIO object at 0x0000020C3A600450>)
return_value = None, exception = None, exit_code = 0

    def invoke(
        self,
        cli: Command,
        args: str | cabc.Sequence[str] | None = None,
        input: str | bytes | t.IO[t.Any] | None = None,
        env: cabc.Mapping[str, str | None] | None = None,
        catch_exceptions: bool | None = None,
        color: bool = False,
        **extra: t.Any,
    ) -> Result:
        """Invokes a command in an isolated environment.  The arguments are
        forwarded directly to the command line script, the `extra` keyword
        arguments are passed to the :meth:`~clickpkg.Command.main` function of
        the command.
    
        This returns a :class:`Result` object.
    
        :param cli: the command to invoke
        :param args: the arguments to invoke. It may be given as an iterable
                     or a string. When given as string it will be interpreted
                     as a Unix shell command. More details at
                     :func:`shlex.split`.
        :param input: the input data for `sys.stdin`.
        :param env: the environment overrides.
        :param catch_exceptions: Whether to catch any other exceptions than
                                 ``SystemExit``. If :data:`None`, the value
                                 from :class:`CliRunner` is used.
        :param extra: the keyword arguments to pass to :meth:`main`.
        :param color: whether the output should contain color codes. The
                      application can still override this explicitly.
    
        .. versionadded:: 8.2
            The result object has the ``output_bytes`` attribute with
            the mix of ``stdout_bytes`` and ``stderr_bytes``, as the user would
            see it in its terminal.
    
        .. versionchanged:: 8.2
            The result object always returns the ``stderr_bytes`` stream.
    
        .. versionchanged:: 8.0
            The result object has the ``return_value`` attribute with
            the value returned from the invoked command.
    
        .. versionchanged:: 4.0
            Added the ``color`` parameter.
    
        .. versionchanged:: 3.0
            Added the ``catch_exceptions`` parameter.
    
        .. versionchanged:: 3.0
            The result object has the ``exc_info`` attribute with the
            traceback if available.
        """
        exc_info = None
        if catch_exceptions is None:
            catch_exceptions = self.catch_exceptions
    
        with self.isolation(input=input, env=env, color=color) as outstreams:
            return_value = None
            exception: BaseException | None = None
            exit_code = 0
    
            if isinstance(args, str):
                args = shlex.split(args)
    
            try:
>               prog_name = extra.pop("prog_name")
                            ^^^^^^^^^^^^^^^^^^^^^^
E               KeyError: 'prog_name'

C:\Users\Administrator\AppData\Local\Programs\Python\Python312\Lib\site-packages\click\testing.py:499: KeyError

During handling of the above exception, another exception occurred:

self = <tests.test_cli.TestCLIFileInput object at 0x0000020C3A40D640>

    def test_file_input_empty_lines(self):
        """Test file input with empty lines (should be ignored)."""
        runner = CliRunner()
        with runner.isolated_filesystem():
            with open('numbers.txt', 'w') as f:
                f.write('5\n\n3\n\n1\n')
    
>           result = runner.invoke(main, ['--file', 'numbers.txt'])
                     ^^^^^^^^^^^^^^^^^^^^^^^^^^^^^^^^^^^^^^^^^^^^^^

tests\test_cli.py:168: 
_ _ _ _ _ _ _ _ _ _ _ _ _ _ _ _ _ _ _ _ _ _ _ _ _ _ _ _ _ _ _ _ _ _ _ _ _ _ _ _
C:\Users\Administrator\AppData\Local\Programs\Python\Python312\Lib\site-packages\click\testing.py:501: in invoke
    prog_name = self.get_default_prog_name(cli)
                ^^^^^^^^^^^^^^^^^^^^^^^^^^^^^^^
_ _ _ _ _ _ _ _ _ _ _ _ _ _ _ _ _ _ _ _ _ _ _ _ _ _ _ _ _ _ _ _ _ _ _ _ _ _ _ _

self = <click.testing.CliRunner object at 0x0000020C3A617290>
cli = <function main at 0x0000020C3A3F16C0>

    def get_default_prog_name(self, cli: Command) -> str:
        """Given a command object it will return the default program name
        for it.  The default is the `name` attribute or ``"root"`` if not
        set.
        """
>       return cli.name or "root"
               ^^^^^^^^
E       AttributeError: 'function' object has no attribute 'name'

C:\Users\Administrator\AppData\Local\Programs\Python\Python312\Lib\site-packages\click\testing.py:268: AttributeError
_______________ TestCLIFileInput.test_file_input_with_comments ________________

self = <click.testing.CliRunner object at 0x0000020C3A5FF440>
cli = <function main at 0x0000020C3A3F16C0>, args = ['--file', 'numbers.txt']
input = None, env = None, catch_exceptions = True, color = False, extra = {}
exc_info = None
outstreams = (<click.testing.BytesIOCopy object at 0x0000020C3A600B80>, <click.testing.BytesIOCopy object at 0x0000020C3A600C20>, <_io.BytesIO object at 0x0000020C3A603E70>)
return_value = None, exception = None, exit_code = 0

    def invoke(
        self,
        cli: Command,
        args: str | cabc.Sequence[str] | None = None,
        input: str | bytes | t.IO[t.Any] | None = None,
        env: cabc.Mapping[str, str | None] | None = None,
        catch_exceptions: bool | None = None,
        color: bool = False,
        **extra: t.Any,
    ) -> Result:
        """Invokes a command in an isolated environment.  The arguments are
        forwarded directly to the command line script, the `extra` keyword
        arguments are passed to the :meth:`~clickpkg.Command.main` function of
        the command.
    
        This returns a :class:`Result` object.
    
        :param cli: the command to invoke
        :param args: the arguments to invoke. It may be given as an iterable
                     or a string. When given as string it will be interpreted
                     as a Unix shell command. More details at
                     :func:`shlex.split`.
        :param input: the input data for `sys.stdin`.
        :param env: the environment overrides.
        :param catch_exceptions: Whether to catch any other exceptions than
                                 ``SystemExit``. If :data:`None`, the value
                                 from :class:`CliRunner` is used.
        :param extra: the keyword arguments to pass to :meth:`main`.
        :param color: whether the output should contain color codes. The
                      application can still override this explicitly.
    
        .. versionadded:: 8.2
            The result object has the ``output_bytes`` attribute with
            the mix of ``stdout_bytes`` and ``stderr_bytes``, as the user would
            see it in its terminal.
    
        .. versionchanged:: 8.2
            The result object always returns the ``stderr_bytes`` stream.
    
        .. versionchanged:: 8.0
            The result object has the ``return_value`` attribute with
            the value returned from the invoked command.
    
        .. versionchanged:: 4.0
            Added the ``color`` parameter.
    
        .. versionchanged:: 3.0
            Added the ``catch_exceptions`` parameter.
    
        .. versionchanged:: 3.0
            The result object has the ``exc_info`` attribute with the
            traceback if available.
        """
        exc_info = None
        if catch_exceptions is None:
            catch_exceptions = self.catch_exceptions
    
        with self.isolation(input=input, env=env, color=color) as outstreams:
            return_value = None
            exception: BaseException | None = None
            exit_code = 0
    
            if isinstance(args, str):
                args = shlex.split(args)
    
            try:
>               prog_name = extra.pop("prog_name")
                            ^^^^^^^^^^^^^^^^^^^^^^
E               KeyError: 'prog_name'

C:\Users\Administrator\AppData\Local\Programs\Python\Python312\Lib\site-packages\click\testing.py:499: KeyError

During handling of the above exception, another exception occurred:

self = <tests.test_cli.TestCLIFileInput object at 0x0000020C3A40D1F0>

    def test_file_input_with_comments(self):
        """Test file input with comments (lines starting with #)."""
        runner = CliRunner()
        with runner.isolated_filesystem():
            with open('numbers.txt', 'w') as f:
                f.write('# This is a comment\n5\n3\n# Another comment\n1\n')
    
>           result = runner.invoke(main, ['--file', 'numbers.txt'])
                     ^^^^^^^^^^^^^^^^^^^^^^^^^^^^^^^^^^^^^^^^^^^^^^

tests\test_cli.py:179: 
_ _ _ _ _ _ _ _ _ _ _ _ _ _ _ _ _ _ _ _ _ _ _ _ _ _ _ _ _ _ _ _ _ _ _ _ _ _ _ _
C:\Users\Administrator\AppData\Local\Programs\Python\Python312\Lib\site-packages\click\testing.py:501: in invoke
    prog_name = self.get_default_prog_name(cli)
                ^^^^^^^^^^^^^^^^^^^^^^^^^^^^^^^
_ _ _ _ _ _ _ _ _ _ _ _ _ _ _ _ _ _ _ _ _ _ _ _ _ _ _ _ _ _ _ _ _ _ _ _ _ _ _ _

self = <click.testing.CliRunner object at 0x0000020C3A5FF440>
cli = <function main at 0x0000020C3A3F16C0>

    def get_default_prog_name(self, cli: Command) -> str:
        """Given a command object it will return the default program name
        for it.  The default is the `name` attribute or ``"root"`` if not
        set.
        """
>       return cli.name or "root"
               ^^^^^^^^
E       AttributeError: 'function' object has no attribute 'name'

C:\Users\Administrator\AppData\Local\Programs\Python\Python312\Lib\site-packages\click\testing.py:268: AttributeError
____________________ TestCLIFileInput.test_file_short_flag ____________________

self = <click.testing.CliRunner object at 0x0000020C3A616F30>
cli = <function main at 0x0000020C3A3F16C0>, args = ['-f', 'numbers.txt']
input = None, env = None, catch_exceptions = True, color = False, extra = {}
exc_info = None
outstreams = (<click.testing.BytesIOCopy object at 0x0000020C3A601670>, <click.testing.BytesIOCopy object at 0x0000020C3A6015D0>, <_io.BytesIO object at 0x0000020C3A602E30>)
return_value = None, exception = None, exit_code = 0

    def invoke(
        self,
        cli: Command,
        args: str | cabc.Sequence[str] | None = None,
        input: str | bytes | t.IO[t.Any] | None = None,
        env: cabc.Mapping[str, str | None] | None = None,
        catch_exceptions: bool | None = None,
        color: bool = False,
        **extra: t.Any,
    ) -> Result:
        """Invokes a command in an isolated environment.  The arguments are
        forwarded directly to the command line script, the `extra` keyword
        arguments are passed to the :meth:`~clickpkg.Command.main` function of
        the command.
    
        This returns a :class:`Result` object.
    
        :param cli: the command to invoke
        :param args: the arguments to invoke. It may be given as an iterable
                     or a string. When given as string it will be interpreted
                     as a Unix shell command. More details at
                     :func:`shlex.split`.
        :param input: the input data for `sys.stdin`.
        :param env: the environment overrides.
        :param catch_exceptions: Whether to catch any other exceptions than
                                 ``SystemExit``. If :data:`None`, the value
                                 from :class:`CliRunner` is used.
        :param extra: the keyword arguments to pass to :meth:`main`.
        :param color: whether the output should contain color codes. The
                      application can still override this explicitly.
    
        .. versionadded:: 8.2
            The result object has the ``output_bytes`` attribute with
            the mix of ``stdout_bytes`` and ``stderr_bytes``, as the user would
            see it in its terminal.
    
        .. versionchanged:: 8.2
            The result object always returns the ``stderr_bytes`` stream.
    
        .. versionchanged:: 8.0
            The result object has the ``return_value`` attribute with
            the value returned from the invoked command.
    
        .. versionchanged:: 4.0
            Added the ``color`` parameter.
    
        .. versionchanged:: 3.0
            Added the ``catch_exceptions`` parameter.
    
        .. versionchanged:: 3.0
            The result object has the ``exc_info`` attribute with the
            traceback if available.
        """
        exc_info = None
        if catch_exceptions is None:
            catch_exceptions = self.catch_exceptions
    
        with self.isolation(input=input, env=env, color=color) as outstreams:
            return_value = None
            exception: BaseException | None = None
            exit_code = 0
    
            if isinstance(args, str):
                args = shlex.split(args)
    
            try:
>               prog_name = extra.pop("prog_name")
                            ^^^^^^^^^^^^^^^^^^^^^^
E               KeyError: 'prog_name'

C:\Users\Administrator\AppData\Local\Programs\Python\Python312\Lib\site-packages\click\testing.py:499: KeyError

During handling of the above exception, another exception occurred:

self = <tests.test_cli.TestCLIFileInput object at 0x0000020C3A40CFE0>

    def test_file_short_flag(self):
        """Test -f short flag for file input."""
        runner = CliRunner()
        with runner.isolated_filesystem():
            with open('numbers.txt', 'w') as f:
                f.write('5\n3\n1\n')
    
>           result = runner.invoke(main, ['-f', 'numbers.txt'])
                     ^^^^^^^^^^^^^^^^^^^^^^^^^^^^^^^^^^^^^^^^^^

tests\test_cli.py:190: 
_ _ _ _ _ _ _ _ _ _ _ _ _ _ _ _ _ _ _ _ _ _ _ _ _ _ _ _ _ _ _ _ _ _ _ _ _ _ _ _
C:\Users\Administrator\AppData\Local\Programs\Python\Python312\Lib\site-packages\click\testing.py:501: in invoke
    prog_name = self.get_default_prog_name(cli)
                ^^^^^^^^^^^^^^^^^^^^^^^^^^^^^^^
_ _ _ _ _ _ _ _ _ _ _ _ _ _ _ _ _ _ _ _ _ _ _ _ _ _ _ _ _ _ _ _ _ _ _ _ _ _ _ _

self = <click.testing.CliRunner object at 0x0000020C3A616F30>
cli = <function main at 0x0000020C3A3F16C0>

    def get_default_prog_name(self, cli: Command) -> str:
        """Given a command object it will return the default program name
        for it.  The default is the `name` attribute or ``"root"`` if not
        set.
        """
>       return cli.name or "root"
               ^^^^^^^^
E       AttributeError: 'function' object has no attribute 'name'

C:\Users\Administrator\AppData\Local\Programs\Python\Python312\Lib\site-packages\click\testing.py:268: AttributeError
___________________ TestCLIFileInput.test_file_nonexistent ____________________

self = <click.testing.CliRunner object at 0x0000020C3A557470>
cli = <function main at 0x0000020C3A3F16C0>
args = ['--file', 'nonexistent.txt'], input = None, env = None
catch_exceptions = True, color = False, extra = {}, exc_info = None
outstreams = (<click.testing.BytesIOCopy object at 0x0000020C3A601EE0>, <click.testing.BytesIOCopy object at 0x0000020C3A601F30>, <_io.BytesIO object at 0x0000020C3A601850>)
return_value = None, exception = None, exit_code = 0

    def invoke(
        self,
        cli: Command,
        args: str | cabc.Sequence[str] | None = None,
        input: str | bytes | t.IO[t.Any] | None = None,
        env: cabc.Mapping[str, str | None] | None = None,
        catch_exceptions: bool | None = None,
        color: bool = False,
        **extra: t.Any,
    ) -> Result:
        """Invokes a command in an isolated environment.  The arguments are
        forwarded directly to the command line script, the `extra` keyword
        arguments are passed to the :meth:`~clickpkg.Command.main` function of
        the command.
    
        This returns a :class:`Result` object.
    
        :param cli: the command to invoke
        :param args: the arguments to invoke. It may be given as an iterable
                     or a string. When given as string it will be interpreted
                     as a Unix shell command. More details at
                     :func:`shlex.split`.
        :param input: the input data for `sys.stdin`.
        :param env: the environment overrides.
        :param catch_exceptions: Whether to catch any other exceptions than
                                 ``SystemExit``. If :data:`None`, the value
                                 from :class:`CliRunner` is used.
        :param extra: the keyword arguments to pass to :meth:`main`.
        :param color: whether the output should contain color codes. The
                      application can still override this explicitly.
    
        .. versionadded:: 8.2
            The result object has the ``output_bytes`` attribute with
            the mix of ``stdout_bytes`` and ``stderr_bytes``, as the user would
            see it in its terminal.
    
        .. versionchanged:: 8.2
            The result object always returns the ``stderr_bytes`` stream.
    
        .. versionchanged:: 8.0
            The result object has the ``return_value`` attribute with
            the value returned from the invoked command.
    
        .. versionchanged:: 4.0
            Added the ``color`` parameter.
    
        .. versionchanged:: 3.0
            Added the ``catch_exceptions`` parameter.
    
        .. versionchanged:: 3.0
            The result object has the ``exc_info`` attribute with the
            traceback if available.
        """
        exc_info = None
        if catch_exceptions is None:
            catch_exceptions = self.catch_exceptions
    
        with self.isolation(input=input, env=env, color=color) as outstreams:
            return_value = None
            exception: BaseException | None = None
            exit_code = 0
    
            if isinstance(args, str):
                args = shlex.split(args)
    
            try:
>               prog_name = extra.pop("prog_name")
                            ^^^^^^^^^^^^^^^^^^^^^^
E               KeyError: 'prog_name'

C:\Users\Administrator\AppData\Local\Programs\Python\Python312\Lib\site-packages\click\testing.py:499: KeyError

During handling of the above exception, another exception occurred:

self = <tests.test_cli.TestCLIFileInput object at 0x0000020C3A40C890>

    def test_file_nonexistent(self):
        """Test error handling for non-existent file."""
        runner = CliRunner()
>       result = runner.invoke(main, ['--file', 'nonexistent.txt'])
                 ^^^^^^^^^^^^^^^^^^^^^^^^^^^^^^^^^^^^^^^^^^^^^^^^^^

tests\test_cli.py:197: 
_ _ _ _ _ _ _ _ _ _ _ _ _ _ _ _ _ _ _ _ _ _ _ _ _ _ _ _ _ _ _ _ _ _ _ _ _ _ _ _
C:\Users\Administrator\AppData\Local\Programs\Python\Python312\Lib\site-packages\click\testing.py:501: in invoke
    prog_name = self.get_default_prog_name(cli)
                ^^^^^^^^^^^^^^^^^^^^^^^^^^^^^^^
_ _ _ _ _ _ _ _ _ _ _ _ _ _ _ _ _ _ _ _ _ _ _ _ _ _ _ _ _ _ _ _ _ _ _ _ _ _ _ _

self = <click.testing.CliRunner object at 0x0000020C3A557470>
cli = <function main at 0x0000020C3A3F16C0>

    def get_default_prog_name(self, cli: Command) -> str:
        """Given a command object it will return the default program name
        for it.  The default is the `name` attribute or ``"root"`` if not
        set.
        """
>       return cli.name or "root"
               ^^^^^^^^
E       AttributeError: 'function' object has no attribute 'name'

C:\Users\Administrator\AppData\Local\Programs\Python\Python312\Lib\site-packages\click\testing.py:268: AttributeError
_________________ TestCLIFileInput.test_file_invalid_content __________________

self = <click.testing.CliRunner object at 0x0000020C3A5DF260>
cli = <function main at 0x0000020C3A3F16C0>, args = ['--file', 'numbers.txt']
input = None, env = None, catch_exceptions = True, color = False, extra = {}
exc_info = None
outstreams = (<click.testing.BytesIOCopy object at 0x0000020C3A603A10>, <click.testing.BytesIOCopy object at 0x0000020C3A603A60>, <_io.BytesIO object at 0x0000020C3A6039C0>)
return_value = None, exception = None, exit_code = 0

    def invoke(
        self,
        cli: Command,
        args: str | cabc.Sequence[str] | None = None,
        input: str | bytes | t.IO[t.Any] | None = None,
        env: cabc.Mapping[str, str | None] | None = None,
        catch_exceptions: bool | None = None,
        color: bool = False,
        **extra: t.Any,
    ) -> Result:
        """Invokes a command in an isolated environment.  The arguments are
        forwarded directly to the command line script, the `extra` keyword
        arguments are passed to the :meth:`~clickpkg.Command.main` function of
        the command.
    
        This returns a :class:`Result` object.
    
        :param cli: the command to invoke
        :param args: the arguments to invoke. It may be given as an iterable
                     or a string. When given as string it will be interpreted
                     as a Unix shell command. More details at
                     :func:`shlex.split`.
        :param input: the input data for `sys.stdin`.
        :param env: the environment overrides.
        :param catch_exceptions: Whether to catch any other exceptions than
                                 ``SystemExit``. If :data:`None`, the value
                                 from :class:`CliRunner` is used.
        :param extra: the keyword arguments to pass to :meth:`main`.
        :param color: whether the output should contain color codes. The
                      application can still override this explicitly.
    
        .. versionadded:: 8.2
            The result object has the ``output_bytes`` attribute with
            the mix of ``stdout_bytes`` and ``stderr_bytes``, as the user would
            see it in its terminal.
    
        .. versionchanged:: 8.2
            The result object always returns the ``stderr_bytes`` stream.
    
        .. versionchanged:: 8.0
            The result object has the ``return_value`` attribute with
            the value returned from the invoked command.
    
        .. versionchanged:: 4.0
            Added the ``color`` parameter.
    
        .. versionchanged:: 3.0
            Added the ``catch_exceptions`` parameter.
    
        .. versionchanged:: 3.0
            The result object has the ``exc_info`` attribute with the
            traceback if available.
        """
        exc_info = None
        if catch_exceptions is None:
            catch_exceptions = self.catch_exceptions
    
        with self.isolation(input=input, env=env, color=color) as outstreams:
            return_value = None
            exception: BaseException | None = None
            exit_code = 0
    
            if isinstance(args, str):
                args = shlex.split(args)
    
            try:
>               prog_name = extra.pop("prog_name")
                            ^^^^^^^^^^^^^^^^^^^^^^
E               KeyError: 'prog_name'

C:\Users\Administrator\AppData\Local\Programs\Python\Python312\Lib\site-packages\click\testing.py:499: KeyError

During handling of the above exception, another exception occurred:

self = <tests.test_cli.TestCLIFileInput object at 0x0000020C3A40C2C0>

    def test_file_invalid_content(self):
        """Test error handling for file with invalid content."""
        runner = CliRunner()
        with runner.isolated_filesystem():
            with open('numbers.txt', 'w') as f:
                f.write('5\ninvalid\n3\n')
    
>           result = runner.invoke(main, ['--file', 'numbers.txt'])
                     ^^^^^^^^^^^^^^^^^^^^^^^^^^^^^^^^^^^^^^^^^^^^^^

tests\test_cli.py:208: 
_ _ _ _ _ _ _ _ _ _ _ _ _ _ _ _ _ _ _ _ _ _ _ _ _ _ _ _ _ _ _ _ _ _ _ _ _ _ _ _
C:\Users\Administrator\AppData\Local\Programs\Python\Python312\Lib\site-packages\click\testing.py:501: in invoke
    prog_name = self.get_default_prog_name(cli)
                ^^^^^^^^^^^^^^^^^^^^^^^^^^^^^^^
_ _ _ _ _ _ _ _ _ _ _ _ _ _ _ _ _ _ _ _ _ _ _ _ _ _ _ _ _ _ _ _ _ _ _ _ _ _ _ _

self = <click.testing.CliRunner object at 0x0000020C3A5DF260>
cli = <function main at 0x0000020C3A3F16C0>

    def get_default_prog_name(self, cli: Command) -> str:
        """Given a command object it will return the default program name
        for it.  The default is the `name` attribute or ``"root"`` if not
        set.
        """
>       return cli.name or "root"
               ^^^^^^^^
E       AttributeError: 'function' object has no attribute 'name'

C:\Users\Administrator\AppData\Local\Programs\Python\Python312\Lib\site-packages\click\testing.py:268: AttributeError
___________________ TestCLIFileInput.test_file_with_floats ____________________

self = <click.testing.CliRunner object at 0x0000020C3A5FF170>
cli = <function main at 0x0000020C3A3F16C0>, args = ['--file', 'numbers.txt']
input = None, env = None, catch_exceptions = True, color = False, extra = {}
exc_info = None
outstreams = (<click.testing.BytesIOCopy object at 0x0000020C3A5AD080>, <click.testing.BytesIOCopy object at 0x0000020C3A6021B0>, <_io.BytesIO object at 0x0000020C3A5AC5E0>)
return_value = None, exception = None, exit_code = 0

    def invoke(
        self,
        cli: Command,
        args: str | cabc.Sequence[str] | None = None,
        input: str | bytes | t.IO[t.Any] | None = None,
        env: cabc.Mapping[str, str | None] | None = None,
        catch_exceptions: bool | None = None,
        color: bool = False,
        **extra: t.Any,
    ) -> Result:
        """Invokes a command in an isolated environment.  The arguments are
        forwarded directly to the command line script, the `extra` keyword
        arguments are passed to the :meth:`~clickpkg.Command.main` function of
        the command.
    
        This returns a :class:`Result` object.
    
        :param cli: the command to invoke
        :param args: the arguments to invoke. It may be given as an iterable
                     or a string. When given as string it will be interpreted
                     as a Unix shell command. More details at
                     :func:`shlex.split`.
        :param input: the input data for `sys.stdin`.
        :param env: the environment overrides.
        :param catch_exceptions: Whether to catch any other exceptions than
                                 ``SystemExit``. If :data:`None`, the value
                                 from :class:`CliRunner` is used.
        :param extra: the keyword arguments to pass to :meth:`main`.
        :param color: whether the output should contain color codes. The
                      application can still override this explicitly.
    
        .. versionadded:: 8.2
            The result object has the ``output_bytes`` attribute with
            the mix of ``stdout_bytes`` and ``stderr_bytes``, as the user would
            see it in its terminal.
    
        .. versionchanged:: 8.2
            The result object always returns the ``stderr_bytes`` stream.
    
        .. versionchanged:: 8.0
            The result object has the ``return_value`` attribute with
            the value returned from the invoked command.
    
        .. versionchanged:: 4.0
            Added the ``color`` parameter.
    
        .. versionchanged:: 3.0
            Added the ``catch_exceptions`` parameter.
    
        .. versionchanged:: 3.0
            The result object has the ``exc_info`` attribute with the
            traceback if available.
        """
        exc_info = None
        if catch_exceptions is None:
            catch_exceptions = self.catch_exceptions
    
        with self.isolation(input=input, env=env, color=color) as outstreams:
            return_value = None
            exception: BaseException | None = None
            exit_code = 0
    
            if isinstance(args, str):
                args = shlex.split(args)
    
            try:
>               prog_name = extra.pop("prog_name")
                            ^^^^^^^^^^^^^^^^^^^^^^
E               KeyError: 'prog_name'

C:\Users\Administrator\AppData\Local\Programs\Python\Python312\Lib\site-packages\click\testing.py:499: KeyError

During handling of the above exception, another exception occurred:

self = <tests.test_cli.TestCLIFileInput object at 0x0000020C3A40E6C0>

    def test_file_with_floats(self):
        """Test file input with floating point numbers."""
        runner = CliRunner()
        with runner.isolated_filesystem():
            with open('numbers.txt', 'w') as f:
                f.write('3.5\n1.2\n4.7\n')
    
>           result = runner.invoke(main, ['--file', 'numbers.txt'])
                     ^^^^^^^^^^^^^^^^^^^^^^^^^^^^^^^^^^^^^^^^^^^^^^

tests\test_cli.py:219: 
_ _ _ _ _ _ _ _ _ _ _ _ _ _ _ _ _ _ _ _ _ _ _ _ _ _ _ _ _ _ _ _ _ _ _ _ _ _ _ _
C:\Users\Administrator\AppData\Local\Programs\Python\Python312\Lib\site-packages\click\testing.py:501: in invoke
    prog_name = self.get_default_prog_name(cli)
                ^^^^^^^^^^^^^^^^^^^^^^^^^^^^^^^
_ _ _ _ _ _ _ _ _ _ _ _ _ _ _ _ _ _ _ _ _ _ _ _ _ _ _ _ _ _ _ _ _ _ _ _ _ _ _ _

self = <click.testing.CliRunner object at 0x0000020C3A5FF170>
cli = <function main at 0x0000020C3A3F16C0>

    def get_default_prog_name(self, cli: Command) -> str:
        """Given a command object it will return the default program name
        for it.  The default is the `name` attribute or ``"root"`` if not
        set.
        """
>       return cli.name or "root"
               ^^^^^^^^
E       AttributeError: 'function' object has no attribute 'name'

C:\Users\Administrator\AppData\Local\Programs\Python\Python312\Lib\site-packages\click\testing.py:268: AttributeError
__________________ TestCLIFileInput.test_file_with_negatives __________________

self = <click.testing.CliRunner object at 0x0000020C3A5FDB80>
cli = <function main at 0x0000020C3A3F16C0>, args = ['--file', 'numbers.txt']
input = None, env = None, catch_exceptions = True, color = False, extra = {}
exc_info = None
outstreams = (<click.testing.BytesIOCopy object at 0x0000020C3A720FE0>, <click.testing.BytesIOCopy object at 0x0000020C3A7231A0>, <_io.BytesIO object at 0x0000020C3A723420>)
return_value = None, exception = None, exit_code = 0

    def invoke(
        self,
        cli: Command,
        args: str | cabc.Sequence[str] | None = None,
        input: str | bytes | t.IO[t.Any] | None = None,
        env: cabc.Mapping[str, str | None] | None = None,
        catch_exceptions: bool | None = None,
        color: bool = False,
        **extra: t.Any,
    ) -> Result:
        """Invokes a command in an isolated environment.  The arguments are
        forwarded directly to the command line script, the `extra` keyword
        arguments are passed to the :meth:`~clickpkg.Command.main` function of
        the command.
    
        This returns a :class:`Result` object.
    
        :param cli: the command to invoke
        :param args: the arguments to invoke. It may be given as an iterable
                     or a string. When given as string it will be interpreted
                     as a Unix shell command. More details at
                     :func:`shlex.split`.
        :param input: the input data for `sys.stdin`.
        :param env: the environment overrides.
        :param catch_exceptions: Whether to catch any other exceptions than
                                 ``SystemExit``. If :data:`None`, the value
                                 from :class:`CliRunner` is used.
        :param extra: the keyword arguments to pass to :meth:`main`.
        :param color: whether the output should contain color codes. The
                      application can still override this explicitly.
    
        .. versionadded:: 8.2
            The result object has the ``output_bytes`` attribute with
            the mix of ``stdout_bytes`` and ``stderr_bytes``, as the user would
            see it in its terminal.
    
        .. versionchanged:: 8.2
            The result object always returns the ``stderr_bytes`` stream.
    
        .. versionchanged:: 8.0
            The result object has the ``return_value`` attribute with
            the value returned from the invoked command.
    
        .. versionchanged:: 4.0
            Added the ``color`` parameter.
    
        .. versionchanged:: 3.0
            Added the ``catch_exceptions`` parameter.
    
        .. versionchanged:: 3.0
            The result object has the ``exc_info`` attribute with the
            traceback if available.
        """
        exc_info = None
        if catch_exceptions is None:
            catch_exceptions = self.catch_exceptions
    
        with self.isolation(input=input, env=env, color=color) as outstreams:
            return_value = None
            exception: BaseException | None = None
            exit_code = 0
    
            if isinstance(args, str):
                args = shlex.split(args)
    
            try:
>               prog_name = extra.pop("prog_name")
                            ^^^^^^^^^^^^^^^^^^^^^^
E               KeyError: 'prog_name'

C:\Users\Administrator\AppData\Local\Programs\Python\Python312\Lib\site-packages\click\testing.py:499: KeyError

During handling of the above exception, another exception occurred:

self = <tests.test_cli.TestCLIFileInput object at 0x0000020C3A40E9C0>

    def test_file_with_negatives(self):
        """Test file input with negative numbers."""
        runner = CliRunner()
        with runner.isolated_filesystem():
            with open('numbers.txt', 'w') as f:
                f.write('3\n-1\n-4\n')
    
>           result = runner.invoke(main, ['--file', 'numbers.txt'])
                     ^^^^^^^^^^^^^^^^^^^^^^^^^^^^^^^^^^^^^^^^^^^^^^

tests\test_cli.py:230: 
_ _ _ _ _ _ _ _ _ _ _ _ _ _ _ _ _ _ _ _ _ _ _ _ _ _ _ _ _ _ _ _ _ _ _ _ _ _ _ _
C:\Users\Administrator\AppData\Local\Programs\Python\Python312\Lib\site-packages\click\testing.py:501: in invoke
    prog_name = self.get_default_prog_name(cli)
                ^^^^^^^^^^^^^^^^^^^^^^^^^^^^^^^
_ _ _ _ _ _ _ _ _ _ _ _ _ _ _ _ _ _ _ _ _ _ _ _ _ _ _ _ _ _ _ _ _ _ _ _ _ _ _ _

self = <click.testing.CliRunner object at 0x0000020C3A5FDB80>
cli = <function main at 0x0000020C3A3F16C0>

    def get_default_prog_name(self, cli: Command) -> str:
        """Given a command object it will return the default program name
        for it.  The default is the `name` attribute or ``"root"`` if not
        set.
        """
>       return cli.name or "root"
               ^^^^^^^^
E       AttributeError: 'function' object has no attribute 'name'

C:\Users\Administrator\AppData\Local\Programs\Python\Python312\Lib\site-packages\click\testing.py:268: AttributeError
_____________________ TestCLIStdinInput.test_stdin_basic ______________________

self = <click.testing.CliRunner object at 0x0000020C3A5FF3B0>
cli = <function main at 0x0000020C3A3F16C0>, args = ['--stdin']
input = '5\n3\n1\n4\n2\n', env = None, catch_exceptions = False, color = False
extra = {}, exc_info = None
outstreams = (<click.testing.BytesIOCopy object at 0x0000020C3A721580>, <click.testing.BytesIOCopy object at 0x0000020C3A721620>, <_io.BytesIO object at 0x0000020C3A723880>)
return_value = None, exception = None, exit_code = 0

    def invoke(
        self,
        cli: Command,
        args: str | cabc.Sequence[str] | None = None,
        input: str | bytes | t.IO[t.Any] | None = None,
        env: cabc.Mapping[str, str | None] | None = None,
        catch_exceptions: bool | None = None,
        color: bool = False,
        **extra: t.Any,
    ) -> Result:
        """Invokes a command in an isolated environment.  The arguments are
        forwarded directly to the command line script, the `extra` keyword
        arguments are passed to the :meth:`~clickpkg.Command.main` function of
        the command.
    
        This returns a :class:`Result` object.
    
        :param cli: the command to invoke
        :param args: the arguments to invoke. It may be given as an iterable
                     or a string. When given as string it will be interpreted
                     as a Unix shell command. More details at
                     :func:`shlex.split`.
        :param input: the input data for `sys.stdin`.
        :param env: the environment overrides.
        :param catch_exceptions: Whether to catch any other exceptions than
                                 ``SystemExit``. If :data:`None`, the value
                                 from :class:`CliRunner` is used.
        :param extra: the keyword arguments to pass to :meth:`main`.
        :param color: whether the output should contain color codes. The
                      application can still override this explicitly.
    
        .. versionadded:: 8.2
            The result object has the ``output_bytes`` attribute with
            the mix of ``stdout_bytes`` and ``stderr_bytes``, as the user would
            see it in its terminal.
    
        .. versionchanged:: 8.2
            The result object always returns the ``stderr_bytes`` stream.
    
        .. versionchanged:: 8.0
            The result object has the ``return_value`` attribute with
            the value returned from the invoked command.
    
        .. versionchanged:: 4.0
            Added the ``color`` parameter.
    
        .. versionchanged:: 3.0
            Added the ``catch_exceptions`` parameter.
    
        .. versionchanged:: 3.0
            The result object has the ``exc_info`` attribute with the
            traceback if available.
        """
        exc_info = None
        if catch_exceptions is None:
            catch_exceptions = self.catch_exceptions
    
        with self.isolation(input=input, env=env, color=color) as outstreams:
            return_value = None
            exception: BaseException | None = None
            exit_code = 0
    
            if isinstance(args, str):
                args = shlex.split(args)
    
            try:
>               prog_name = extra.pop("prog_name")
                            ^^^^^^^^^^^^^^^^^^^^^^
E               KeyError: 'prog_name'

C:\Users\Administrator\AppData\Local\Programs\Python\Python312\Lib\site-packages\click\testing.py:499: KeyError

During handling of the above exception, another exception occurred:

self = <tests.test_cli.TestCLIStdinInput object at 0x0000020C3A40ED20>

    def test_stdin_basic(self):
        """Test reading from stdin."""
        runner = CliRunner()
>       result = runner.invoke(main, ['--stdin'], input='5\n3\n1\n4\n2\n', catch_exceptions=False)
                 ^^^^^^^^^^^^^^^^^^^^^^^^^^^^^^^^^^^^^^^^^^^^^^^^^^^^^^^^^^^^^^^^^^^^^^^^^^^^^^^^^

tests\test_cli.py:241: 
_ _ _ _ _ _ _ _ _ _ _ _ _ _ _ _ _ _ _ _ _ _ _ _ _ _ _ _ _ _ _ _ _ _ _ _ _ _ _ _
C:\Users\Administrator\AppData\Local\Programs\Python\Python312\Lib\site-packages\click\testing.py:501: in invoke
    prog_name = self.get_default_prog_name(cli)
                ^^^^^^^^^^^^^^^^^^^^^^^^^^^^^^^
_ _ _ _ _ _ _ _ _ _ _ _ _ _ _ _ _ _ _ _ _ _ _ _ _ _ _ _ _ _ _ _ _ _ _ _ _ _ _ _

self = <click.testing.CliRunner object at 0x0000020C3A5FF3B0>
cli = <function main at 0x0000020C3A3F16C0>

    def get_default_prog_name(self, cli: Command) -> str:
        """Given a command object it will return the default program name
        for it.  The default is the `name` attribute or ``"root"`` if not
        set.
        """
>       return cli.name or "root"
               ^^^^^^^^
E       AttributeError: 'function' object has no attribute 'name'

C:\Users\Administrator\AppData\Local\Programs\Python\Python312\Lib\site-packages\click\testing.py:268: AttributeError
________________ TestCLIStdinInput.test_stdin_space_separated _________________

self = <click.testing.CliRunner object at 0x0000020C3A5FDF40>
cli = <function main at 0x0000020C3A3F16C0>, args = ['--stdin']
input = '5 3 1 4 2\n', env = None, catch_exceptions = False, color = False
extra = {}, exc_info = None
outstreams = (<click.testing.BytesIOCopy object at 0x0000020C3A721EE0>, <click.testing.BytesIOCopy object at 0x0000020C3A722020>, <_io.BytesIO object at 0x0000020C3A721440>)
return_value = None, exception = None, exit_code = 0

    def invoke(
        self,
        cli: Command,
        args: str | cabc.Sequence[str] | None = None,
        input: str | bytes | t.IO[t.Any] | None = None,
        env: cabc.Mapping[str, str | None] | None = None,
        catch_exceptions: bool | None = None,
        color: bool = False,
        **extra: t.Any,
    ) -> Result:
        """Invokes a command in an isolated environment.  The arguments are
        forwarded directly to the command line script, the `extra` keyword
        arguments are passed to the :meth:`~clickpkg.Command.main` function of
        the command.
    
        This returns a :class:`Result` object.
    
        :param cli: the command to invoke
        :param args: the arguments to invoke. It may be given as an iterable
                     or a string. When given as string it will be interpreted
                     as a Unix shell command. More details at
                     :func:`shlex.split`.
        :param input: the input data for `sys.stdin`.
        :param env: the environment overrides.
        :param catch_exceptions: Whether to catch any other exceptions than
                                 ``SystemExit``. If :data:`None`, the value
                                 from :class:`CliRunner` is used.
        :param extra: the keyword arguments to pass to :meth:`main`.
        :param color: whether the output should contain color codes. The
                      application can still override this explicitly.
    
        .. versionadded:: 8.2
            The result object has the ``output_bytes`` attribute with
            the mix of ``stdout_bytes`` and ``stderr_bytes``, as the user would
            see it in its terminal.
    
        .. versionchanged:: 8.2
            The result object always returns the ``stderr_bytes`` stream.
    
        .. versionchanged:: 8.0
            The result object has the ``return_value`` attribute with
            the value returned from the invoked command.
    
        .. versionchanged:: 4.0
            Added the ``color`` parameter.
    
        .. versionchanged:: 3.0
            Added the ``catch_exceptions`` parameter.
    
        .. versionchanged:: 3.0
            The result object has the ``exc_info`` attribute with the
            traceback if available.
        """
        exc_info = None
        if catch_exceptions is None:
            catch_exceptions = self.catch_exceptions
    
        with self.isolation(input=input, env=env, color=color) as outstreams:
            return_value = None
            exception: BaseException | None = None
            exit_code = 0
    
            if isinstance(args, str):
                args = shlex.split(args)
    
            try:
>               prog_name = extra.pop("prog_name")
                            ^^^^^^^^^^^^^^^^^^^^^^
E               KeyError: 'prog_name'

C:\Users\Administrator\AppData\Local\Programs\Python\Python312\Lib\site-packages\click\testing.py:499: KeyError

During handling of the above exception, another exception occurred:

self = <tests.test_cli.TestCLIStdinInput object at 0x0000020C3A40F020>

    def test_stdin_space_separated(self):
        """Test reading space-separated input from stdin."""
        runner = CliRunner()
>       result = runner.invoke(main, ['--stdin'], input='5 3 1 4 2\n', catch_exceptions=False)
                 ^^^^^^^^^^^^^^^^^^^^^^^^^^^^^^^^^^^^^^^^^^^^^^^^^^^^^^^^^^^^^^^^^^^^^^^^^^^^^

tests\test_cli.py:248: 
_ _ _ _ _ _ _ _ _ _ _ _ _ _ _ _ _ _ _ _ _ _ _ _ _ _ _ _ _ _ _ _ _ _ _ _ _ _ _ _
C:\Users\Administrator\AppData\Local\Programs\Python\Python312\Lib\site-packages\click\testing.py:501: in invoke
    prog_name = self.get_default_prog_name(cli)
                ^^^^^^^^^^^^^^^^^^^^^^^^^^^^^^^
_ _ _ _ _ _ _ _ _ _ _ _ _ _ _ _ _ _ _ _ _ _ _ _ _ _ _ _ _ _ _ _ _ _ _ _ _ _ _ _

self = <click.testing.CliRunner object at 0x0000020C3A5FDF40>
cli = <function main at 0x0000020C3A3F16C0>

    def get_default_prog_name(self, cli: Command) -> str:
        """Given a command object it will return the default program name
        for it.  The default is the `name` attribute or ``"root"`` if not
        set.
        """
>       return cli.name or "root"
               ^^^^^^^^
E       AttributeError: 'function' object has no attribute 'name'

C:\Users\Administrator\AppData\Local\Programs\Python\Python312\Lib\site-packages\click\testing.py:268: AttributeError
______________________ TestCLIStdinInput.test_stdin_csv _______________________

self = <click.testing.CliRunner object at 0x0000020C3A40DA90>
cli = <function main at 0x0000020C3A3F16C0>, args = ['--stdin']
input = '5,3,1,4,2\n', env = None, catch_exceptions = False, color = False
extra = {}, exc_info = None
outstreams = (<click.testing.BytesIOCopy object at 0x0000020C3A722430>, <click.testing.BytesIOCopy object at 0x0000020C3A723BF0>, <_io.BytesIO object at 0x0000020C3A7223E0>)
return_value = None, exception = None, exit_code = 0

    def invoke(
        self,
        cli: Command,
        args: str | cabc.Sequence[str] | None = None,
        input: str | bytes | t.IO[t.Any] | None = None,
        env: cabc.Mapping[str, str | None] | None = None,
        catch_exceptions: bool | None = None,
        color: bool = False,
        **extra: t.Any,
    ) -> Result:
        """Invokes a command in an isolated environment.  The arguments are
        forwarded directly to the command line script, the `extra` keyword
        arguments are passed to the :meth:`~clickpkg.Command.main` function of
        the command.
    
        This returns a :class:`Result` object.
    
        :param cli: the command to invoke
        :param args: the arguments to invoke. It may be given as an iterable
                     or a string. When given as string it will be interpreted
                     as a Unix shell command. More details at
                     :func:`shlex.split`.
        :param input: the input data for `sys.stdin`.
        :param env: the environment overrides.
        :param catch_exceptions: Whether to catch any other exceptions than
                                 ``SystemExit``. If :data:`None`, the value
                                 from :class:`CliRunner` is used.
        :param extra: the keyword arguments to pass to :meth:`main`.
        :param color: whether the output should contain color codes. The
                      application can still override this explicitly.
    
        .. versionadded:: 8.2
            The result object has the ``output_bytes`` attribute with
            the mix of ``stdout_bytes`` and ``stderr_bytes``, as the user would
            see it in its terminal.
    
        .. versionchanged:: 8.2
            The result object always returns the ``stderr_bytes`` stream.
    
        .. versionchanged:: 8.0
            The result object has the ``return_value`` attribute with
            the value returned from the invoked command.
    
        .. versionchanged:: 4.0
            Added the ``color`` parameter.
    
        .. versionchanged:: 3.0
            Added the ``catch_exceptions`` parameter.
    
        .. versionchanged:: 3.0
            The result object has the ``exc_info`` attribute with the
            traceback if available.
        """
        exc_info = None
        if catch_exceptions is None:
            catch_exceptions = self.catch_exceptions
    
        with self.isolation(input=input, env=env, color=color) as outstreams:
            return_value = None
            exception: BaseException | None = None
            exit_code = 0
    
            if isinstance(args, str):
                args = shlex.split(args)
    
            try:
>               prog_name = extra.pop("prog_name")
                            ^^^^^^^^^^^^^^^^^^^^^^
E               KeyError: 'prog_name'

C:\Users\Administrator\AppData\Local\Programs\Python\Python312\Lib\site-packages\click\testing.py:499: KeyError

During handling of the above exception, another exception occurred:

self = <tests.test_cli.TestCLIStdinInput object at 0x0000020C3A40F320>

    def test_stdin_csv(self):
        """Test reading CSV input from stdin."""
        runner = CliRunner()
>       result = runner.invoke(main, ['--stdin'], input='5,3,1,4,2\n', catch_exceptions=False)
                 ^^^^^^^^^^^^^^^^^^^^^^^^^^^^^^^^^^^^^^^^^^^^^^^^^^^^^^^^^^^^^^^^^^^^^^^^^^^^^

tests\test_cli.py:255: 
_ _ _ _ _ _ _ _ _ _ _ _ _ _ _ _ _ _ _ _ _ _ _ _ _ _ _ _ _ _ _ _ _ _ _ _ _ _ _ _
C:\Users\Administrator\AppData\Local\Programs\Python\Python312\Lib\site-packages\click\testing.py:501: in invoke
    prog_name = self.get_default_prog_name(cli)
                ^^^^^^^^^^^^^^^^^^^^^^^^^^^^^^^
_ _ _ _ _ _ _ _ _ _ _ _ _ _ _ _ _ _ _ _ _ _ _ _ _ _ _ _ _ _ _ _ _ _ _ _ _ _ _ _

self = <click.testing.CliRunner object at 0x0000020C3A40DA90>
cli = <function main at 0x0000020C3A3F16C0>

    def get_default_prog_name(self, cli: Command) -> str:
        """Given a command object it will return the default program name
        for it.  The default is the `name` attribute or ``"root"`` if not
        set.
        """
>       return cli.name or "root"
               ^^^^^^^^
E       AttributeError: 'function' object has no attribute 'name'

C:\Users\Administrator\AppData\Local\Programs\Python\Python312\Lib\site-packages\click\testing.py:268: AttributeError
_____________________ TestCLIStdinInput.test_stdin_empty ______________________

self = <click.testing.CliRunner object at 0x0000020C3A616210>
cli = <function main at 0x0000020C3A3F16C0>, args = ['--stdin'], input = ''
env = None, catch_exceptions = False, color = False, extra = {}, exc_info = None
outstreams = (<click.testing.BytesIOCopy object at 0x0000020C3A723EC0>, <click.testing.BytesIOCopy object at 0x0000020C3A723F10>, <_io.BytesIO object at 0x0000020C3A723E70>)
return_value = None, exception = None, exit_code = 0

    def invoke(
        self,
        cli: Command,
        args: str | cabc.Sequence[str] | None = None,
        input: str | bytes | t.IO[t.Any] | None = None,
        env: cabc.Mapping[str, str | None] | None = None,
        catch_exceptions: bool | None = None,
        color: bool = False,
        **extra: t.Any,
    ) -> Result:
        """Invokes a command in an isolated environment.  The arguments are
        forwarded directly to the command line script, the `extra` keyword
        arguments are passed to the :meth:`~clickpkg.Command.main` function of
        the command.
    
        This returns a :class:`Result` object.
    
        :param cli: the command to invoke
        :param args: the arguments to invoke. It may be given as an iterable
                     or a string. When given as string it will be interpreted
                     as a Unix shell command. More details at
                     :func:`shlex.split`.
        :param input: the input data for `sys.stdin`.
        :param env: the environment overrides.
        :param catch_exceptions: Whether to catch any other exceptions than
                                 ``SystemExit``. If :data:`None`, the value
                                 from :class:`CliRunner` is used.
        :param extra: the keyword arguments to pass to :meth:`main`.
        :param color: whether the output should contain color codes. The
                      application can still override this explicitly.
    
        .. versionadded:: 8.2
            The result object has the ``output_bytes`` attribute with
            the mix of ``stdout_bytes`` and ``stderr_bytes``, as the user would
            see it in its terminal.
    
        .. versionchanged:: 8.2
            The result object always returns the ``stderr_bytes`` stream.
    
        .. versionchanged:: 8.0
            The result object has the ``return_value`` attribute with
            the value returned from the invoked command.
    
        .. versionchanged:: 4.0
            Added the ``color`` parameter.
    
        .. versionchanged:: 3.0
            Added the ``catch_exceptions`` parameter.
    
        .. versionchanged:: 3.0
            The result object has the ``exc_info`` attribute with the
            traceback if available.
        """
        exc_info = None
        if catch_exceptions is None:
            catch_exceptions = self.catch_exceptions
    
        with self.isolation(input=input, env=env, color=color) as outstreams:
            return_value = None
            exception: BaseException | None = None
            exit_code = 0
    
            if isinstance(args, str):
                args = shlex.split(args)
    
            try:
>               prog_name = extra.pop("prog_name")
                            ^^^^^^^^^^^^^^^^^^^^^^
E               KeyError: 'prog_name'

C:\Users\Administrator\AppData\Local\Programs\Python\Python312\Lib\site-packages\click\testing.py:499: KeyError

During handling of the above exception, another exception occurred:

self = <tests.test_cli.TestCLIStdinInput object at 0x0000020C3A40F620>

    def test_stdin_empty(self):
        """Test stdin with no input."""
        runner = CliRunner()
>       result = runner.invoke(main, ['--stdin'], input='', catch_exceptions=False)
                 ^^^^^^^^^^^^^^^^^^^^^^^^^^^^^^^^^^^^^^^^^^^^^^^^^^^^^^^^^^^^^^^^^^

tests\test_cli.py:262: 
_ _ _ _ _ _ _ _ _ _ _ _ _ _ _ _ _ _ _ _ _ _ _ _ _ _ _ _ _ _ _ _ _ _ _ _ _ _ _ _
C:\Users\Administrator\AppData\Local\Programs\Python\Python312\Lib\site-packages\click\testing.py:501: in invoke
    prog_name = self.get_default_prog_name(cli)
                ^^^^^^^^^^^^^^^^^^^^^^^^^^^^^^^
_ _ _ _ _ _ _ _ _ _ _ _ _ _ _ _ _ _ _ _ _ _ _ _ _ _ _ _ _ _ _ _ _ _ _ _ _ _ _ _

self = <click.testing.CliRunner object at 0x0000020C3A616210>
cli = <function main at 0x0000020C3A3F16C0>

    def get_default_prog_name(self, cli: Command) -> str:
        """Given a command object it will return the default program name
        for it.  The default is the `name` attribute or ``"root"`` if not
        set.
        """
>       return cli.name or "root"
               ^^^^^^^^
E       AttributeError: 'function' object has no attribute 'name'

C:\Users\Administrator\AppData\Local\Programs\Python\Python312\Lib\site-packages\click\testing.py:268: AttributeError
__________________ TestCLIStdinInput.test_stdin_with_piping ___________________

self = <click.testing.CliRunner object at 0x0000020C3A613170>
cli = <function main at 0x0000020C3A3F16C0>, args = ['--stdin']
input = '5\n3\n1\n', env = None, catch_exceptions = False, color = False
extra = {}, exc_info = None
outstreams = (<click.testing.BytesIOCopy object at 0x0000020C3A7229D0>, <click.testing.BytesIOCopy object at 0x0000020C3A722B10>, <_io.BytesIO object at 0x0000020C3A722980>)
return_value = None, exception = None, exit_code = 0

    def invoke(
        self,
        cli: Command,
        args: str | cabc.Sequence[str] | None = None,
        input: str | bytes | t.IO[t.Any] | None = None,
        env: cabc.Mapping[str, str | None] | None = None,
        catch_exceptions: bool | None = None,
        color: bool = False,
        **extra: t.Any,
    ) -> Result:
        """Invokes a command in an isolated environment.  The arguments are
        forwarded directly to the command line script, the `extra` keyword
        arguments are passed to the :meth:`~clickpkg.Command.main` function of
        the command.
    
        This returns a :class:`Result` object.
    
        :param cli: the command to invoke
        :param args: the arguments to invoke. It may be given as an iterable
                     or a string. When given as string it will be interpreted
                     as a Unix shell command. More details at
                     :func:`shlex.split`.
        :param input: the input data for `sys.stdin`.
        :param env: the environment overrides.
        :param catch_exceptions: Whether to catch any other exceptions than
                                 ``SystemExit``. If :data:`None`, the value
                                 from :class:`CliRunner` is used.
        :param extra: the keyword arguments to pass to :meth:`main`.
        :param color: whether the output should contain color codes. The
                      application can still override this explicitly.
    
        .. versionadded:: 8.2
            The result object has the ``output_bytes`` attribute with
            the mix of ``stdout_bytes`` and ``stderr_bytes``, as the user would
            see it in its terminal.
    
        .. versionchanged:: 8.2
            The result object always returns the ``stderr_bytes`` stream.
    
        .. versionchanged:: 8.0
            The result object has the ``return_value`` attribute with
            the value returned from the invoked command.
    
        .. versionchanged:: 4.0
            Added the ``color`` parameter.
    
        .. versionchanged:: 3.0
            Added the ``catch_exceptions`` parameter.
    
        .. versionchanged:: 3.0
            The result object has the ``exc_info`` attribute with the
            traceback if available.
        """
        exc_info = None
        if catch_exceptions is None:
            catch_exceptions = self.catch_exceptions
    
        with self.isolation(input=input, env=env, color=color) as outstreams:
            return_value = None
            exception: BaseException | None = None
            exit_code = 0
    
            if isinstance(args, str):
                args = shlex.split(args)
    
            try:
>               prog_name = extra.pop("prog_name")
                            ^^^^^^^^^^^^^^^^^^^^^^
E               KeyError: 'prog_name'

C:\Users\Administrator\AppData\Local\Programs\Python\Python312\Lib\site-packages\click\testing.py:499: KeyError

During handling of the above exception, another exception occurred:

self = <tests.test_cli.TestCLIStdinInput object at 0x0000020C3A40F920>

    def test_stdin_with_piping(self):
        """Test stdin with piped input (simulated)."""
        runner = CliRunner()
>       result = runner.invoke(main, ['--stdin'], input='5\n3\n1\n', catch_exceptions=False)
                 ^^^^^^^^^^^^^^^^^^^^^^^^^^^^^^^^^^^^^^^^^^^^^^^^^^^^^^^^^^^^^^^^^^^^^^^^^^^

tests\test_cli.py:269: 
_ _ _ _ _ _ _ _ _ _ _ _ _ _ _ _ _ _ _ _ _ _ _ _ _ _ _ _ _ _ _ _ _ _ _ _ _ _ _ _
C:\Users\Administrator\AppData\Local\Programs\Python\Python312\Lib\site-packages\click\testing.py:501: in invoke
    prog_name = self.get_default_prog_name(cli)
                ^^^^^^^^^^^^^^^^^^^^^^^^^^^^^^^
_ _ _ _ _ _ _ _ _ _ _ _ _ _ _ _ _ _ _ _ _ _ _ _ _ _ _ _ _ _ _ _ _ _ _ _ _ _ _ _

self = <click.testing.CliRunner object at 0x0000020C3A613170>
cli = <function main at 0x0000020C3A3F16C0>

    def get_default_prog_name(self, cli: Command) -> str:
        """Given a command object it will return the default program name
        for it.  The default is the `name` attribute or ``"root"`` if not
        set.
        """
>       return cli.name or "root"
               ^^^^^^^^
E       AttributeError: 'function' object has no attribute 'name'

C:\Users\Administrator\AppData\Local\Programs\Python\Python312\Lib\site-packages\click\testing.py:268: AttributeError
__________________ TestCLIStdinInput.test_stdin_with_floats ___________________

self = <click.testing.CliRunner object at 0x0000020C3A610590>
cli = <function main at 0x0000020C3A3F16C0>, args = ['--stdin']
input = '3.5\n1.2\n4.7\n', env = None, catch_exceptions = False, color = False
extra = {}, exc_info = None
outstreams = (<click.testing.BytesIOCopy object at 0x0000020C3A720270>, <click.testing.BytesIOCopy object at 0x0000020C3A720360>, <_io.BytesIO object at 0x0000020C3A721DA0>)
return_value = None, exception = None, exit_code = 0

    def invoke(
        self,
        cli: Command,
        args: str | cabc.Sequence[str] | None = None,
        input: str | bytes | t.IO[t.Any] | None = None,
        env: cabc.Mapping[str, str | None] | None = None,
        catch_exceptions: bool | None = None,
        color: bool = False,
        **extra: t.Any,
    ) -> Result:
        """Invokes a command in an isolated environment.  The arguments are
        forwarded directly to the command line script, the `extra` keyword
        arguments are passed to the :meth:`~clickpkg.Command.main` function of
        the command.
    
        This returns a :class:`Result` object.
    
        :param cli: the command to invoke
        :param args: the arguments to invoke. It may be given as an iterable
                     or a string. When given as string it will be interpreted
                     as a Unix shell command. More details at
                     :func:`shlex.split`.
        :param input: the input data for `sys.stdin`.
        :param env: the environment overrides.
        :param catch_exceptions: Whether to catch any other exceptions than
                                 ``SystemExit``. If :data:`None`, the value
                                 from :class:`CliRunner` is used.
        :param extra: the keyword arguments to pass to :meth:`main`.
        :param color: whether the output should contain color codes. The
                      application can still override this explicitly.
    
        .. versionadded:: 8.2
            The result object has the ``output_bytes`` attribute with
            the mix of ``stdout_bytes`` and ``stderr_bytes``, as the user would
            see it in its terminal.
    
        .. versionchanged:: 8.2
            The result object always returns the ``stderr_bytes`` stream.
    
        .. versionchanged:: 8.0
            The result object has the ``return_value`` attribute with
            the value returned from the invoked command.
    
        .. versionchanged:: 4.0
            Added the ``color`` parameter.
    
        .. versionchanged:: 3.0
            Added the ``catch_exceptions`` parameter.
    
        .. versionchanged:: 3.0
            The result object has the ``exc_info`` attribute with the
            traceback if available.
        """
        exc_info = None
        if catch_exceptions is None:
            catch_exceptions = self.catch_exceptions
    
        with self.isolation(input=input, env=env, color=color) as outstreams:
            return_value = None
            exception: BaseException | None = None
            exit_code = 0
    
            if isinstance(args, str):
                args = shlex.split(args)
    
            try:
>               prog_name = extra.pop("prog_name")
                            ^^^^^^^^^^^^^^^^^^^^^^
E               KeyError: 'prog_name'

C:\Users\Administrator\AppData\Local\Programs\Python\Python312\Lib\site-packages\click\testing.py:499: KeyError

During handling of the above exception, another exception occurred:

self = <tests.test_cli.TestCLIStdinInput object at 0x0000020C3A40FC20>

    def test_stdin_with_floats(self):
        """Test stdin with floating point numbers."""
        runner = CliRunner()
>       result = runner.invoke(main, ['--stdin'], input='3.5\n1.2\n4.7\n', catch_exceptions=False)
                 ^^^^^^^^^^^^^^^^^^^^^^^^^^^^^^^^^^^^^^^^^^^^^^^^^^^^^^^^^^^^^^^^^^^^^^^^^^^^^^^^^

tests\test_cli.py:276: 
_ _ _ _ _ _ _ _ _ _ _ _ _ _ _ _ _ _ _ _ _ _ _ _ _ _ _ _ _ _ _ _ _ _ _ _ _ _ _ _
C:\Users\Administrator\AppData\Local\Programs\Python\Python312\Lib\site-packages\click\testing.py:501: in invoke
    prog_name = self.get_default_prog_name(cli)
                ^^^^^^^^^^^^^^^^^^^^^^^^^^^^^^^
_ _ _ _ _ _ _ _ _ _ _ _ _ _ _ _ _ _ _ _ _ _ _ _ _ _ _ _ _ _ _ _ _ _ _ _ _ _ _ _

self = <click.testing.CliRunner object at 0x0000020C3A610590>
cli = <function main at 0x0000020C3A3F16C0>

    def get_default_prog_name(self, cli: Command) -> str:
        """Given a command object it will return the default program name
        for it.  The default is the `name` attribute or ``"root"`` if not
        set.
        """
>       return cli.name or "root"
               ^^^^^^^^
E       AttributeError: 'function' object has no attribute 'name'

C:\Users\Administrator\AppData\Local\Programs\Python\Python312\Lib\site-packages\click\testing.py:268: AttributeError
_________________ TestCLIStdinInput.test_stdin_invalid_input __________________

self = <click.testing.CliRunner object at 0x0000020C3A611B20>
cli = <function main at 0x0000020C3A3F16C0>, args = ['--stdin']
input = '5\ninvalid\n3\n', env = None, catch_exceptions = False, color = False
extra = {}, exc_info = None
outstreams = (<click.testing.BytesIOCopy object at 0x0000020C3A5F7470>, <click.testing.BytesIOCopy object at 0x0000020C3A723650>, <_io.BytesIO object at 0x0000020C3A5F6430>)
return_value = None, exception = None, exit_code = 0

    def invoke(
        self,
        cli: Command,
        args: str | cabc.Sequence[str] | None = None,
        input: str | bytes | t.IO[t.Any] | None = None,
        env: cabc.Mapping[str, str | None] | None = None,
        catch_exceptions: bool | None = None,
        color: bool = False,
        **extra: t.Any,
    ) -> Result:
        """Invokes a command in an isolated environment.  The arguments are
        forwarded directly to the command line script, the `extra` keyword
        arguments are passed to the :meth:`~clickpkg.Command.main` function of
        the command.
    
        This returns a :class:`Result` object.
    
        :param cli: the command to invoke
        :param args: the arguments to invoke. It may be given as an iterable
                     or a string. When given as string it will be interpreted
                     as a Unix shell command. More details at
                     :func:`shlex.split`.
        :param input: the input data for `sys.stdin`.
        :param env: the environment overrides.
        :param catch_exceptions: Whether to catch any other exceptions than
                                 ``SystemExit``. If :data:`None`, the value
                                 from :class:`CliRunner` is used.
        :param extra: the keyword arguments to pass to :meth:`main`.
        :param color: whether the output should contain color codes. The
                      application can still override this explicitly.
    
        .. versionadded:: 8.2
            The result object has the ``output_bytes`` attribute with
            the mix of ``stdout_bytes`` and ``stderr_bytes``, as the user would
            see it in its terminal.
    
        .. versionchanged:: 8.2
            The result object always returns the ``stderr_bytes`` stream.
    
        .. versionchanged:: 8.0
            The result object has the ``return_value`` attribute with
            the value returned from the invoked command.
    
        .. versionchanged:: 4.0
            Added the ``color`` parameter.
    
        .. versionchanged:: 3.0
            Added the ``catch_exceptions`` parameter.
    
        .. versionchanged:: 3.0
            The result object has the ``exc_info`` attribute with the
            traceback if available.
        """
        exc_info = None
        if catch_exceptions is None:
            catch_exceptions = self.catch_exceptions
    
        with self.isolation(input=input, env=env, color=color) as outstreams:
            return_value = None
            exception: BaseException | None = None
            exit_code = 0
    
            if isinstance(args, str):
                args = shlex.split(args)
    
            try:
>               prog_name = extra.pop("prog_name")
                            ^^^^^^^^^^^^^^^^^^^^^^
E               KeyError: 'prog_name'

C:\Users\Administrator\AppData\Local\Programs\Python\Python312\Lib\site-packages\click\testing.py:499: KeyError

During handling of the above exception, another exception occurred:

self = <tests.test_cli.TestCLIStdinInput object at 0x0000020C3A3BFE30>

    def test_stdin_invalid_input(self):
        """Test stdin with invalid input."""
        runner = CliRunner()
>       result = runner.invoke(main, ['--stdin'], input='5\ninvalid\n3\n', catch_exceptions=False)
                 ^^^^^^^^^^^^^^^^^^^^^^^^^^^^^^^^^^^^^^^^^^^^^^^^^^^^^^^^^^^^^^^^^^^^^^^^^^^^^^^^^

tests\test_cli.py:283: 
_ _ _ _ _ _ _ _ _ _ _ _ _ _ _ _ _ _ _ _ _ _ _ _ _ _ _ _ _ _ _ _ _ _ _ _ _ _ _ _
C:\Users\Administrator\AppData\Local\Programs\Python\Python312\Lib\site-packages\click\testing.py:501: in invoke
    prog_name = self.get_default_prog_name(cli)
                ^^^^^^^^^^^^^^^^^^^^^^^^^^^^^^^
_ _ _ _ _ _ _ _ _ _ _ _ _ _ _ _ _ _ _ _ _ _ _ _ _ _ _ _ _ _ _ _ _ _ _ _ _ _ _ _

self = <click.testing.CliRunner object at 0x0000020C3A611B20>
cli = <function main at 0x0000020C3A3F16C0>

    def get_default_prog_name(self, cli: Command) -> str:
        """Given a command object it will return the default program name
        for it.  The default is the `name` attribute or ``"root"`` if not
        set.
        """
>       return cli.name or "root"
               ^^^^^^^^
E       AttributeError: 'function' object has no attribute 'name'

C:\Users\Administrator\AppData\Local\Programs\Python\Python312\Lib\site-packages\click\testing.py:268: AttributeError
_______________ TestCLIOutputFormats.test_default_output_format _______________

self = <click.testing.CliRunner object at 0x0000020C3A40E1E0>
cli = <function main at 0x0000020C3A3F16C0>, args = ['5', '3', '1', '4', '2']
input = None, env = None, catch_exceptions = True, color = False, extra = {}
exc_info = None
outstreams = (<click.testing.BytesIOCopy object at 0x0000020C3A82D120>, <click.testing.BytesIOCopy object at 0x0000020C3A82D1C0>, <_io.BytesIO object at 0x0000020C3A6015D0>)
return_value = None, exception = None, exit_code = 0

    def invoke(
        self,
        cli: Command,
        args: str | cabc.Sequence[str] | None = None,
        input: str | bytes | t.IO[t.Any] | None = None,
        env: cabc.Mapping[str, str | None] | None = None,
        catch_exceptions: bool | None = None,
        color: bool = False,
        **extra: t.Any,
    ) -> Result:
        """Invokes a command in an isolated environment.  The arguments are
        forwarded directly to the command line script, the `extra` keyword
        arguments are passed to the :meth:`~clickpkg.Command.main` function of
        the command.
    
        This returns a :class:`Result` object.
    
        :param cli: the command to invoke
        :param args: the arguments to invoke. It may be given as an iterable
                     or a string. When given as string it will be interpreted
                     as a Unix shell command. More details at
                     :func:`shlex.split`.
        :param input: the input data for `sys.stdin`.
        :param env: the environment overrides.
        :param catch_exceptions: Whether to catch any other exceptions than
                                 ``SystemExit``. If :data:`None`, the value
                                 from :class:`CliRunner` is used.
        :param extra: the keyword arguments to pass to :meth:`main`.
        :param color: whether the output should contain color codes. The
                      application can still override this explicitly.
    
        .. versionadded:: 8.2
            The result object has the ``output_bytes`` attribute with
            the mix of ``stdout_bytes`` and ``stderr_bytes``, as the user would
            see it in its terminal.
    
        .. versionchanged:: 8.2
            The result object always returns the ``stderr_bytes`` stream.
    
        .. versionchanged:: 8.0
            The result object has the ``return_value`` attribute with
            the value returned from the invoked command.
    
        .. versionchanged:: 4.0
            Added the ``color`` parameter.
    
        .. versionchanged:: 3.0
            Added the ``catch_exceptions`` parameter.
    
        .. versionchanged:: 3.0
            The result object has the ``exc_info`` attribute with the
            traceback if available.
        """
        exc_info = None
        if catch_exceptions is None:
            catch_exceptions = self.catch_exceptions
    
        with self.isolation(input=input, env=env, color=color) as outstreams:
            return_value = None
            exception: BaseException | None = None
            exit_code = 0
    
            if isinstance(args, str):
                args = shlex.split(args)
    
            try:
>               prog_name = extra.pop("prog_name")
                            ^^^^^^^^^^^^^^^^^^^^^^
E               KeyError: 'prog_name'

C:\Users\Administrator\AppData\Local\Programs\Python\Python312\Lib\site-packages\click\testing.py:499: KeyError

During handling of the above exception, another exception occurred:

self = <tests.test_cli.TestCLIOutputFormats object at 0x0000020C3A40FDA0>

    def test_default_output_format(self):
        """Test default output format (simple sorted array)."""
        runner = CliRunner()
>       result = runner.invoke(main, ['5', '3', '1', '4', '2'])
                 ^^^^^^^^^^^^^^^^^^^^^^^^^^^^^^^^^^^^^^^^^^^^^^

tests\test_cli.py:294: 
_ _ _ _ _ _ _ _ _ _ _ _ _ _ _ _ _ _ _ _ _ _ _ _ _ _ _ _ _ _ _ _ _ _ _ _ _ _ _ _
C:\Users\Administrator\AppData\Local\Programs\Python\Python312\Lib\site-packages\click\testing.py:501: in invoke
    prog_name = self.get_default_prog_name(cli)
                ^^^^^^^^^^^^^^^^^^^^^^^^^^^^^^^
_ _ _ _ _ _ _ _ _ _ _ _ _ _ _ _ _ _ _ _ _ _ _ _ _ _ _ _ _ _ _ _ _ _ _ _ _ _ _ _

self = <click.testing.CliRunner object at 0x0000020C3A40E1E0>
cli = <function main at 0x0000020C3A3F16C0>

    def get_default_prog_name(self, cli: Command) -> str:
        """Given a command object it will return the default program name
        for it.  The default is the `name` attribute or ``"root"`` if not
        set.
        """
>       return cli.name or "root"
               ^^^^^^^^
E       AttributeError: 'function' object has no attribute 'name'

C:\Users\Administrator\AppData\Local\Programs\Python\Python312\Lib\site-packages\click\testing.py:268: AttributeError
___________ TestCLIOutputFormats.test_verbose_output_shows_process ____________

self = <click.testing.CliRunner object at 0x0000020C3A5FE630>
cli = <function main at 0x0000020C3A3F16C0>
args = ['--verbose', '5', '3', '1', '4', '2'], input = None, env = None
catch_exceptions = True, color = False, extra = {}, exc_info = None
outstreams = (<click.testing.BytesIOCopy object at 0x0000020C3A82D260>, <click.testing.BytesIOCopy object at 0x0000020C3A82D530>, <_io.BytesIO object at 0x0000020C3A82D5D0>)
return_value = None, exception = None, exit_code = 0

    def invoke(
        self,
        cli: Command,
        args: str | cabc.Sequence[str] | None = None,
        input: str | bytes | t.IO[t.Any] | None = None,
        env: cabc.Mapping[str, str | None] | None = None,
        catch_exceptions: bool | None = None,
        color: bool = False,
        **extra: t.Any,
    ) -> Result:
        """Invokes a command in an isolated environment.  The arguments are
        forwarded directly to the command line script, the `extra` keyword
        arguments are passed to the :meth:`~clickpkg.Command.main` function of
        the command.
    
        This returns a :class:`Result` object.
    
        :param cli: the command to invoke
        :param args: the arguments to invoke. It may be given as an iterable
                     or a string. When given as string it will be interpreted
                     as a Unix shell command. More details at
                     :func:`shlex.split`.
        :param input: the input data for `sys.stdin`.
        :param env: the environment overrides.
        :param catch_exceptions: Whether to catch any other exceptions than
                                 ``SystemExit``. If :data:`None`, the value
                                 from :class:`CliRunner` is used.
        :param extra: the keyword arguments to pass to :meth:`main`.
        :param color: whether the output should contain color codes. The
                      application can still override this explicitly.
    
        .. versionadded:: 8.2
            The result object has the ``output_bytes`` attribute with
            the mix of ``stdout_bytes`` and ``stderr_bytes``, as the user would
            see it in its terminal.
    
        .. versionchanged:: 8.2
            The result object always returns the ``stderr_bytes`` stream.
    
        .. versionchanged:: 8.0
            The result object has the ``return_value`` attribute with
            the value returned from the invoked command.
    
        .. versionchanged:: 4.0
            Added the ``color`` parameter.
    
        .. versionchanged:: 3.0
            Added the ``catch_exceptions`` parameter.
    
        .. versionchanged:: 3.0
            The result object has the ``exc_info`` attribute with the
            traceback if available.
        """
        exc_info = None
        if catch_exceptions is None:
            catch_exceptions = self.catch_exceptions
    
        with self.isolation(input=input, env=env, color=color) as outstreams:
            return_value = None
            exception: BaseException | None = None
            exit_code = 0
    
            if isinstance(args, str):
                args = shlex.split(args)
    
            try:
>               prog_name = extra.pop("prog_name")
                            ^^^^^^^^^^^^^^^^^^^^^^
E               KeyError: 'prog_name'

C:\Users\Administrator\AppData\Local\Programs\Python\Python312\Lib\site-packages\click\testing.py:499: KeyError

During handling of the above exception, another exception occurred:

self = <tests.test_cli.TestCLIOutputFormats object at 0x0000020C3A40F830>

    def test_verbose_output_shows_process(self):
        """Test --verbose flag shows detailed sorting process."""
        runner = CliRunner()
>       result = runner.invoke(main, ['--verbose', '5', '3', '1', '4', '2'])
                 ^^^^^^^^^^^^^^^^^^^^^^^^^^^^^^^^^^^^^^^^^^^^^^^^^^^^^^^^^^^

tests\test_cli.py:304: 
_ _ _ _ _ _ _ _ _ _ _ _ _ _ _ _ _ _ _ _ _ _ _ _ _ _ _ _ _ _ _ _ _ _ _ _ _ _ _ _
C:\Users\Administrator\AppData\Local\Programs\Python\Python312\Lib\site-packages\click\testing.py:501: in invoke
    prog_name = self.get_default_prog_name(cli)
                ^^^^^^^^^^^^^^^^^^^^^^^^^^^^^^^
_ _ _ _ _ _ _ _ _ _ _ _ _ _ _ _ _ _ _ _ _ _ _ _ _ _ _ _ _ _ _ _ _ _ _ _ _ _ _ _

self = <click.testing.CliRunner object at 0x0000020C3A5FE630>
cli = <function main at 0x0000020C3A3F16C0>

    def get_default_prog_name(self, cli: Command) -> str:
        """Given a command object it will return the default program name
        for it.  The default is the `name` attribute or ``"root"`` if not
        set.
        """
>       return cli.name or "root"
               ^^^^^^^^
E       AttributeError: 'function' object has no attribute 'name'

C:\Users\Administrator\AppData\Local\Programs\Python\Python312\Lib\site-packages\click\testing.py:268: AttributeError
_____________ TestCLIOutputFormats.test_verbose_shows_statistics ______________

self = <click.testing.CliRunner object at 0x0000020C3A610980>
cli = <function main at 0x0000020C3A3F16C0>
args = ['--verbose', '5', '3', '1', '4', '2'], input = None, env = None
catch_exceptions = True, color = False, extra = {}, exc_info = None
outstreams = (<click.testing.BytesIOCopy object at 0x0000020C3A82DAD0>, <click.testing.BytesIOCopy object at 0x0000020C3A82DC10>, <_io.BytesIO object at 0x0000020C3A82DA30>)
return_value = None, exception = None, exit_code = 0

    def invoke(
        self,
        cli: Command,
        args: str | cabc.Sequence[str] | None = None,
        input: str | bytes | t.IO[t.Any] | None = None,
        env: cabc.Mapping[str, str | None] | None = None,
        catch_exceptions: bool | None = None,
        color: bool = False,
        **extra: t.Any,
    ) -> Result:
        """Invokes a command in an isolated environment.  The arguments are
        forwarded directly to the command line script, the `extra` keyword
        arguments are passed to the :meth:`~clickpkg.Command.main` function of
        the command.
    
        This returns a :class:`Result` object.
    
        :param cli: the command to invoke
        :param args: the arguments to invoke. It may be given as an iterable
                     or a string. When given as string it will be interpreted
                     as a Unix shell command. More details at
                     :func:`shlex.split`.
        :param input: the input data for `sys.stdin`.
        :param env: the environment overrides.
        :param catch_exceptions: Whether to catch any other exceptions than
                                 ``SystemExit``. If :data:`None`, the value
                                 from :class:`CliRunner` is used.
        :param extra: the keyword arguments to pass to :meth:`main`.
        :param color: whether the output should contain color codes. The
                      application can still override this explicitly.
    
        .. versionadded:: 8.2
            The result object has the ``output_bytes`` attribute with
            the mix of ``stdout_bytes`` and ``stderr_bytes``, as the user would
            see it in its terminal.
    
        .. versionchanged:: 8.2
            The result object always returns the ``stderr_bytes`` stream.
    
        .. versionchanged:: 8.0
            The result object has the ``return_value`` attribute with
            the value returned from the invoked command.
    
        .. versionchanged:: 4.0
            Added the ``color`` parameter.
    
        .. versionchanged:: 3.0
            Added the ``catch_exceptions`` parameter.
    
        .. versionchanged:: 3.0
            The result object has the ``exc_info`` attribute with the
            traceback if available.
        """
        exc_info = None
        if catch_exceptions is None:
            catch_exceptions = self.catch_exceptions
    
        with self.isolation(input=input, env=env, color=color) as outstreams:
            return_value = None
            exception: BaseException | None = None
            exit_code = 0
    
            if isinstance(args, str):
                args = shlex.split(args)
    
            try:
>               prog_name = extra.pop("prog_name")
                            ^^^^^^^^^^^^^^^^^^^^^^
E               KeyError: 'prog_name'

C:\Users\Administrator\AppData\Local\Programs\Python\Python312\Lib\site-packages\click\testing.py:499: KeyError

During handling of the above exception, another exception occurred:

self = <tests.test_cli.TestCLIOutputFormats object at 0x0000020C3A40F410>

    def test_verbose_shows_statistics(self):
        """Test verbose output includes statistics."""
        runner = CliRunner()
>       result = runner.invoke(main, ['--verbose', '5', '3', '1', '4', '2'])
                 ^^^^^^^^^^^^^^^^^^^^^^^^^^^^^^^^^^^^^^^^^^^^^^^^^^^^^^^^^^^

tests\test_cli.py:312: 
_ _ _ _ _ _ _ _ _ _ _ _ _ _ _ _ _ _ _ _ _ _ _ _ _ _ _ _ _ _ _ _ _ _ _ _ _ _ _ _
C:\Users\Administrator\AppData\Local\Programs\Python\Python312\Lib\site-packages\click\testing.py:501: in invoke
    prog_name = self.get_default_prog_name(cli)
                ^^^^^^^^^^^^^^^^^^^^^^^^^^^^^^^
_ _ _ _ _ _ _ _ _ _ _ _ _ _ _ _ _ _ _ _ _ _ _ _ _ _ _ _ _ _ _ _ _ _ _ _ _ _ _ _

self = <click.testing.CliRunner object at 0x0000020C3A610980>
cli = <function main at 0x0000020C3A3F16C0>

    def get_default_prog_name(self, cli: Command) -> str:
        """Given a command object it will return the default program name
        for it.  The default is the `name` attribute or ``"root"`` if not
        set.
        """
>       return cli.name or "root"
               ^^^^^^^^
E       AttributeError: 'function' object has no attribute 'name'

C:\Users\Administrator\AppData\Local\Programs\Python\Python312\Lib\site-packages\click\testing.py:268: AttributeError
________________ TestCLIOutputFormats.test_json_output_format _________________

self = <click.testing.CliRunner object at 0x0000020C3A613710>
cli = <function main at 0x0000020C3A3F16C0>
args = ['--format', 'json', '5', '3', '1'], input = None, env = None
catch_exceptions = True, color = False, extra = {}, exc_info = None
outstreams = (<click.testing.BytesIOCopy object at 0x0000020C3A82D710>, <click.testing.BytesIOCopy object at 0x0000020C3A82E070>, <_io.BytesIO object at 0x0000020C3A82D350>)
return_value = None, exception = None, exit_code = 0

    def invoke(
        self,
        cli: Command,
        args: str | cabc.Sequence[str] | None = None,
        input: str | bytes | t.IO[t.Any] | None = None,
        env: cabc.Mapping[str, str | None] | None = None,
        catch_exceptions: bool | None = None,
        color: bool = False,
        **extra: t.Any,
    ) -> Result:
        """Invokes a command in an isolated environment.  The arguments are
        forwarded directly to the command line script, the `extra` keyword
        arguments are passed to the :meth:`~clickpkg.Command.main` function of
        the command.
    
        This returns a :class:`Result` object.
    
        :param cli: the command to invoke
        :param args: the arguments to invoke. It may be given as an iterable
                     or a string. When given as string it will be interpreted
                     as a Unix shell command. More details at
                     :func:`shlex.split`.
        :param input: the input data for `sys.stdin`.
        :param env: the environment overrides.
        :param catch_exceptions: Whether to catch any other exceptions than
                                 ``SystemExit``. If :data:`None`, the value
                                 from :class:`CliRunner` is used.
        :param extra: the keyword arguments to pass to :meth:`main`.
        :param color: whether the output should contain color codes. The
                      application can still override this explicitly.
    
        .. versionadded:: 8.2
            The result object has the ``output_bytes`` attribute with
            the mix of ``stdout_bytes`` and ``stderr_bytes``, as the user would
            see it in its terminal.
    
        .. versionchanged:: 8.2
            The result object always returns the ``stderr_bytes`` stream.
    
        .. versionchanged:: 8.0
            The result object has the ``return_value`` attribute with
            the value returned from the invoked command.
    
        .. versionchanged:: 4.0
            Added the ``color`` parameter.
    
        .. versionchanged:: 3.0
            Added the ``catch_exceptions`` parameter.
    
        .. versionchanged:: 3.0
            The result object has the ``exc_info`` attribute with the
            traceback if available.
        """
        exc_info = None
        if catch_exceptions is None:
            catch_exceptions = self.catch_exceptions
    
        with self.isolation(input=input, env=env, color=color) as outstreams:
            return_value = None
            exception: BaseException | None = None
            exit_code = 0
    
            if isinstance(args, str):
                args = shlex.split(args)
    
            try:
>               prog_name = extra.pop("prog_name")
                            ^^^^^^^^^^^^^^^^^^^^^^
E               KeyError: 'prog_name'

C:\Users\Administrator\AppData\Local\Programs\Python\Python312\Lib\site-packages\click\testing.py:499: KeyError

During handling of the above exception, another exception occurred:

self = <tests.test_cli.TestCLIOutputFormats object at 0x0000020C3A40EE40>

    def test_json_output_format(self):
        """Test JSON output format option."""
        runner = CliRunner()
>       result = runner.invoke(main, ['--format', 'json', '5', '3', '1'])
                 ^^^^^^^^^^^^^^^^^^^^^^^^^^^^^^^^^^^^^^^^^^^^^^^^^^^^^^^^

tests\test_cli.py:320: 
_ _ _ _ _ _ _ _ _ _ _ _ _ _ _ _ _ _ _ _ _ _ _ _ _ _ _ _ _ _ _ _ _ _ _ _ _ _ _ _
C:\Users\Administrator\AppData\Local\Programs\Python\Python312\Lib\site-packages\click\testing.py:501: in invoke
    prog_name = self.get_default_prog_name(cli)
                ^^^^^^^^^^^^^^^^^^^^^^^^^^^^^^^
_ _ _ _ _ _ _ _ _ _ _ _ _ _ _ _ _ _ _ _ _ _ _ _ _ _ _ _ _ _ _ _ _ _ _ _ _ _ _ _

self = <click.testing.CliRunner object at 0x0000020C3A613710>
cli = <function main at 0x0000020C3A3F16C0>

    def get_default_prog_name(self, cli: Command) -> str:
        """Given a command object it will return the default program name
        for it.  The default is the `name` attribute or ``"root"`` if not
        set.
        """
>       return cli.name or "root"
               ^^^^^^^^
E       AttributeError: 'function' object has no attribute 'name'

C:\Users\Administrator\AppData\Local\Programs\Python\Python312\Lib\site-packages\click\testing.py:268: AttributeError
_______________ TestCLIOutputFormats.test_custom_output_format ________________

self = <click.testing.CliRunner object at 0x0000020C3A5D35C0>
cli = <function main at 0x0000020C3A3F16C0>
args = ['--format', 'custom', '5', '3', '1'], input = None, env = None
catch_exceptions = True, color = False, extra = {}, exc_info = None
outstreams = (<click.testing.BytesIOCopy object at 0x0000020C3A82E5C0>, <click.testing.BytesIOCopy object at 0x0000020C3A82E610>, <_io.BytesIO object at 0x0000020C3A82E520>)
return_value = None, exception = None, exit_code = 0

    def invoke(
        self,
        cli: Command,
        args: str | cabc.Sequence[str] | None = None,
        input: str | bytes | t.IO[t.Any] | None = None,
        env: cabc.Mapping[str, str | None] | None = None,
        catch_exceptions: bool | None = None,
        color: bool = False,
        **extra: t.Any,
    ) -> Result:
        """Invokes a command in an isolated environment.  The arguments are
        forwarded directly to the command line script, the `extra` keyword
        arguments are passed to the :meth:`~clickpkg.Command.main` function of
        the command.
    
        This returns a :class:`Result` object.
    
        :param cli: the command to invoke
        :param args: the arguments to invoke. It may be given as an iterable
                     or a string. When given as string it will be interpreted
                     as a Unix shell command. More details at
                     :func:`shlex.split`.
        :param input: the input data for `sys.stdin`.
        :param env: the environment overrides.
        :param catch_exceptions: Whether to catch any other exceptions than
                                 ``SystemExit``. If :data:`None`, the value
                                 from :class:`CliRunner` is used.
        :param extra: the keyword arguments to pass to :meth:`main`.
        :param color: whether the output should contain color codes. The
                      application can still override this explicitly.
    
        .. versionadded:: 8.2
            The result object has the ``output_bytes`` attribute with
            the mix of ``stdout_bytes`` and ``stderr_bytes``, as the user would
            see it in its terminal.
    
        .. versionchanged:: 8.2
            The result object always returns the ``stderr_bytes`` stream.
    
        .. versionchanged:: 8.0
            The result object has the ``return_value`` attribute with
            the value returned from the invoked command.
    
        .. versionchanged:: 4.0
            Added the ``color`` parameter.
    
        .. versionchanged:: 3.0
            Added the ``catch_exceptions`` parameter.
    
        .. versionchanged:: 3.0
            The result object has the ``exc_info`` attribute with the
            traceback if available.
        """
        exc_info = None
        if catch_exceptions is None:
            catch_exceptions = self.catch_exceptions
    
        with self.isolation(input=input, env=env, color=color) as outstreams:
            return_value = None
            exception: BaseException | None = None
            exit_code = 0
    
            if isinstance(args, str):
                args = shlex.split(args)
    
            try:
>               prog_name = extra.pop("prog_name")
                            ^^^^^^^^^^^^^^^^^^^^^^
E               KeyError: 'prog_name'

C:\Users\Administrator\AppData\Local\Programs\Python\Python312\Lib\site-packages\click\testing.py:499: KeyError

During handling of the above exception, another exception occurred:

self = <tests.test_cli.TestCLIOutputFormats object at 0x0000020C3A40E870>

    def test_custom_output_format(self):
        """Test custom output format option."""
        runner = CliRunner()
>       result = runner.invoke(main, ['--format', 'custom', '5', '3', '1'])
                 ^^^^^^^^^^^^^^^^^^^^^^^^^^^^^^^^^^^^^^^^^^^^^^^^^^^^^^^^^^

tests\test_cli.py:328: 
_ _ _ _ _ _ _ _ _ _ _ _ _ _ _ _ _ _ _ _ _ _ _ _ _ _ _ _ _ _ _ _ _ _ _ _ _ _ _ _
C:\Users\Administrator\AppData\Local\Programs\Python\Python312\Lib\site-packages\click\testing.py:501: in invoke
    prog_name = self.get_default_prog_name(cli)
                ^^^^^^^^^^^^^^^^^^^^^^^^^^^^^^^
_ _ _ _ _ _ _ _ _ _ _ _ _ _ _ _ _ _ _ _ _ _ _ _ _ _ _ _ _ _ _ _ _ _ _ _ _ _ _ _

self = <click.testing.CliRunner object at 0x0000020C3A5D35C0>
cli = <function main at 0x0000020C3A3F16C0>

    def get_default_prog_name(self, cli: Command) -> str:
        """Given a command object it will return the default program name
        for it.  The default is the `name` attribute or ``"root"`` if not
        set.
        """
>       return cli.name or "root"
               ^^^^^^^^
E       AttributeError: 'function' object has no attribute 'name'

C:\Users\Administrator\AppData\Local\Programs\Python\Python312\Lib\site-packages\click\testing.py:268: AttributeError
___________________ TestCLIOutputFormats.test_quiet_output ____________________

self = <click.testing.CliRunner object at 0x0000020C3A5D1490>
cli = <function main at 0x0000020C3A3F16C0>, args = ['--quiet', '5', '3', '1']
input = None, env = None, catch_exceptions = True, color = False, extra = {}
exc_info = None
outstreams = (<click.testing.BytesIOCopy object at 0x0000020C3A82D760>, <click.testing.BytesIOCopy object at 0x0000020C3A82DE40>, <_io.BytesIO object at 0x0000020C3A82F6A0>)
return_value = None, exception = None, exit_code = 0

    def invoke(
        self,
        cli: Command,
        args: str | cabc.Sequence[str] | None = None,
        input: str | bytes | t.IO[t.Any] | None = None,
        env: cabc.Mapping[str, str | None] | None = None,
        catch_exceptions: bool | None = None,
        color: bool = False,
        **extra: t.Any,
    ) -> Result:
        """Invokes a command in an isolated environment.  The arguments are
        forwarded directly to the command line script, the `extra` keyword
        arguments are passed to the :meth:`~clickpkg.Command.main` function of
        the command.
    
        This returns a :class:`Result` object.
    
        :param cli: the command to invoke
        :param args: the arguments to invoke. It may be given as an iterable
                     or a string. When given as string it will be interpreted
                     as a Unix shell command. More details at
                     :func:`shlex.split`.
        :param input: the input data for `sys.stdin`.
        :param env: the environment overrides.
        :param catch_exceptions: Whether to catch any other exceptions than
                                 ``SystemExit``. If :data:`None`, the value
                                 from :class:`CliRunner` is used.
        :param extra: the keyword arguments to pass to :meth:`main`.
        :param color: whether the output should contain color codes. The
                      application can still override this explicitly.
    
        .. versionadded:: 8.2
            The result object has the ``output_bytes`` attribute with
            the mix of ``stdout_bytes`` and ``stderr_bytes``, as the user would
            see it in its terminal.
    
        .. versionchanged:: 8.2
            The result object always returns the ``stderr_bytes`` stream.
    
        .. versionchanged:: 8.0
            The result object has the ``return_value`` attribute with
            the value returned from the invoked command.
    
        .. versionchanged:: 4.0
            Added the ``color`` parameter.
    
        .. versionchanged:: 3.0
            Added the ``catch_exceptions`` parameter.
    
        .. versionchanged:: 3.0
            The result object has the ``exc_info`` attribute with the
            traceback if available.
        """
        exc_info = None
        if catch_exceptions is None:
            catch_exceptions = self.catch_exceptions
    
        with self.isolation(input=input, env=env, color=color) as outstreams:
            return_value = None
            exception: BaseException | None = None
            exit_code = 0
    
            if isinstance(args, str):
                args = shlex.split(args)
    
            try:
>               prog_name = extra.pop("prog_name")
                            ^^^^^^^^^^^^^^^^^^^^^^
E               KeyError: 'prog_name'

C:\Users\Administrator\AppData\Local\Programs\Python\Python312\Lib\site-packages\click\testing.py:499: KeyError

During handling of the above exception, another exception occurred:

self = <tests.test_cli.TestCLIOutputFormats object at 0x0000020C3A40E630>

    def test_quiet_output(self):
        """Test --quiet flag suppresses extra output."""
        runner = CliRunner()
>       result = runner.invoke(main, ['--quiet', '5', '3', '1'])
                 ^^^^^^^^^^^^^^^^^^^^^^^^^^^^^^^^^^^^^^^^^^^^^^^

tests\test_cli.py:336: 
_ _ _ _ _ _ _ _ _ _ _ _ _ _ _ _ _ _ _ _ _ _ _ _ _ _ _ _ _ _ _ _ _ _ _ _ _ _ _ _
C:\Users\Administrator\AppData\Local\Programs\Python\Python312\Lib\site-packages\click\testing.py:501: in invoke
    prog_name = self.get_default_prog_name(cli)
                ^^^^^^^^^^^^^^^^^^^^^^^^^^^^^^^
_ _ _ _ _ _ _ _ _ _ _ _ _ _ _ _ _ _ _ _ _ _ _ _ _ _ _ _ _ _ _ _ _ _ _ _ _ _ _ _

self = <click.testing.CliRunner object at 0x0000020C3A5D1490>
cli = <function main at 0x0000020C3A3F16C0>

    def get_default_prog_name(self, cli: Command) -> str:
        """Given a command object it will return the default program name
        for it.  The default is the `name` attribute or ``"root"`` if not
        set.
        """
>       return cli.name or "root"
               ^^^^^^^^
E       AttributeError: 'function' object has no attribute 'name'

C:\Users\Administrator\AppData\Local\Programs\Python\Python312\Lib\site-packages\click\testing.py:268: AttributeError
__________________ TestCLIOutputFormats.test_statistics_only __________________

self = <click.testing.CliRunner object at 0x0000020C3A6136E0>
cli = <function main at 0x0000020C3A3F16C0>, args = ['--stats', '5', '3', '1']
input = None, env = None, catch_exceptions = True, color = False, extra = {}
exc_info = None
outstreams = (<click.testing.BytesIOCopy object at 0x0000020C3A722980>, <click.testing.BytesIOCopy object at 0x0000020C3A7212B0>, <_io.BytesIO object at 0x0000020C3A720360>)
return_value = None, exception = None, exit_code = 0

    def invoke(
        self,
        cli: Command,
        args: str | cabc.Sequence[str] | None = None,
        input: str | bytes | t.IO[t.Any] | None = None,
        env: cabc.Mapping[str, str | None] | None = None,
        catch_exceptions: bool | None = None,
        color: bool = False,
        **extra: t.Any,
    ) -> Result:
        """Invokes a command in an isolated environment.  The arguments are
        forwarded directly to the command line script, the `extra` keyword
        arguments are passed to the :meth:`~clickpkg.Command.main` function of
        the command.
    
        This returns a :class:`Result` object.
    
        :param cli: the command to invoke
        :param args: the arguments to invoke. It may be given as an iterable
                     or a string. When given as string it will be interpreted
                     as a Unix shell command. More details at
                     :func:`shlex.split`.
        :param input: the input data for `sys.stdin`.
        :param env: the environment overrides.
        :param catch_exceptions: Whether to catch any other exceptions than
                                 ``SystemExit``. If :data:`None`, the value
                                 from :class:`CliRunner` is used.
        :param extra: the keyword arguments to pass to :meth:`main`.
        :param color: whether the output should contain color codes. The
                      application can still override this explicitly.
    
        .. versionadded:: 8.2
            The result object has the ``output_bytes`` attribute with
            the mix of ``stdout_bytes`` and ``stderr_bytes``, as the user would
            see it in its terminal.
    
        .. versionchanged:: 8.2
            The result object always returns the ``stderr_bytes`` stream.
    
        .. versionchanged:: 8.0
            The result object has the ``return_value`` attribute with
            the value returned from the invoked command.
    
        .. versionchanged:: 4.0
            Added the ``color`` parameter.
    
        .. versionchanged:: 3.0
            Added the ``catch_exceptions`` parameter.
    
        .. versionchanged:: 3.0
            The result object has the ``exc_info`` attribute with the
            traceback if available.
        """
        exc_info = None
        if catch_exceptions is None:
            catch_exceptions = self.catch_exceptions
    
        with self.isolation(input=input, env=env, color=color) as outstreams:
            return_value = None
            exception: BaseException | None = None
            exit_code = 0
    
            if isinstance(args, str):
                args = shlex.split(args)
    
            try:
>               prog_name = extra.pop("prog_name")
                            ^^^^^^^^^^^^^^^^^^^^^^
E               KeyError: 'prog_name'

C:\Users\Administrator\AppData\Local\Programs\Python\Python312\Lib\site-packages\click\testing.py:499: KeyError

During handling of the above exception, another exception occurred:

self = <tests.test_cli.TestCLIOutputFormats object at 0x0000020C3A40CB00>

    def test_statistics_only(self):
        """Test --stats flag shows only statistics."""
        runner = CliRunner()
>       result = runner.invoke(main, ['--stats', '5', '3', '1'])
                 ^^^^^^^^^^^^^^^^^^^^^^^^^^^^^^^^^^^^^^^^^^^^^^^

tests\test_cli.py:346: 
_ _ _ _ _ _ _ _ _ _ _ _ _ _ _ _ _ _ _ _ _ _ _ _ _ _ _ _ _ _ _ _ _ _ _ _ _ _ _ _
C:\Users\Administrator\AppData\Local\Programs\Python\Python312\Lib\site-packages\click\testing.py:501: in invoke
    prog_name = self.get_default_prog_name(cli)
                ^^^^^^^^^^^^^^^^^^^^^^^^^^^^^^^
_ _ _ _ _ _ _ _ _ _ _ _ _ _ _ _ _ _ _ _ _ _ _ _ _ _ _ _ _ _ _ _ _ _ _ _ _ _ _ _

self = <click.testing.CliRunner object at 0x0000020C3A6136E0>
cli = <function main at 0x0000020C3A3F16C0>

    def get_default_prog_name(self, cli: Command) -> str:
        """Given a command object it will return the default program name
        for it.  The default is the `name` attribute or ``"root"`` if not
        set.
        """
>       return cli.name or "root"
               ^^^^^^^^
E       AttributeError: 'function' object has no attribute 'name'

C:\Users\Administrator\AppData\Local\Programs\Python\Python312\Lib\site-packages\click\testing.py:268: AttributeError
_____________ TestCLIOutputFormats.test_output_format_validation ______________

self = <click.testing.CliRunner object at 0x0000020C3A40D3A0>
cli = <function main at 0x0000020C3A3F16C0>
args = ['--format', 'invalid', '5', '3', '1'], input = None, env = None
catch_exceptions = True, color = False, extra = {}, exc_info = None
outstreams = (<click.testing.BytesIOCopy object at 0x0000020C3A7214E0>, <click.testing.BytesIOCopy object at 0x0000020C3A7202C0>, <_io.BytesIO object at 0x0000020C3A723920>)
return_value = None, exception = None, exit_code = 0

    def invoke(
        self,
        cli: Command,
        args: str | cabc.Sequence[str] | None = None,
        input: str | bytes | t.IO[t.Any] | None = None,
        env: cabc.Mapping[str, str | None] | None = None,
        catch_exceptions: bool | None = None,
        color: bool = False,
        **extra: t.Any,
    ) -> Result:
        """Invokes a command in an isolated environment.  The arguments are
        forwarded directly to the command line script, the `extra` keyword
        arguments are passed to the :meth:`~clickpkg.Command.main` function of
        the command.
    
        This returns a :class:`Result` object.
    
        :param cli: the command to invoke
        :param args: the arguments to invoke. It may be given as an iterable
                     or a string. When given as string it will be interpreted
                     as a Unix shell command. More details at
                     :func:`shlex.split`.
        :param input: the input data for `sys.stdin`.
        :param env: the environment overrides.
        :param catch_exceptions: Whether to catch any other exceptions than
                                 ``SystemExit``. If :data:`None`, the value
                                 from :class:`CliRunner` is used.
        :param extra: the keyword arguments to pass to :meth:`main`.
        :param color: whether the output should contain color codes. The
                      application can still override this explicitly.
    
        .. versionadded:: 8.2
            The result object has the ``output_bytes`` attribute with
            the mix of ``stdout_bytes`` and ``stderr_bytes``, as the user would
            see it in its terminal.
    
        .. versionchanged:: 8.2
            The result object always returns the ``stderr_bytes`` stream.
    
        .. versionchanged:: 8.0
            The result object has the ``return_value`` attribute with
            the value returned from the invoked command.
    
        .. versionchanged:: 4.0
            Added the ``color`` parameter.
    
        .. versionchanged:: 3.0
            Added the ``catch_exceptions`` parameter.
    
        .. versionchanged:: 3.0
            The result object has the ``exc_info`` attribute with the
            traceback if available.
        """
        exc_info = None
        if catch_exceptions is None:
            catch_exceptions = self.catch_exceptions
    
        with self.isolation(input=input, env=env, color=color) as outstreams:
            return_value = None
            exception: BaseException | None = None
            exit_code = 0
    
            if isinstance(args, str):
                args = shlex.split(args)
    
            try:
>               prog_name = extra.pop("prog_name")
                            ^^^^^^^^^^^^^^^^^^^^^^
E               KeyError: 'prog_name'

C:\Users\Administrator\AppData\Local\Programs\Python\Python312\Lib\site-packages\click\testing.py:499: KeyError

During handling of the above exception, another exception occurred:

self = <tests.test_cli.TestCLIOutputFormats object at 0x0000020C3A40D280>

    def test_output_format_validation(self):
        """Test invalid output format is rejected."""
        runner = CliRunner()
>       result = runner.invoke(main, ['--format', 'invalid', '5', '3', '1'])
                 ^^^^^^^^^^^^^^^^^^^^^^^^^^^^^^^^^^^^^^^^^^^^^^^^^^^^^^^^^^^

tests\test_cli.py:354: 
_ _ _ _ _ _ _ _ _ _ _ _ _ _ _ _ _ _ _ _ _ _ _ _ _ _ _ _ _ _ _ _ _ _ _ _ _ _ _ _
C:\Users\Administrator\AppData\Local\Programs\Python\Python312\Lib\site-packages\click\testing.py:501: in invoke
    prog_name = self.get_default_prog_name(cli)
                ^^^^^^^^^^^^^^^^^^^^^^^^^^^^^^^
_ _ _ _ _ _ _ _ _ _ _ _ _ _ _ _ _ _ _ _ _ _ _ _ _ _ _ _ _ _ _ _ _ _ _ _ _ _ _ _

self = <click.testing.CliRunner object at 0x0000020C3A40D3A0>
cli = <function main at 0x0000020C3A3F16C0>

    def get_default_prog_name(self, cli: Command) -> str:
        """Given a command object it will return the default program name
        for it.  The default is the `name` attribute or ``"root"`` if not
        set.
        """
>       return cli.name or "root"
               ^^^^^^^^
E       AttributeError: 'function' object has no attribute 'name'

C:\Users\Administrator\AppData\Local\Programs\Python\Python312\Lib\site-packages\click\testing.py:268: AttributeError
______________ TestCLIHelpDocumentation.test_help_flag_available ______________

self = <click.testing.CliRunner object at 0x0000020C3A5D2E40>
cli = <function main at 0x0000020C3A3F16C0>, args = ['--help'], input = None
env = None, catch_exceptions = True, color = False, extra = {}, exc_info = None
outstreams = (<click.testing.BytesIOCopy object at 0x0000020C3A82ED40>, <click.testing.BytesIOCopy object at 0x0000020C3A82C310>, <_io.BytesIO object at 0x0000020C3A82DA80>)
return_value = None, exception = None, exit_code = 0

    def invoke(
        self,
        cli: Command,
        args: str | cabc.Sequence[str] | None = None,
        input: str | bytes | t.IO[t.Any] | None = None,
        env: cabc.Mapping[str, str | None] | None = None,
        catch_exceptions: bool | None = None,
        color: bool = False,
        **extra: t.Any,
    ) -> Result:
        """Invokes a command in an isolated environment.  The arguments are
        forwarded directly to the command line script, the `extra` keyword
        arguments are passed to the :meth:`~clickpkg.Command.main` function of
        the command.
    
        This returns a :class:`Result` object.
    
        :param cli: the command to invoke
        :param args: the arguments to invoke. It may be given as an iterable
                     or a string. When given as string it will be interpreted
                     as a Unix shell command. More details at
                     :func:`shlex.split`.
        :param input: the input data for `sys.stdin`.
        :param env: the environment overrides.
        :param catch_exceptions: Whether to catch any other exceptions than
                                 ``SystemExit``. If :data:`None`, the value
                                 from :class:`CliRunner` is used.
        :param extra: the keyword arguments to pass to :meth:`main`.
        :param color: whether the output should contain color codes. The
                      application can still override this explicitly.
    
        .. versionadded:: 8.2
            The result object has the ``output_bytes`` attribute with
            the mix of ``stdout_bytes`` and ``stderr_bytes``, as the user would
            see it in its terminal.
    
        .. versionchanged:: 8.2
            The result object always returns the ``stderr_bytes`` stream.
    
        .. versionchanged:: 8.0
            The result object has the ``return_value`` attribute with
            the value returned from the invoked command.
    
        .. versionchanged:: 4.0
            Added the ``color`` parameter.
    
        .. versionchanged:: 3.0
            Added the ``catch_exceptions`` parameter.
    
        .. versionchanged:: 3.0
            The result object has the ``exc_info`` attribute with the
            traceback if available.
        """
        exc_info = None
        if catch_exceptions is None:
            catch_exceptions = self.catch_exceptions
    
        with self.isolation(input=input, env=env, color=color) as outstreams:
            return_value = None
            exception: BaseException | None = None
            exit_code = 0
    
            if isinstance(args, str):
                args = shlex.split(args)
    
            try:
>               prog_name = extra.pop("prog_name")
                            ^^^^^^^^^^^^^^^^^^^^^^
E               KeyError: 'prog_name'

C:\Users\Administrator\AppData\Local\Programs\Python\Python312\Lib\site-packages\click\testing.py:499: KeyError

During handling of the above exception, another exception occurred:

self = <tests.test_cli.TestCLIHelpDocumentation object at 0x0000020C3A40D820>

    def test_help_flag_available(self):
        """Test --help flag is available."""
        runner = CliRunner()
>       result = runner.invoke(main, ['--help'])
                 ^^^^^^^^^^^^^^^^^^^^^^^^^^^^^^^

tests\test_cli.py:365: 
_ _ _ _ _ _ _ _ _ _ _ _ _ _ _ _ _ _ _ _ _ _ _ _ _ _ _ _ _ _ _ _ _ _ _ _ _ _ _ _
C:\Users\Administrator\AppData\Local\Programs\Python\Python312\Lib\site-packages\click\testing.py:501: in invoke
    prog_name = self.get_default_prog_name(cli)
                ^^^^^^^^^^^^^^^^^^^^^^^^^^^^^^^
_ _ _ _ _ _ _ _ _ _ _ _ _ _ _ _ _ _ _ _ _ _ _ _ _ _ _ _ _ _ _ _ _ _ _ _ _ _ _ _

self = <click.testing.CliRunner object at 0x0000020C3A5D2E40>
cli = <function main at 0x0000020C3A3F16C0>

    def get_default_prog_name(self, cli: Command) -> str:
        """Given a command object it will return the default program name
        for it.  The default is the `name` attribute or ``"root"`` if not
        set.
        """
>       return cli.name or "root"
               ^^^^^^^^
E       AttributeError: 'function' object has no attribute 'name'

C:\Users\Administrator\AppData\Local\Programs\Python\Python312\Lib\site-packages\click\testing.py:268: AttributeError
_________ TestCLIHelpDocumentation.test_help_contains_usage_examples __________

self = <click.testing.CliRunner object at 0x0000020C3A5D22D0>
cli = <function main at 0x0000020C3A3F16C0>, args = ['--help'], input = None
env = None, catch_exceptions = True, color = False, extra = {}, exc_info = None
outstreams = (<click.testing.BytesIOCopy object at 0x0000020C3A82C6D0>, <click.testing.BytesIOCopy object at 0x0000020C3A82EA20>, <_io.BytesIO object at 0x0000020C3A82C400>)
return_value = None, exception = None, exit_code = 0

    def invoke(
        self,
        cli: Command,
        args: str | cabc.Sequence[str] | None = None,
        input: str | bytes | t.IO[t.Any] | None = None,
        env: cabc.Mapping[str, str | None] | None = None,
        catch_exceptions: bool | None = None,
        color: bool = False,
        **extra: t.Any,
    ) -> Result:
        """Invokes a command in an isolated environment.  The arguments are
        forwarded directly to the command line script, the `extra` keyword
        arguments are passed to the :meth:`~clickpkg.Command.main` function of
        the command.
    
        This returns a :class:`Result` object.
    
        :param cli: the command to invoke
        :param args: the arguments to invoke. It may be given as an iterable
                     or a string. When given as string it will be interpreted
                     as a Unix shell command. More details at
                     :func:`shlex.split`.
        :param input: the input data for `sys.stdin`.
        :param env: the environment overrides.
        :param catch_exceptions: Whether to catch any other exceptions than
                                 ``SystemExit``. If :data:`None`, the value
                                 from :class:`CliRunner` is used.
        :param extra: the keyword arguments to pass to :meth:`main`.
        :param color: whether the output should contain color codes. The
                      application can still override this explicitly.
    
        .. versionadded:: 8.2
            The result object has the ``output_bytes`` attribute with
            the mix of ``stdout_bytes`` and ``stderr_bytes``, as the user would
            see it in its terminal.
    
        .. versionchanged:: 8.2
            The result object always returns the ``stderr_bytes`` stream.
    
        .. versionchanged:: 8.0
            The result object has the ``return_value`` attribute with
            the value returned from the invoked command.
    
        .. versionchanged:: 4.0
            Added the ``color`` parameter.
    
        .. versionchanged:: 3.0
            Added the ``catch_exceptions`` parameter.
    
        .. versionchanged:: 3.0
            The result object has the ``exc_info`` attribute with the
            traceback if available.
        """
        exc_info = None
        if catch_exceptions is None:
            catch_exceptions = self.catch_exceptions
    
        with self.isolation(input=input, env=env, color=color) as outstreams:
            return_value = None
            exception: BaseException | None = None
            exit_code = 0
    
            if isinstance(args, str):
                args = shlex.split(args)
    
            try:
>               prog_name = extra.pop("prog_name")
                            ^^^^^^^^^^^^^^^^^^^^^^
E               KeyError: 'prog_name'

C:\Users\Administrator\AppData\Local\Programs\Python\Python312\Lib\site-packages\click\testing.py:499: KeyError

During handling of the above exception, another exception occurred:

self = <tests.test_cli.TestCLIHelpDocumentation object at 0x0000020C3A40E300>

    def test_help_contains_usage_examples(self):
        """Test help text contains usage examples."""
        runner = CliRunner()
>       result = runner.invoke(main, ['--help'])
                 ^^^^^^^^^^^^^^^^^^^^^^^^^^^^^^^

tests\test_cli.py:372: 
_ _ _ _ _ _ _ _ _ _ _ _ _ _ _ _ _ _ _ _ _ _ _ _ _ _ _ _ _ _ _ _ _ _ _ _ _ _ _ _
C:\Users\Administrator\AppData\Local\Programs\Python\Python312\Lib\site-packages\click\testing.py:501: in invoke
    prog_name = self.get_default_prog_name(cli)
                ^^^^^^^^^^^^^^^^^^^^^^^^^^^^^^^
_ _ _ _ _ _ _ _ _ _ _ _ _ _ _ _ _ _ _ _ _ _ _ _ _ _ _ _ _ _ _ _ _ _ _ _ _ _ _ _

self = <click.testing.CliRunner object at 0x0000020C3A5D22D0>
cli = <function main at 0x0000020C3A3F16C0>

    def get_default_prog_name(self, cli: Command) -> str:
        """Given a command object it will return the default program name
        for it.  The default is the `name` attribute or ``"root"`` if not
        set.
        """
>       return cli.name or "root"
               ^^^^^^^^
E       AttributeError: 'function' object has no attribute 'name'

C:\Users\Administrator\AppData\Local\Programs\Python\Python312\Lib\site-packages\click\testing.py:268: AttributeError
__________ TestCLIHelpDocumentation.test_help_describes_all_options ___________

self = <click.testing.CliRunner object at 0x0000020C3A5D38F0>
cli = <function main at 0x0000020C3A3F16C0>, args = ['--help'], input = None
env = None, catch_exceptions = True, color = False, extra = {}, exc_info = None
outstreams = (<click.testing.BytesIOCopy object at 0x0000020C3A82E5C0>, <click.testing.BytesIOCopy object at 0x0000020C3A82EF20>, <_io.BytesIO object at 0x0000020C3A82DAD0>)
return_value = None, exception = None, exit_code = 0

    def invoke(
        self,
        cli: Command,
        args: str | cabc.Sequence[str] | None = None,
        input: str | bytes | t.IO[t.Any] | None = None,
        env: cabc.Mapping[str, str | None] | None = None,
        catch_exceptions: bool | None = None,
        color: bool = False,
        **extra: t.Any,
    ) -> Result:
        """Invokes a command in an isolated environment.  The arguments are
        forwarded directly to the command line script, the `extra` keyword
        arguments are passed to the :meth:`~clickpkg.Command.main` function of
        the command.
    
        This returns a :class:`Result` object.
    
        :param cli: the command to invoke
        :param args: the arguments to invoke. It may be given as an iterable
                     or a string. When given as string it will be interpreted
                     as a Unix shell command. More details at
                     :func:`shlex.split`.
        :param input: the input data for `sys.stdin`.
        :param env: the environment overrides.
        :param catch_exceptions: Whether to catch any other exceptions than
                                 ``SystemExit``. If :data:`None`, the value
                                 from :class:`CliRunner` is used.
        :param extra: the keyword arguments to pass to :meth:`main`.
        :param color: whether the output should contain color codes. The
                      application can still override this explicitly.
    
        .. versionadded:: 8.2
            The result object has the ``output_bytes`` attribute with
            the mix of ``stdout_bytes`` and ``stderr_bytes``, as the user would
            see it in its terminal.
    
        .. versionchanged:: 8.2
            The result object always returns the ``stderr_bytes`` stream.
    
        .. versionchanged:: 8.0
            The result object has the ``return_value`` attribute with
            the value returned from the invoked command.
    
        .. versionchanged:: 4.0
            Added the ``color`` parameter.
    
        .. versionchanged:: 3.0
            Added the ``catch_exceptions`` parameter.
    
        .. versionchanged:: 3.0
            The result object has the ``exc_info`` attribute with the
            traceback if available.
        """
        exc_info = None
        if catch_exceptions is None:
            catch_exceptions = self.catch_exceptions
    
        with self.isolation(input=input, env=env, color=color) as outstreams:
            return_value = None
            exception: BaseException | None = None
            exit_code = 0
    
            if isinstance(args, str):
                args = shlex.split(args)
    
            try:
>               prog_name = extra.pop("prog_name")
                            ^^^^^^^^^^^^^^^^^^^^^^
E               KeyError: 'prog_name'

C:\Users\Administrator\AppData\Local\Programs\Python\Python312\Lib\site-packages\click\testing.py:499: KeyError

During handling of the above exception, another exception occurred:

self = <tests.test_cli.TestCLIHelpDocumentation object at 0x0000020C3A4341A0>

    def test_help_describes_all_options(self):
        """Test help describes all available options."""
        runner = CliRunner()
>       result = runner.invoke(main, ['--help'])
                 ^^^^^^^^^^^^^^^^^^^^^^^^^^^^^^^

tests\test_cli.py:381: 
_ _ _ _ _ _ _ _ _ _ _ _ _ _ _ _ _ _ _ _ _ _ _ _ _ _ _ _ _ _ _ _ _ _ _ _ _ _ _ _
C:\Users\Administrator\AppData\Local\Programs\Python\Python312\Lib\site-packages\click\testing.py:501: in invoke
    prog_name = self.get_default_prog_name(cli)
                ^^^^^^^^^^^^^^^^^^^^^^^^^^^^^^^
_ _ _ _ _ _ _ _ _ _ _ _ _ _ _ _ _ _ _ _ _ _ _ _ _ _ _ _ _ _ _ _ _ _ _ _ _ _ _ _

self = <click.testing.CliRunner object at 0x0000020C3A5D38F0>
cli = <function main at 0x0000020C3A3F16C0>

    def get_default_prog_name(self, cli: Command) -> str:
        """Given a command object it will return the default program name
        for it.  The default is the `name` attribute or ``"root"`` if not
        set.
        """
>       return cli.name or "root"
               ^^^^^^^^
E       AttributeError: 'function' object has no attribute 'name'

C:\Users\Administrator\AppData\Local\Programs\Python\Python312\Lib\site-packages\click\testing.py:268: AttributeError
___________ TestCLIHelpDocumentation.test_help_describes_arguments ____________

self = <click.testing.CliRunner object at 0x0000020C3A76F5C0>
cli = <function main at 0x0000020C3A3F16C0>, args = ['--help'], input = None
env = None, catch_exceptions = True, color = False, extra = {}, exc_info = None
outstreams = (<click.testing.BytesIOCopy object at 0x0000020C3A77F8D0>, <click.testing.BytesIOCopy object at 0x0000020C3A77FA10>, <_io.BytesIO object at 0x0000020C3A77F9C0>)
return_value = None, exception = None, exit_code = 0

    def invoke(
        self,
        cli: Command,
        args: str | cabc.Sequence[str] | None = None,
        input: str | bytes | t.IO[t.Any] | None = None,
        env: cabc.Mapping[str, str | None] | None = None,
        catch_exceptions: bool | None = None,
        color: bool = False,
        **extra: t.Any,
    ) -> Result:
        """Invokes a command in an isolated environment.  The arguments are
        forwarded directly to the command line script, the `extra` keyword
        arguments are passed to the :meth:`~clickpkg.Command.main` function of
        the command.
    
        This returns a :class:`Result` object.
    
        :param cli: the command to invoke
        :param args: the arguments to invoke. It may be given as an iterable
                     or a string. When given as string it will be interpreted
                     as a Unix shell command. More details at
                     :func:`shlex.split`.
        :param input: the input data for `sys.stdin`.
        :param env: the environment overrides.
        :param catch_exceptions: Whether to catch any other exceptions than
                                 ``SystemExit``. If :data:`None`, the value
                                 from :class:`CliRunner` is used.
        :param extra: the keyword arguments to pass to :meth:`main`.
        :param color: whether the output should contain color codes. The
                      application can still override this explicitly.
    
        .. versionadded:: 8.2
            The result object has the ``output_bytes`` attribute with
            the mix of ``stdout_bytes`` and ``stderr_bytes``, as the user would
            see it in its terminal.
    
        .. versionchanged:: 8.2
            The result object always returns the ``stderr_bytes`` stream.
    
        .. versionchanged:: 8.0
            The result object has the ``return_value`` attribute with
            the value returned from the invoked command.
    
        .. versionchanged:: 4.0
            Added the ``color`` parameter.
    
        .. versionchanged:: 3.0
            Added the ``catch_exceptions`` parameter.
    
        .. versionchanged:: 3.0
            The result object has the ``exc_info`` attribute with the
            traceback if available.
        """
        exc_info = None
        if catch_exceptions is None:
            catch_exceptions = self.catch_exceptions
    
        with self.isolation(input=input, env=env, color=color) as outstreams:
            return_value = None
            exception: BaseException | None = None
            exit_code = 0
    
            if isinstance(args, str):
                args = shlex.split(args)
    
            try:
>               prog_name = extra.pop("prog_name")
                            ^^^^^^^^^^^^^^^^^^^^^^
E               KeyError: 'prog_name'

C:\Users\Administrator\AppData\Local\Programs\Python\Python312\Lib\site-packages\click\testing.py:499: KeyError

During handling of the above exception, another exception occurred:

self = <tests.test_cli.TestCLIHelpDocumentation object at 0x0000020C3A4344A0>

    def test_help_describes_arguments(self):
        """Test help describes command arguments."""
        runner = CliRunner()
>       result = runner.invoke(main, ['--help'])
                 ^^^^^^^^^^^^^^^^^^^^^^^^^^^^^^^

tests\test_cli.py:391: 
_ _ _ _ _ _ _ _ _ _ _ _ _ _ _ _ _ _ _ _ _ _ _ _ _ _ _ _ _ _ _ _ _ _ _ _ _ _ _ _
C:\Users\Administrator\AppData\Local\Programs\Python\Python312\Lib\site-packages\click\testing.py:501: in invoke
    prog_name = self.get_default_prog_name(cli)
                ^^^^^^^^^^^^^^^^^^^^^^^^^^^^^^^
_ _ _ _ _ _ _ _ _ _ _ _ _ _ _ _ _ _ _ _ _ _ _ _ _ _ _ _ _ _ _ _ _ _ _ _ _ _ _ _

self = <click.testing.CliRunner object at 0x0000020C3A76F5C0>
cli = <function main at 0x0000020C3A3F16C0>

    def get_default_prog_name(self, cli: Command) -> str:
        """Given a command object it will return the default program name
        for it.  The default is the `name` attribute or ``"root"`` if not
        set.
        """
>       return cli.name or "root"
               ^^^^^^^^
E       AttributeError: 'function' object has no attribute 'name'

C:\Users\Administrator\AppData\Local\Programs\Python\Python312\Lib\site-packages\click\testing.py:268: AttributeError
_______________ TestCLIHelpDocumentation.test_help_is_detailed ________________

self = <click.testing.CliRunner object at 0x0000020C3A5D2510>
cli = <function main at 0x0000020C3A3F16C0>, args = ['--help'], input = None
env = None, catch_exceptions = True, color = False, extra = {}, exc_info = None
outstreams = (<click.testing.BytesIOCopy object at 0x0000020C3A77D710>, <click.testing.BytesIOCopy object at 0x0000020C3A77D620>, <_io.BytesIO object at 0x0000020C3A77D580>)
return_value = None, exception = None, exit_code = 0

    def invoke(
        self,
        cli: Command,
        args: str | cabc.Sequence[str] | None = None,
        input: str | bytes | t.IO[t.Any] | None = None,
        env: cabc.Mapping[str, str | None] | None = None,
        catch_exceptions: bool | None = None,
        color: bool = False,
        **extra: t.Any,
    ) -> Result:
        """Invokes a command in an isolated environment.  The arguments are
        forwarded directly to the command line script, the `extra` keyword
        arguments are passed to the :meth:`~clickpkg.Command.main` function of
        the command.
    
        This returns a :class:`Result` object.
    
        :param cli: the command to invoke
        :param args: the arguments to invoke. It may be given as an iterable
                     or a string. When given as string it will be interpreted
                     as a Unix shell command. More details at
                     :func:`shlex.split`.
        :param input: the input data for `sys.stdin`.
        :param env: the environment overrides.
        :param catch_exceptions: Whether to catch any other exceptions than
                                 ``SystemExit``. If :data:`None`, the value
                                 from :class:`CliRunner` is used.
        :param extra: the keyword arguments to pass to :meth:`main`.
        :param color: whether the output should contain color codes. The
                      application can still override this explicitly.
    
        .. versionadded:: 8.2
            The result object has the ``output_bytes`` attribute with
            the mix of ``stdout_bytes`` and ``stderr_bytes``, as the user would
            see it in its terminal.
    
        .. versionchanged:: 8.2
            The result object always returns the ``stderr_bytes`` stream.
    
        .. versionchanged:: 8.0
            The result object has the ``return_value`` attribute with
            the value returned from the invoked command.
    
        .. versionchanged:: 4.0
            Added the ``color`` parameter.
    
        .. versionchanged:: 3.0
            Added the ``catch_exceptions`` parameter.
    
        .. versionchanged:: 3.0
            The result object has the ``exc_info`` attribute with the
            traceback if available.
        """
        exc_info = None
        if catch_exceptions is None:
            catch_exceptions = self.catch_exceptions
    
        with self.isolation(input=input, env=env, color=color) as outstreams:
            return_value = None
            exception: BaseException | None = None
            exit_code = 0
    
            if isinstance(args, str):
                args = shlex.split(args)
    
            try:
>               prog_name = extra.pop("prog_name")
                            ^^^^^^^^^^^^^^^^^^^^^^
E               KeyError: 'prog_name'

C:\Users\Administrator\AppData\Local\Programs\Python\Python312\Lib\site-packages\click\testing.py:499: KeyError

During handling of the above exception, another exception occurred:

self = <tests.test_cli.TestCLIHelpDocumentation object at 0x0000020C3A4347A0>

    def test_help_is_detailed(self):
        """Test help provides detailed information."""
        runner = CliRunner()
>       result = runner.invoke(main, ['--help'])
                 ^^^^^^^^^^^^^^^^^^^^^^^^^^^^^^^

tests\test_cli.py:398: 
_ _ _ _ _ _ _ _ _ _ _ _ _ _ _ _ _ _ _ _ _ _ _ _ _ _ _ _ _ _ _ _ _ _ _ _ _ _ _ _
C:\Users\Administrator\AppData\Local\Programs\Python\Python312\Lib\site-packages\click\testing.py:501: in invoke
    prog_name = self.get_default_prog_name(cli)
                ^^^^^^^^^^^^^^^^^^^^^^^^^^^^^^^
_ _ _ _ _ _ _ _ _ _ _ _ _ _ _ _ _ _ _ _ _ _ _ _ _ _ _ _ _ _ _ _ _ _ _ _ _ _ _ _

self = <click.testing.CliRunner object at 0x0000020C3A5D2510>
cli = <function main at 0x0000020C3A3F16C0>

    def get_default_prog_name(self, cli: Command) -> str:
        """Given a command object it will return the default program name
        for it.  The default is the `name` attribute or ``"root"`` if not
        set.
        """
>       return cli.name or "root"
               ^^^^^^^^
E       AttributeError: 'function' object has no attribute 'name'

C:\Users\Administrator\AppData\Local\Programs\Python\Python312\Lib\site-packages\click\testing.py:268: AttributeError
________________ TestCLIHelpDocumentation.test_short_help_flag ________________

self = <click.testing.CliRunner object at 0x0000020C3A5FD160>
cli = <function main at 0x0000020C3A3F16C0>, args = ['-h'], input = None
env = None, catch_exceptions = True, color = False, extra = {}, exc_info = None
outstreams = (<click.testing.BytesIOCopy object at 0x0000020C3A77F470>, <click.testing.BytesIOCopy object at 0x0000020C3A77DC10>, <_io.BytesIO object at 0x0000020C3A77DB70>)
return_value = None, exception = None, exit_code = 0

    def invoke(
        self,
        cli: Command,
        args: str | cabc.Sequence[str] | None = None,
        input: str | bytes | t.IO[t.Any] | None = None,
        env: cabc.Mapping[str, str | None] | None = None,
        catch_exceptions: bool | None = None,
        color: bool = False,
        **extra: t.Any,
    ) -> Result:
        """Invokes a command in an isolated environment.  The arguments are
        forwarded directly to the command line script, the `extra` keyword
        arguments are passed to the :meth:`~clickpkg.Command.main` function of
        the command.
    
        This returns a :class:`Result` object.
    
        :param cli: the command to invoke
        :param args: the arguments to invoke. It may be given as an iterable
                     or a string. When given as string it will be interpreted
                     as a Unix shell command. More details at
                     :func:`shlex.split`.
        :param input: the input data for `sys.stdin`.
        :param env: the environment overrides.
        :param catch_exceptions: Whether to catch any other exceptions than
                                 ``SystemExit``. If :data:`None`, the value
                                 from :class:`CliRunner` is used.
        :param extra: the keyword arguments to pass to :meth:`main`.
        :param color: whether the output should contain color codes. The
                      application can still override this explicitly.
    
        .. versionadded:: 8.2
            The result object has the ``output_bytes`` attribute with
            the mix of ``stdout_bytes`` and ``stderr_bytes``, as the user would
            see it in its terminal.
    
        .. versionchanged:: 8.2
            The result object always returns the ``stderr_bytes`` stream.
    
        .. versionchanged:: 8.0
            The result object has the ``return_value`` attribute with
            the value returned from the invoked command.
    
        .. versionchanged:: 4.0
            Added the ``color`` parameter.
    
        .. versionchanged:: 3.0
            Added the ``catch_exceptions`` parameter.
    
        .. versionchanged:: 3.0
            The result object has the ``exc_info`` attribute with the
            traceback if available.
        """
        exc_info = None
        if catch_exceptions is None:
            catch_exceptions = self.catch_exceptions
    
        with self.isolation(input=input, env=env, color=color) as outstreams:
            return_value = None
            exception: BaseException | None = None
            exit_code = 0
    
            if isinstance(args, str):
                args = shlex.split(args)
    
            try:
>               prog_name = extra.pop("prog_name")
                            ^^^^^^^^^^^^^^^^^^^^^^
E               KeyError: 'prog_name'

C:\Users\Administrator\AppData\Local\Programs\Python\Python312\Lib\site-packages\click\testing.py:499: KeyError

During handling of the above exception, another exception occurred:

self = <tests.test_cli.TestCLIHelpDocumentation object at 0x0000020C3A434AA0>

    def test_short_help_flag(self):
        """Test -h short flag works for help."""
        runner = CliRunner()
>       result = runner.invoke(main, ['-h'])
                 ^^^^^^^^^^^^^^^^^^^^^^^^^^^

tests\test_cli.py:406: 
_ _ _ _ _ _ _ _ _ _ _ _ _ _ _ _ _ _ _ _ _ _ _ _ _ _ _ _ _ _ _ _ _ _ _ _ _ _ _ _
C:\Users\Administrator\AppData\Local\Programs\Python\Python312\Lib\site-packages\click\testing.py:501: in invoke
    prog_name = self.get_default_prog_name(cli)
                ^^^^^^^^^^^^^^^^^^^^^^^^^^^^^^^
_ _ _ _ _ _ _ _ _ _ _ _ _ _ _ _ _ _ _ _ _ _ _ _ _ _ _ _ _ _ _ _ _ _ _ _ _ _ _ _

self = <click.testing.CliRunner object at 0x0000020C3A5FD160>
cli = <function main at 0x0000020C3A3F16C0>

    def get_default_prog_name(self, cli: Command) -> str:
        """Given a command object it will return the default program name
        for it.  The default is the `name` attribute or ``"root"`` if not
        set.
        """
>       return cli.name or "root"
               ^^^^^^^^
E       AttributeError: 'function' object has no attribute 'name'

C:\Users\Administrator\AppData\Local\Programs\Python\Python312\Lib\site-packages\click\testing.py:268: AttributeError
________________ TestCLIHelpDocumentation.test_help_exit_code _________________

self = <click.testing.CliRunner object at 0x0000020C3A6133E0>
cli = <function main at 0x0000020C3A3F16C0>, args = ['--help'], input = None
env = None, catch_exceptions = True, color = False, extra = {}, exc_info = None
outstreams = (<click.testing.BytesIOCopy object at 0x0000020C3A77FB50>, <click.testing.BytesIOCopy object at 0x0000020C3A77FBA0>, <_io.BytesIO object at 0x0000020C3A77D4E0>)
return_value = None, exception = None, exit_code = 0

    def invoke(
        self,
        cli: Command,
        args: str | cabc.Sequence[str] | None = None,
        input: str | bytes | t.IO[t.Any] | None = None,
        env: cabc.Mapping[str, str | None] | None = None,
        catch_exceptions: bool | None = None,
        color: bool = False,
        **extra: t.Any,
    ) -> Result:
        """Invokes a command in an isolated environment.  The arguments are
        forwarded directly to the command line script, the `extra` keyword
        arguments are passed to the :meth:`~clickpkg.Command.main` function of
        the command.
    
        This returns a :class:`Result` object.
    
        :param cli: the command to invoke
        :param args: the arguments to invoke. It may be given as an iterable
                     or a string. When given as string it will be interpreted
                     as a Unix shell command. More details at
                     :func:`shlex.split`.
        :param input: the input data for `sys.stdin`.
        :param env: the environment overrides.
        :param catch_exceptions: Whether to catch any other exceptions than
                                 ``SystemExit``. If :data:`None`, the value
                                 from :class:`CliRunner` is used.
        :param extra: the keyword arguments to pass to :meth:`main`.
        :param color: whether the output should contain color codes. The
                      application can still override this explicitly.
    
        .. versionadded:: 8.2
            The result object has the ``output_bytes`` attribute with
            the mix of ``stdout_bytes`` and ``stderr_bytes``, as the user would
            see it in its terminal.
    
        .. versionchanged:: 8.2
            The result object always returns the ``stderr_bytes`` stream.
    
        .. versionchanged:: 8.0
            The result object has the ``return_value`` attribute with
            the value returned from the invoked command.
    
        .. versionchanged:: 4.0
            Added the ``color`` parameter.
    
        .. versionchanged:: 3.0
            Added the ``catch_exceptions`` parameter.
    
        .. versionchanged:: 3.0
            The result object has the ``exc_info`` attribute with the
            traceback if available.
        """
        exc_info = None
        if catch_exceptions is None:
            catch_exceptions = self.catch_exceptions
    
        with self.isolation(input=input, env=env, color=color) as outstreams:
            return_value = None
            exception: BaseException | None = None
            exit_code = 0
    
            if isinstance(args, str):
                args = shlex.split(args)
    
            try:
>               prog_name = extra.pop("prog_name")
                            ^^^^^^^^^^^^^^^^^^^^^^
E               KeyError: 'prog_name'

C:\Users\Administrator\AppData\Local\Programs\Python\Python312\Lib\site-packages\click\testing.py:499: KeyError

During handling of the above exception, another exception occurred:

self = <tests.test_cli.TestCLIHelpDocumentation object at 0x0000020C3A434DA0>

    def test_help_exit_code(self):
        """Test --help returns success exit code."""
        runner = CliRunner()
>       result = runner.invoke(main, ['--help'])
                 ^^^^^^^^^^^^^^^^^^^^^^^^^^^^^^^

tests\test_cli.py:413: 
_ _ _ _ _ _ _ _ _ _ _ _ _ _ _ _ _ _ _ _ _ _ _ _ _ _ _ _ _ _ _ _ _ _ _ _ _ _ _ _
C:\Users\Administrator\AppData\Local\Programs\Python\Python312\Lib\site-packages\click\testing.py:501: in invoke
    prog_name = self.get_default_prog_name(cli)
                ^^^^^^^^^^^^^^^^^^^^^^^^^^^^^^^
_ _ _ _ _ _ _ _ _ _ _ _ _ _ _ _ _ _ _ _ _ _ _ _ _ _ _ _ _ _ _ _ _ _ _ _ _ _ _ _

self = <click.testing.CliRunner object at 0x0000020C3A6133E0>
cli = <function main at 0x0000020C3A3F16C0>

    def get_default_prog_name(self, cli: Command) -> str:
        """Given a command object it will return the default program name
        for it.  The default is the `name` attribute or ``"root"`` if not
        set.
        """
>       return cli.name or "root"
               ^^^^^^^^
E       AttributeError: 'function' object has no attribute 'name'

C:\Users\Administrator\AppData\Local\Programs\Python\Python312\Lib\site-packages\click\testing.py:268: AttributeError
_______________ TestCLIHelpDocumentation.test_help_without_args _______________

self = <click.testing.CliRunner object at 0x0000020C3A76D0D0>
cli = <function main at 0x0000020C3A3F16C0>, args = [], input = None, env = None
catch_exceptions = True, color = False, extra = {}, exc_info = None
outstreams = (<click.testing.BytesIOCopy object at 0x0000020C3A77F6A0>, <click.testing.BytesIOCopy object at 0x0000020C3A77DC60>, <_io.BytesIO object at 0x0000020C3A77D1C0>)
return_value = None, exception = None, exit_code = 0

    def invoke(
        self,
        cli: Command,
        args: str | cabc.Sequence[str] | None = None,
        input: str | bytes | t.IO[t.Any] | None = None,
        env: cabc.Mapping[str, str | None] | None = None,
        catch_exceptions: bool | None = None,
        color: bool = False,
        **extra: t.Any,
    ) -> Result:
        """Invokes a command in an isolated environment.  The arguments are
        forwarded directly to the command line script, the `extra` keyword
        arguments are passed to the :meth:`~clickpkg.Command.main` function of
        the command.
    
        This returns a :class:`Result` object.
    
        :param cli: the command to invoke
        :param args: the arguments to invoke. It may be given as an iterable
                     or a string. When given as string it will be interpreted
                     as a Unix shell command. More details at
                     :func:`shlex.split`.
        :param input: the input data for `sys.stdin`.
        :param env: the environment overrides.
        :param catch_exceptions: Whether to catch any other exceptions than
                                 ``SystemExit``. If :data:`None`, the value
                                 from :class:`CliRunner` is used.
        :param extra: the keyword arguments to pass to :meth:`main`.
        :param color: whether the output should contain color codes. The
                      application can still override this explicitly.
    
        .. versionadded:: 8.2
            The result object has the ``output_bytes`` attribute with
            the mix of ``stdout_bytes`` and ``stderr_bytes``, as the user would
            see it in its terminal.
    
        .. versionchanged:: 8.2
            The result object always returns the ``stderr_bytes`` stream.
    
        .. versionchanged:: 8.0
            The result object has the ``return_value`` attribute with
            the value returned from the invoked command.
    
        .. versionchanged:: 4.0
            Added the ``color`` parameter.
    
        .. versionchanged:: 3.0
            Added the ``catch_exceptions`` parameter.
    
        .. versionchanged:: 3.0
            The result object has the ``exc_info`` attribute with the
            traceback if available.
        """
        exc_info = None
        if catch_exceptions is None:
            catch_exceptions = self.catch_exceptions
    
        with self.isolation(input=input, env=env, color=color) as outstreams:
            return_value = None
            exception: BaseException | None = None
            exit_code = 0
    
            if isinstance(args, str):
                args = shlex.split(args)
    
            try:
>               prog_name = extra.pop("prog_name")
                            ^^^^^^^^^^^^^^^^^^^^^^
E               KeyError: 'prog_name'

C:\Users\Administrator\AppData\Local\Programs\Python\Python312\Lib\site-packages\click\testing.py:499: KeyError

During handling of the above exception, another exception occurred:

self = <tests.test_cli.TestCLIHelpDocumentation object at 0x0000020C3A40E120>

    def test_help_without_args(self):
        """Test CLI works when called without arguments (should show help)."""
        runner = CliRunner()
>       result = runner.invoke(main, [])
                 ^^^^^^^^^^^^^^^^^^^^^^^

tests\test_cli.py:419: 
_ _ _ _ _ _ _ _ _ _ _ _ _ _ _ _ _ _ _ _ _ _ _ _ _ _ _ _ _ _ _ _ _ _ _ _ _ _ _ _
C:\Users\Administrator\AppData\Local\Programs\Python\Python312\Lib\site-packages\click\testing.py:501: in invoke
    prog_name = self.get_default_prog_name(cli)
                ^^^^^^^^^^^^^^^^^^^^^^^^^^^^^^^
_ _ _ _ _ _ _ _ _ _ _ _ _ _ _ _ _ _ _ _ _ _ _ _ _ _ _ _ _ _ _ _ _ _ _ _ _ _ _ _

self = <click.testing.CliRunner object at 0x0000020C3A76D0D0>
cli = <function main at 0x0000020C3A3F16C0>

    def get_default_prog_name(self, cli: Command) -> str:
        """Given a command object it will return the default program name
        for it.  The default is the `name` attribute or ``"root"`` if not
        set.
        """
>       return cli.name or "root"
               ^^^^^^^^
E       AttributeError: 'function' object has no attribute 'name'

C:\Users\Administrator\AppData\Local\Programs\Python\Python312\Lib\site-packages\click\testing.py:268: AttributeError
_______________ TestCLIErrorHandling.test_non_numeric_argument ________________

self = <click.testing.CliRunner object at 0x0000020C3A76E150>
cli = <function main at 0x0000020C3A3F16C0>, args = ['5', 'abc', '3']
input = None, env = None, catch_exceptions = True, color = False, extra = {}
exc_info = None
outstreams = (<click.testing.BytesIOCopy object at 0x0000020C3A77FEC0>, <click.testing.BytesIOCopy object at 0x0000020C3A77ED90>, <_io.BytesIO object at 0x0000020C3A77F150>)
return_value = None, exception = None, exit_code = 0

    def invoke(
        self,
        cli: Command,
        args: str | cabc.Sequence[str] | None = None,
        input: str | bytes | t.IO[t.Any] | None = None,
        env: cabc.Mapping[str, str | None] | None = None,
        catch_exceptions: bool | None = None,
        color: bool = False,
        **extra: t.Any,
    ) -> Result:
        """Invokes a command in an isolated environment.  The arguments are
        forwarded directly to the command line script, the `extra` keyword
        arguments are passed to the :meth:`~clickpkg.Command.main` function of
        the command.
    
        This returns a :class:`Result` object.
    
        :param cli: the command to invoke
        :param args: the arguments to invoke. It may be given as an iterable
                     or a string. When given as string it will be interpreted
                     as a Unix shell command. More details at
                     :func:`shlex.split`.
        :param input: the input data for `sys.stdin`.
        :param env: the environment overrides.
        :param catch_exceptions: Whether to catch any other exceptions than
                                 ``SystemExit``. If :data:`None`, the value
                                 from :class:`CliRunner` is used.
        :param extra: the keyword arguments to pass to :meth:`main`.
        :param color: whether the output should contain color codes. The
                      application can still override this explicitly.
    
        .. versionadded:: 8.2
            The result object has the ``output_bytes`` attribute with
            the mix of ``stdout_bytes`` and ``stderr_bytes``, as the user would
            see it in its terminal.
    
        .. versionchanged:: 8.2
            The result object always returns the ``stderr_bytes`` stream.
    
        .. versionchanged:: 8.0
            The result object has the ``return_value`` attribute with
            the value returned from the invoked command.
    
        .. versionchanged:: 4.0
            Added the ``color`` parameter.
    
        .. versionchanged:: 3.0
            Added the ``catch_exceptions`` parameter.
    
        .. versionchanged:: 3.0
            The result object has the ``exc_info`` attribute with the
            traceback if available.
        """
        exc_info = None
        if catch_exceptions is None:
            catch_exceptions = self.catch_exceptions
    
        with self.isolation(input=input, env=env, color=color) as outstreams:
            return_value = None
            exception: BaseException | None = None
            exit_code = 0
    
            if isinstance(args, str):
                args = shlex.split(args)
    
            try:
>               prog_name = extra.pop("prog_name")
                            ^^^^^^^^^^^^^^^^^^^^^^
E               KeyError: 'prog_name'

C:\Users\Administrator\AppData\Local\Programs\Python\Python312\Lib\site-packages\click\testing.py:499: KeyError

During handling of the above exception, another exception occurred:

self = <tests.test_cli.TestCLIErrorHandling object at 0x0000020C3A40CC20>

    def test_non_numeric_argument(self):
        """Test error handling for non-numeric arguments."""
        runner = CliRunner()
>       result = runner.invoke(main, ['5', 'abc', '3'])
                 ^^^^^^^^^^^^^^^^^^^^^^^^^^^^^^^^^^^^^^

tests\test_cli.py:430: 
_ _ _ _ _ _ _ _ _ _ _ _ _ _ _ _ _ _ _ _ _ _ _ _ _ _ _ _ _ _ _ _ _ _ _ _ _ _ _ _
C:\Users\Administrator\AppData\Local\Programs\Python\Python312\Lib\site-packages\click\testing.py:501: in invoke
    prog_name = self.get_default_prog_name(cli)
                ^^^^^^^^^^^^^^^^^^^^^^^^^^^^^^^
_ _ _ _ _ _ _ _ _ _ _ _ _ _ _ _ _ _ _ _ _ _ _ _ _ _ _ _ _ _ _ _ _ _ _ _ _ _ _ _

self = <click.testing.CliRunner object at 0x0000020C3A76E150>
cli = <function main at 0x0000020C3A3F16C0>

    def get_default_prog_name(self, cli: Command) -> str:
        """Given a command object it will return the default program name
        for it.  The default is the `name` attribute or ``"root"`` if not
        set.
        """
>       return cli.name or "root"
               ^^^^^^^^
E       AttributeError: 'function' object has no attribute 'name'

C:\Users\Administrator\AppData\Local\Programs\Python\Python312\Lib\site-packages\click\testing.py:268: AttributeError
___________________ TestCLIErrorHandling.test_invalid_float ___________________

self = <click.testing.CliRunner object at 0x0000020C3A76F8C0>
cli = <function main at 0x0000020C3A3F16C0>, args = ['5', '3.14.15', '3']
input = None, env = None, catch_exceptions = True, color = False, extra = {}
exc_info = None
outstreams = (<click.testing.BytesIOCopy object at 0x0000020C3A77C130>, <click.testing.BytesIOCopy object at 0x0000020C3A77C220>, <_io.BytesIO object at 0x0000020C3A77E2A0>)
return_value = None, exception = None, exit_code = 0

    def invoke(
        self,
        cli: Command,
        args: str | cabc.Sequence[str] | None = None,
        input: str | bytes | t.IO[t.Any] | None = None,
        env: cabc.Mapping[str, str | None] | None = None,
        catch_exceptions: bool | None = None,
        color: bool = False,
        **extra: t.Any,
    ) -> Result:
        """Invokes a command in an isolated environment.  The arguments are
        forwarded directly to the command line script, the `extra` keyword
        arguments are passed to the :meth:`~clickpkg.Command.main` function of
        the command.
    
        This returns a :class:`Result` object.
    
        :param cli: the command to invoke
        :param args: the arguments to invoke. It may be given as an iterable
                     or a string. When given as string it will be interpreted
                     as a Unix shell command. More details at
                     :func:`shlex.split`.
        :param input: the input data for `sys.stdin`.
        :param env: the environment overrides.
        :param catch_exceptions: Whether to catch any other exceptions than
                                 ``SystemExit``. If :data:`None`, the value
                                 from :class:`CliRunner` is used.
        :param extra: the keyword arguments to pass to :meth:`main`.
        :param color: whether the output should contain color codes. The
                      application can still override this explicitly.
    
        .. versionadded:: 8.2
            The result object has the ``output_bytes`` attribute with
            the mix of ``stdout_bytes`` and ``stderr_bytes``, as the user would
            see it in its terminal.
    
        .. versionchanged:: 8.2
            The result object always returns the ``stderr_bytes`` stream.
    
        .. versionchanged:: 8.0
            The result object has the ``return_value`` attribute with
            the value returned from the invoked command.
    
        .. versionchanged:: 4.0
            Added the ``color`` parameter.
    
        .. versionchanged:: 3.0
            Added the ``catch_exceptions`` parameter.
    
        .. versionchanged:: 3.0
            The result object has the ``exc_info`` attribute with the
            traceback if available.
        """
        exc_info = None
        if catch_exceptions is None:
            catch_exceptions = self.catch_exceptions
    
        with self.isolation(input=input, env=env, color=color) as outstreams:
            return_value = None
            exception: BaseException | None = None
            exit_code = 0
    
            if isinstance(args, str):
                args = shlex.split(args)
    
            try:
>               prog_name = extra.pop("prog_name")
                            ^^^^^^^^^^^^^^^^^^^^^^
E               KeyError: 'prog_name'

C:\Users\Administrator\AppData\Local\Programs\Python\Python312\Lib\site-packages\click\testing.py:499: KeyError

During handling of the above exception, another exception occurred:

self = <tests.test_cli.TestCLIErrorHandling object at 0x0000020C3A40E600>

    def test_invalid_float(self):
        """Test error handling for invalid float."""
        runner = CliRunner()
>       result = runner.invoke(main, ['5', '3.14.15', '3'])
                 ^^^^^^^^^^^^^^^^^^^^^^^^^^^^^^^^^^^^^^^^^^

tests\test_cli.py:437: 
_ _ _ _ _ _ _ _ _ _ _ _ _ _ _ _ _ _ _ _ _ _ _ _ _ _ _ _ _ _ _ _ _ _ _ _ _ _ _ _
C:\Users\Administrator\AppData\Local\Programs\Python\Python312\Lib\site-packages\click\testing.py:501: in invoke
    prog_name = self.get_default_prog_name(cli)
                ^^^^^^^^^^^^^^^^^^^^^^^^^^^^^^^
_ _ _ _ _ _ _ _ _ _ _ _ _ _ _ _ _ _ _ _ _ _ _ _ _ _ _ _ _ _ _ _ _ _ _ _ _ _ _ _

self = <click.testing.CliRunner object at 0x0000020C3A76F8C0>
cli = <function main at 0x0000020C3A3F16C0>

    def get_default_prog_name(self, cli: Command) -> str:
        """Given a command object it will return the default program name
        for it.  The default is the `name` attribute or ``"root"`` if not
        set.
        """
>       return cli.name or "root"
               ^^^^^^^^
E       AttributeError: 'function' object has no attribute 'name'

C:\Users\Administrator\AppData\Local\Programs\Python\Python312\Lib\site-packages\click\testing.py:268: AttributeError
_______________ TestCLIErrorHandling.test_empty_string_argument _______________

self = <click.testing.CliRunner object at 0x0000020C3A76F380>
cli = <function main at 0x0000020C3A3F16C0>, args = ['5', '', '3'], input = None
env = None, catch_exceptions = True, color = False, extra = {}, exc_info = None
outstreams = (<click.testing.BytesIOCopy object at 0x0000020C3A82C6D0>, <click.testing.BytesIOCopy object at 0x0000020C3A82DAD0>, <_io.BytesIO object at 0x0000020C3A82C400>)
return_value = None, exception = None, exit_code = 0

    def invoke(
        self,
        cli: Command,
        args: str | cabc.Sequence[str] | None = None,
        input: str | bytes | t.IO[t.Any] | None = None,
        env: cabc.Mapping[str, str | None] | None = None,
        catch_exceptions: bool | None = None,
        color: bool = False,
        **extra: t.Any,
    ) -> Result:
        """Invokes a command in an isolated environment.  The arguments are
        forwarded directly to the command line script, the `extra` keyword
        arguments are passed to the :meth:`~clickpkg.Command.main` function of
        the command.
    
        This returns a :class:`Result` object.
    
        :param cli: the command to invoke
        :param args: the arguments to invoke. It may be given as an iterable
                     or a string. When given as string it will be interpreted
                     as a Unix shell command. More details at
                     :func:`shlex.split`.
        :param input: the input data for `sys.stdin`.
        :param env: the environment overrides.
        :param catch_exceptions: Whether to catch any other exceptions than
                                 ``SystemExit``. If :data:`None`, the value
                                 from :class:`CliRunner` is used.
        :param extra: the keyword arguments to pass to :meth:`main`.
        :param color: whether the output should contain color codes. The
                      application can still override this explicitly.
    
        .. versionadded:: 8.2
            The result object has the ``output_bytes`` attribute with
            the mix of ``stdout_bytes`` and ``stderr_bytes``, as the user would
            see it in its terminal.
    
        .. versionchanged:: 8.2
            The result object always returns the ``stderr_bytes`` stream.
    
        .. versionchanged:: 8.0
            The result object has the ``return_value`` attribute with
            the value returned from the invoked command.
    
        .. versionchanged:: 4.0
            Added the ``color`` parameter.
    
        .. versionchanged:: 3.0
            Added the ``catch_exceptions`` parameter.
    
        .. versionchanged:: 3.0
            The result object has the ``exc_info`` attribute with the
            traceback if available.
        """
        exc_info = None
        if catch_exceptions is None:
            catch_exceptions = self.catch_exceptions
    
        with self.isolation(input=input, env=env, color=color) as outstreams:
            return_value = None
            exception: BaseException | None = None
            exit_code = 0
    
            if isinstance(args, str):
                args = shlex.split(args)
    
            try:
>               prog_name = extra.pop("prog_name")
                            ^^^^^^^^^^^^^^^^^^^^^^
E               KeyError: 'prog_name'

C:\Users\Administrator\AppData\Local\Programs\Python\Python312\Lib\site-packages\click\testing.py:499: KeyError

During handling of the above exception, another exception occurred:

self = <tests.test_cli.TestCLIErrorHandling object at 0x0000020C3A40ECF0>

    def test_empty_string_argument(self):
        """Test error handling for empty string argument."""
        runner = CliRunner()
>       result = runner.invoke(main, ['5', '', '3'])
                 ^^^^^^^^^^^^^^^^^^^^^^^^^^^^^^^^^^^

tests\test_cli.py:444: 
_ _ _ _ _ _ _ _ _ _ _ _ _ _ _ _ _ _ _ _ _ _ _ _ _ _ _ _ _ _ _ _ _ _ _ _ _ _ _ _
C:\Users\Administrator\AppData\Local\Programs\Python\Python312\Lib\site-packages\click\testing.py:501: in invoke
    prog_name = self.get_default_prog_name(cli)
                ^^^^^^^^^^^^^^^^^^^^^^^^^^^^^^^
_ _ _ _ _ _ _ _ _ _ _ _ _ _ _ _ _ _ _ _ _ _ _ _ _ _ _ _ _ _ _ _ _ _ _ _ _ _ _ _

self = <click.testing.CliRunner object at 0x0000020C3A76F380>
cli = <function main at 0x0000020C3A3F16C0>

    def get_default_prog_name(self, cli: Command) -> str:
        """Given a command object it will return the default program name
        for it.  The default is the `name` attribute or ``"root"`` if not
        set.
        """
>       return cli.name or "root"
               ^^^^^^^^
E       AttributeError: 'function' object has no attribute 'name'

C:\Users\Administrator\AppData\Local\Programs\Python\Python312\Lib\site-packages\click\testing.py:268: AttributeError
____________ TestCLIErrorHandling.test_special_character_argument _____________

self = <click.testing.CliRunner object at 0x0000020C3A5FD250>
cli = <function main at 0x0000020C3A3F16C0>, args = ['5', '@#$', '3']
input = None, env = None, catch_exceptions = True, color = False, extra = {}
exc_info = None
outstreams = (<click.testing.BytesIOCopy object at 0x0000020C3A77F560>, <click.testing.BytesIOCopy object at 0x0000020C3A77C400>, <_io.BytesIO object at 0x0000020C3A82EF20>)
return_value = None, exception = None, exit_code = 0

    def invoke(
        self,
        cli: Command,
        args: str | cabc.Sequence[str] | None = None,
        input: str | bytes | t.IO[t.Any] | None = None,
        env: cabc.Mapping[str, str | None] | None = None,
        catch_exceptions: bool | None = None,
        color: bool = False,
        **extra: t.Any,
    ) -> Result:
        """Invokes a command in an isolated environment.  The arguments are
        forwarded directly to the command line script, the `extra` keyword
        arguments are passed to the :meth:`~clickpkg.Command.main` function of
        the command.
    
        This returns a :class:`Result` object.
    
        :param cli: the command to invoke
        :param args: the arguments to invoke. It may be given as an iterable
                     or a string. When given as string it will be interpreted
                     as a Unix shell command. More details at
                     :func:`shlex.split`.
        :param input: the input data for `sys.stdin`.
        :param env: the environment overrides.
        :param catch_exceptions: Whether to catch any other exceptions than
                                 ``SystemExit``. If :data:`None`, the value
                                 from :class:`CliRunner` is used.
        :param extra: the keyword arguments to pass to :meth:`main`.
        :param color: whether the output should contain color codes. The
                      application can still override this explicitly.
    
        .. versionadded:: 8.2
            The result object has the ``output_bytes`` attribute with
            the mix of ``stdout_bytes`` and ``stderr_bytes``, as the user would
            see it in its terminal.
    
        .. versionchanged:: 8.2
            The result object always returns the ``stderr_bytes`` stream.
    
        .. versionchanged:: 8.0
            The result object has the ``return_value`` attribute with
            the value returned from the invoked command.
    
        .. versionchanged:: 4.0
            Added the ``color`` parameter.
    
        .. versionchanged:: 3.0
            Added the ``catch_exceptions`` parameter.
    
        .. versionchanged:: 3.0
            The result object has the ``exc_info`` attribute with the
            traceback if available.
        """
        exc_info = None
        if catch_exceptions is None:
            catch_exceptions = self.catch_exceptions
    
        with self.isolation(input=input, env=env, color=color) as outstreams:
            return_value = None
            exception: BaseException | None = None
            exit_code = 0
    
            if isinstance(args, str):
                args = shlex.split(args)
    
            try:
>               prog_name = extra.pop("prog_name")
                            ^^^^^^^^^^^^^^^^^^^^^^
E               KeyError: 'prog_name'

C:\Users\Administrator\AppData\Local\Programs\Python\Python312\Lib\site-packages\click\testing.py:499: KeyError

During handling of the above exception, another exception occurred:

self = <tests.test_cli.TestCLIErrorHandling object at 0x0000020C3A40F4A0>

    def test_special_character_argument(self):
        """Test error handling for special characters."""
        runner = CliRunner()
>       result = runner.invoke(main, ['5', '@#$', '3'])
                 ^^^^^^^^^^^^^^^^^^^^^^^^^^^^^^^^^^^^^^

tests\test_cli.py:451: 
_ _ _ _ _ _ _ _ _ _ _ _ _ _ _ _ _ _ _ _ _ _ _ _ _ _ _ _ _ _ _ _ _ _ _ _ _ _ _ _
C:\Users\Administrator\AppData\Local\Programs\Python\Python312\Lib\site-packages\click\testing.py:501: in invoke
    prog_name = self.get_default_prog_name(cli)
                ^^^^^^^^^^^^^^^^^^^^^^^^^^^^^^^
_ _ _ _ _ _ _ _ _ _ _ _ _ _ _ _ _ _ _ _ _ _ _ _ _ _ _ _ _ _ _ _ _ _ _ _ _ _ _ _

self = <click.testing.CliRunner object at 0x0000020C3A5FD250>
cli = <function main at 0x0000020C3A3F16C0>

    def get_default_prog_name(self, cli: Command) -> str:
        """Given a command object it will return the default program name
        for it.  The default is the `name` attribute or ``"root"`` if not
        set.
        """
>       return cli.name or "root"
               ^^^^^^^^
E       AttributeError: 'function' object has no attribute 'name'

C:\Users\Administrator\AppData\Local\Programs\Python\Python312\Lib\site-packages\click\testing.py:268: AttributeError
_________________ TestCLIErrorHandling.test_very_long_number __________________

self = <click.testing.CliRunner object at 0x0000020C3A5D27B0>
cli = <function main at 0x0000020C3A3F16C0>
args = ['99999999999999999999999999999999999999999999999999999999999999999999999999999999999999999999999999999999999999999999...999999999999999999999999999999999999999999999999999999999999999999999999999999999999999999999999999999999999999999999']
input = None, env = None, catch_exceptions = True, color = False, extra = {}
exc_info = None
outstreams = (<click.testing.BytesIOCopy object at 0x0000020C3A77D350>, <click.testing.BytesIOCopy object at 0x0000020C3A77DDA0>, <_io.BytesIO object at 0x0000020C3A77D1C0>)
return_value = None, exception = None, exit_code = 0

    def invoke(
        self,
        cli: Command,
        args: str | cabc.Sequence[str] | None = None,
        input: str | bytes | t.IO[t.Any] | None = None,
        env: cabc.Mapping[str, str | None] | None = None,
        catch_exceptions: bool | None = None,
        color: bool = False,
        **extra: t.Any,
    ) -> Result:
        """Invokes a command in an isolated environment.  The arguments are
        forwarded directly to the command line script, the `extra` keyword
        arguments are passed to the :meth:`~clickpkg.Command.main` function of
        the command.
    
        This returns a :class:`Result` object.
    
        :param cli: the command to invoke
        :param args: the arguments to invoke. It may be given as an iterable
                     or a string. When given as string it will be interpreted
                     as a Unix shell command. More details at
                     :func:`shlex.split`.
        :param input: the input data for `sys.stdin`.
        :param env: the environment overrides.
        :param catch_exceptions: Whether to catch any other exceptions than
                                 ``SystemExit``. If :data:`None`, the value
                                 from :class:`CliRunner` is used.
        :param extra: the keyword arguments to pass to :meth:`main`.
        :param color: whether the output should contain color codes. The
                      application can still override this explicitly.
    
        .. versionadded:: 8.2
            The result object has the ``output_bytes`` attribute with
            the mix of ``stdout_bytes`` and ``stderr_bytes``, as the user would
            see it in its terminal.
    
        .. versionchanged:: 8.2
            The result object always returns the ``stderr_bytes`` stream.
    
        .. versionchanged:: 8.0
            The result object has the ``return_value`` attribute with
            the value returned from the invoked command.
    
        .. versionchanged:: 4.0
            Added the ``color`` parameter.
    
        .. versionchanged:: 3.0
            Added the ``catch_exceptions`` parameter.
    
        .. versionchanged:: 3.0
            The result object has the ``exc_info`` attribute with the
            traceback if available.
        """
        exc_info = None
        if catch_exceptions is None:
            catch_exceptions = self.catch_exceptions
    
        with self.isolation(input=input, env=env, color=color) as outstreams:
            return_value = None
            exception: BaseException | None = None
            exit_code = 0
    
            if isinstance(args, str):
                args = shlex.split(args)
    
            try:
>               prog_name = extra.pop("prog_name")
                            ^^^^^^^^^^^^^^^^^^^^^^
E               KeyError: 'prog_name'

C:\Users\Administrator\AppData\Local\Programs\Python\Python312\Lib\site-packages\click\testing.py:499: KeyError

During handling of the above exception, another exception occurred:

self = <tests.test_cli.TestCLIErrorHandling object at 0x0000020C3A40FB00>

    def test_very_long_number(self):
        """Test CLI handles very long numbers (should work or fail gracefully)."""
        runner = CliRunner()
>       result = runner.invoke(main, ['9' * 1000])
                 ^^^^^^^^^^^^^^^^^^^^^^^^^^^^^^^^^

tests\test_cli.py:458: 
_ _ _ _ _ _ _ _ _ _ _ _ _ _ _ _ _ _ _ _ _ _ _ _ _ _ _ _ _ _ _ _ _ _ _ _ _ _ _ _
C:\Users\Administrator\AppData\Local\Programs\Python\Python312\Lib\site-packages\click\testing.py:501: in invoke
    prog_name = self.get_default_prog_name(cli)
                ^^^^^^^^^^^^^^^^^^^^^^^^^^^^^^^
_ _ _ _ _ _ _ _ _ _ _ _ _ _ _ _ _ _ _ _ _ _ _ _ _ _ _ _ _ _ _ _ _ _ _ _ _ _ _ _

self = <click.testing.CliRunner object at 0x0000020C3A5D27B0>
cli = <function main at 0x0000020C3A3F16C0>

    def get_default_prog_name(self, cli: Command) -> str:
        """Given a command object it will return the default program name
        for it.  The default is the `name` attribute or ``"root"`` if not
        set.
        """
>       return cli.name or "root"
               ^^^^^^^^
E       AttributeError: 'function' object has no attribute 'name'

C:\Users\Administrator\AppData\Local\Programs\Python\Python312\Lib\site-packages\click\testing.py:268: AttributeError
________________ TestCLIErrorHandling.test_mixed_types_in_args ________________

self = <click.testing.CliRunner object at 0x0000020C3A8075F0>
cli = <function main at 0x0000020C3A3F16C0>, args = ['5', 'text', '3']
input = None, env = None, catch_exceptions = True, color = False, extra = {}
exc_info = None
outstreams = (<click.testing.BytesIOCopy object at 0x0000020C3A72B8D0>, <click.testing.BytesIOCopy object at 0x0000020C3A72B330>, <_io.BytesIO object at 0x0000020C3A72B790>)
return_value = None, exception = None, exit_code = 0

    def invoke(
        self,
        cli: Command,
        args: str | cabc.Sequence[str] | None = None,
        input: str | bytes | t.IO[t.Any] | None = None,
        env: cabc.Mapping[str, str | None] | None = None,
        catch_exceptions: bool | None = None,
        color: bool = False,
        **extra: t.Any,
    ) -> Result:
        """Invokes a command in an isolated environment.  The arguments are
        forwarded directly to the command line script, the `extra` keyword
        arguments are passed to the :meth:`~clickpkg.Command.main` function of
        the command.
    
        This returns a :class:`Result` object.
    
        :param cli: the command to invoke
        :param args: the arguments to invoke. It may be given as an iterable
                     or a string. When given as string it will be interpreted
                     as a Unix shell command. More details at
                     :func:`shlex.split`.
        :param input: the input data for `sys.stdin`.
        :param env: the environment overrides.
        :param catch_exceptions: Whether to catch any other exceptions than
                                 ``SystemExit``. If :data:`None`, the value
                                 from :class:`CliRunner` is used.
        :param extra: the keyword arguments to pass to :meth:`main`.
        :param color: whether the output should contain color codes. The
                      application can still override this explicitly.
    
        .. versionadded:: 8.2
            The result object has the ``output_bytes`` attribute with
            the mix of ``stdout_bytes`` and ``stderr_bytes``, as the user would
            see it in its terminal.
    
        .. versionchanged:: 8.2
            The result object always returns the ``stderr_bytes`` stream.
    
        .. versionchanged:: 8.0
            The result object has the ``return_value`` attribute with
            the value returned from the invoked command.
    
        .. versionchanged:: 4.0
            Added the ``color`` parameter.
    
        .. versionchanged:: 3.0
            Added the ``catch_exceptions`` parameter.
    
        .. versionchanged:: 3.0
            The result object has the ``exc_info`` attribute with the
            traceback if available.
        """
        exc_info = None
        if catch_exceptions is None:
            catch_exceptions = self.catch_exceptions
    
        with self.isolation(input=input, env=env, color=color) as outstreams:
            return_value = None
            exception: BaseException | None = None
            exit_code = 0
    
            if isinstance(args, str):
                args = shlex.split(args)
    
            try:
>               prog_name = extra.pop("prog_name")
                            ^^^^^^^^^^^^^^^^^^^^^^
E               KeyError: 'prog_name'

C:\Users\Administrator\AppData\Local\Programs\Python\Python312\Lib\site-packages\click\testing.py:499: KeyError

During handling of the above exception, another exception occurred:

self = <tests.test_cli.TestCLIErrorHandling object at 0x0000020C3A3BFA40>

    def test_mixed_types_in_args(self):
        """Test error handling for mixed types."""
        runner = CliRunner()
>       result = runner.invoke(main, ['5', 'text', '3'])
                 ^^^^^^^^^^^^^^^^^^^^^^^^^^^^^^^^^^^^^^^

tests\test_cli.py:465: 
_ _ _ _ _ _ _ _ _ _ _ _ _ _ _ _ _ _ _ _ _ _ _ _ _ _ _ _ _ _ _ _ _ _ _ _ _ _ _ _
C:\Users\Administrator\AppData\Local\Programs\Python\Python312\Lib\site-packages\click\testing.py:501: in invoke
    prog_name = self.get_default_prog_name(cli)
                ^^^^^^^^^^^^^^^^^^^^^^^^^^^^^^^
_ _ _ _ _ _ _ _ _ _ _ _ _ _ _ _ _ _ _ _ _ _ _ _ _ _ _ _ _ _ _ _ _ _ _ _ _ _ _ _

self = <click.testing.CliRunner object at 0x0000020C3A8075F0>
cli = <function main at 0x0000020C3A3F16C0>

    def get_default_prog_name(self, cli: Command) -> str:
        """Given a command object it will return the default program name
        for it.  The default is the `name` attribute or ``"root"`` if not
        set.
        """
>       return cli.name or "root"
               ^^^^^^^^
E       AttributeError: 'function' object has no attribute 'name'

C:\Users\Administrator\AppData\Local\Programs\Python\Python312\Lib\site-packages\click\testing.py:268: AttributeError
___________________ TestCLIErrorHandling.test_null_in_args ____________________

self = <click.testing.CliRunner object at 0x0000020C3A804D10>
cli = <function main at 0x0000020C3A3F16C0>, args = ['5', 'null', '3']
input = None, env = None, catch_exceptions = True, color = False, extra = {}
exc_info = None
outstreams = (<click.testing.BytesIOCopy object at 0x0000020C3A72A110>, <click.testing.BytesIOCopy object at 0x0000020C3A72A430>, <_io.BytesIO object at 0x0000020C3A72AD40>)
return_value = None, exception = None, exit_code = 0

    def invoke(
        self,
        cli: Command,
        args: str | cabc.Sequence[str] | None = None,
        input: str | bytes | t.IO[t.Any] | None = None,
        env: cabc.Mapping[str, str | None] | None = None,
        catch_exceptions: bool | None = None,
        color: bool = False,
        **extra: t.Any,
    ) -> Result:
        """Invokes a command in an isolated environment.  The arguments are
        forwarded directly to the command line script, the `extra` keyword
        arguments are passed to the :meth:`~clickpkg.Command.main` function of
        the command.
    
        This returns a :class:`Result` object.
    
        :param cli: the command to invoke
        :param args: the arguments to invoke. It may be given as an iterable
                     or a string. When given as string it will be interpreted
                     as a Unix shell command. More details at
                     :func:`shlex.split`.
        :param input: the input data for `sys.stdin`.
        :param env: the environment overrides.
        :param catch_exceptions: Whether to catch any other exceptions than
                                 ``SystemExit``. If :data:`None`, the value
                                 from :class:`CliRunner` is used.
        :param extra: the keyword arguments to pass to :meth:`main`.
        :param color: whether the output should contain color codes. The
                      application can still override this explicitly.
    
        .. versionadded:: 8.2
            The result object has the ``output_bytes`` attribute with
            the mix of ``stdout_bytes`` and ``stderr_bytes``, as the user would
            see it in its terminal.
    
        .. versionchanged:: 8.2
            The result object always returns the ``stderr_bytes`` stream.
    
        .. versionchanged:: 8.0
            The result object has the ``return_value`` attribute with
            the value returned from the invoked command.
    
        .. versionchanged:: 4.0
            Added the ``color`` parameter.
    
        .. versionchanged:: 3.0
            Added the ``catch_exceptions`` parameter.
    
        .. versionchanged:: 3.0
            The result object has the ``exc_info`` attribute with the
            traceback if available.
        """
        exc_info = None
        if catch_exceptions is None:
            catch_exceptions = self.catch_exceptions
    
        with self.isolation(input=input, env=env, color=color) as outstreams:
            return_value = None
            exception: BaseException | None = None
            exit_code = 0
    
            if isinstance(args, str):
                args = shlex.split(args)
    
            try:
>               prog_name = extra.pop("prog_name")
                            ^^^^^^^^^^^^^^^^^^^^^^
E               KeyError: 'prog_name'

C:\Users\Administrator\AppData\Local\Programs\Python\Python312\Lib\site-packages\click\testing.py:499: KeyError

During handling of the above exception, another exception occurred:

self = <tests.test_cli.TestCLIErrorHandling object at 0x0000020C3A2CFEC0>

    def test_null_in_args(self):
        """Test error handling for null/None in arguments."""
        runner = CliRunner()
>       result = runner.invoke(main, ['5', 'null', '3'])
                 ^^^^^^^^^^^^^^^^^^^^^^^^^^^^^^^^^^^^^^^

tests\test_cli.py:472: 
_ _ _ _ _ _ _ _ _ _ _ _ _ _ _ _ _ _ _ _ _ _ _ _ _ _ _ _ _ _ _ _ _ _ _ _ _ _ _ _
C:\Users\Administrator\AppData\Local\Programs\Python\Python312\Lib\site-packages\click\testing.py:501: in invoke
    prog_name = self.get_default_prog_name(cli)
                ^^^^^^^^^^^^^^^^^^^^^^^^^^^^^^^
_ _ _ _ _ _ _ _ _ _ _ _ _ _ _ _ _ _ _ _ _ _ _ _ _ _ _ _ _ _ _ _ _ _ _ _ _ _ _ _

self = <click.testing.CliRunner object at 0x0000020C3A804D10>
cli = <function main at 0x0000020C3A3F16C0>

    def get_default_prog_name(self, cli: Command) -> str:
        """Given a command object it will return the default program name
        for it.  The default is the `name` attribute or ``"root"`` if not
        set.
        """
>       return cli.name or "root"
               ^^^^^^^^
E       AttributeError: 'function' object has no attribute 'name'

C:\Users\Administrator\AppData\Local\Programs\Python\Python312\Lib\site-packages\click\testing.py:268: AttributeError
________________ TestCLIErrorHandling.test_scientific_notation ________________

self = <click.testing.CliRunner object at 0x0000020C3A806210>
cli = <function main at 0x0000020C3A3F16C0>, args = ['1e5', '2e3', '3e-2']
input = None, env = None, catch_exceptions = True, color = False, extra = {}
exc_info = None
outstreams = (<click.testing.BytesIOCopy object at 0x0000020C3A72ACA0>, <click.testing.BytesIOCopy object at 0x0000020C3A72ACF0>, <_io.BytesIO object at 0x0000020C3A72B880>)
return_value = None, exception = None, exit_code = 0

    def invoke(
        self,
        cli: Command,
        args: str | cabc.Sequence[str] | None = None,
        input: str | bytes | t.IO[t.Any] | None = None,
        env: cabc.Mapping[str, str | None] | None = None,
        catch_exceptions: bool | None = None,
        color: bool = False,
        **extra: t.Any,
    ) -> Result:
        """Invokes a command in an isolated environment.  The arguments are
        forwarded directly to the command line script, the `extra` keyword
        arguments are passed to the :meth:`~clickpkg.Command.main` function of
        the command.
    
        This returns a :class:`Result` object.
    
        :param cli: the command to invoke
        :param args: the arguments to invoke. It may be given as an iterable
                     or a string. When given as string it will be interpreted
                     as a Unix shell command. More details at
                     :func:`shlex.split`.
        :param input: the input data for `sys.stdin`.
        :param env: the environment overrides.
        :param catch_exceptions: Whether to catch any other exceptions than
                                 ``SystemExit``. If :data:`None`, the value
                                 from :class:`CliRunner` is used.
        :param extra: the keyword arguments to pass to :meth:`main`.
        :param color: whether the output should contain color codes. The
                      application can still override this explicitly.
    
        .. versionadded:: 8.2
            The result object has the ``output_bytes`` attribute with
            the mix of ``stdout_bytes`` and ``stderr_bytes``, as the user would
            see it in its terminal.
    
        .. versionchanged:: 8.2
            The result object always returns the ``stderr_bytes`` stream.
    
        .. versionchanged:: 8.0
            The result object has the ``return_value`` attribute with
            the value returned from the invoked command.
    
        .. versionchanged:: 4.0
            Added the ``color`` parameter.
    
        .. versionchanged:: 3.0
            Added the ``catch_exceptions`` parameter.
    
        .. versionchanged:: 3.0
            The result object has the ``exc_info`` attribute with the
            traceback if available.
        """
        exc_info = None
        if catch_exceptions is None:
            catch_exceptions = self.catch_exceptions
    
        with self.isolation(input=input, env=env, color=color) as outstreams:
            return_value = None
            exception: BaseException | None = None
            exit_code = 0
    
            if isinstance(args, str):
                args = shlex.split(args)
    
            try:
>               prog_name = extra.pop("prog_name")
                            ^^^^^^^^^^^^^^^^^^^^^^
E               KeyError: 'prog_name'

C:\Users\Administrator\AppData\Local\Programs\Python\Python312\Lib\site-packages\click\testing.py:499: KeyError

During handling of the above exception, another exception occurred:

self = <tests.test_cli.TestCLIErrorHandling object at 0x0000020C3A434B90>

    def test_scientific_notation(self):
        """Test CLI handles scientific notation (should work)."""
        runner = CliRunner()
>       result = runner.invoke(main, ['1e5', '2e3', '3e-2'])
                 ^^^^^^^^^^^^^^^^^^^^^^^^^^^^^^^^^^^^^^^^^^^

tests\test_cli.py:479: 
_ _ _ _ _ _ _ _ _ _ _ _ _ _ _ _ _ _ _ _ _ _ _ _ _ _ _ _ _ _ _ _ _ _ _ _ _ _ _ _
C:\Users\Administrator\AppData\Local\Programs\Python\Python312\Lib\site-packages\click\testing.py:501: in invoke
    prog_name = self.get_default_prog_name(cli)
                ^^^^^^^^^^^^^^^^^^^^^^^^^^^^^^^
_ _ _ _ _ _ _ _ _ _ _ _ _ _ _ _ _ _ _ _ _ _ _ _ _ _ _ _ _ _ _ _ _ _ _ _ _ _ _ _

self = <click.testing.CliRunner object at 0x0000020C3A806210>
cli = <function main at 0x0000020C3A3F16C0>

    def get_default_prog_name(self, cli: Command) -> str:
        """Given a command object it will return the default program name
        for it.  The default is the `name` attribute or ``"root"`` if not
        set.
        """
>       return cli.name or "root"
               ^^^^^^^^
E       AttributeError: 'function' object has no attribute 'name'

C:\Users\Administrator\AppData\Local\Programs\Python\Python312\Lib\site-packages\click\testing.py:268: AttributeError
_______________ TestCLIErrorHandling.test_error_message_helpful _______________

self = <click.testing.CliRunner object at 0x0000020C3A612480>
cli = <function main at 0x0000020C3A3F16C0>, args = ['5', 'abc', '3']
input = None, env = None, catch_exceptions = True, color = False, extra = {}
exc_info = None
outstreams = (<click.testing.BytesIOCopy object at 0x0000020C3A7290D0>, <click.testing.BytesIOCopy object at 0x0000020C3A72B9C0>, <_io.BytesIO object at 0x0000020C3A72A250>)
return_value = None, exception = None, exit_code = 0

    def invoke(
        self,
        cli: Command,
        args: str | cabc.Sequence[str] | None = None,
        input: str | bytes | t.IO[t.Any] | None = None,
        env: cabc.Mapping[str, str | None] | None = None,
        catch_exceptions: bool | None = None,
        color: bool = False,
        **extra: t.Any,
    ) -> Result:
        """Invokes a command in an isolated environment.  The arguments are
        forwarded directly to the command line script, the `extra` keyword
        arguments are passed to the :meth:`~clickpkg.Command.main` function of
        the command.
    
        This returns a :class:`Result` object.
    
        :param cli: the command to invoke
        :param args: the arguments to invoke. It may be given as an iterable
                     or a string. When given as string it will be interpreted
                     as a Unix shell command. More details at
                     :func:`shlex.split`.
        :param input: the input data for `sys.stdin`.
        :param env: the environment overrides.
        :param catch_exceptions: Whether to catch any other exceptions than
                                 ``SystemExit``. If :data:`None`, the value
                                 from :class:`CliRunner` is used.
        :param extra: the keyword arguments to pass to :meth:`main`.
        :param color: whether the output should contain color codes. The
                      application can still override this explicitly.
    
        .. versionadded:: 8.2
            The result object has the ``output_bytes`` attribute with
            the mix of ``stdout_bytes`` and ``stderr_bytes``, as the user would
            see it in its terminal.
    
        .. versionchanged:: 8.2
            The result object always returns the ``stderr_bytes`` stream.
    
        .. versionchanged:: 8.0
            The result object has the ``return_value`` attribute with
            the value returned from the invoked command.
    
        .. versionchanged:: 4.0
            Added the ``color`` parameter.
    
        .. versionchanged:: 3.0
            Added the ``catch_exceptions`` parameter.
    
        .. versionchanged:: 3.0
            The result object has the ``exc_info`` attribute with the
            traceback if available.
        """
        exc_info = None
        if catch_exceptions is None:
            catch_exceptions = self.catch_exceptions
    
        with self.isolation(input=input, env=env, color=color) as outstreams:
            return_value = None
            exception: BaseException | None = None
            exit_code = 0
    
            if isinstance(args, str):
                args = shlex.split(args)
    
            try:
>               prog_name = extra.pop("prog_name")
                            ^^^^^^^^^^^^^^^^^^^^^^
E               KeyError: 'prog_name'

C:\Users\Administrator\AppData\Local\Programs\Python\Python312\Lib\site-packages\click\testing.py:499: KeyError

During handling of the above exception, another exception occurred:

self = <tests.test_cli.TestCLIErrorHandling object at 0x0000020C3A4345C0>

    def test_error_message_helpful(self):
        """Test error messages are helpful and descriptive."""
        runner = CliRunner()
>       result = runner.invoke(main, ['5', 'abc', '3'])
                 ^^^^^^^^^^^^^^^^^^^^^^^^^^^^^^^^^^^^^^

tests\test_cli.py:486: 
_ _ _ _ _ _ _ _ _ _ _ _ _ _ _ _ _ _ _ _ _ _ _ _ _ _ _ _ _ _ _ _ _ _ _ _ _ _ _ _
C:\Users\Administrator\AppData\Local\Programs\Python\Python312\Lib\site-packages\click\testing.py:501: in invoke
    prog_name = self.get_default_prog_name(cli)
                ^^^^^^^^^^^^^^^^^^^^^^^^^^^^^^^
_ _ _ _ _ _ _ _ _ _ _ _ _ _ _ _ _ _ _ _ _ _ _ _ _ _ _ _ _ _ _ _ _ _ _ _ _ _ _ _

self = <click.testing.CliRunner object at 0x0000020C3A612480>
cli = <function main at 0x0000020C3A3F16C0>

    def get_default_prog_name(self, cli: Command) -> str:
        """Given a command object it will return the default program name
        for it.  The default is the `name` attribute or ``"root"`` if not
        set.
        """
>       return cli.name or "root"
               ^^^^^^^^
E       AttributeError: 'function' object has no attribute 'name'

C:\Users\Administrator\AppData\Local\Programs\Python\Python312\Lib\site-packages\click\testing.py:268: AttributeError
____________ TestCLIErrorHandling.test_multiple_errors_shows_first ____________

self = <click.testing.CliRunner object at 0x0000020C3A76D760>
cli = <function main at 0x0000020C3A3F16C0>, args = ['abc', 'def', 'ghi']
input = None, env = None, catch_exceptions = True, color = False, extra = {}
exc_info = None
outstreams = (<click.testing.BytesIOCopy object at 0x0000020C3A72A890>, <click.testing.BytesIOCopy object at 0x0000020C3A72AF20>, <_io.BytesIO object at 0x0000020C3A72BE20>)
return_value = None, exception = None, exit_code = 0

    def invoke(
        self,
        cli: Command,
        args: str | cabc.Sequence[str] | None = None,
        input: str | bytes | t.IO[t.Any] | None = None,
        env: cabc.Mapping[str, str | None] | None = None,
        catch_exceptions: bool | None = None,
        color: bool = False,
        **extra: t.Any,
    ) -> Result:
        """Invokes a command in an isolated environment.  The arguments are
        forwarded directly to the command line script, the `extra` keyword
        arguments are passed to the :meth:`~clickpkg.Command.main` function of
        the command.
    
        This returns a :class:`Result` object.
    
        :param cli: the command to invoke
        :param args: the arguments to invoke. It may be given as an iterable
                     or a string. When given as string it will be interpreted
                     as a Unix shell command. More details at
                     :func:`shlex.split`.
        :param input: the input data for `sys.stdin`.
        :param env: the environment overrides.
        :param catch_exceptions: Whether to catch any other exceptions than
                                 ``SystemExit``. If :data:`None`, the value
                                 from :class:`CliRunner` is used.
        :param extra: the keyword arguments to pass to :meth:`main`.
        :param color: whether the output should contain color codes. The
                      application can still override this explicitly.
    
        .. versionadded:: 8.2
            The result object has the ``output_bytes`` attribute with
            the mix of ``stdout_bytes`` and ``stderr_bytes``, as the user would
            see it in its terminal.
    
        .. versionchanged:: 8.2
            The result object always returns the ``stderr_bytes`` stream.
    
        .. versionchanged:: 8.0
            The result object has the ``return_value`` attribute with
            the value returned from the invoked command.
    
        .. versionchanged:: 4.0
            Added the ``color`` parameter.
    
        .. versionchanged:: 3.0
            Added the ``catch_exceptions`` parameter.
    
        .. versionchanged:: 3.0
            The result object has the ``exc_info`` attribute with the
            traceback if available.
        """
        exc_info = None
        if catch_exceptions is None:
            catch_exceptions = self.catch_exceptions
    
        with self.isolation(input=input, env=env, color=color) as outstreams:
            return_value = None
            exception: BaseException | None = None
            exit_code = 0
    
            if isinstance(args, str):
                args = shlex.split(args)
    
            try:
>               prog_name = extra.pop("prog_name")
                            ^^^^^^^^^^^^^^^^^^^^^^
E               KeyError: 'prog_name'

C:\Users\Administrator\AppData\Local\Programs\Python\Python312\Lib\site-packages\click\testing.py:499: KeyError

During handling of the above exception, another exception occurred:

self = <tests.test_cli.TestCLIErrorHandling object at 0x0000020C3A434050>

    def test_multiple_errors_shows_first(self):
        """Test that multiple errors show appropriate message."""
        runner = CliRunner()
>       result = runner.invoke(main, ['abc', 'def', 'ghi'])
                 ^^^^^^^^^^^^^^^^^^^^^^^^^^^^^^^^^^^^^^^^^^

tests\test_cli.py:494: 
_ _ _ _ _ _ _ _ _ _ _ _ _ _ _ _ _ _ _ _ _ _ _ _ _ _ _ _ _ _ _ _ _ _ _ _ _ _ _ _
C:\Users\Administrator\AppData\Local\Programs\Python\Python312\Lib\site-packages\click\testing.py:501: in invoke
    prog_name = self.get_default_prog_name(cli)
                ^^^^^^^^^^^^^^^^^^^^^^^^^^^^^^^
_ _ _ _ _ _ _ _ _ _ _ _ _ _ _ _ _ _ _ _ _ _ _ _ _ _ _ _ _ _ _ _ _ _ _ _ _ _ _ _

self = <click.testing.CliRunner object at 0x0000020C3A76D760>
cli = <function main at 0x0000020C3A3F16C0>

    def get_default_prog_name(self, cli: Command) -> str:
        """Given a command object it will return the default program name
        for it.  The default is the `name` attribute or ``"root"`` if not
        set.
        """
>       return cli.name or "root"
               ^^^^^^^^
E       AttributeError: 'function' object has no attribute 'name'

C:\Users\Administrator\AppData\Local\Programs\Python\Python312\Lib\site-packages\click\testing.py:268: AttributeError
_________________ TestCLIMultipleModes.test_batch_mode_basic __________________

self = <click.testing.CliRunner object at 0x0000020C3A805790>
cli = <function main at 0x0000020C3A3F16C0>, args = ['5', '3', '1', '4', '2']
input = None, env = None, catch_exceptions = True, color = False, extra = {}
exc_info = None
outstreams = (<click.testing.BytesIOCopy object at 0x0000020C3A7298A0>, <click.testing.BytesIOCopy object at 0x0000020C3A729710>, <_io.BytesIO object at 0x0000020C3A728F40>)
return_value = None, exception = None, exit_code = 0

    def invoke(
        self,
        cli: Command,
        args: str | cabc.Sequence[str] | None = None,
        input: str | bytes | t.IO[t.Any] | None = None,
        env: cabc.Mapping[str, str | None] | None = None,
        catch_exceptions: bool | None = None,
        color: bool = False,
        **extra: t.Any,
    ) -> Result:
        """Invokes a command in an isolated environment.  The arguments are
        forwarded directly to the command line script, the `extra` keyword
        arguments are passed to the :meth:`~clickpkg.Command.main` function of
        the command.
    
        This returns a :class:`Result` object.
    
        :param cli: the command to invoke
        :param args: the arguments to invoke. It may be given as an iterable
                     or a string. When given as string it will be interpreted
                     as a Unix shell command. More details at
                     :func:`shlex.split`.
        :param input: the input data for `sys.stdin`.
        :param env: the environment overrides.
        :param catch_exceptions: Whether to catch any other exceptions than
                                 ``SystemExit``. If :data:`None`, the value
                                 from :class:`CliRunner` is used.
        :param extra: the keyword arguments to pass to :meth:`main`.
        :param color: whether the output should contain color codes. The
                      application can still override this explicitly.
    
        .. versionadded:: 8.2
            The result object has the ``output_bytes`` attribute with
            the mix of ``stdout_bytes`` and ``stderr_bytes``, as the user would
            see it in its terminal.
    
        .. versionchanged:: 8.2
            The result object always returns the ``stderr_bytes`` stream.
    
        .. versionchanged:: 8.0
            The result object has the ``return_value`` attribute with
            the value returned from the invoked command.
    
        .. versionchanged:: 4.0
            Added the ``color`` parameter.
    
        .. versionchanged:: 3.0
            Added the ``catch_exceptions`` parameter.
    
        .. versionchanged:: 3.0
            The result object has the ``exc_info`` attribute with the
            traceback if available.
        """
        exc_info = None
        if catch_exceptions is None:
            catch_exceptions = self.catch_exceptions
    
        with self.isolation(input=input, env=env, color=color) as outstreams:
            return_value = None
            exception: BaseException | None = None
            exit_code = 0
    
            if isinstance(args, str):
                args = shlex.split(args)
    
            try:
>               prog_name = extra.pop("prog_name")
                            ^^^^^^^^^^^^^^^^^^^^^^
E               KeyError: 'prog_name'

C:\Users\Administrator\AppData\Local\Programs\Python\Python312\Lib\site-packages\click\testing.py:499: KeyError

During handling of the above exception, another exception occurred:

self = <tests.test_cli.TestCLIMultipleModes object at 0x0000020C3A435280>

    def test_batch_mode_basic(self):
        """Test basic batch mode (default behavior)."""
        runner = CliRunner()
>       result = runner.invoke(main, ['5', '3', '1', '4', '2'])
                 ^^^^^^^^^^^^^^^^^^^^^^^^^^^^^^^^^^^^^^^^^^^^^^

tests\test_cli.py:505: 
_ _ _ _ _ _ _ _ _ _ _ _ _ _ _ _ _ _ _ _ _ _ _ _ _ _ _ _ _ _ _ _ _ _ _ _ _ _ _ _
C:\Users\Administrator\AppData\Local\Programs\Python\Python312\Lib\site-packages\click\testing.py:501: in invoke
    prog_name = self.get_default_prog_name(cli)
                ^^^^^^^^^^^^^^^^^^^^^^^^^^^^^^^
_ _ _ _ _ _ _ _ _ _ _ _ _ _ _ _ _ _ _ _ _ _ _ _ _ _ _ _ _ _ _ _ _ _ _ _ _ _ _ _

self = <click.testing.CliRunner object at 0x0000020C3A805790>
cli = <function main at 0x0000020C3A3F16C0>

    def get_default_prog_name(self, cli: Command) -> str:
        """Given a command object it will return the default program name
        for it.  The default is the `name` attribute or ``"root"`` if not
        set.
        """
>       return cli.name or "root"
               ^^^^^^^^
E       AttributeError: 'function' object has no attribute 'name'

C:\Users\Administrator\AppData\Local\Programs\Python\Python312\Lib\site-packages\click\testing.py:268: AttributeError
_______________ TestCLIMultipleModes.test_batch_mode_with_file ________________

self = <click.testing.CliRunner object at 0x0000020C3A807DA0>
cli = <function main at 0x0000020C3A3F16C0>, args = ['--file', 'input.txt']
input = None, env = None, catch_exceptions = True, color = False, extra = {}
exc_info = None
outstreams = (<click.testing.BytesIOCopy object at 0x0000020C3A72BAB0>, <click.testing.BytesIOCopy object at 0x0000020C3A728950>, <_io.BytesIO object at 0x0000020C3A72B650>)
return_value = None, exception = None, exit_code = 0

    def invoke(
        self,
        cli: Command,
        args: str | cabc.Sequence[str] | None = None,
        input: str | bytes | t.IO[t.Any] | None = None,
        env: cabc.Mapping[str, str | None] | None = None,
        catch_exceptions: bool | None = None,
        color: bool = False,
        **extra: t.Any,
    ) -> Result:
        """Invokes a command in an isolated environment.  The arguments are
        forwarded directly to the command line script, the `extra` keyword
        arguments are passed to the :meth:`~clickpkg.Command.main` function of
        the command.
    
        This returns a :class:`Result` object.
    
        :param cli: the command to invoke
        :param args: the arguments to invoke. It may be given as an iterable
                     or a string. When given as string it will be interpreted
                     as a Unix shell command. More details at
                     :func:`shlex.split`.
        :param input: the input data for `sys.stdin`.
        :param env: the environment overrides.
        :param catch_exceptions: Whether to catch any other exceptions than
                                 ``SystemExit``. If :data:`None`, the value
                                 from :class:`CliRunner` is used.
        :param extra: the keyword arguments to pass to :meth:`main`.
        :param color: whether the output should contain color codes. The
                      application can still override this explicitly.
    
        .. versionadded:: 8.2
            The result object has the ``output_bytes`` attribute with
            the mix of ``stdout_bytes`` and ``stderr_bytes``, as the user would
            see it in its terminal.
    
        .. versionchanged:: 8.2
            The result object always returns the ``stderr_bytes`` stream.
    
        .. versionchanged:: 8.0
            The result object has the ``return_value`` attribute with
            the value returned from the invoked command.
    
        .. versionchanged:: 4.0
            Added the ``color`` parameter.
    
        .. versionchanged:: 3.0
            Added the ``catch_exceptions`` parameter.
    
        .. versionchanged:: 3.0
            The result object has the ``exc_info`` attribute with the
            traceback if available.
        """
        exc_info = None
        if catch_exceptions is None:
            catch_exceptions = self.catch_exceptions
    
        with self.isolation(input=input, env=env, color=color) as outstreams:
            return_value = None
            exception: BaseException | None = None
            exit_code = 0
    
            if isinstance(args, str):
                args = shlex.split(args)
    
            try:
>               prog_name = extra.pop("prog_name")
                            ^^^^^^^^^^^^^^^^^^^^^^
E               KeyError: 'prog_name'

C:\Users\Administrator\AppData\Local\Programs\Python\Python312\Lib\site-packages\click\testing.py:499: KeyError

During handling of the above exception, another exception occurred:

self = <tests.test_cli.TestCLIMultipleModes object at 0x0000020C3A435580>

    def test_batch_mode_with_file(self):
        """Test batch mode with file input."""
        runner = CliRunner()
        with runner.isolated_filesystem():
            with open('input.txt', 'w') as f:
                f.write('5\n3\n1\n')
    
>           result = runner.invoke(main, ['--file', 'input.txt'])
                     ^^^^^^^^^^^^^^^^^^^^^^^^^^^^^^^^^^^^^^^^^^^^

tests\test_cli.py:516: 
_ _ _ _ _ _ _ _ _ _ _ _ _ _ _ _ _ _ _ _ _ _ _ _ _ _ _ _ _ _ _ _ _ _ _ _ _ _ _ _
C:\Users\Administrator\AppData\Local\Programs\Python\Python312\Lib\site-packages\click\testing.py:501: in invoke
    prog_name = self.get_default_prog_name(cli)
                ^^^^^^^^^^^^^^^^^^^^^^^^^^^^^^^
_ _ _ _ _ _ _ _ _ _ _ _ _ _ _ _ _ _ _ _ _ _ _ _ _ _ _ _ _ _ _ _ _ _ _ _ _ _ _ _

self = <click.testing.CliRunner object at 0x0000020C3A807DA0>
cli = <function main at 0x0000020C3A3F16C0>

    def get_default_prog_name(self, cli: Command) -> str:
        """Given a command object it will return the default program name
        for it.  The default is the `name` attribute or ``"root"`` if not
        set.
        """
>       return cli.name or "root"
               ^^^^^^^^
E       AttributeError: 'function' object has no attribute 'name'

C:\Users\Administrator\AppData\Local\Programs\Python\Python312\Lib\site-packages\click\testing.py:268: AttributeError
____________ TestCLIMultipleModes.test_batch_mode_multiple_inputs _____________

self = <click.testing.CliRunner object at 0x0000020C3A673950>
cli = <function main at 0x0000020C3A3F16C0>, args = ['5', '3', '1']
input = None, env = None, catch_exceptions = True, color = False, extra = {}
exc_info = None
outstreams = (<click.testing.BytesIOCopy object at 0x0000020C3A72B5B0>, <click.testing.BytesIOCopy object at 0x0000020C3A72AD40>, <_io.BytesIO object at 0x0000020C3A72B0B0>)
return_value = None, exception = None, exit_code = 0

    def invoke(
        self,
        cli: Command,
        args: str | cabc.Sequence[str] | None = None,
        input: str | bytes | t.IO[t.Any] | None = None,
        env: cabc.Mapping[str, str | None] | None = None,
        catch_exceptions: bool | None = None,
        color: bool = False,
        **extra: t.Any,
    ) -> Result:
        """Invokes a command in an isolated environment.  The arguments are
        forwarded directly to the command line script, the `extra` keyword
        arguments are passed to the :meth:`~clickpkg.Command.main` function of
        the command.
    
        This returns a :class:`Result` object.
    
        :param cli: the command to invoke
        :param args: the arguments to invoke. It may be given as an iterable
                     or a string. When given as string it will be interpreted
                     as a Unix shell command. More details at
                     :func:`shlex.split`.
        :param input: the input data for `sys.stdin`.
        :param env: the environment overrides.
        :param catch_exceptions: Whether to catch any other exceptions than
                                 ``SystemExit``. If :data:`None`, the value
                                 from :class:`CliRunner` is used.
        :param extra: the keyword arguments to pass to :meth:`main`.
        :param color: whether the output should contain color codes. The
                      application can still override this explicitly.
    
        .. versionadded:: 8.2
            The result object has the ``output_bytes`` attribute with
            the mix of ``stdout_bytes`` and ``stderr_bytes``, as the user would
            see it in its terminal.
    
        .. versionchanged:: 8.2
            The result object always returns the ``stderr_bytes`` stream.
    
        .. versionchanged:: 8.0
            The result object has the ``return_value`` attribute with
            the value returned from the invoked command.
    
        .. versionchanged:: 4.0
            Added the ``color`` parameter.
    
        .. versionchanged:: 3.0
            Added the ``catch_exceptions`` parameter.
    
        .. versionchanged:: 3.0
            The result object has the ``exc_info`` attribute with the
            traceback if available.
        """
        exc_info = None
        if catch_exceptions is None:
            catch_exceptions = self.catch_exceptions
    
        with self.isolation(input=input, env=env, color=color) as outstreams:
            return_value = None
            exception: BaseException | None = None
            exit_code = 0
    
            if isinstance(args, str):
                args = shlex.split(args)
    
            try:
>               prog_name = extra.pop("prog_name")
                            ^^^^^^^^^^^^^^^^^^^^^^
E               KeyError: 'prog_name'

C:\Users\Administrator\AppData\Local\Programs\Python\Python312\Lib\site-packages\click\testing.py:499: KeyError

During handling of the above exception, another exception occurred:

self = <tests.test_cli.TestCLIMultipleModes object at 0x0000020C3A435880>

    def test_batch_mode_multiple_inputs(self):
        """Test batch mode processes multiple inputs in one call."""
        runner = CliRunner()
        # This tests that the CLI can handle being called multiple times
        # In practice, this would be from a script
>       result1 = runner.invoke(main, ['5', '3', '1'])
                  ^^^^^^^^^^^^^^^^^^^^^^^^^^^^^^^^^^^^

tests\test_cli.py:525: 
_ _ _ _ _ _ _ _ _ _ _ _ _ _ _ _ _ _ _ _ _ _ _ _ _ _ _ _ _ _ _ _ _ _ _ _ _ _ _ _
C:\Users\Administrator\AppData\Local\Programs\Python\Python312\Lib\site-packages\click\testing.py:501: in invoke
    prog_name = self.get_default_prog_name(cli)
                ^^^^^^^^^^^^^^^^^^^^^^^^^^^^^^^
_ _ _ _ _ _ _ _ _ _ _ _ _ _ _ _ _ _ _ _ _ _ _ _ _ _ _ _ _ _ _ _ _ _ _ _ _ _ _ _

self = <click.testing.CliRunner object at 0x0000020C3A673950>
cli = <function main at 0x0000020C3A3F16C0>

    def get_default_prog_name(self, cli: Command) -> str:
        """Given a command object it will return the default program name
        for it.  The default is the `name` attribute or ``"root"`` if not
        set.
        """
>       return cli.name or "root"
               ^^^^^^^^
E       AttributeError: 'function' object has no attribute 'name'

C:\Users\Administrator\AppData\Local\Programs\Python\Python312\Lib\site-packages\click\testing.py:268: AttributeError
_______________ TestCLIMultipleModes.test_interactive_mode_flag _______________

self = <click.testing.CliRunner object at 0x0000020C3A671820>
cli = <function main at 0x0000020C3A3F16C0>, args = ['--interactive']
input = None, env = None, catch_exceptions = True, color = False, extra = {}
exc_info = None
outstreams = (<click.testing.BytesIOCopy object at 0x0000020C3A72B8D0>, <click.testing.BytesIOCopy object at 0x0000020C3A72A430>, <_io.BytesIO object at 0x0000020C3A72A5C0>)
return_value = None, exception = None, exit_code = 0

    def invoke(
        self,
        cli: Command,
        args: str | cabc.Sequence[str] | None = None,
        input: str | bytes | t.IO[t.Any] | None = None,
        env: cabc.Mapping[str, str | None] | None = None,
        catch_exceptions: bool | None = None,
        color: bool = False,
        **extra: t.Any,
    ) -> Result:
        """Invokes a command in an isolated environment.  The arguments are
        forwarded directly to the command line script, the `extra` keyword
        arguments are passed to the :meth:`~clickpkg.Command.main` function of
        the command.
    
        This returns a :class:`Result` object.
    
        :param cli: the command to invoke
        :param args: the arguments to invoke. It may be given as an iterable
                     or a string. When given as string it will be interpreted
                     as a Unix shell command. More details at
                     :func:`shlex.split`.
        :param input: the input data for `sys.stdin`.
        :param env: the environment overrides.
        :param catch_exceptions: Whether to catch any other exceptions than
                                 ``SystemExit``. If :data:`None`, the value
                                 from :class:`CliRunner` is used.
        :param extra: the keyword arguments to pass to :meth:`main`.
        :param color: whether the output should contain color codes. The
                      application can still override this explicitly.
    
        .. versionadded:: 8.2
            The result object has the ``output_bytes`` attribute with
            the mix of ``stdout_bytes`` and ``stderr_bytes``, as the user would
            see it in its terminal.
    
        .. versionchanged:: 8.2
            The result object always returns the ``stderr_bytes`` stream.
    
        .. versionchanged:: 8.0
            The result object has the ``return_value`` attribute with
            the value returned from the invoked command.
    
        .. versionchanged:: 4.0
            Added the ``color`` parameter.
    
        .. versionchanged:: 3.0
            Added the ``catch_exceptions`` parameter.
    
        .. versionchanged:: 3.0
            The result object has the ``exc_info`` attribute with the
            traceback if available.
        """
        exc_info = None
        if catch_exceptions is None:
            catch_exceptions = self.catch_exceptions
    
        with self.isolation(input=input, env=env, color=color) as outstreams:
            return_value = None
            exception: BaseException | None = None
            exit_code = 0
    
            if isinstance(args, str):
                args = shlex.split(args)
    
            try:
>               prog_name = extra.pop("prog_name")
                            ^^^^^^^^^^^^^^^^^^^^^^
E               KeyError: 'prog_name'

C:\Users\Administrator\AppData\Local\Programs\Python\Python312\Lib\site-packages\click\testing.py:499: KeyError

During handling of the above exception, another exception occurred:

self = <tests.test_cli.TestCLIMultipleModes object at 0x0000020C3A435B80>

    def test_interactive_mode_flag(self):
        """Test --interactive flag enables interactive mode."""
        runner = CliRunner()
>       result = runner.invoke(main, ['--interactive'])
                 ^^^^^^^^^^^^^^^^^^^^^^^^^^^^^^^^^^^^^^

tests\test_cli.py:535: 
_ _ _ _ _ _ _ _ _ _ _ _ _ _ _ _ _ _ _ _ _ _ _ _ _ _ _ _ _ _ _ _ _ _ _ _ _ _ _ _
C:\Users\Administrator\AppData\Local\Programs\Python\Python312\Lib\site-packages\click\testing.py:501: in invoke
    prog_name = self.get_default_prog_name(cli)
                ^^^^^^^^^^^^^^^^^^^^^^^^^^^^^^^
_ _ _ _ _ _ _ _ _ _ _ _ _ _ _ _ _ _ _ _ _ _ _ _ _ _ _ _ _ _ _ _ _ _ _ _ _ _ _ _

self = <click.testing.CliRunner object at 0x0000020C3A671820>
cli = <function main at 0x0000020C3A3F16C0>

    def get_default_prog_name(self, cli: Command) -> str:
        """Given a command object it will return the default program name
        for it.  The default is the `name` attribute or ``"root"`` if not
        set.
        """
>       return cli.name or "root"
               ^^^^^^^^
E       AttributeError: 'function' object has no attribute 'name'

C:\Users\Administrator\AppData\Local\Programs\Python\Python312\Lib\site-packages\click\testing.py:268: AttributeError
______________ TestCLIMultipleModes.test_interactive_mode_prompt ______________

self = <click.testing.CliRunner object at 0x0000020C3A807560>
cli = <function main at 0x0000020C3A3F16C0>, args = ['--interactive']
input = '5\n3\n1\n', env = None, catch_exceptions = True, color = False
extra = {}, exc_info = None
outstreams = (<click.testing.BytesIOCopy object at 0x0000020C3A72B600>, <click.testing.BytesIOCopy object at 0x0000020C3A72BAB0>, <_io.BytesIO object at 0x0000020C3A72AD40>)
return_value = None, exception = None, exit_code = 0

    def invoke(
        self,
        cli: Command,
        args: str | cabc.Sequence[str] | None = None,
        input: str | bytes | t.IO[t.Any] | None = None,
        env: cabc.Mapping[str, str | None] | None = None,
        catch_exceptions: bool | None = None,
        color: bool = False,
        **extra: t.Any,
    ) -> Result:
        """Invokes a command in an isolated environment.  The arguments are
        forwarded directly to the command line script, the `extra` keyword
        arguments are passed to the :meth:`~clickpkg.Command.main` function of
        the command.
    
        This returns a :class:`Result` object.
    
        :param cli: the command to invoke
        :param args: the arguments to invoke. It may be given as an iterable
                     or a string. When given as string it will be interpreted
                     as a Unix shell command. More details at
                     :func:`shlex.split`.
        :param input: the input data for `sys.stdin`.
        :param env: the environment overrides.
        :param catch_exceptions: Whether to catch any other exceptions than
                                 ``SystemExit``. If :data:`None`, the value
                                 from :class:`CliRunner` is used.
        :param extra: the keyword arguments to pass to :meth:`main`.
        :param color: whether the output should contain color codes. The
                      application can still override this explicitly.
    
        .. versionadded:: 8.2
            The result object has the ``output_bytes`` attribute with
            the mix of ``stdout_bytes`` and ``stderr_bytes``, as the user would
            see it in its terminal.
    
        .. versionchanged:: 8.2
            The result object always returns the ``stderr_bytes`` stream.
    
        .. versionchanged:: 8.0
            The result object has the ``return_value`` attribute with
            the value returned from the invoked command.
    
        .. versionchanged:: 4.0
            Added the ``color`` parameter.
    
        .. versionchanged:: 3.0
            Added the ``catch_exceptions`` parameter.
    
        .. versionchanged:: 3.0
            The result object has the ``exc_info`` attribute with the
            traceback if available.
        """
        exc_info = None
        if catch_exceptions is None:
            catch_exceptions = self.catch_exceptions
    
        with self.isolation(input=input, env=env, color=color) as outstreams:
            return_value = None
            exception: BaseException | None = None
            exit_code = 0
    
            if isinstance(args, str):
                args = shlex.split(args)
    
            try:
>               prog_name = extra.pop("prog_name")
                            ^^^^^^^^^^^^^^^^^^^^^^
E               KeyError: 'prog_name'

C:\Users\Administrator\AppData\Local\Programs\Python\Python312\Lib\site-packages\click\testing.py:499: KeyError

During handling of the above exception, another exception occurred:

self = <tests.test_cli.TestCLIMultipleModes object at 0x0000020C3A435E80>

    def test_interactive_mode_prompt(self):
        """Test interactive mode shows prompt."""
        runner = CliRunner()
>       result = runner.invoke(main, ['--interactive'], input='5\n3\n1\n')
                 ^^^^^^^^^^^^^^^^^^^^^^^^^^^^^^^^^^^^^^^^^^^^^^^^^^^^^^^^^

tests\test_cli.py:543: 
_ _ _ _ _ _ _ _ _ _ _ _ _ _ _ _ _ _ _ _ _ _ _ _ _ _ _ _ _ _ _ _ _ _ _ _ _ _ _ _
C:\Users\Administrator\AppData\Local\Programs\Python\Python312\Lib\site-packages\click\testing.py:501: in invoke
    prog_name = self.get_default_prog_name(cli)
                ^^^^^^^^^^^^^^^^^^^^^^^^^^^^^^^
_ _ _ _ _ _ _ _ _ _ _ _ _ _ _ _ _ _ _ _ _ _ _ _ _ _ _ _ _ _ _ _ _ _ _ _ _ _ _ _

self = <click.testing.CliRunner object at 0x0000020C3A807560>
cli = <function main at 0x0000020C3A3F16C0>

    def get_default_prog_name(self, cli: Command) -> str:
        """Given a command object it will return the default program name
        for it.  The default is the `name` attribute or ``"root"`` if not
        set.
        """
>       return cli.name or "root"
               ^^^^^^^^
E       AttributeError: 'function' object has no attribute 'name'

C:\Users\Administrator\AppData\Local\Programs\Python\Python312\Lib\site-packages\click\testing.py:268: AttributeError
_____________________ TestCLIMultipleModes.test_repl_mode _____________________

self = <click.testing.CliRunner object at 0x0000020C3A806CF0>
cli = <function main at 0x0000020C3A3F16C0>, args = ['--repl'], input = None
env = None, catch_exceptions = True, color = False, extra = {}, exc_info = None
outstreams = (<click.testing.BytesIOCopy object at 0x0000020C3A674360>, <click.testing.BytesIOCopy object at 0x0000020C3A677B50>, <_io.BytesIO object at 0x0000020C3A6743B0>)
return_value = None, exception = None, exit_code = 0

    def invoke(
        self,
        cli: Command,
        args: str | cabc.Sequence[str] | None = None,
        input: str | bytes | t.IO[t.Any] | None = None,
        env: cabc.Mapping[str, str | None] | None = None,
        catch_exceptions: bool | None = None,
        color: bool = False,
        **extra: t.Any,
    ) -> Result:
        """Invokes a command in an isolated environment.  The arguments are
        forwarded directly to the command line script, the `extra` keyword
        arguments are passed to the :meth:`~clickpkg.Command.main` function of
        the command.
    
        This returns a :class:`Result` object.
    
        :param cli: the command to invoke
        :param args: the arguments to invoke. It may be given as an iterable
                     or a string. When given as string it will be interpreted
                     as a Unix shell command. More details at
                     :func:`shlex.split`.
        :param input: the input data for `sys.stdin`.
        :param env: the environment overrides.
        :param catch_exceptions: Whether to catch any other exceptions than
                                 ``SystemExit``. If :data:`None`, the value
                                 from :class:`CliRunner` is used.
        :param extra: the keyword arguments to pass to :meth:`main`.
        :param color: whether the output should contain color codes. The
                      application can still override this explicitly.
    
        .. versionadded:: 8.2
            The result object has the ``output_bytes`` attribute with
            the mix of ``stdout_bytes`` and ``stderr_bytes``, as the user would
            see it in its terminal.
    
        .. versionchanged:: 8.2
            The result object always returns the ``stderr_bytes`` stream.
    
        .. versionchanged:: 8.0
            The result object has the ``return_value`` attribute with
            the value returned from the invoked command.
    
        .. versionchanged:: 4.0
            Added the ``color`` parameter.
    
        .. versionchanged:: 3.0
            Added the ``catch_exceptions`` parameter.
    
        .. versionchanged:: 3.0
            The result object has the ``exc_info`` attribute with the
            traceback if available.
        """
        exc_info = None
        if catch_exceptions is None:
            catch_exceptions = self.catch_exceptions
    
        with self.isolation(input=input, env=env, color=color) as outstreams:
            return_value = None
            exception: BaseException | None = None
            exit_code = 0
    
            if isinstance(args, str):
                args = shlex.split(args)
    
            try:
>               prog_name = extra.pop("prog_name")
                            ^^^^^^^^^^^^^^^^^^^^^^
E               KeyError: 'prog_name'

C:\Users\Administrator\AppData\Local\Programs\Python\Python312\Lib\site-packages\click\testing.py:499: KeyError

During handling of the above exception, another exception occurred:

self = <tests.test_cli.TestCLIMultipleModes object at 0x0000020C3A328F50>

    def test_repl_mode(self):
        """Test REPL mode for experimentation."""
        runner = CliRunner()
>       result = runner.invoke(main, ['--repl'])
                 ^^^^^^^^^^^^^^^^^^^^^^^^^^^^^^^

tests\test_cli.py:551: 
_ _ _ _ _ _ _ _ _ _ _ _ _ _ _ _ _ _ _ _ _ _ _ _ _ _ _ _ _ _ _ _ _ _ _ _ _ _ _ _
C:\Users\Administrator\AppData\Local\Programs\Python\Python312\Lib\site-packages\click\testing.py:501: in invoke
    prog_name = self.get_default_prog_name(cli)
                ^^^^^^^^^^^^^^^^^^^^^^^^^^^^^^^
_ _ _ _ _ _ _ _ _ _ _ _ _ _ _ _ _ _ _ _ _ _ _ _ _ _ _ _ _ _ _ _ _ _ _ _ _ _ _ _

self = <click.testing.CliRunner object at 0x0000020C3A806CF0>
cli = <function main at 0x0000020C3A3F16C0>

    def get_default_prog_name(self, cli: Command) -> str:
        """Given a command object it will return the default program name
        for it.  The default is the `name` attribute or ``"root"`` if not
        set.
        """
>       return cli.name or "root"
               ^^^^^^^^
E       AttributeError: 'function' object has no attribute 'name'

C:\Users\Administrator\AppData\Local\Programs\Python\Python312\Lib\site-packages\click\testing.py:268: AttributeError
__________ TestCLIMultipleModes.test_interactive_with_custom_prompt ___________

self = <click.testing.CliRunner object at 0x0000020C3A615370>
cli = <function main at 0x0000020C3A3F16C0>
args = ['--interactive', '--prompt', 'sort>'], input = None, env = None
catch_exceptions = True, color = False, extra = {}, exc_info = None
outstreams = (<click.testing.BytesIOCopy object at 0x0000020C3A6750D0>, <click.testing.BytesIOCopy object at 0x0000020C3A674C20>, <_io.BytesIO object at 0x0000020C3A676480>)
return_value = None, exception = None, exit_code = 0

    def invoke(
        self,
        cli: Command,
        args: str | cabc.Sequence[str] | None = None,
        input: str | bytes | t.IO[t.Any] | None = None,
        env: cabc.Mapping[str, str | None] | None = None,
        catch_exceptions: bool | None = None,
        color: bool = False,
        **extra: t.Any,
    ) -> Result:
        """Invokes a command in an isolated environment.  The arguments are
        forwarded directly to the command line script, the `extra` keyword
        arguments are passed to the :meth:`~clickpkg.Command.main` function of
        the command.
    
        This returns a :class:`Result` object.
    
        :param cli: the command to invoke
        :param args: the arguments to invoke. It may be given as an iterable
                     or a string. When given as string it will be interpreted
                     as a Unix shell command. More details at
                     :func:`shlex.split`.
        :param input: the input data for `sys.stdin`.
        :param env: the environment overrides.
        :param catch_exceptions: Whether to catch any other exceptions than
                                 ``SystemExit``. If :data:`None`, the value
                                 from :class:`CliRunner` is used.
        :param extra: the keyword arguments to pass to :meth:`main`.
        :param color: whether the output should contain color codes. The
                      application can still override this explicitly.
    
        .. versionadded:: 8.2
            The result object has the ``output_bytes`` attribute with
            the mix of ``stdout_bytes`` and ``stderr_bytes``, as the user would
            see it in its terminal.
    
        .. versionchanged:: 8.2
            The result object always returns the ``stderr_bytes`` stream.
    
        .. versionchanged:: 8.0
            The result object has the ``return_value`` attribute with
            the value returned from the invoked command.
    
        .. versionchanged:: 4.0
            Added the ``color`` parameter.
    
        .. versionchanged:: 3.0
            Added the ``catch_exceptions`` parameter.
    
        .. versionchanged:: 3.0
            The result object has the ``exc_info`` attribute with the
            traceback if available.
        """
        exc_info = None
        if catch_exceptions is None:
            catch_exceptions = self.catch_exceptions
    
        with self.isolation(input=input, env=env, color=color) as outstreams:
            return_value = None
            exception: BaseException | None = None
            exit_code = 0
    
            if isinstance(args, str):
                args = shlex.split(args)
    
            try:
>               prog_name = extra.pop("prog_name")
                            ^^^^^^^^^^^^^^^^^^^^^^
E               KeyError: 'prog_name'

C:\Users\Administrator\AppData\Local\Programs\Python\Python312\Lib\site-packages\click\testing.py:499: KeyError

During handling of the above exception, another exception occurred:

self = <tests.test_cli.TestCLIMultipleModes object at 0x0000020C3A328920>

    def test_interactive_with_custom_prompt(self):
        """Test interactive mode with custom prompt."""
        runner = CliRunner()
>       result = runner.invoke(main, ['--interactive', '--prompt', 'sort>'])
                 ^^^^^^^^^^^^^^^^^^^^^^^^^^^^^^^^^^^^^^^^^^^^^^^^^^^^^^^^^^^

tests\test_cli.py:559: 
_ _ _ _ _ _ _ _ _ _ _ _ _ _ _ _ _ _ _ _ _ _ _ _ _ _ _ _ _ _ _ _ _ _ _ _ _ _ _ _
C:\Users\Administrator\AppData\Local\Programs\Python\Python312\Lib\site-packages\click\testing.py:501: in invoke
    prog_name = self.get_default_prog_name(cli)
                ^^^^^^^^^^^^^^^^^^^^^^^^^^^^^^^
_ _ _ _ _ _ _ _ _ _ _ _ _ _ _ _ _ _ _ _ _ _ _ _ _ _ _ _ _ _ _ _ _ _ _ _ _ _ _ _

self = <click.testing.CliRunner object at 0x0000020C3A615370>
cli = <function main at 0x0000020C3A3F16C0>

    def get_default_prog_name(self, cli: Command) -> str:
        """Given a command object it will return the default program name
        for it.  The default is the `name` attribute or ``"root"`` if not
        set.
        """
>       return cli.name or "root"
               ^^^^^^^^
E       AttributeError: 'function' object has no attribute 'name'

C:\Users\Administrator\AppData\Local\Programs\Python\Python312\Lib\site-packages\click\testing.py:268: AttributeError
__________________ TestCLIMultipleModes.test_piping_support ___________________

self = <click.testing.CliRunner object at 0x0000020C3A5DE780>
cli = <function main at 0x0000020C3A3F16C0>, args = ['--stdin']
input = '5\n3\n1\n', env = None, catch_exceptions = False, color = False
extra = {}, exc_info = None
outstreams = (<click.testing.BytesIOCopy object at 0x0000020C3A674EA0>, <click.testing.BytesIOCopy object at 0x0000020C3A674F40>, <_io.BytesIO object at 0x0000020C3A674E00>)
return_value = None, exception = None, exit_code = 0

    def invoke(
        self,
        cli: Command,
        args: str | cabc.Sequence[str] | None = None,
        input: str | bytes | t.IO[t.Any] | None = None,
        env: cabc.Mapping[str, str | None] | None = None,
        catch_exceptions: bool | None = None,
        color: bool = False,
        **extra: t.Any,
    ) -> Result:
        """Invokes a command in an isolated environment.  The arguments are
        forwarded directly to the command line script, the `extra` keyword
        arguments are passed to the :meth:`~clickpkg.Command.main` function of
        the command.
    
        This returns a :class:`Result` object.
    
        :param cli: the command to invoke
        :param args: the arguments to invoke. It may be given as an iterable
                     or a string. When given as string it will be interpreted
                     as a Unix shell command. More details at
                     :func:`shlex.split`.
        :param input: the input data for `sys.stdin`.
        :param env: the environment overrides.
        :param catch_exceptions: Whether to catch any other exceptions than
                                 ``SystemExit``. If :data:`None`, the value
                                 from :class:`CliRunner` is used.
        :param extra: the keyword arguments to pass to :meth:`main`.
        :param color: whether the output should contain color codes. The
                      application can still override this explicitly.
    
        .. versionadded:: 8.2
            The result object has the ``output_bytes`` attribute with
            the mix of ``stdout_bytes`` and ``stderr_bytes``, as the user would
            see it in its terminal.
    
        .. versionchanged:: 8.2
            The result object always returns the ``stderr_bytes`` stream.
    
        .. versionchanged:: 8.0
            The result object has the ``return_value`` attribute with
            the value returned from the invoked command.
    
        .. versionchanged:: 4.0
            Added the ``color`` parameter.
    
        .. versionchanged:: 3.0
            Added the ``catch_exceptions`` parameter.
    
        .. versionchanged:: 3.0
            The result object has the ``exc_info`` attribute with the
            traceback if available.
        """
        exc_info = None
        if catch_exceptions is None:
            catch_exceptions = self.catch_exceptions
    
        with self.isolation(input=input, env=env, color=color) as outstreams:
            return_value = None
            exception: BaseException | None = None
            exit_code = 0
    
            if isinstance(args, str):
                args = shlex.split(args)
    
            try:
>               prog_name = extra.pop("prog_name")
                            ^^^^^^^^^^^^^^^^^^^^^^
E               KeyError: 'prog_name'

C:\Users\Administrator\AppData\Local\Programs\Python\Python312\Lib\site-packages\click\testing.py:499: KeyError

During handling of the above exception, another exception occurred:

self = <tests.test_cli.TestCLIMultipleModes object at 0x0000020C3A2CCE30>

    def test_piping_support(self):
        """Test support for piping from other commands."""
        runner = CliRunner()
        # Simulate piping: echo "5 3 1" | bubble-sort
>       result = runner.invoke(main, ['--stdin'], input='5\n3\n1\n', catch_exceptions=False)
                 ^^^^^^^^^^^^^^^^^^^^^^^^^^^^^^^^^^^^^^^^^^^^^^^^^^^^^^^^^^^^^^^^^^^^^^^^^^^

tests\test_cli.py:568: 
_ _ _ _ _ _ _ _ _ _ _ _ _ _ _ _ _ _ _ _ _ _ _ _ _ _ _ _ _ _ _ _ _ _ _ _ _ _ _ _
C:\Users\Administrator\AppData\Local\Programs\Python\Python312\Lib\site-packages\click\testing.py:501: in invoke
    prog_name = self.get_default_prog_name(cli)
                ^^^^^^^^^^^^^^^^^^^^^^^^^^^^^^^
_ _ _ _ _ _ _ _ _ _ _ _ _ _ _ _ _ _ _ _ _ _ _ _ _ _ _ _ _ _ _ _ _ _ _ _ _ _ _ _

self = <click.testing.CliRunner object at 0x0000020C3A5DE780>
cli = <function main at 0x0000020C3A3F16C0>

    def get_default_prog_name(self, cli: Command) -> str:
        """Given a command object it will return the default program name
        for it.  The default is the `name` attribute or ``"root"`` if not
        set.
        """
>       return cli.name or "root"
               ^^^^^^^^
E       AttributeError: 'function' object has no attribute 'name'

C:\Users\Administrator\AppData\Local\Programs\Python\Python312\Lib\site-packages\click\testing.py:268: AttributeError
______________ TestCLIMultipleModes.test_batch_with_output_file _______________

self = <click.testing.CliRunner object at 0x0000020C3A1A2E10>
cli = <function main at 0x0000020C3A3F16C0>
args = ['5', '3', '1', '--output', 'sorted.txt'], input = None, env = None
catch_exceptions = True, color = False, extra = {}, exc_info = None
outstreams = (<click.testing.BytesIOCopy object at 0x0000020C3A77F9C0>, <click.testing.BytesIOCopy object at 0x0000020C3A77FA10>, <_io.BytesIO object at 0x0000020C3A77F8D0>)
return_value = None, exception = None, exit_code = 0

    def invoke(
        self,
        cli: Command,
        args: str | cabc.Sequence[str] | None = None,
        input: str | bytes | t.IO[t.Any] | None = None,
        env: cabc.Mapping[str, str | None] | None = None,
        catch_exceptions: bool | None = None,
        color: bool = False,
        **extra: t.Any,
    ) -> Result:
        """Invokes a command in an isolated environment.  The arguments are
        forwarded directly to the command line script, the `extra` keyword
        arguments are passed to the :meth:`~clickpkg.Command.main` function of
        the command.
    
        This returns a :class:`Result` object.
    
        :param cli: the command to invoke
        :param args: the arguments to invoke. It may be given as an iterable
                     or a string. When given as string it will be interpreted
                     as a Unix shell command. More details at
                     :func:`shlex.split`.
        :param input: the input data for `sys.stdin`.
        :param env: the environment overrides.
        :param catch_exceptions: Whether to catch any other exceptions than
                                 ``SystemExit``. If :data:`None`, the value
                                 from :class:`CliRunner` is used.
        :param extra: the keyword arguments to pass to :meth:`main`.
        :param color: whether the output should contain color codes. The
                      application can still override this explicitly.
    
        .. versionadded:: 8.2
            The result object has the ``output_bytes`` attribute with
            the mix of ``stdout_bytes`` and ``stderr_bytes``, as the user would
            see it in its terminal.
    
        .. versionchanged:: 8.2
            The result object always returns the ``stderr_bytes`` stream.
    
        .. versionchanged:: 8.0
            The result object has the ``return_value`` attribute with
            the value returned from the invoked command.
    
        .. versionchanged:: 4.0
            Added the ``color`` parameter.
    
        .. versionchanged:: 3.0
            Added the ``catch_exceptions`` parameter.
    
        .. versionchanged:: 3.0
            The result object has the ``exc_info`` attribute with the
            traceback if available.
        """
        exc_info = None
        if catch_exceptions is None:
            catch_exceptions = self.catch_exceptions
    
        with self.isolation(input=input, env=env, color=color) as outstreams:
            return_value = None
            exception: BaseException | None = None
            exit_code = 0
    
            if isinstance(args, str):
                args = shlex.split(args)
    
            try:
>               prog_name = extra.pop("prog_name")
                            ^^^^^^^^^^^^^^^^^^^^^^
E               KeyError: 'prog_name'

C:\Users\Administrator\AppData\Local\Programs\Python\Python312\Lib\site-packages\click\testing.py:499: KeyError

During handling of the above exception, another exception occurred:

self = <tests.test_cli.TestCLIMultipleModes object at 0x0000020C3A40C470>

    def test_batch_with_output_file(self):
        """Test batch mode with output to file."""
        runner = CliRunner()
        with runner.isolated_filesystem():
>           result = runner.invoke(main, ['5', '3', '1', '--output', 'sorted.txt'])
                     ^^^^^^^^^^^^^^^^^^^^^^^^^^^^^^^^^^^^^^^^^^^^^^^^^^^^^^^^^^^^^^

tests\test_cli.py:576: 
_ _ _ _ _ _ _ _ _ _ _ _ _ _ _ _ _ _ _ _ _ _ _ _ _ _ _ _ _ _ _ _ _ _ _ _ _ _ _ _
C:\Users\Administrator\AppData\Local\Programs\Python\Python312\Lib\site-packages\click\testing.py:501: in invoke
    prog_name = self.get_default_prog_name(cli)
                ^^^^^^^^^^^^^^^^^^^^^^^^^^^^^^^
_ _ _ _ _ _ _ _ _ _ _ _ _ _ _ _ _ _ _ _ _ _ _ _ _ _ _ _ _ _ _ _ _ _ _ _ _ _ _ _

self = <click.testing.CliRunner object at 0x0000020C3A1A2E10>
cli = <function main at 0x0000020C3A3F16C0>

    def get_default_prog_name(self, cli: Command) -> str:
        """Given a command object it will return the default program name
        for it.  The default is the `name` attribute or ``"root"`` if not
        set.
        """
>       return cli.name or "root"
               ^^^^^^^^
E       AttributeError: 'function' object has no attribute 'name'

C:\Users\Administrator\AppData\Local\Programs\Python\Python312\Lib\site-packages\click\testing.py:268: AttributeError
_____________ TestCLIMultipleModes.test_interactive_quit_command ______________

self = <click.testing.CliRunner object at 0x0000020C3A611E50>
cli = <function main at 0x0000020C3A3F16C0>, args = ['--interactive']
input = 'quit\n', env = None, catch_exceptions = True, color = False, extra = {}
exc_info = None
outstreams = (<click.testing.BytesIOCopy object at 0x0000020C3A600C20>, <click.testing.BytesIOCopy object at 0x0000020C3A600CC0>, <_io.BytesIO object at 0x0000020C3A603E70>)
return_value = None, exception = None, exit_code = 0

    def invoke(
        self,
        cli: Command,
        args: str | cabc.Sequence[str] | None = None,
        input: str | bytes | t.IO[t.Any] | None = None,
        env: cabc.Mapping[str, str | None] | None = None,
        catch_exceptions: bool | None = None,
        color: bool = False,
        **extra: t.Any,
    ) -> Result:
        """Invokes a command in an isolated environment.  The arguments are
        forwarded directly to the command line script, the `extra` keyword
        arguments are passed to the :meth:`~clickpkg.Command.main` function of
        the command.
    
        This returns a :class:`Result` object.
    
        :param cli: the command to invoke
        :param args: the arguments to invoke. It may be given as an iterable
                     or a string. When given as string it will be interpreted
                     as a Unix shell command. More details at
                     :func:`shlex.split`.
        :param input: the input data for `sys.stdin`.
        :param env: the environment overrides.
        :param catch_exceptions: Whether to catch any other exceptions than
                                 ``SystemExit``. If :data:`None`, the value
                                 from :class:`CliRunner` is used.
        :param extra: the keyword arguments to pass to :meth:`main`.
        :param color: whether the output should contain color codes. The
                      application can still override this explicitly.
    
        .. versionadded:: 8.2
            The result object has the ``output_bytes`` attribute with
            the mix of ``stdout_bytes`` and ``stderr_bytes``, as the user would
            see it in its terminal.
    
        .. versionchanged:: 8.2
            The result object always returns the ``stderr_bytes`` stream.
    
        .. versionchanged:: 8.0
            The result object has the ``return_value`` attribute with
            the value returned from the invoked command.
    
        .. versionchanged:: 4.0
            Added the ``color`` parameter.
    
        .. versionchanged:: 3.0
            Added the ``catch_exceptions`` parameter.
    
        .. versionchanged:: 3.0
            The result object has the ``exc_info`` attribute with the
            traceback if available.
        """
        exc_info = None
        if catch_exceptions is None:
            catch_exceptions = self.catch_exceptions
    
        with self.isolation(input=input, env=env, color=color) as outstreams:
            return_value = None
            exception: BaseException | None = None
            exit_code = 0
    
            if isinstance(args, str):
                args = shlex.split(args)
    
            try:
>               prog_name = extra.pop("prog_name")
                            ^^^^^^^^^^^^^^^^^^^^^^
E               KeyError: 'prog_name'

C:\Users\Administrator\AppData\Local\Programs\Python\Python312\Lib\site-packages\click\testing.py:499: KeyError

During handling of the above exception, another exception occurred:

self = <tests.test_cli.TestCLIMultipleModes object at 0x0000020C3A40F5F0>

    def test_interactive_quit_command(self):
        """Test interactive mode accepts quit command."""
        runner = CliRunner()
>       result = runner.invoke(main, ['--interactive'], input='quit\n')
                 ^^^^^^^^^^^^^^^^^^^^^^^^^^^^^^^^^^^^^^^^^^^^^^^^^^^^^^

tests\test_cli.py:588: 
_ _ _ _ _ _ _ _ _ _ _ _ _ _ _ _ _ _ _ _ _ _ _ _ _ _ _ _ _ _ _ _ _ _ _ _ _ _ _ _
C:\Users\Administrator\AppData\Local\Programs\Python\Python312\Lib\site-packages\click\testing.py:501: in invoke
    prog_name = self.get_default_prog_name(cli)
                ^^^^^^^^^^^^^^^^^^^^^^^^^^^^^^^
_ _ _ _ _ _ _ _ _ _ _ _ _ _ _ _ _ _ _ _ _ _ _ _ _ _ _ _ _ _ _ _ _ _ _ _ _ _ _ _

self = <click.testing.CliRunner object at 0x0000020C3A611E50>
cli = <function main at 0x0000020C3A3F16C0>

    def get_default_prog_name(self, cli: Command) -> str:
        """Given a command object it will return the default program name
        for it.  The default is the `name` attribute or ``"root"`` if not
        set.
        """
>       return cli.name or "root"
               ^^^^^^^^
E       AttributeError: 'function' object has no attribute 'name'

C:\Users\Administrator\AppData\Local\Programs\Python\Python312\Lib\site-packages\click\testing.py:268: AttributeError
__________________ TestCLIOutputFile.test_output_file_basic ___________________

self = <click.testing.CliRunner object at 0x0000020C3A5FCC20>
cli = <function main at 0x0000020C3A3F16C0>
args = ['5', '3', '1', '--output', 'sorted.txt'], input = None, env = None
catch_exceptions = True, color = False, extra = {}, exc_info = None
outstreams = (<click.testing.BytesIOCopy object at 0x0000020C3A677650>, <click.testing.BytesIOCopy object at 0x0000020C3A676200>, <_io.BytesIO object at 0x0000020C3A600B80>)
return_value = None, exception = None, exit_code = 0

    def invoke(
        self,
        cli: Command,
        args: str | cabc.Sequence[str] | None = None,
        input: str | bytes | t.IO[t.Any] | None = None,
        env: cabc.Mapping[str, str | None] | None = None,
        catch_exceptions: bool | None = None,
        color: bool = False,
        **extra: t.Any,
    ) -> Result:
        """Invokes a command in an isolated environment.  The arguments are
        forwarded directly to the command line script, the `extra` keyword
        arguments are passed to the :meth:`~clickpkg.Command.main` function of
        the command.
    
        This returns a :class:`Result` object.
    
        :param cli: the command to invoke
        :param args: the arguments to invoke. It may be given as an iterable
                     or a string. When given as string it will be interpreted
                     as a Unix shell command. More details at
                     :func:`shlex.split`.
        :param input: the input data for `sys.stdin`.
        :param env: the environment overrides.
        :param catch_exceptions: Whether to catch any other exceptions than
                                 ``SystemExit``. If :data:`None`, the value
                                 from :class:`CliRunner` is used.
        :param extra: the keyword arguments to pass to :meth:`main`.
        :param color: whether the output should contain color codes. The
                      application can still override this explicitly.
    
        .. versionadded:: 8.2
            The result object has the ``output_bytes`` attribute with
            the mix of ``stdout_bytes`` and ``stderr_bytes``, as the user would
            see it in its terminal.
    
        .. versionchanged:: 8.2
            The result object always returns the ``stderr_bytes`` stream.
    
        .. versionchanged:: 8.0
            The result object has the ``return_value`` attribute with
            the value returned from the invoked command.
    
        .. versionchanged:: 4.0
            Added the ``color`` parameter.
    
        .. versionchanged:: 3.0
            Added the ``catch_exceptions`` parameter.
    
        .. versionchanged:: 3.0
            The result object has the ``exc_info`` attribute with the
            traceback if available.
        """
        exc_info = None
        if catch_exceptions is None:
            catch_exceptions = self.catch_exceptions
    
        with self.isolation(input=input, env=env, color=color) as outstreams:
            return_value = None
            exception: BaseException | None = None
            exit_code = 0
    
            if isinstance(args, str):
                args = shlex.split(args)
    
            try:
>               prog_name = extra.pop("prog_name")
                            ^^^^^^^^^^^^^^^^^^^^^^
E               KeyError: 'prog_name'

C:\Users\Administrator\AppData\Local\Programs\Python\Python312\Lib\site-packages\click\testing.py:499: KeyError

During handling of the above exception, another exception occurred:

self = <tests.test_cli.TestCLIOutputFile object at 0x0000020C3A40EC30>

    def test_output_file_basic(self):
        """Test basic output to file."""
        runner = CliRunner()
        with runner.isolated_filesystem():
>           result = runner.invoke(main, ['5', '3', '1', '--output', 'sorted.txt'])
                     ^^^^^^^^^^^^^^^^^^^^^^^^^^^^^^^^^^^^^^^^^^^^^^^^^^^^^^^^^^^^^^

tests\test_cli.py:601: 
_ _ _ _ _ _ _ _ _ _ _ _ _ _ _ _ _ _ _ _ _ _ _ _ _ _ _ _ _ _ _ _ _ _ _ _ _ _ _ _
C:\Users\Administrator\AppData\Local\Programs\Python\Python312\Lib\site-packages\click\testing.py:501: in invoke
    prog_name = self.get_default_prog_name(cli)
                ^^^^^^^^^^^^^^^^^^^^^^^^^^^^^^^
_ _ _ _ _ _ _ _ _ _ _ _ _ _ _ _ _ _ _ _ _ _ _ _ _ _ _ _ _ _ _ _ _ _ _ _ _ _ _ _

self = <click.testing.CliRunner object at 0x0000020C3A5FCC20>
cli = <function main at 0x0000020C3A3F16C0>

    def get_default_prog_name(self, cli: Command) -> str:
        """Given a command object it will return the default program name
        for it.  The default is the `name` attribute or ``"root"`` if not
        set.
        """
>       return cli.name or "root"
               ^^^^^^^^
E       AttributeError: 'function' object has no attribute 'name'

C:\Users\Administrator\AppData\Local\Programs\Python\Python312\Lib\site-packages\click\testing.py:268: AttributeError
________________ TestCLIOutputFile.test_output_file_short_flag ________________

self = <click.testing.CliRunner object at 0x0000020C3A1A3290>
cli = <function main at 0x0000020C3A3F16C0>
args = ['5', '3', '1', '-o', 'sorted.txt'], input = None, env = None
catch_exceptions = True, color = False, extra = {}, exc_info = None
outstreams = (<click.testing.BytesIOCopy object at 0x0000020C3A72A570>, <click.testing.BytesIOCopy object at 0x0000020C3A72A430>, <_io.BytesIO object at 0x0000020C3A72ACF0>)
return_value = None, exception = None, exit_code = 0

    def invoke(
        self,
        cli: Command,
        args: str | cabc.Sequence[str] | None = None,
        input: str | bytes | t.IO[t.Any] | None = None,
        env: cabc.Mapping[str, str | None] | None = None,
        catch_exceptions: bool | None = None,
        color: bool = False,
        **extra: t.Any,
    ) -> Result:
        """Invokes a command in an isolated environment.  The arguments are
        forwarded directly to the command line script, the `extra` keyword
        arguments are passed to the :meth:`~clickpkg.Command.main` function of
        the command.
    
        This returns a :class:`Result` object.
    
        :param cli: the command to invoke
        :param args: the arguments to invoke. It may be given as an iterable
                     or a string. When given as string it will be interpreted
                     as a Unix shell command. More details at
                     :func:`shlex.split`.
        :param input: the input data for `sys.stdin`.
        :param env: the environment overrides.
        :param catch_exceptions: Whether to catch any other exceptions than
                                 ``SystemExit``. If :data:`None`, the value
                                 from :class:`CliRunner` is used.
        :param extra: the keyword arguments to pass to :meth:`main`.
        :param color: whether the output should contain color codes. The
                      application can still override this explicitly.
    
        .. versionadded:: 8.2
            The result object has the ``output_bytes`` attribute with
            the mix of ``stdout_bytes`` and ``stderr_bytes``, as the user would
            see it in its terminal.
    
        .. versionchanged:: 8.2
            The result object always returns the ``stderr_bytes`` stream.
    
        .. versionchanged:: 8.0
            The result object has the ``return_value`` attribute with
            the value returned from the invoked command.
    
        .. versionchanged:: 4.0
            Added the ``color`` parameter.
    
        .. versionchanged:: 3.0
            Added the ``catch_exceptions`` parameter.
    
        .. versionchanged:: 3.0
            The result object has the ``exc_info`` attribute with the
            traceback if available.
        """
        exc_info = None
        if catch_exceptions is None:
            catch_exceptions = self.catch_exceptions
    
        with self.isolation(input=input, env=env, color=color) as outstreams:
            return_value = None
            exception: BaseException | None = None
            exit_code = 0
    
            if isinstance(args, str):
                args = shlex.split(args)
    
            try:
>               prog_name = extra.pop("prog_name")
                            ^^^^^^^^^^^^^^^^^^^^^^
E               KeyError: 'prog_name'

C:\Users\Administrator\AppData\Local\Programs\Python\Python312\Lib\site-packages\click\testing.py:499: KeyError

During handling of the above exception, another exception occurred:

self = <tests.test_cli.TestCLIOutputFile object at 0x0000020C3A40D2E0>

    def test_output_file_short_flag(self):
        """Test -o short flag for output file."""
        runner = CliRunner()
        with runner.isolated_filesystem():
>           result = runner.invoke(main, ['5', '3', '1', '-o', 'sorted.txt'])
                     ^^^^^^^^^^^^^^^^^^^^^^^^^^^^^^^^^^^^^^^^^^^^^^^^^^^^^^^^

tests\test_cli.py:612: 
_ _ _ _ _ _ _ _ _ _ _ _ _ _ _ _ _ _ _ _ _ _ _ _ _ _ _ _ _ _ _ _ _ _ _ _ _ _ _ _
C:\Users\Administrator\AppData\Local\Programs\Python\Python312\Lib\site-packages\click\testing.py:501: in invoke
    prog_name = self.get_default_prog_name(cli)
                ^^^^^^^^^^^^^^^^^^^^^^^^^^^^^^^
_ _ _ _ _ _ _ _ _ _ _ _ _ _ _ _ _ _ _ _ _ _ _ _ _ _ _ _ _ _ _ _ _ _ _ _ _ _ _ _

self = <click.testing.CliRunner object at 0x0000020C3A1A3290>
cli = <function main at 0x0000020C3A3F16C0>

    def get_default_prog_name(self, cli: Command) -> str:
        """Given a command object it will return the default program name
        for it.  The default is the `name` attribute or ``"root"`` if not
        set.
        """
>       return cli.name or "root"
               ^^^^^^^^
E       AttributeError: 'function' object has no attribute 'name'

C:\Users\Administrator\AppData\Local\Programs\Python\Python312\Lib\site-packages\click\testing.py:268: AttributeError
_____________ TestCLIOutputFile.test_output_file_with_file_input ______________

self = <click.testing.CliRunner object at 0x0000020C3A614BC0>
cli = <function main at 0x0000020C3A3F16C0>
args = ['-f', 'input.txt', '-o', 'sorted.txt'], input = None, env = None
catch_exceptions = True, color = False, extra = {}, exc_info = None
outstreams = (<click.testing.BytesIOCopy object at 0x0000020C3A5AEC00>, <click.testing.BytesIOCopy object at 0x0000020C3A5ADB20>, <_io.BytesIO object at 0x0000020C3A5ACE50>)
return_value = None, exception = None, exit_code = 0

    def invoke(
        self,
        cli: Command,
        args: str | cabc.Sequence[str] | None = None,
        input: str | bytes | t.IO[t.Any] | None = None,
        env: cabc.Mapping[str, str | None] | None = None,
        catch_exceptions: bool | None = None,
        color: bool = False,
        **extra: t.Any,
    ) -> Result:
        """Invokes a command in an isolated environment.  The arguments are
        forwarded directly to the command line script, the `extra` keyword
        arguments are passed to the :meth:`~clickpkg.Command.main` function of
        the command.
    
        This returns a :class:`Result` object.
    
        :param cli: the command to invoke
        :param args: the arguments to invoke. It may be given as an iterable
                     or a string. When given as string it will be interpreted
                     as a Unix shell command. More details at
                     :func:`shlex.split`.
        :param input: the input data for `sys.stdin`.
        :param env: the environment overrides.
        :param catch_exceptions: Whether to catch any other exceptions than
                                 ``SystemExit``. If :data:`None`, the value
                                 from :class:`CliRunner` is used.
        :param extra: the keyword arguments to pass to :meth:`main`.
        :param color: whether the output should contain color codes. The
                      application can still override this explicitly.
    
        .. versionadded:: 8.2
            The result object has the ``output_bytes`` attribute with
            the mix of ``stdout_bytes`` and ``stderr_bytes``, as the user would
            see it in its terminal.
    
        .. versionchanged:: 8.2
            The result object always returns the ``stderr_bytes`` stream.
    
        .. versionchanged:: 8.0
            The result object has the ``return_value`` attribute with
            the value returned from the invoked command.
    
        .. versionchanged:: 4.0
            Added the ``color`` parameter.
    
        .. versionchanged:: 3.0
            Added the ``catch_exceptions`` parameter.
    
        .. versionchanged:: 3.0
            The result object has the ``exc_info`` attribute with the
            traceback if available.
        """
        exc_info = None
        if catch_exceptions is None:
            catch_exceptions = self.catch_exceptions
    
        with self.isolation(input=input, env=env, color=color) as outstreams:
            return_value = None
            exception: BaseException | None = None
            exit_code = 0
    
            if isinstance(args, str):
                args = shlex.split(args)
    
            try:
>               prog_name = extra.pop("prog_name")
                            ^^^^^^^^^^^^^^^^^^^^^^
E               KeyError: 'prog_name'

C:\Users\Administrator\AppData\Local\Programs\Python\Python312\Lib\site-packages\click\testing.py:499: KeyError

During handling of the above exception, another exception occurred:

self = <tests.test_cli.TestCLIOutputFile object at 0x0000020C3A435D00>

    def test_output_file_with_file_input(self):
        """Test output file combined with input file."""
        runner = CliRunner()
        with runner.isolated_filesystem():
            with open('input.txt', 'w') as f:
                f.write('5\n3\n1\n')
    
>           result = runner.invoke(main, ['-f', 'input.txt', '-o', 'sorted.txt'])
                     ^^^^^^^^^^^^^^^^^^^^^^^^^^^^^^^^^^^^^^^^^^^^^^^^^^^^^^^^^^^^

tests\test_cli.py:623: 
_ _ _ _ _ _ _ _ _ _ _ _ _ _ _ _ _ _ _ _ _ _ _ _ _ _ _ _ _ _ _ _ _ _ _ _ _ _ _ _
C:\Users\Administrator\AppData\Local\Programs\Python\Python312\Lib\site-packages\click\testing.py:501: in invoke
    prog_name = self.get_default_prog_name(cli)
                ^^^^^^^^^^^^^^^^^^^^^^^^^^^^^^^
_ _ _ _ _ _ _ _ _ _ _ _ _ _ _ _ _ _ _ _ _ _ _ _ _ _ _ _ _ _ _ _ _ _ _ _ _ _ _ _

self = <click.testing.CliRunner object at 0x0000020C3A614BC0>
cli = <function main at 0x0000020C3A3F16C0>

    def get_default_prog_name(self, cli: Command) -> str:
        """Given a command object it will return the default program name
        for it.  The default is the `name` attribute or ``"root"`` if not
        set.
        """
>       return cli.name or "root"
               ^^^^^^^^
E       AttributeError: 'function' object has no attribute 'name'

C:\Users\Administrator\AppData\Local\Programs\Python\Python312\Lib\site-packages\click\testing.py:268: AttributeError
________________ TestCLIOutputFile.test_output_file_overwrite _________________

self = <click.testing.CliRunner object at 0x0000020C3A8040E0>
cli = <function main at 0x0000020C3A3F16C0>
args = ['5', '3', '1', '--output', 'sorted.txt'], input = None, env = None
catch_exceptions = True, color = False, extra = {}, exc_info = None
outstreams = (<click.testing.BytesIOCopy object at 0x0000020C3A1F4360>, <click.testing.BytesIOCopy object at 0x0000020C3A1F5850>, <_io.BytesIO object at 0x0000020C3A1F58A0>)
return_value = None, exception = None, exit_code = 0

    def invoke(
        self,
        cli: Command,
        args: str | cabc.Sequence[str] | None = None,
        input: str | bytes | t.IO[t.Any] | None = None,
        env: cabc.Mapping[str, str | None] | None = None,
        catch_exceptions: bool | None = None,
        color: bool = False,
        **extra: t.Any,
    ) -> Result:
        """Invokes a command in an isolated environment.  The arguments are
        forwarded directly to the command line script, the `extra` keyword
        arguments are passed to the :meth:`~clickpkg.Command.main` function of
        the command.
    
        This returns a :class:`Result` object.
    
        :param cli: the command to invoke
        :param args: the arguments to invoke. It may be given as an iterable
                     or a string. When given as string it will be interpreted
                     as a Unix shell command. More details at
                     :func:`shlex.split`.
        :param input: the input data for `sys.stdin`.
        :param env: the environment overrides.
        :param catch_exceptions: Whether to catch any other exceptions than
                                 ``SystemExit``. If :data:`None`, the value
                                 from :class:`CliRunner` is used.
        :param extra: the keyword arguments to pass to :meth:`main`.
        :param color: whether the output should contain color codes. The
                      application can still override this explicitly.
    
        .. versionadded:: 8.2
            The result object has the ``output_bytes`` attribute with
            the mix of ``stdout_bytes`` and ``stderr_bytes``, as the user would
            see it in its terminal.
    
        .. versionchanged:: 8.2
            The result object always returns the ``stderr_bytes`` stream.
    
        .. versionchanged:: 8.0
            The result object has the ``return_value`` attribute with
            the value returned from the invoked command.
    
        .. versionchanged:: 4.0
            Added the ``color`` parameter.
    
        .. versionchanged:: 3.0
            Added the ``catch_exceptions`` parameter.
    
        .. versionchanged:: 3.0
            The result object has the ``exc_info`` attribute with the
            traceback if available.
        """
        exc_info = None
        if catch_exceptions is None:
            catch_exceptions = self.catch_exceptions
    
        with self.isolation(input=input, env=env, color=color) as outstreams:
            return_value = None
            exception: BaseException | None = None
            exit_code = 0
    
            if isinstance(args, str):
                args = shlex.split(args)
    
            try:
>               prog_name = extra.pop("prog_name")
                            ^^^^^^^^^^^^^^^^^^^^^^
E               KeyError: 'prog_name'

C:\Users\Administrator\AppData\Local\Programs\Python\Python312\Lib\site-packages\click\testing.py:499: KeyError

During handling of the above exception, another exception occurred:

self = <tests.test_cli.TestCLIOutputFile object at 0x0000020C3A4357C0>

    def test_output_file_overwrite(self):
        """Test that output file overwrites existing file."""
        runner = CliRunner()
        with runner.isolated_filesystem():
            # Create existing file
            with open('sorted.txt', 'w') as f:
                f.write('old data\n')
    
>           result = runner.invoke(main, ['5', '3', '1', '--output', 'sorted.txt'])
                     ^^^^^^^^^^^^^^^^^^^^^^^^^^^^^^^^^^^^^^^^^^^^^^^^^^^^^^^^^^^^^^

tests\test_cli.py:638: 
_ _ _ _ _ _ _ _ _ _ _ _ _ _ _ _ _ _ _ _ _ _ _ _ _ _ _ _ _ _ _ _ _ _ _ _ _ _ _ _
C:\Users\Administrator\AppData\Local\Programs\Python\Python312\Lib\site-packages\click\testing.py:501: in invoke
    prog_name = self.get_default_prog_name(cli)
                ^^^^^^^^^^^^^^^^^^^^^^^^^^^^^^^
_ _ _ _ _ _ _ _ _ _ _ _ _ _ _ _ _ _ _ _ _ _ _ _ _ _ _ _ _ _ _ _ _ _ _ _ _ _ _ _

self = <click.testing.CliRunner object at 0x0000020C3A8040E0>
cli = <function main at 0x0000020C3A3F16C0>

    def get_default_prog_name(self, cli: Command) -> str:
        """Given a command object it will return the default program name
        for it.  The default is the `name` attribute or ``"root"`` if not
        set.
        """
>       return cli.name or "root"
               ^^^^^^^^
E       AttributeError: 'function' object has no attribute 'name'

C:\Users\Administrator\AppData\Local\Programs\Python\Python312\Lib\site-packages\click\testing.py:268: AttributeError
_______________ TestCLIOutputFile.test_output_file_invalid_path _______________

self = <click.testing.CliRunner object at 0x0000020C3A76EE40>
cli = <function main at 0x0000020C3A3F16C0>
args = ['5', '3', '1', '--output', '/nonexistent/path/file.txt'], input = None
env = None, catch_exceptions = True, color = False, extra = {}, exc_info = None
outstreams = (<click.testing.BytesIOCopy object at 0x0000020C3A674220>, <click.testing.BytesIOCopy object at 0x0000020C3A677920>, <_io.BytesIO object at 0x0000020C3A674310>)
return_value = None, exception = None, exit_code = 0

    def invoke(
        self,
        cli: Command,
        args: str | cabc.Sequence[str] | None = None,
        input: str | bytes | t.IO[t.Any] | None = None,
        env: cabc.Mapping[str, str | None] | None = None,
        catch_exceptions: bool | None = None,
        color: bool = False,
        **extra: t.Any,
    ) -> Result:
        """Invokes a command in an isolated environment.  The arguments are
        forwarded directly to the command line script, the `extra` keyword
        arguments are passed to the :meth:`~clickpkg.Command.main` function of
        the command.
    
        This returns a :class:`Result` object.
    
        :param cli: the command to invoke
        :param args: the arguments to invoke. It may be given as an iterable
                     or a string. When given as string it will be interpreted
                     as a Unix shell command. More details at
                     :func:`shlex.split`.
        :param input: the input data for `sys.stdin`.
        :param env: the environment overrides.
        :param catch_exceptions: Whether to catch any other exceptions than
                                 ``SystemExit``. If :data:`None`, the value
                                 from :class:`CliRunner` is used.
        :param extra: the keyword arguments to pass to :meth:`main`.
        :param color: whether the output should contain color codes. The
                      application can still override this explicitly.
    
        .. versionadded:: 8.2
            The result object has the ``output_bytes`` attribute with
            the mix of ``stdout_bytes`` and ``stderr_bytes``, as the user would
            see it in its terminal.
    
        .. versionchanged:: 8.2
            The result object always returns the ``stderr_bytes`` stream.
    
        .. versionchanged:: 8.0
            The result object has the ``return_value`` attribute with
            the value returned from the invoked command.
    
        .. versionchanged:: 4.0
            Added the ``color`` parameter.
    
        .. versionchanged:: 3.0
            Added the ``catch_exceptions`` parameter.
    
        .. versionchanged:: 3.0
            The result object has the ``exc_info`` attribute with the
            traceback if available.
        """
        exc_info = None
        if catch_exceptions is None:
            catch_exceptions = self.catch_exceptions
    
        with self.isolation(input=input, env=env, color=color) as outstreams:
            return_value = None
            exception: BaseException | None = None
            exit_code = 0
    
            if isinstance(args, str):
                args = shlex.split(args)
    
            try:
>               prog_name = extra.pop("prog_name")
                            ^^^^^^^^^^^^^^^^^^^^^^
E               KeyError: 'prog_name'

C:\Users\Administrator\AppData\Local\Programs\Python\Python312\Lib\site-packages\click\testing.py:499: KeyError

During handling of the above exception, another exception occurred:

self = <tests.test_cli.TestCLIOutputFile object at 0x0000020C3A4352B0>

    def test_output_file_invalid_path(self):
        """Test error handling for invalid output path."""
        runner = CliRunner()
>       result = runner.invoke(main, ['5', '3', '1', '--output', '/nonexistent/path/file.txt'])
                 ^^^^^^^^^^^^^^^^^^^^^^^^^^^^^^^^^^^^^^^^^^^^^^^^^^^^^^^^^^^^^^^^^^^^^^^^^^^^^^

tests\test_cli.py:649: 
_ _ _ _ _ _ _ _ _ _ _ _ _ _ _ _ _ _ _ _ _ _ _ _ _ _ _ _ _ _ _ _ _ _ _ _ _ _ _ _
C:\Users\Administrator\AppData\Local\Programs\Python\Python312\Lib\site-packages\click\testing.py:501: in invoke
    prog_name = self.get_default_prog_name(cli)
                ^^^^^^^^^^^^^^^^^^^^^^^^^^^^^^^
_ _ _ _ _ _ _ _ _ _ _ _ _ _ _ _ _ _ _ _ _ _ _ _ _ _ _ _ _ _ _ _ _ _ _ _ _ _ _ _

self = <click.testing.CliRunner object at 0x0000020C3A76EE40>
cli = <function main at 0x0000020C3A3F16C0>

    def get_default_prog_name(self, cli: Command) -> str:
        """Given a command object it will return the default program name
        for it.  The default is the `name` attribute or ``"root"`` if not
        set.
        """
>       return cli.name or "root"
               ^^^^^^^^
E       AttributeError: 'function' object has no attribute 'name'

C:\Users\Administrator\AppData\Local\Programs\Python\Python312\Lib\site-packages\click\testing.py:268: AttributeError
______ TestCLIComprehensiveScenarios.test_complete_workflow_command_line ______

self = <click.testing.CliRunner object at 0x0000020C3A76CB30>
cli = <function main at 0x0000020C3A3F16C0>
args = ['64', '34', '25', '12', '22', '11', ...], input = None, env = None
catch_exceptions = True, color = False, extra = {}, exc_info = None
outstreams = (<click.testing.BytesIOCopy object at 0x0000020C3A677290>, <click.testing.BytesIOCopy object at 0x0000020C3A6767F0>, <_io.BytesIO object at 0x0000020C3A6767A0>)
return_value = None, exception = None, exit_code = 0

    def invoke(
        self,
        cli: Command,
        args: str | cabc.Sequence[str] | None = None,
        input: str | bytes | t.IO[t.Any] | None = None,
        env: cabc.Mapping[str, str | None] | None = None,
        catch_exceptions: bool | None = None,
        color: bool = False,
        **extra: t.Any,
    ) -> Result:
        """Invokes a command in an isolated environment.  The arguments are
        forwarded directly to the command line script, the `extra` keyword
        arguments are passed to the :meth:`~clickpkg.Command.main` function of
        the command.
    
        This returns a :class:`Result` object.
    
        :param cli: the command to invoke
        :param args: the arguments to invoke. It may be given as an iterable
                     or a string. When given as string it will be interpreted
                     as a Unix shell command. More details at
                     :func:`shlex.split`.
        :param input: the input data for `sys.stdin`.
        :param env: the environment overrides.
        :param catch_exceptions: Whether to catch any other exceptions than
                                 ``SystemExit``. If :data:`None`, the value
                                 from :class:`CliRunner` is used.
        :param extra: the keyword arguments to pass to :meth:`main`.
        :param color: whether the output should contain color codes. The
                      application can still override this explicitly.
    
        .. versionadded:: 8.2
            The result object has the ``output_bytes`` attribute with
            the mix of ``stdout_bytes`` and ``stderr_bytes``, as the user would
            see it in its terminal.
    
        .. versionchanged:: 8.2
            The result object always returns the ``stderr_bytes`` stream.
    
        .. versionchanged:: 8.0
            The result object has the ``return_value`` attribute with
            the value returned from the invoked command.
    
        .. versionchanged:: 4.0
            Added the ``color`` parameter.
    
        .. versionchanged:: 3.0
            Added the ``catch_exceptions`` parameter.
    
        .. versionchanged:: 3.0
            The result object has the ``exc_info`` attribute with the
            traceback if available.
        """
        exc_info = None
        if catch_exceptions is None:
            catch_exceptions = self.catch_exceptions
    
        with self.isolation(input=input, env=env, color=color) as outstreams:
            return_value = None
            exception: BaseException | None = None
            exit_code = 0
    
            if isinstance(args, str):
                args = shlex.split(args)
    
            try:
>               prog_name = extra.pop("prog_name")
                            ^^^^^^^^^^^^^^^^^^^^^^
E               KeyError: 'prog_name'

C:\Users\Administrator\AppData\Local\Programs\Python\Python312\Lib\site-packages\click\testing.py:499: KeyError

During handling of the above exception, another exception occurred:

self = <tests.test_cli.TestCLIComprehensiveScenarios object at 0x0000020C3A434350>

    def test_complete_workflow_command_line(self):
        """Test complete workflow using command line arguments."""
        runner = CliRunner()
>       result = runner.invoke(main, ['64', '34', '25', '12', '22', '11', '90'])
                 ^^^^^^^^^^^^^^^^^^^^^^^^^^^^^^^^^^^^^^^^^^^^^^^^^^^^^^^^^^^^^^^

tests\test_cli.py:660: 
_ _ _ _ _ _ _ _ _ _ _ _ _ _ _ _ _ _ _ _ _ _ _ _ _ _ _ _ _ _ _ _ _ _ _ _ _ _ _ _
C:\Users\Administrator\AppData\Local\Programs\Python\Python312\Lib\site-packages\click\testing.py:501: in invoke
    prog_name = self.get_default_prog_name(cli)
                ^^^^^^^^^^^^^^^^^^^^^^^^^^^^^^^
_ _ _ _ _ _ _ _ _ _ _ _ _ _ _ _ _ _ _ _ _ _ _ _ _ _ _ _ _ _ _ _ _ _ _ _ _ _ _ _

self = <click.testing.CliRunner object at 0x0000020C3A76CB30>
cli = <function main at 0x0000020C3A3F16C0>

    def get_default_prog_name(self, cli: Command) -> str:
        """Given a command object it will return the default program name
        for it.  The default is the `name` attribute or ``"root"`` if not
        set.
        """
>       return cli.name or "root"
               ^^^^^^^^
E       AttributeError: 'function' object has no attribute 'name'

C:\Users\Administrator\AppData\Local\Programs\Python\Python312\Lib\site-packages\click\testing.py:268: AttributeError
_______ TestCLIComprehensiveScenarios.test_complete_workflow_with_file ________

self = <click.testing.CliRunner object at 0x0000020C3A673CB0>
cli = <function main at 0x0000020C3A3F16C0>, args = ['--file', 'input.txt']
input = None, env = None, catch_exceptions = True, color = False, extra = {}
exc_info = None
outstreams = (<click.testing.BytesIOCopy object at 0x0000020C3A677AB0>, <click.testing.BytesIOCopy object at 0x0000020C3A675490>, <_io.BytesIO object at 0x0000020C3A6762F0>)
return_value = None, exception = None, exit_code = 0

    def invoke(
        self,
        cli: Command,
        args: str | cabc.Sequence[str] | None = None,
        input: str | bytes | t.IO[t.Any] | None = None,
        env: cabc.Mapping[str, str | None] | None = None,
        catch_exceptions: bool | None = None,
        color: bool = False,
        **extra: t.Any,
    ) -> Result:
        """Invokes a command in an isolated environment.  The arguments are
        forwarded directly to the command line script, the `extra` keyword
        arguments are passed to the :meth:`~clickpkg.Command.main` function of
        the command.
    
        This returns a :class:`Result` object.
    
        :param cli: the command to invoke
        :param args: the arguments to invoke. It may be given as an iterable
                     or a string. When given as string it will be interpreted
                     as a Unix shell command. More details at
                     :func:`shlex.split`.
        :param input: the input data for `sys.stdin`.
        :param env: the environment overrides.
        :param catch_exceptions: Whether to catch any other exceptions than
                                 ``SystemExit``. If :data:`None`, the value
                                 from :class:`CliRunner` is used.
        :param extra: the keyword arguments to pass to :meth:`main`.
        :param color: whether the output should contain color codes. The
                      application can still override this explicitly.
    
        .. versionadded:: 8.2
            The result object has the ``output_bytes`` attribute with
            the mix of ``stdout_bytes`` and ``stderr_bytes``, as the user would
            see it in its terminal.
    
        .. versionchanged:: 8.2
            The result object always returns the ``stderr_bytes`` stream.
    
        .. versionchanged:: 8.0
            The result object has the ``return_value`` attribute with
            the value returned from the invoked command.
    
        .. versionchanged:: 4.0
            Added the ``color`` parameter.
    
        .. versionchanged:: 3.0
            Added the ``catch_exceptions`` parameter.
    
        .. versionchanged:: 3.0
            The result object has the ``exc_info`` attribute with the
            traceback if available.
        """
        exc_info = None
        if catch_exceptions is None:
            catch_exceptions = self.catch_exceptions
    
        with self.isolation(input=input, env=env, color=color) as outstreams:
            return_value = None
            exception: BaseException | None = None
            exit_code = 0
    
            if isinstance(args, str):
                args = shlex.split(args)
    
            try:
>               prog_name = extra.pop("prog_name")
                            ^^^^^^^^^^^^^^^^^^^^^^
E               KeyError: 'prog_name'

C:\Users\Administrator\AppData\Local\Programs\Python\Python312\Lib\site-packages\click\testing.py:499: KeyError

During handling of the above exception, another exception occurred:

self = <tests.test_cli.TestCLIComprehensiveScenarios object at 0x0000020C3A434C80>

    def test_complete_workflow_with_file(self):
        """Test complete workflow using file input."""
        runner = CliRunner()
        with runner.isolated_filesystem():
            # Create input file
            with open('input.txt', 'w') as f:
                f.write('64\n34\n25\n12\n22\n11\n90\n')
    
            # Run CLI
>           result = runner.invoke(main, ['--file', 'input.txt'])
                     ^^^^^^^^^^^^^^^^^^^^^^^^^^^^^^^^^^^^^^^^^^^^

tests\test_cli.py:673: 
_ _ _ _ _ _ _ _ _ _ _ _ _ _ _ _ _ _ _ _ _ _ _ _ _ _ _ _ _ _ _ _ _ _ _ _ _ _ _ _
C:\Users\Administrator\AppData\Local\Programs\Python\Python312\Lib\site-packages\click\testing.py:501: in invoke
    prog_name = self.get_default_prog_name(cli)
                ^^^^^^^^^^^^^^^^^^^^^^^^^^^^^^^
_ _ _ _ _ _ _ _ _ _ _ _ _ _ _ _ _ _ _ _ _ _ _ _ _ _ _ _ _ _ _ _ _ _ _ _ _ _ _ _

self = <click.testing.CliRunner object at 0x0000020C3A673CB0>
cli = <function main at 0x0000020C3A3F16C0>

    def get_default_prog_name(self, cli: Command) -> str:
        """Given a command object it will return the default program name
        for it.  The default is the `name` attribute or ``"root"`` if not
        set.
        """
>       return cli.name or "root"
               ^^^^^^^^
E       AttributeError: 'function' object has no attribute 'name'

C:\Users\Administrator\AppData\Local\Programs\Python\Python312\Lib\site-packages\click\testing.py:268: AttributeError
_______ TestCLIComprehensiveScenarios.test_complete_workflow_with_stdin _______

self = <click.testing.CliRunner object at 0x0000020C3A804290>
cli = <function main at 0x0000020C3A3F16C0>, args = ['--stdin']
input = '64\n34\n25\n12\n22\n11\n90\n', env = None, catch_exceptions = False
color = False, extra = {}, exc_info = None
outstreams = (<click.testing.BytesIOCopy object at 0x0000020C3A649FD0>, <click.testing.BytesIOCopy object at 0x0000020C3A64BE70>, <_io.BytesIO object at 0x0000020C3A649A80>)
return_value = None, exception = None, exit_code = 0

    def invoke(
        self,
        cli: Command,
        args: str | cabc.Sequence[str] | None = None,
        input: str | bytes | t.IO[t.Any] | None = None,
        env: cabc.Mapping[str, str | None] | None = None,
        catch_exceptions: bool | None = None,
        color: bool = False,
        **extra: t.Any,
    ) -> Result:
        """Invokes a command in an isolated environment.  The arguments are
        forwarded directly to the command line script, the `extra` keyword
        arguments are passed to the :meth:`~clickpkg.Command.main` function of
        the command.
    
        This returns a :class:`Result` object.
    
        :param cli: the command to invoke
        :param args: the arguments to invoke. It may be given as an iterable
                     or a string. When given as string it will be interpreted
                     as a Unix shell command. More details at
                     :func:`shlex.split`.
        :param input: the input data for `sys.stdin`.
        :param env: the environment overrides.
        :param catch_exceptions: Whether to catch any other exceptions than
                                 ``SystemExit``. If :data:`None`, the value
                                 from :class:`CliRunner` is used.
        :param extra: the keyword arguments to pass to :meth:`main`.
        :param color: whether the output should contain color codes. The
                      application can still override this explicitly.
    
        .. versionadded:: 8.2
            The result object has the ``output_bytes`` attribute with
            the mix of ``stdout_bytes`` and ``stderr_bytes``, as the user would
            see it in its terminal.
    
        .. versionchanged:: 8.2
            The result object always returns the ``stderr_bytes`` stream.
    
        .. versionchanged:: 8.0
            The result object has the ``return_value`` attribute with
            the value returned from the invoked command.
    
        .. versionchanged:: 4.0
            Added the ``color`` parameter.
    
        .. versionchanged:: 3.0
            Added the ``catch_exceptions`` parameter.
    
        .. versionchanged:: 3.0
            The result object has the ``exc_info`` attribute with the
            traceback if available.
        """
        exc_info = None
        if catch_exceptions is None:
            catch_exceptions = self.catch_exceptions
    
        with self.isolation(input=input, env=env, color=color) as outstreams:
            return_value = None
            exception: BaseException | None = None
            exit_code = 0
    
            if isinstance(args, str):
                args = shlex.split(args)
    
            try:
>               prog_name = extra.pop("prog_name")
                            ^^^^^^^^^^^^^^^^^^^^^^
E               KeyError: 'prog_name'

C:\Users\Administrator\AppData\Local\Programs\Python\Python312\Lib\site-packages\click\testing.py:499: KeyError

During handling of the above exception, another exception occurred:

self = <tests.test_cli.TestCLIComprehensiveScenarios object at 0x0000020C3A435FA0>

    def test_complete_workflow_with_stdin(self):
        """Test complete workflow using stdin."""
        runner = CliRunner()
>       result = runner.invoke(main, ['--stdin'], input='64\n34\n25\n12\n22\n11\n90\n', catch_exceptions=False)
                 ^^^^^^^^^^^^^^^^^^^^^^^^^^^^^^^^^^^^^^^^^^^^^^^^^^^^^^^^^^^^^^^^^^^^^^^^^^^^^^^^^^^^^^^^^^^^^^

tests\test_cli.py:680: 
_ _ _ _ _ _ _ _ _ _ _ _ _ _ _ _ _ _ _ _ _ _ _ _ _ _ _ _ _ _ _ _ _ _ _ _ _ _ _ _
C:\Users\Administrator\AppData\Local\Programs\Python\Python312\Lib\site-packages\click\testing.py:501: in invoke
    prog_name = self.get_default_prog_name(cli)
                ^^^^^^^^^^^^^^^^^^^^^^^^^^^^^^^
_ _ _ _ _ _ _ _ _ _ _ _ _ _ _ _ _ _ _ _ _ _ _ _ _ _ _ _ _ _ _ _ _ _ _ _ _ _ _ _

self = <click.testing.CliRunner object at 0x0000020C3A804290>
cli = <function main at 0x0000020C3A3F16C0>

    def get_default_prog_name(self, cli: Command) -> str:
        """Given a command object it will return the default program name
        for it.  The default is the `name` attribute or ``"root"`` if not
        set.
        """
>       return cli.name or "root"
               ^^^^^^^^
E       AttributeError: 'function' object has no attribute 'name'

C:\Users\Administrator\AppData\Local\Programs\Python\Python312\Lib\site-packages\click\testing.py:268: AttributeError
___________ TestCLIComprehensiveScenarios.test_edge_case_empty_list ___________

self = <click.testing.CliRunner object at 0x0000020C3A5D1C40>
cli = <function main at 0x0000020C3A3F16C0>, args = ['--stdin'], input = ''
env = None, catch_exceptions = False, color = False, extra = {}, exc_info = None
outstreams = (<click.testing.BytesIOCopy object at 0x0000020C3A64B420>, <click.testing.BytesIOCopy object at 0x0000020C3A649CB0>, <_io.BytesIO object at 0x0000020C3A64A570>)
return_value = None, exception = None, exit_code = 0

    def invoke(
        self,
        cli: Command,
        args: str | cabc.Sequence[str] | None = None,
        input: str | bytes | t.IO[t.Any] | None = None,
        env: cabc.Mapping[str, str | None] | None = None,
        catch_exceptions: bool | None = None,
        color: bool = False,
        **extra: t.Any,
    ) -> Result:
        """Invokes a command in an isolated environment.  The arguments are
        forwarded directly to the command line script, the `extra` keyword
        arguments are passed to the :meth:`~clickpkg.Command.main` function of
        the command.
    
        This returns a :class:`Result` object.
    
        :param cli: the command to invoke
        :param args: the arguments to invoke. It may be given as an iterable
                     or a string. When given as string it will be interpreted
                     as a Unix shell command. More details at
                     :func:`shlex.split`.
        :param input: the input data for `sys.stdin`.
        :param env: the environment overrides.
        :param catch_exceptions: Whether to catch any other exceptions than
                                 ``SystemExit``. If :data:`None`, the value
                                 from :class:`CliRunner` is used.
        :param extra: the keyword arguments to pass to :meth:`main`.
        :param color: whether the output should contain color codes. The
                      application can still override this explicitly.
    
        .. versionadded:: 8.2
            The result object has the ``output_bytes`` attribute with
            the mix of ``stdout_bytes`` and ``stderr_bytes``, as the user would
            see it in its terminal.
    
        .. versionchanged:: 8.2
            The result object always returns the ``stderr_bytes`` stream.
    
        .. versionchanged:: 8.0
            The result object has the ``return_value`` attribute with
            the value returned from the invoked command.
    
        .. versionchanged:: 4.0
            Added the ``color`` parameter.
    
        .. versionchanged:: 3.0
            Added the ``catch_exceptions`` parameter.
    
        .. versionchanged:: 3.0
            The result object has the ``exc_info`` attribute with the
            traceback if available.
        """
        exc_info = None
        if catch_exceptions is None:
            catch_exceptions = self.catch_exceptions
    
        with self.isolation(input=input, env=env, color=color) as outstreams:
            return_value = None
            exception: BaseException | None = None
            exit_code = 0
    
            if isinstance(args, str):
                args = shlex.split(args)
    
            try:
>               prog_name = extra.pop("prog_name")
                            ^^^^^^^^^^^^^^^^^^^^^^
E               KeyError: 'prog_name'

C:\Users\Administrator\AppData\Local\Programs\Python\Python312\Lib\site-packages\click\testing.py:499: KeyError

During handling of the above exception, another exception occurred:

self = <tests.test_cli.TestCLIComprehensiveScenarios object at 0x0000020C3A40CEF0>

    def test_edge_case_empty_list(self):
        """Test edge case: empty list."""
        runner = CliRunner()
>       result = runner.invoke(main, ['--stdin'], input='', catch_exceptions=False)
                 ^^^^^^^^^^^^^^^^^^^^^^^^^^^^^^^^^^^^^^^^^^^^^^^^^^^^^^^^^^^^^^^^^^

tests\test_cli.py:687: 
_ _ _ _ _ _ _ _ _ _ _ _ _ _ _ _ _ _ _ _ _ _ _ _ _ _ _ _ _ _ _ _ _ _ _ _ _ _ _ _
C:\Users\Administrator\AppData\Local\Programs\Python\Python312\Lib\site-packages\click\testing.py:501: in invoke
    prog_name = self.get_default_prog_name(cli)
                ^^^^^^^^^^^^^^^^^^^^^^^^^^^^^^^
_ _ _ _ _ _ _ _ _ _ _ _ _ _ _ _ _ _ _ _ _ _ _ _ _ _ _ _ _ _ _ _ _ _ _ _ _ _ _ _

self = <click.testing.CliRunner object at 0x0000020C3A5D1C40>
cli = <function main at 0x0000020C3A3F16C0>

    def get_default_prog_name(self, cli: Command) -> str:
        """Given a command object it will return the default program name
        for it.  The default is the `name` attribute or ``"root"`` if not
        set.
        """
>       return cli.name or "root"
               ^^^^^^^^
E       AttributeError: 'function' object has no attribute 'name'

C:\Users\Administrator\AppData\Local\Programs\Python\Python312\Lib\site-packages\click\testing.py:268: AttributeError
_________ TestCLIComprehensiveScenarios.test_edge_case_single_element _________

self = <click.testing.CliRunner object at 0x0000020C3A672A20>
cli = <function main at 0x0000020C3A3F16C0>, args = ['42'], input = None
env = None, catch_exceptions = True, color = False, extra = {}, exc_info = None
outstreams = (<click.testing.BytesIOCopy object at 0x0000020C3A64A2F0>, <click.testing.BytesIOCopy object at 0x0000020C3A649E40>, <_io.BytesIO object at 0x0000020C3A64A4D0>)
return_value = None, exception = None, exit_code = 0

    def invoke(
        self,
        cli: Command,
        args: str | cabc.Sequence[str] | None = None,
        input: str | bytes | t.IO[t.Any] | None = None,
        env: cabc.Mapping[str, str | None] | None = None,
        catch_exceptions: bool | None = None,
        color: bool = False,
        **extra: t.Any,
    ) -> Result:
        """Invokes a command in an isolated environment.  The arguments are
        forwarded directly to the command line script, the `extra` keyword
        arguments are passed to the :meth:`~clickpkg.Command.main` function of
        the command.
    
        This returns a :class:`Result` object.
    
        :param cli: the command to invoke
        :param args: the arguments to invoke. It may be given as an iterable
                     or a string. When given as string it will be interpreted
                     as a Unix shell command. More details at
                     :func:`shlex.split`.
        :param input: the input data for `sys.stdin`.
        :param env: the environment overrides.
        :param catch_exceptions: Whether to catch any other exceptions than
                                 ``SystemExit``. If :data:`None`, the value
                                 from :class:`CliRunner` is used.
        :param extra: the keyword arguments to pass to :meth:`main`.
        :param color: whether the output should contain color codes. The
                      application can still override this explicitly.
    
        .. versionadded:: 8.2
            The result object has the ``output_bytes`` attribute with
            the mix of ``stdout_bytes`` and ``stderr_bytes``, as the user would
            see it in its terminal.
    
        .. versionchanged:: 8.2
            The result object always returns the ``stderr_bytes`` stream.
    
        .. versionchanged:: 8.0
            The result object has the ``return_value`` attribute with
            the value returned from the invoked command.
    
        .. versionchanged:: 4.0
            Added the ``color`` parameter.
    
        .. versionchanged:: 3.0
            Added the ``catch_exceptions`` parameter.
    
        .. versionchanged:: 3.0
            The result object has the ``exc_info`` attribute with the
            traceback if available.
        """
        exc_info = None
        if catch_exceptions is None:
            catch_exceptions = self.catch_exceptions
    
        with self.isolation(input=input, env=env, color=color) as outstreams:
            return_value = None
            exception: BaseException | None = None
            exit_code = 0
    
            if isinstance(args, str):
                args = shlex.split(args)
    
            try:
>               prog_name = extra.pop("prog_name")
                            ^^^^^^^^^^^^^^^^^^^^^^
E               KeyError: 'prog_name'

C:\Users\Administrator\AppData\Local\Programs\Python\Python312\Lib\site-packages\click\testing.py:499: KeyError

During handling of the above exception, another exception occurred:

self = <tests.test_cli.TestCLIComprehensiveScenarios object at 0x0000020C3A40FB90>

    def test_edge_case_single_element(self):
        """Test edge case: single element."""
        runner = CliRunner()
>       result = runner.invoke(main, ['42'])
                 ^^^^^^^^^^^^^^^^^^^^^^^^^^^

tests\test_cli.py:694: 
_ _ _ _ _ _ _ _ _ _ _ _ _ _ _ _ _ _ _ _ _ _ _ _ _ _ _ _ _ _ _ _ _ _ _ _ _ _ _ _
C:\Users\Administrator\AppData\Local\Programs\Python\Python312\Lib\site-packages\click\testing.py:501: in invoke
    prog_name = self.get_default_prog_name(cli)
                ^^^^^^^^^^^^^^^^^^^^^^^^^^^^^^^
_ _ _ _ _ _ _ _ _ _ _ _ _ _ _ _ _ _ _ _ _ _ _ _ _ _ _ _ _ _ _ _ _ _ _ _ _ _ _ _

self = <click.testing.CliRunner object at 0x0000020C3A672A20>
cli = <function main at 0x0000020C3A3F16C0>

    def get_default_prog_name(self, cli: Command) -> str:
        """Given a command object it will return the default program name
        for it.  The default is the `name` attribute or ``"root"`` if not
        set.
        """
>       return cli.name or "root"
               ^^^^^^^^
E       AttributeError: 'function' object has no attribute 'name'

C:\Users\Administrator\AppData\Local\Programs\Python\Python312\Lib\site-packages\click\testing.py:268: AttributeError
_________ TestCLIComprehensiveScenarios.test_edge_case_already_sorted _________

self = <click.testing.CliRunner object at 0x0000020C3A671460>
cli = <function main at 0x0000020C3A3F16C0>, args = ['1', '2', '3', '4', '5']
input = None, env = None, catch_exceptions = True, color = False, extra = {}
exc_info = None
outstreams = (<click.testing.BytesIOCopy object at 0x0000020C3A648400>, <click.testing.BytesIOCopy object at 0x0000020C3A64B6F0>, <_io.BytesIO object at 0x0000020C3A648310>)
return_value = None, exception = None, exit_code = 0

    def invoke(
        self,
        cli: Command,
        args: str | cabc.Sequence[str] | None = None,
        input: str | bytes | t.IO[t.Any] | None = None,
        env: cabc.Mapping[str, str | None] | None = None,
        catch_exceptions: bool | None = None,
        color: bool = False,
        **extra: t.Any,
    ) -> Result:
        """Invokes a command in an isolated environment.  The arguments are
        forwarded directly to the command line script, the `extra` keyword
        arguments are passed to the :meth:`~clickpkg.Command.main` function of
        the command.
    
        This returns a :class:`Result` object.
    
        :param cli: the command to invoke
        :param args: the arguments to invoke. It may be given as an iterable
                     or a string. When given as string it will be interpreted
                     as a Unix shell command. More details at
                     :func:`shlex.split`.
        :param input: the input data for `sys.stdin`.
        :param env: the environment overrides.
        :param catch_exceptions: Whether to catch any other exceptions than
                                 ``SystemExit``. If :data:`None`, the value
                                 from :class:`CliRunner` is used.
        :param extra: the keyword arguments to pass to :meth:`main`.
        :param color: whether the output should contain color codes. The
                      application can still override this explicitly.
    
        .. versionadded:: 8.2
            The result object has the ``output_bytes`` attribute with
            the mix of ``stdout_bytes`` and ``stderr_bytes``, as the user would
            see it in its terminal.
    
        .. versionchanged:: 8.2
            The result object always returns the ``stderr_bytes`` stream.
    
        .. versionchanged:: 8.0
            The result object has the ``return_value`` attribute with
            the value returned from the invoked command.
    
        .. versionchanged:: 4.0
            Added the ``color`` parameter.
    
        .. versionchanged:: 3.0
            Added the ``catch_exceptions`` parameter.
    
        .. versionchanged:: 3.0
            The result object has the ``exc_info`` attribute with the
            traceback if available.
        """
        exc_info = None
        if catch_exceptions is None:
            catch_exceptions = self.catch_exceptions
    
        with self.isolation(input=input, env=env, color=color) as outstreams:
            return_value = None
            exception: BaseException | None = None
            exit_code = 0
    
            if isinstance(args, str):
                args = shlex.split(args)
    
            try:
>               prog_name = extra.pop("prog_name")
                            ^^^^^^^^^^^^^^^^^^^^^^
E               KeyError: 'prog_name'

C:\Users\Administrator\AppData\Local\Programs\Python\Python312\Lib\site-packages\click\testing.py:499: KeyError

During handling of the above exception, another exception occurred:

self = <tests.test_cli.TestCLIComprehensiveScenarios object at 0x0000020C3A2F5580>

    def test_edge_case_already_sorted(self):
        """Test edge case: already sorted list."""
        runner = CliRunner()
>       result = runner.invoke(main, ['1', '2', '3', '4', '5'])
                 ^^^^^^^^^^^^^^^^^^^^^^^^^^^^^^^^^^^^^^^^^^^^^^

tests\test_cli.py:701: 
_ _ _ _ _ _ _ _ _ _ _ _ _ _ _ _ _ _ _ _ _ _ _ _ _ _ _ _ _ _ _ _ _ _ _ _ _ _ _ _
C:\Users\Administrator\AppData\Local\Programs\Python\Python312\Lib\site-packages\click\testing.py:501: in invoke
    prog_name = self.get_default_prog_name(cli)
                ^^^^^^^^^^^^^^^^^^^^^^^^^^^^^^^
_ _ _ _ _ _ _ _ _ _ _ _ _ _ _ _ _ _ _ _ _ _ _ _ _ _ _ _ _ _ _ _ _ _ _ _ _ _ _ _

self = <click.testing.CliRunner object at 0x0000020C3A671460>
cli = <function main at 0x0000020C3A3F16C0>

    def get_default_prog_name(self, cli: Command) -> str:
        """Given a command object it will return the default program name
        for it.  The default is the `name` attribute or ``"root"`` if not
        set.
        """
>       return cli.name or "root"
               ^^^^^^^^
E       AttributeError: 'function' object has no attribute 'name'

C:\Users\Administrator\AppData\Local\Programs\Python\Python312\Lib\site-packages\click\testing.py:268: AttributeError
_________ TestCLIComprehensiveScenarios.test_edge_case_reverse_sorted _________

self = <click.testing.CliRunner object at 0x0000020C3A673A70>
cli = <function main at 0x0000020C3A3F16C0>, args = ['5', '4', '3', '2', '1']
input = None, env = None, catch_exceptions = True, color = False, extra = {}
exc_info = None
outstreams = (<click.testing.BytesIOCopy object at 0x0000020C3A64A7F0>, <click.testing.BytesIOCopy object at 0x0000020C3A64B970>, <_io.BytesIO object at 0x0000020C3A64B600>)
return_value = None, exception = None, exit_code = 0

    def invoke(
        self,
        cli: Command,
        args: str | cabc.Sequence[str] | None = None,
        input: str | bytes | t.IO[t.Any] | None = None,
        env: cabc.Mapping[str, str | None] | None = None,
        catch_exceptions: bool | None = None,
        color: bool = False,
        **extra: t.Any,
    ) -> Result:
        """Invokes a command in an isolated environment.  The arguments are
        forwarded directly to the command line script, the `extra` keyword
        arguments are passed to the :meth:`~clickpkg.Command.main` function of
        the command.
    
        This returns a :class:`Result` object.
    
        :param cli: the command to invoke
        :param args: the arguments to invoke. It may be given as an iterable
                     or a string. When given as string it will be interpreted
                     as a Unix shell command. More details at
                     :func:`shlex.split`.
        :param input: the input data for `sys.stdin`.
        :param env: the environment overrides.
        :param catch_exceptions: Whether to catch any other exceptions than
                                 ``SystemExit``. If :data:`None`, the value
                                 from :class:`CliRunner` is used.
        :param extra: the keyword arguments to pass to :meth:`main`.
        :param color: whether the output should contain color codes. The
                      application can still override this explicitly.
    
        .. versionadded:: 8.2
            The result object has the ``output_bytes`` attribute with
            the mix of ``stdout_bytes`` and ``stderr_bytes``, as the user would
            see it in its terminal.
    
        .. versionchanged:: 8.2
            The result object always returns the ``stderr_bytes`` stream.
    
        .. versionchanged:: 8.0
            The result object has the ``return_value`` attribute with
            the value returned from the invoked command.
    
        .. versionchanged:: 4.0
            Added the ``color`` parameter.
    
        .. versionchanged:: 3.0
            Added the ``catch_exceptions`` parameter.
    
        .. versionchanged:: 3.0
            The result object has the ``exc_info`` attribute with the
            traceback if available.
        """
        exc_info = None
        if catch_exceptions is None:
            catch_exceptions = self.catch_exceptions
    
        with self.isolation(input=input, env=env, color=color) as outstreams:
            return_value = None
            exception: BaseException | None = None
            exit_code = 0
    
            if isinstance(args, str):
                args = shlex.split(args)
    
            try:
>               prog_name = extra.pop("prog_name")
                            ^^^^^^^^^^^^^^^^^^^^^^
E               KeyError: 'prog_name'

C:\Users\Administrator\AppData\Local\Programs\Python\Python312\Lib\site-packages\click\testing.py:499: KeyError

During handling of the above exception, another exception occurred:

self = <tests.test_cli.TestCLIComprehensiveScenarios object at 0x0000020C3A328B90>

    def test_edge_case_reverse_sorted(self):
        """Test edge case: reverse sorted list."""
        runner = CliRunner()
>       result = runner.invoke(main, ['5', '4', '3', '2', '1'])
                 ^^^^^^^^^^^^^^^^^^^^^^^^^^^^^^^^^^^^^^^^^^^^^^

tests\test_cli.py:708: 
_ _ _ _ _ _ _ _ _ _ _ _ _ _ _ _ _ _ _ _ _ _ _ _ _ _ _ _ _ _ _ _ _ _ _ _ _ _ _ _
C:\Users\Administrator\AppData\Local\Programs\Python\Python312\Lib\site-packages\click\testing.py:501: in invoke
    prog_name = self.get_default_prog_name(cli)
                ^^^^^^^^^^^^^^^^^^^^^^^^^^^^^^^
_ _ _ _ _ _ _ _ _ _ _ _ _ _ _ _ _ _ _ _ _ _ _ _ _ _ _ _ _ _ _ _ _ _ _ _ _ _ _ _

self = <click.testing.CliRunner object at 0x0000020C3A673A70>
cli = <function main at 0x0000020C3A3F16C0>

    def get_default_prog_name(self, cli: Command) -> str:
        """Given a command object it will return the default program name
        for it.  The default is the `name` attribute or ``"root"`` if not
        set.
        """
>       return cli.name or "root"
               ^^^^^^^^
E       AttributeError: 'function' object has no attribute 'name'

C:\Users\Administrator\AppData\Local\Programs\Python\Python312\Lib\site-packages\click\testing.py:268: AttributeError
_________ TestCLIComprehensiveScenarios.test_edge_case_all_duplicates _________

self = <click.testing.CliRunner object at 0x0000020C3A6DB8F0>
cli = <function main at 0x0000020C3A3F16C0>, args = ['5', '5', '5', '5']
input = None, env = None, catch_exceptions = True, color = False, extra = {}
exc_info = None
outstreams = (<click.testing.BytesIOCopy object at 0x0000020C3A64A7A0>, <click.testing.BytesIOCopy object at 0x0000020C3A649080>, <_io.BytesIO object at 0x0000020C3A64A5C0>)
return_value = None, exception = None, exit_code = 0

    def invoke(
        self,
        cli: Command,
        args: str | cabc.Sequence[str] | None = None,
        input: str | bytes | t.IO[t.Any] | None = None,
        env: cabc.Mapping[str, str | None] | None = None,
        catch_exceptions: bool | None = None,
        color: bool = False,
        **extra: t.Any,
    ) -> Result:
        """Invokes a command in an isolated environment.  The arguments are
        forwarded directly to the command line script, the `extra` keyword
        arguments are passed to the :meth:`~clickpkg.Command.main` function of
        the command.
    
        This returns a :class:`Result` object.
    
        :param cli: the command to invoke
        :param args: the arguments to invoke. It may be given as an iterable
                     or a string. When given as string it will be interpreted
                     as a Unix shell command. More details at
                     :func:`shlex.split`.
        :param input: the input data for `sys.stdin`.
        :param env: the environment overrides.
        :param catch_exceptions: Whether to catch any other exceptions than
                                 ``SystemExit``. If :data:`None`, the value
                                 from :class:`CliRunner` is used.
        :param extra: the keyword arguments to pass to :meth:`main`.
        :param color: whether the output should contain color codes. The
                      application can still override this explicitly.
    
        .. versionadded:: 8.2
            The result object has the ``output_bytes`` attribute with
            the mix of ``stdout_bytes`` and ``stderr_bytes``, as the user would
            see it in its terminal.
    
        .. versionchanged:: 8.2
            The result object always returns the ``stderr_bytes`` stream.
    
        .. versionchanged:: 8.0
            The result object has the ``return_value`` attribute with
            the value returned from the invoked command.
    
        .. versionchanged:: 4.0
            Added the ``color`` parameter.
    
        .. versionchanged:: 3.0
            Added the ``catch_exceptions`` parameter.
    
        .. versionchanged:: 3.0
            The result object has the ``exc_info`` attribute with the
            traceback if available.
        """
        exc_info = None
        if catch_exceptions is None:
            catch_exceptions = self.catch_exceptions
    
        with self.isolation(input=input, env=env, color=color) as outstreams:
            return_value = None
            exception: BaseException | None = None
            exit_code = 0
    
            if isinstance(args, str):
                args = shlex.split(args)
    
            try:
>               prog_name = extra.pop("prog_name")
                            ^^^^^^^^^^^^^^^^^^^^^^
E               KeyError: 'prog_name'

C:\Users\Administrator\AppData\Local\Programs\Python\Python312\Lib\site-packages\click\testing.py:499: KeyError

During handling of the above exception, another exception occurred:

self = <tests.test_cli.TestCLIComprehensiveScenarios object at 0x0000020C3A434FB0>

    def test_edge_case_all_duplicates(self):
        """Test edge case: all duplicate elements."""
        runner = CliRunner()
>       result = runner.invoke(main, ['5', '5', '5', '5'])
                 ^^^^^^^^^^^^^^^^^^^^^^^^^^^^^^^^^^^^^^^^^

tests\test_cli.py:715: 
_ _ _ _ _ _ _ _ _ _ _ _ _ _ _ _ _ _ _ _ _ _ _ _ _ _ _ _ _ _ _ _ _ _ _ _ _ _ _ _
C:\Users\Administrator\AppData\Local\Programs\Python\Python312\Lib\site-packages\click\testing.py:501: in invoke
    prog_name = self.get_default_prog_name(cli)
                ^^^^^^^^^^^^^^^^^^^^^^^^^^^^^^^
_ _ _ _ _ _ _ _ _ _ _ _ _ _ _ _ _ _ _ _ _ _ _ _ _ _ _ _ _ _ _ _ _ _ _ _ _ _ _ _

self = <click.testing.CliRunner object at 0x0000020C3A6DB8F0>
cli = <function main at 0x0000020C3A3F16C0>

    def get_default_prog_name(self, cli: Command) -> str:
        """Given a command object it will return the default program name
        for it.  The default is the `name` attribute or ``"root"`` if not
        set.
        """
>       return cli.name or "root"
               ^^^^^^^^
E       AttributeError: 'function' object has no attribute 'name'

C:\Users\Administrator\AppData\Local\Programs\Python\Python312\Lib\site-packages\click\testing.py:268: AttributeError
__________ TestCLIComprehensiveScenarios.test_performance_small_list __________

self = <click.testing.CliRunner object at 0x0000020C3A672E70>
cli = <function main at 0x0000020C3A3F16C0>, args = ['5', '3', '1', '4', '2']
input = None, env = None, catch_exceptions = True, color = False, extra = {}
exc_info = None
outstreams = (<click.testing.BytesIOCopy object at 0x0000020C3A676110>, <click.testing.BytesIOCopy object at 0x0000020C3A6767F0>, <_io.BytesIO object at 0x0000020C3A675760>)
return_value = None, exception = None, exit_code = 0

    def invoke(
        self,
        cli: Command,
        args: str | cabc.Sequence[str] | None = None,
        input: str | bytes | t.IO[t.Any] | None = None,
        env: cabc.Mapping[str, str | None] | None = None,
        catch_exceptions: bool | None = None,
        color: bool = False,
        **extra: t.Any,
    ) -> Result:
        """Invokes a command in an isolated environment.  The arguments are
        forwarded directly to the command line script, the `extra` keyword
        arguments are passed to the :meth:`~clickpkg.Command.main` function of
        the command.
    
        This returns a :class:`Result` object.
    
        :param cli: the command to invoke
        :param args: the arguments to invoke. It may be given as an iterable
                     or a string. When given as string it will be interpreted
                     as a Unix shell command. More details at
                     :func:`shlex.split`.
        :param input: the input data for `sys.stdin`.
        :param env: the environment overrides.
        :param catch_exceptions: Whether to catch any other exceptions than
                                 ``SystemExit``. If :data:`None`, the value
                                 from :class:`CliRunner` is used.
        :param extra: the keyword arguments to pass to :meth:`main`.
        :param color: whether the output should contain color codes. The
                      application can still override this explicitly.
    
        .. versionadded:: 8.2
            The result object has the ``output_bytes`` attribute with
            the mix of ``stdout_bytes`` and ``stderr_bytes``, as the user would
            see it in its terminal.
    
        .. versionchanged:: 8.2
            The result object always returns the ``stderr_bytes`` stream.
    
        .. versionchanged:: 8.0
            The result object has the ``return_value`` attribute with
            the value returned from the invoked command.
    
        .. versionchanged:: 4.0
            Added the ``color`` parameter.
    
        .. versionchanged:: 3.0
            Added the ``catch_exceptions`` parameter.
    
        .. versionchanged:: 3.0
            The result object has the ``exc_info`` attribute with the
            traceback if available.
        """
        exc_info = None
        if catch_exceptions is None:
            catch_exceptions = self.catch_exceptions
    
        with self.isolation(input=input, env=env, color=color) as outstreams:
            return_value = None
            exception: BaseException | None = None
            exit_code = 0
    
            if isinstance(args, str):
                args = shlex.split(args)
    
            try:
>               prog_name = extra.pop("prog_name")
                            ^^^^^^^^^^^^^^^^^^^^^^
E               KeyError: 'prog_name'

C:\Users\Administrator\AppData\Local\Programs\Python\Python312\Lib\site-packages\click\testing.py:499: KeyError

During handling of the above exception, another exception occurred:

self = <tests.test_cli.TestCLIComprehensiveScenarios object at 0x0000020C3A434BC0>

    def test_performance_small_list(self):
        """Test performance with small list."""
        runner = CliRunner()
>       result = runner.invoke(main, ['5', '3', '1', '4', '2'])
                 ^^^^^^^^^^^^^^^^^^^^^^^^^^^^^^^^^^^^^^^^^^^^^^

tests\test_cli.py:722: 
_ _ _ _ _ _ _ _ _ _ _ _ _ _ _ _ _ _ _ _ _ _ _ _ _ _ _ _ _ _ _ _ _ _ _ _ _ _ _ _
C:\Users\Administrator\AppData\Local\Programs\Python\Python312\Lib\site-packages\click\testing.py:501: in invoke
    prog_name = self.get_default_prog_name(cli)
                ^^^^^^^^^^^^^^^^^^^^^^^^^^^^^^^
_ _ _ _ _ _ _ _ _ _ _ _ _ _ _ _ _ _ _ _ _ _ _ _ _ _ _ _ _ _ _ _ _ _ _ _ _ _ _ _

self = <click.testing.CliRunner object at 0x0000020C3A672E70>
cli = <function main at 0x0000020C3A3F16C0>

    def get_default_prog_name(self, cli: Command) -> str:
        """Given a command object it will return the default program name
        for it.  The default is the `name` attribute or ``"root"`` if not
        set.
        """
>       return cli.name or "root"
               ^^^^^^^^
E       AttributeError: 'function' object has no attribute 'name'

C:\Users\Administrator\AppData\Local\Programs\Python\Python312\Lib\site-packages\click\testing.py:268: AttributeError
_________ TestCLIComprehensiveScenarios.test_performance_medium_list __________

self = <click.testing.CliRunner object at 0x0000020C3A8042F0>
cli = <function main at 0x0000020C3A3F16C0>
args = ['100', '99', '98', '97', '96', '95', ...], input = None, env = None
catch_exceptions = True, color = False, extra = {}, exc_info = None
outstreams = (<click.testing.BytesIOCopy object at 0x0000020C3A677920>, <click.testing.BytesIOCopy object at 0x0000020C3A6767A0>, <_io.BytesIO object at 0x0000020C3A675350>)
return_value = None, exception = None, exit_code = 0

    def invoke(
        self,
        cli: Command,
        args: str | cabc.Sequence[str] | None = None,
        input: str | bytes | t.IO[t.Any] | None = None,
        env: cabc.Mapping[str, str | None] | None = None,
        catch_exceptions: bool | None = None,
        color: bool = False,
        **extra: t.Any,
    ) -> Result:
        """Invokes a command in an isolated environment.  The arguments are
        forwarded directly to the command line script, the `extra` keyword
        arguments are passed to the :meth:`~clickpkg.Command.main` function of
        the command.
    
        This returns a :class:`Result` object.
    
        :param cli: the command to invoke
        :param args: the arguments to invoke. It may be given as an iterable
                     or a string. When given as string it will be interpreted
                     as a Unix shell command. More details at
                     :func:`shlex.split`.
        :param input: the input data for `sys.stdin`.
        :param env: the environment overrides.
        :param catch_exceptions: Whether to catch any other exceptions than
                                 ``SystemExit``. If :data:`None`, the value
                                 from :class:`CliRunner` is used.
        :param extra: the keyword arguments to pass to :meth:`main`.
        :param color: whether the output should contain color codes. The
                      application can still override this explicitly.
    
        .. versionadded:: 8.2
            The result object has the ``output_bytes`` attribute with
            the mix of ``stdout_bytes`` and ``stderr_bytes``, as the user would
            see it in its terminal.
    
        .. versionchanged:: 8.2
            The result object always returns the ``stderr_bytes`` stream.
    
        .. versionchanged:: 8.0
            The result object has the ``return_value`` attribute with
            the value returned from the invoked command.
    
        .. versionchanged:: 4.0
            Added the ``color`` parameter.
    
        .. versionchanged:: 3.0
            Added the ``catch_exceptions`` parameter.
    
        .. versionchanged:: 3.0
            The result object has the ``exc_info`` attribute with the
            traceback if available.
        """
        exc_info = None
        if catch_exceptions is None:
            catch_exceptions = self.catch_exceptions
    
        with self.isolation(input=input, env=env, color=color) as outstreams:
            return_value = None
            exception: BaseException | None = None
            exit_code = 0
    
            if isinstance(args, str):
                args = shlex.split(args)
    
            try:
>               prog_name = extra.pop("prog_name")
                            ^^^^^^^^^^^^^^^^^^^^^^
E               KeyError: 'prog_name'

C:\Users\Administrator\AppData\Local\Programs\Python\Python312\Lib\site-packages\click\testing.py:499: KeyError

During handling of the above exception, another exception occurred:

self = <tests.test_cli.TestCLIComprehensiveScenarios object at 0x0000020C3A435850>

    def test_performance_medium_list(self):
        """Test performance with medium list."""
        runner = CliRunner()
        numbers = list(range(1, 101))
>       result = runner.invoke(main, [str(n) for n in reversed(numbers)])
                 ^^^^^^^^^^^^^^^^^^^^^^^^^^^^^^^^^^^^^^^^^^^^^^^^^^^^^^^^

tests\test_cli.py:732: 
_ _ _ _ _ _ _ _ _ _ _ _ _ _ _ _ _ _ _ _ _ _ _ _ _ _ _ _ _ _ _ _ _ _ _ _ _ _ _ _
C:\Users\Administrator\AppData\Local\Programs\Python\Python312\Lib\site-packages\click\testing.py:501: in invoke
    prog_name = self.get_default_prog_name(cli)
                ^^^^^^^^^^^^^^^^^^^^^^^^^^^^^^^
_ _ _ _ _ _ _ _ _ _ _ _ _ _ _ _ _ _ _ _ _ _ _ _ _ _ _ _ _ _ _ _ _ _ _ _ _ _ _ _

self = <click.testing.CliRunner object at 0x0000020C3A8042F0>
cli = <function main at 0x0000020C3A3F16C0>

    def get_default_prog_name(self, cli: Command) -> str:
        """Given a command object it will return the default program name
        for it.  The default is the `name` attribute or ``"root"`` if not
        set.
        """
>       return cli.name or "root"
               ^^^^^^^^
E       AttributeError: 'function' object has no attribute 'name'

C:\Users\Administrator\AppData\Local\Programs\Python\Python312\Lib\site-packages\click\testing.py:268: AttributeError
_______________ TestCLIStability.test_multiple_runs_consistent ________________

self = <click.testing.CliRunner object at 0x0000020C3A6D9610>
cli = <function main at 0x0000020C3A3F16C0>, args = ['5', '3', '1', '4', '2']
input = None, env = None, catch_exceptions = True, color = False, extra = {}
exc_info = None
outstreams = (<click.testing.BytesIOCopy object at 0x0000020C3A64ADE0>, <click.testing.BytesIOCopy object at 0x0000020C3A64AE30>, <_io.BytesIO object at 0x0000020C3A649300>)
return_value = None, exception = None, exit_code = 0

    def invoke(
        self,
        cli: Command,
        args: str | cabc.Sequence[str] | None = None,
        input: str | bytes | t.IO[t.Any] | None = None,
        env: cabc.Mapping[str, str | None] | None = None,
        catch_exceptions: bool | None = None,
        color: bool = False,
        **extra: t.Any,
    ) -> Result:
        """Invokes a command in an isolated environment.  The arguments are
        forwarded directly to the command line script, the `extra` keyword
        arguments are passed to the :meth:`~clickpkg.Command.main` function of
        the command.
    
        This returns a :class:`Result` object.
    
        :param cli: the command to invoke
        :param args: the arguments to invoke. It may be given as an iterable
                     or a string. When given as string it will be interpreted
                     as a Unix shell command. More details at
                     :func:`shlex.split`.
        :param input: the input data for `sys.stdin`.
        :param env: the environment overrides.
        :param catch_exceptions: Whether to catch any other exceptions than
                                 ``SystemExit``. If :data:`None`, the value
                                 from :class:`CliRunner` is used.
        :param extra: the keyword arguments to pass to :meth:`main`.
        :param color: whether the output should contain color codes. The
                      application can still override this explicitly.
    
        .. versionadded:: 8.2
            The result object has the ``output_bytes`` attribute with
            the mix of ``stdout_bytes`` and ``stderr_bytes``, as the user would
            see it in its terminal.
    
        .. versionchanged:: 8.2
            The result object always returns the ``stderr_bytes`` stream.
    
        .. versionchanged:: 8.0
            The result object has the ``return_value`` attribute with
            the value returned from the invoked command.
    
        .. versionchanged:: 4.0
            Added the ``color`` parameter.
    
        .. versionchanged:: 3.0
            Added the ``catch_exceptions`` parameter.
    
        .. versionchanged:: 3.0
            The result object has the ``exc_info`` attribute with the
            traceback if available.
        """
        exc_info = None
        if catch_exceptions is None:
            catch_exceptions = self.catch_exceptions
    
        with self.isolation(input=input, env=env, color=color) as outstreams:
            return_value = None
            exception: BaseException | None = None
            exit_code = 0
    
            if isinstance(args, str):
                args = shlex.split(args)
    
            try:
>               prog_name = extra.pop("prog_name")
                            ^^^^^^^^^^^^^^^^^^^^^^
E               KeyError: 'prog_name'

C:\Users\Administrator\AppData\Local\Programs\Python\Python312\Lib\site-packages\click\testing.py:499: KeyError

During handling of the above exception, another exception occurred:

self = <tests.test_cli.TestCLIStability object at 0x0000020C3A435D30>

    def test_multiple_runs_consistent(self):
        """Test that multiple runs produce consistent results."""
        runner = CliRunner()
        input_data = ['5', '3', '1', '4', '2']
        expected = '[1, 2, 3, 4, 5]'
    
        for _ in range(5):
>           result = runner.invoke(main, input_data)
                     ^^^^^^^^^^^^^^^^^^^^^^^^^^^^^^^

tests\test_cli.py:749: 
_ _ _ _ _ _ _ _ _ _ _ _ _ _ _ _ _ _ _ _ _ _ _ _ _ _ _ _ _ _ _ _ _ _ _ _ _ _ _ _
C:\Users\Administrator\AppData\Local\Programs\Python\Python312\Lib\site-packages\click\testing.py:501: in invoke
    prog_name = self.get_default_prog_name(cli)
                ^^^^^^^^^^^^^^^^^^^^^^^^^^^^^^^
_ _ _ _ _ _ _ _ _ _ _ _ _ _ _ _ _ _ _ _ _ _ _ _ _ _ _ _ _ _ _ _ _ _ _ _ _ _ _ _

self = <click.testing.CliRunner object at 0x0000020C3A6D9610>
cli = <function main at 0x0000020C3A3F16C0>

    def get_default_prog_name(self, cli: Command) -> str:
        """Given a command object it will return the default program name
        for it.  The default is the `name` attribute or ``"root"`` if not
        set.
        """
>       return cli.name or "root"
               ^^^^^^^^
E       AttributeError: 'function' object has no attribute 'name'

C:\Users\Administrator\AppData\Local\Programs\Python\Python312\Lib\site-packages\click\testing.py:268: AttributeError
__________________ TestCLIStability.test_memory_usage_stable __________________

self = <click.testing.CliRunner object at 0x0000020C3A6DAC00>
cli = <function main at 0x0000020C3A3F16C0>
args = ['10', '9', '8', '7', '6', '5', ...], input = None, env = None
catch_exceptions = True, color = False, extra = {}, exc_info = None
outstreams = (<click.testing.BytesIOCopy object at 0x0000020C3A64BF10>, <click.testing.BytesIOCopy object at 0x0000020C3A64BEC0>, <_io.BytesIO object at 0x0000020C3A64BCE0>)
return_value = None, exception = None, exit_code = 0

    def invoke(
        self,
        cli: Command,
        args: str | cabc.Sequence[str] | None = None,
        input: str | bytes | t.IO[t.Any] | None = None,
        env: cabc.Mapping[str, str | None] | None = None,
        catch_exceptions: bool | None = None,
        color: bool = False,
        **extra: t.Any,
    ) -> Result:
        """Invokes a command in an isolated environment.  The arguments are
        forwarded directly to the command line script, the `extra` keyword
        arguments are passed to the :meth:`~clickpkg.Command.main` function of
        the command.
    
        This returns a :class:`Result` object.
    
        :param cli: the command to invoke
        :param args: the arguments to invoke. It may be given as an iterable
                     or a string. When given as string it will be interpreted
                     as a Unix shell command. More details at
                     :func:`shlex.split`.
        :param input: the input data for `sys.stdin`.
        :param env: the environment overrides.
        :param catch_exceptions: Whether to catch any other exceptions than
                                 ``SystemExit``. If :data:`None`, the value
                                 from :class:`CliRunner` is used.
        :param extra: the keyword arguments to pass to :meth:`main`.
        :param color: whether the output should contain color codes. The
                      application can still override this explicitly.
    
        .. versionadded:: 8.2
            The result object has the ``output_bytes`` attribute with
            the mix of ``stdout_bytes`` and ``stderr_bytes``, as the user would
            see it in its terminal.
    
        .. versionchanged:: 8.2
            The result object always returns the ``stderr_bytes`` stream.
    
        .. versionchanged:: 8.0
            The result object has the ``return_value`` attribute with
            the value returned from the invoked command.
    
        .. versionchanged:: 4.0
            Added the ``color`` parameter.
    
        .. versionchanged:: 3.0
            Added the ``catch_exceptions`` parameter.
    
        .. versionchanged:: 3.0
            The result object has the ``exc_info`` attribute with the
            traceback if available.
        """
        exc_info = None
        if catch_exceptions is None:
            catch_exceptions = self.catch_exceptions
    
        with self.isolation(input=input, env=env, color=color) as outstreams:
            return_value = None
            exception: BaseException | None = None
            exit_code = 0
    
            if isinstance(args, str):
                args = shlex.split(args)
    
            try:
>               prog_name = extra.pop("prog_name")
                            ^^^^^^^^^^^^^^^^^^^^^^
E               KeyError: 'prog_name'

C:\Users\Administrator\AppData\Local\Programs\Python\Python312\Lib\site-packages\click\testing.py:499: KeyError

During handling of the above exception, another exception occurred:

self = <tests.test_cli.TestCLIStability object at 0x0000020C3A436330>

    def test_memory_usage_stable(self):
        """Test that memory usage remains stable across runs."""
        runner = CliRunner()
        # Run with progressively larger datasets
        for size in [10, 50, 100, 500]:
            numbers = list(range(1, size + 1))
>           result = runner.invoke(main, [str(n) for n in reversed(numbers)])
                     ^^^^^^^^^^^^^^^^^^^^^^^^^^^^^^^^^^^^^^^^^^^^^^^^^^^^^^^^

tests\test_cli.py:759: 
_ _ _ _ _ _ _ _ _ _ _ _ _ _ _ _ _ _ _ _ _ _ _ _ _ _ _ _ _ _ _ _ _ _ _ _ _ _ _ _
C:\Users\Administrator\AppData\Local\Programs\Python\Python312\Lib\site-packages\click\testing.py:501: in invoke
    prog_name = self.get_default_prog_name(cli)
                ^^^^^^^^^^^^^^^^^^^^^^^^^^^^^^^
_ _ _ _ _ _ _ _ _ _ _ _ _ _ _ _ _ _ _ _ _ _ _ _ _ _ _ _ _ _ _ _ _ _ _ _ _ _ _ _

self = <click.testing.CliRunner object at 0x0000020C3A6DAC00>
cli = <function main at 0x0000020C3A3F16C0>

    def get_default_prog_name(self, cli: Command) -> str:
        """Given a command object it will return the default program name
        for it.  The default is the `name` attribute or ``"root"`` if not
        set.
        """
>       return cli.name or "root"
               ^^^^^^^^
E       AttributeError: 'function' object has no attribute 'name'

C:\Users\Administrator\AppData\Local\Programs\Python\Python312\Lib\site-packages\click\testing.py:268: AttributeError
____________________ TestCLIStability.test_concurrent_runs ____________________

self = <click.testing.CliRunner object at 0x0000020C3B8B57C0>
cli = <function main at 0x0000020C3A3F16C0>, args = ['5', '3', '1']
input = None, env = None, catch_exceptions = True, color = False, extra = {}
exc_info = None
outstreams = (<click.testing.BytesIOCopy object at 0x0000020C3B8ED490>, <click.testing.BytesIOCopy object at 0x0000020C3B8ED530>, <_io.BytesIO object at 0x0000020C3B8ED3F0>)
return_value = None, exception = None, exit_code = 0

    def invoke(
        self,
        cli: Command,
        args: str | cabc.Sequence[str] | None = None,
        input: str | bytes | t.IO[t.Any] | None = None,
        env: cabc.Mapping[str, str | None] | None = None,
        catch_exceptions: bool | None = None,
        color: bool = False,
        **extra: t.Any,
    ) -> Result:
        """Invokes a command in an isolated environment.  The arguments are
        forwarded directly to the command line script, the `extra` keyword
        arguments are passed to the :meth:`~clickpkg.Command.main` function of
        the command.
    
        This returns a :class:`Result` object.
    
        :param cli: the command to invoke
        :param args: the arguments to invoke. It may be given as an iterable
                     or a string. When given as string it will be interpreted
                     as a Unix shell command. More details at
                     :func:`shlex.split`.
        :param input: the input data for `sys.stdin`.
        :param env: the environment overrides.
        :param catch_exceptions: Whether to catch any other exceptions than
                                 ``SystemExit``. If :data:`None`, the value
                                 from :class:`CliRunner` is used.
        :param extra: the keyword arguments to pass to :meth:`main`.
        :param color: whether the output should contain color codes. The
                      application can still override this explicitly.
    
        .. versionadded:: 8.2
            The result object has the ``output_bytes`` attribute with
            the mix of ``stdout_bytes`` and ``stderr_bytes``, as the user would
            see it in its terminal.
    
        .. versionchanged:: 8.2
            The result object always returns the ``stderr_bytes`` stream.
    
        .. versionchanged:: 8.0
            The result object has the ``return_value`` attribute with
            the value returned from the invoked command.
    
        .. versionchanged:: 4.0
            Added the ``color`` parameter.
    
        .. versionchanged:: 3.0
            Added the ``catch_exceptions`` parameter.
    
        .. versionchanged:: 3.0
            The result object has the ``exc_info`` attribute with the
            traceback if available.
        """
        exc_info = None
        if catch_exceptions is None:
            catch_exceptions = self.catch_exceptions
    
        with self.isolation(input=input, env=env, color=color) as outstreams:
            return_value = None
            exception: BaseException | None = None
            exit_code = 0
    
            if isinstance(args, str):
                args = shlex.split(args)
    
            try:
>               prog_name = extra.pop("prog_name")
                            ^^^^^^^^^^^^^^^^^^^^^^
E               KeyError: 'prog_name'

C:\Users\Administrator\AppData\Local\Programs\Python\Python312\Lib\site-packages\click\testing.py:499: KeyError

During handling of the above exception, another exception occurred:

self = <tests.test_cli.TestCLIStability object at 0x0000020C3A436630>

    def test_concurrent_runs(self):
        """Test that concurrent runs don't interfere."""
        runner = CliRunner()
        inputs = [
            ['5', '3', '1'],
            ['6', '4', '2'],
            ['9', '7', '8']
        ]
        expected = ['[1, 3, 5]', '[2, 4, 6]', '[7, 8, 9]']
    
        for inp, exp in zip(inputs, expected):
>           result = runner.invoke(main, inp)
                     ^^^^^^^^^^^^^^^^^^^^^^^^

tests\test_cli.py:774: 
_ _ _ _ _ _ _ _ _ _ _ _ _ _ _ _ _ _ _ _ _ _ _ _ _ _ _ _ _ _ _ _ _ _ _ _ _ _ _ _
C:\Users\Administrator\AppData\Local\Programs\Python\Python312\Lib\site-packages\click\testing.py:501: in invoke
    prog_name = self.get_default_prog_name(cli)
                ^^^^^^^^^^^^^^^^^^^^^^^^^^^^^^^
_ _ _ _ _ _ _ _ _ _ _ _ _ _ _ _ _ _ _ _ _ _ _ _ _ _ _ _ _ _ _ _ _ _ _ _ _ _ _ _

self = <click.testing.CliRunner object at 0x0000020C3B8B57C0>
cli = <function main at 0x0000020C3A3F16C0>

    def get_default_prog_name(self, cli: Command) -> str:
        """Given a command object it will return the default program name
        for it.  The default is the `name` attribute or ``"root"`` if not
        set.
        """
>       return cli.name or "root"
               ^^^^^^^^
E       AttributeError: 'function' object has no attribute 'name'

C:\Users\Administrator\AppData\Local\Programs\Python\Python312\Lib\site-packages\click\testing.py:268: AttributeError
____________________ TestCLIStability.test_unicode_support ____________________

self = <click.testing.CliRunner object at 0x0000020C3B8B65A0>
cli = <function main at 0x0000020C3A3F16C0>, args = ['5', '3', '1']
input = None, env = None, catch_exceptions = True, color = False, extra = {}
exc_info = None
outstreams = (<click.testing.BytesIOCopy object at 0x0000020C3B8ED800>, <click.testing.BytesIOCopy object at 0x0000020C3B8EDDA0>, <_io.BytesIO object at 0x0000020C3B8EFDD0>)
return_value = None, exception = None, exit_code = 0

    def invoke(
        self,
        cli: Command,
        args: str | cabc.Sequence[str] | None = None,
        input: str | bytes | t.IO[t.Any] | None = None,
        env: cabc.Mapping[str, str | None] | None = None,
        catch_exceptions: bool | None = None,
        color: bool = False,
        **extra: t.Any,
    ) -> Result:
        """Invokes a command in an isolated environment.  The arguments are
        forwarded directly to the command line script, the `extra` keyword
        arguments are passed to the :meth:`~clickpkg.Command.main` function of
        the command.
    
        This returns a :class:`Result` object.
    
        :param cli: the command to invoke
        :param args: the arguments to invoke. It may be given as an iterable
                     or a string. When given as string it will be interpreted
                     as a Unix shell command. More details at
                     :func:`shlex.split`.
        :param input: the input data for `sys.stdin`.
        :param env: the environment overrides.
        :param catch_exceptions: Whether to catch any other exceptions than
                                 ``SystemExit``. If :data:`None`, the value
                                 from :class:`CliRunner` is used.
        :param extra: the keyword arguments to pass to :meth:`main`.
        :param color: whether the output should contain color codes. The
                      application can still override this explicitly.
    
        .. versionadded:: 8.2
            The result object has the ``output_bytes`` attribute with
            the mix of ``stdout_bytes`` and ``stderr_bytes``, as the user would
            see it in its terminal.
    
        .. versionchanged:: 8.2
            The result object always returns the ``stderr_bytes`` stream.
    
        .. versionchanged:: 8.0
            The result object has the ``return_value`` attribute with
            the value returned from the invoked command.
    
        .. versionchanged:: 4.0
            Added the ``color`` parameter.
    
        .. versionchanged:: 3.0
            Added the ``catch_exceptions`` parameter.
    
        .. versionchanged:: 3.0
            The result object has the ``exc_info`` attribute with the
            traceback if available.
        """
        exc_info = None
        if catch_exceptions is None:
            catch_exceptions = self.catch_exceptions
    
        with self.isolation(input=input, env=env, color=color) as outstreams:
            return_value = None
            exception: BaseException | None = None
            exit_code = 0
    
            if isinstance(args, str):
                args = shlex.split(args)
    
            try:
>               prog_name = extra.pop("prog_name")
                            ^^^^^^^^^^^^^^^^^^^^^^
E               KeyError: 'prog_name'

C:\Users\Administrator\AppData\Local\Programs\Python\Python312\Lib\site-packages\click\testing.py:499: KeyError

During handling of the above exception, another exception occurred:

self = <tests.test_cli.TestCLIStability object at 0x0000020C3A436930>

    def test_unicode_support(self):
        """Test CLI handles Unicode correctly."""
        runner = CliRunner()
        # Numbers should work regardless of locale
>       result = runner.invoke(main, ['5', '3', '1'])
                 ^^^^^^^^^^^^^^^^^^^^^^^^^^^^^^^^^^^^

tests\test_cli.py:782: 
_ _ _ _ _ _ _ _ _ _ _ _ _ _ _ _ _ _ _ _ _ _ _ _ _ _ _ _ _ _ _ _ _ _ _ _ _ _ _ _
C:\Users\Administrator\AppData\Local\Programs\Python\Python312\Lib\site-packages\click\testing.py:501: in invoke
    prog_name = self.get_default_prog_name(cli)
                ^^^^^^^^^^^^^^^^^^^^^^^^^^^^^^^
_ _ _ _ _ _ _ _ _ _ _ _ _ _ _ _ _ _ _ _ _ _ _ _ _ _ _ _ _ _ _ _ _ _ _ _ _ _ _ _

self = <click.testing.CliRunner object at 0x0000020C3B8B65A0>
cli = <function main at 0x0000020C3A3F16C0>

    def get_default_prog_name(self, cli: Command) -> str:
        """Given a command object it will return the default program name
        for it.  The default is the `name` attribute or ``"root"`` if not
        set.
        """
>       return cli.name or "root"
               ^^^^^^^^
E       AttributeError: 'function' object has no attribute 'name'

C:\Users\Administrator\AppData\Local\Programs\Python\Python312\Lib\site-packages\click\testing.py:268: AttributeError
__________________ TestCLIStability.test_whitespace_handling __________________

self = <click.testing.CliRunner object at 0x0000020C3A4351C0>
cli = <function main at 0x0000020C3A3F16C0>, args = ['  5  ', '  3  ', '  1  ']
input = None, env = None, catch_exceptions = True, color = False, extra = {}
exc_info = None
outstreams = (<click.testing.BytesIOCopy object at 0x0000020C3B8EE110>, <click.testing.BytesIOCopy object at 0x0000020C3B8EFE20>, <_io.BytesIO object at 0x0000020C3B8EF970>)
return_value = None, exception = None, exit_code = 0

    def invoke(
        self,
        cli: Command,
        args: str | cabc.Sequence[str] | None = None,
        input: str | bytes | t.IO[t.Any] | None = None,
        env: cabc.Mapping[str, str | None] | None = None,
        catch_exceptions: bool | None = None,
        color: bool = False,
        **extra: t.Any,
    ) -> Result:
        """Invokes a command in an isolated environment.  The arguments are
        forwarded directly to the command line script, the `extra` keyword
        arguments are passed to the :meth:`~clickpkg.Command.main` function of
        the command.
    
        This returns a :class:`Result` object.
    
        :param cli: the command to invoke
        :param args: the arguments to invoke. It may be given as an iterable
                     or a string. When given as string it will be interpreted
                     as a Unix shell command. More details at
                     :func:`shlex.split`.
        :param input: the input data for `sys.stdin`.
        :param env: the environment overrides.
        :param catch_exceptions: Whether to catch any other exceptions than
                                 ``SystemExit``. If :data:`None`, the value
                                 from :class:`CliRunner` is used.
        :param extra: the keyword arguments to pass to :meth:`main`.
        :param color: whether the output should contain color codes. The
                      application can still override this explicitly.
    
        .. versionadded:: 8.2
            The result object has the ``output_bytes`` attribute with
            the mix of ``stdout_bytes`` and ``stderr_bytes``, as the user would
            see it in its terminal.
    
        .. versionchanged:: 8.2
            The result object always returns the ``stderr_bytes`` stream.
    
        .. versionchanged:: 8.0
            The result object has the ``return_value`` attribute with
            the value returned from the invoked command.
    
        .. versionchanged:: 4.0
            Added the ``color`` parameter.
    
        .. versionchanged:: 3.0
            Added the ``catch_exceptions`` parameter.
    
        .. versionchanged:: 3.0
            The result object has the ``exc_info`` attribute with the
            traceback if available.
        """
        exc_info = None
        if catch_exceptions is None:
            catch_exceptions = self.catch_exceptions
    
        with self.isolation(input=input, env=env, color=color) as outstreams:
            return_value = None
            exception: BaseException | None = None
            exit_code = 0
    
            if isinstance(args, str):
                args = shlex.split(args)
    
            try:
>               prog_name = extra.pop("prog_name")
                            ^^^^^^^^^^^^^^^^^^^^^^
E               KeyError: 'prog_name'

C:\Users\Administrator\AppData\Local\Programs\Python\Python312\Lib\site-packages\click\testing.py:499: KeyError

During handling of the above exception, another exception occurred:

self = <tests.test_cli.TestCLIStability object at 0x0000020C3A436C30>

    def test_whitespace_handling(self):
        """Test CLI handles various whitespace correctly."""
        runner = CliRunner()
>       result = runner.invoke(main, ['  5  ', '  3  ', '  1  '])
                 ^^^^^^^^^^^^^^^^^^^^^^^^^^^^^^^^^^^^^^^^^^^^^^^^

tests\test_cli.py:789: 
_ _ _ _ _ _ _ _ _ _ _ _ _ _ _ _ _ _ _ _ _ _ _ _ _ _ _ _ _ _ _ _ _ _ _ _ _ _ _ _
C:\Users\Administrator\AppData\Local\Programs\Python\Python312\Lib\site-packages\click\testing.py:501: in invoke
    prog_name = self.get_default_prog_name(cli)
                ^^^^^^^^^^^^^^^^^^^^^^^^^^^^^^^
_ _ _ _ _ _ _ _ _ _ _ _ _ _ _ _ _ _ _ _ _ _ _ _ _ _ _ _ _ _ _ _ _ _ _ _ _ _ _ _

self = <click.testing.CliRunner object at 0x0000020C3A4351C0>
cli = <function main at 0x0000020C3A3F16C0>

    def get_default_prog_name(self, cli: Command) -> str:
        """Given a command object it will return the default program name
        for it.  The default is the `name` attribute or ``"root"`` if not
        set.
        """
>       return cli.name or "root"
               ^^^^^^^^
E       AttributeError: 'function' object has no attribute 'name'

C:\Users\Administrator\AppData\Local\Programs\Python\Python312\Lib\site-packages\click\testing.py:268: AttributeError
__________________ TestCLIEdgeCases.test_very_large_dataset ___________________

self = <click.testing.CliRunner object at 0x0000020C3A6DB2F0>
cli = <function main at 0x0000020C3A3F16C0>
args = ['10000', '9999', '9998', '9997', '9996', '9995', ...], input = None
env = None, catch_exceptions = True, color = False, extra = {}, exc_info = None
outstreams = (<click.testing.BytesIOCopy object at 0x0000020C3B8ED850>, <click.testing.BytesIOCopy object at 0x0000020C3B8EE1B0>, <_io.BytesIO object at 0x0000020C3B8EDEE0>)
return_value = None, exception = None, exit_code = 0

    def invoke(
        self,
        cli: Command,
        args: str | cabc.Sequence[str] | None = None,
        input: str | bytes | t.IO[t.Any] | None = None,
        env: cabc.Mapping[str, str | None] | None = None,
        catch_exceptions: bool | None = None,
        color: bool = False,
        **extra: t.Any,
    ) -> Result:
        """Invokes a command in an isolated environment.  The arguments are
        forwarded directly to the command line script, the `extra` keyword
        arguments are passed to the :meth:`~clickpkg.Command.main` function of
        the command.
    
        This returns a :class:`Result` object.
    
        :param cli: the command to invoke
        :param args: the arguments to invoke. It may be given as an iterable
                     or a string. When given as string it will be interpreted
                     as a Unix shell command. More details at
                     :func:`shlex.split`.
        :param input: the input data for `sys.stdin`.
        :param env: the environment overrides.
        :param catch_exceptions: Whether to catch any other exceptions than
                                 ``SystemExit``. If :data:`None`, the value
                                 from :class:`CliRunner` is used.
        :param extra: the keyword arguments to pass to :meth:`main`.
        :param color: whether the output should contain color codes. The
                      application can still override this explicitly.
    
        .. versionadded:: 8.2
            The result object has the ``output_bytes`` attribute with
            the mix of ``stdout_bytes`` and ``stderr_bytes``, as the user would
            see it in its terminal.
    
        .. versionchanged:: 8.2
            The result object always returns the ``stderr_bytes`` stream.
    
        .. versionchanged:: 8.0
            The result object has the ``return_value`` attribute with
            the value returned from the invoked command.
    
        .. versionchanged:: 4.0
            Added the ``color`` parameter.
    
        .. versionchanged:: 3.0
            Added the ``catch_exceptions`` parameter.
    
        .. versionchanged:: 3.0
            The result object has the ``exc_info`` attribute with the
            traceback if available.
        """
        exc_info = None
        if catch_exceptions is None:
            catch_exceptions = self.catch_exceptions
    
        with self.isolation(input=input, env=env, color=color) as outstreams:
            return_value = None
            exception: BaseException | None = None
            exit_code = 0
    
            if isinstance(args, str):
                args = shlex.split(args)
    
            try:
>               prog_name = extra.pop("prog_name")
                            ^^^^^^^^^^^^^^^^^^^^^^
E               KeyError: 'prog_name'

C:\Users\Administrator\AppData\Local\Programs\Python\Python312\Lib\site-packages\click\testing.py:499: KeyError

During handling of the above exception, another exception occurred:

self = <tests.test_cli.TestCLIEdgeCases object at 0x0000020C3A436FC0>

    def test_very_large_dataset(self):
        """Test CLI with very large dataset."""
        runner = CliRunner()
        # Create large list
        numbers = list(range(1, 10001))
>       result = runner.invoke(main, [str(n) for n in reversed(numbers)])
                 ^^^^^^^^^^^^^^^^^^^^^^^^^^^^^^^^^^^^^^^^^^^^^^^^^^^^^^^^

tests\test_cli.py:802: 
_ _ _ _ _ _ _ _ _ _ _ _ _ _ _ _ _ _ _ _ _ _ _ _ _ _ _ _ _ _ _ _ _ _ _ _ _ _ _ _
C:\Users\Administrator\AppData\Local\Programs\Python\Python312\Lib\site-packages\click\testing.py:501: in invoke
    prog_name = self.get_default_prog_name(cli)
                ^^^^^^^^^^^^^^^^^^^^^^^^^^^^^^^
_ _ _ _ _ _ _ _ _ _ _ _ _ _ _ _ _ _ _ _ _ _ _ _ _ _ _ _ _ _ _ _ _ _ _ _ _ _ _ _

self = <click.testing.CliRunner object at 0x0000020C3A6DB2F0>
cli = <function main at 0x0000020C3A3F16C0>

    def get_default_prog_name(self, cli: Command) -> str:
        """Given a command object it will return the default program name
        for it.  The default is the `name` attribute or ``"root"`` if not
        set.
        """
>       return cli.name or "root"
               ^^^^^^^^
E       AttributeError: 'function' object has no attribute 'name'

C:\Users\Administrator\AppData\Local\Programs\Python\Python312\Lib\site-packages\click\testing.py:268: AttributeError
__________________ TestCLIEdgeCases.test_very_small_numbers ___________________

self = <click.testing.CliRunner object at 0x0000020C3B9B5940>
cli = <function main at 0x0000020C3A3F16C0>
args = ['0.000001', '0.000002', '0.000003'], input = None, env = None
catch_exceptions = True, color = False, extra = {}, exc_info = None
outstreams = (<click.testing.BytesIOCopy object at 0x0000020C3B8EE660>, <click.testing.BytesIOCopy object at 0x0000020C3B8EC0E0>, <_io.BytesIO object at 0x0000020C3B8EFD80>)
return_value = None, exception = None, exit_code = 0

    def invoke(
        self,
        cli: Command,
        args: str | cabc.Sequence[str] | None = None,
        input: str | bytes | t.IO[t.Any] | None = None,
        env: cabc.Mapping[str, str | None] | None = None,
        catch_exceptions: bool | None = None,
        color: bool = False,
        **extra: t.Any,
    ) -> Result:
        """Invokes a command in an isolated environment.  The arguments are
        forwarded directly to the command line script, the `extra` keyword
        arguments are passed to the :meth:`~clickpkg.Command.main` function of
        the command.
    
        This returns a :class:`Result` object.
    
        :param cli: the command to invoke
        :param args: the arguments to invoke. It may be given as an iterable
                     or a string. When given as string it will be interpreted
                     as a Unix shell command. More details at
                     :func:`shlex.split`.
        :param input: the input data for `sys.stdin`.
        :param env: the environment overrides.
        :param catch_exceptions: Whether to catch any other exceptions than
                                 ``SystemExit``. If :data:`None`, the value
                                 from :class:`CliRunner` is used.
        :param extra: the keyword arguments to pass to :meth:`main`.
        :param color: whether the output should contain color codes. The
                      application can still override this explicitly.
    
        .. versionadded:: 8.2
            The result object has the ``output_bytes`` attribute with
            the mix of ``stdout_bytes`` and ``stderr_bytes``, as the user would
            see it in its terminal.
    
        .. versionchanged:: 8.2
            The result object always returns the ``stderr_bytes`` stream.
    
        .. versionchanged:: 8.0
            The result object has the ``return_value`` attribute with
            the value returned from the invoked command.
    
        .. versionchanged:: 4.0
            Added the ``color`` parameter.
    
        .. versionchanged:: 3.0
            Added the ``catch_exceptions`` parameter.
    
        .. versionchanged:: 3.0
            The result object has the ``exc_info`` attribute with the
            traceback if available.
        """
        exc_info = None
        if catch_exceptions is None:
            catch_exceptions = self.catch_exceptions
    
        with self.isolation(input=input, env=env, color=color) as outstreams:
            return_value = None
            exception: BaseException | None = None
            exit_code = 0
    
            if isinstance(args, str):
                args = shlex.split(args)
    
            try:
>               prog_name = extra.pop("prog_name")
                            ^^^^^^^^^^^^^^^^^^^^^^
E               KeyError: 'prog_name'

C:\Users\Administrator\AppData\Local\Programs\Python\Python312\Lib\site-packages\click\testing.py:499: KeyError

During handling of the above exception, another exception occurred:

self = <tests.test_cli.TestCLIEdgeCases object at 0x0000020C3A4372C0>

    def test_very_small_numbers(self):
        """Test CLI with very small decimal numbers."""
        runner = CliRunner()
>       result = runner.invoke(main, ['0.000001', '0.000002', '0.000003'])
                 ^^^^^^^^^^^^^^^^^^^^^^^^^^^^^^^^^^^^^^^^^^^^^^^^^^^^^^^^^

tests\test_cli.py:809: 
_ _ _ _ _ _ _ _ _ _ _ _ _ _ _ _ _ _ _ _ _ _ _ _ _ _ _ _ _ _ _ _ _ _ _ _ _ _ _ _
C:\Users\Administrator\AppData\Local\Programs\Python\Python312\Lib\site-packages\click\testing.py:501: in invoke
    prog_name = self.get_default_prog_name(cli)
                ^^^^^^^^^^^^^^^^^^^^^^^^^^^^^^^
_ _ _ _ _ _ _ _ _ _ _ _ _ _ _ _ _ _ _ _ _ _ _ _ _ _ _ _ _ _ _ _ _ _ _ _ _ _ _ _

self = <click.testing.CliRunner object at 0x0000020C3B9B5940>
cli = <function main at 0x0000020C3A3F16C0>

    def get_default_prog_name(self, cli: Command) -> str:
        """Given a command object it will return the default program name
        for it.  The default is the `name` attribute or ``"root"`` if not
        set.
        """
>       return cli.name or "root"
               ^^^^^^^^
E       AttributeError: 'function' object has no attribute 'name'

C:\Users\Administrator\AppData\Local\Programs\Python\Python312\Lib\site-packages\click\testing.py:268: AttributeError
_________________ TestCLIEdgeCases.test_mixed_large_and_small _________________

self = <click.testing.CliRunner object at 0x0000020C3B9B6750>
cli = <function main at 0x0000020C3A3F16C0>, args = ['1e10', '1e-10', '5', '3']
input = None, env = None, catch_exceptions = True, color = False, extra = {}
exc_info = None
outstreams = (<click.testing.BytesIOCopy object at 0x0000020C3B8ED7B0>, <click.testing.BytesIOCopy object at 0x0000020C3B8EEFC0>, <_io.BytesIO object at 0x0000020C3B8EE520>)
return_value = None, exception = None, exit_code = 0

    def invoke(
        self,
        cli: Command,
        args: str | cabc.Sequence[str] | None = None,
        input: str | bytes | t.IO[t.Any] | None = None,
        env: cabc.Mapping[str, str | None] | None = None,
        catch_exceptions: bool | None = None,
        color: bool = False,
        **extra: t.Any,
    ) -> Result:
        """Invokes a command in an isolated environment.  The arguments are
        forwarded directly to the command line script, the `extra` keyword
        arguments are passed to the :meth:`~clickpkg.Command.main` function of
        the command.
    
        This returns a :class:`Result` object.
    
        :param cli: the command to invoke
        :param args: the arguments to invoke. It may be given as an iterable
                     or a string. When given as string it will be interpreted
                     as a Unix shell command. More details at
                     :func:`shlex.split`.
        :param input: the input data for `sys.stdin`.
        :param env: the environment overrides.
        :param catch_exceptions: Whether to catch any other exceptions than
                                 ``SystemExit``. If :data:`None`, the value
                                 from :class:`CliRunner` is used.
        :param extra: the keyword arguments to pass to :meth:`main`.
        :param color: whether the output should contain color codes. The
                      application can still override this explicitly.
    
        .. versionadded:: 8.2
            The result object has the ``output_bytes`` attribute with
            the mix of ``stdout_bytes`` and ``stderr_bytes``, as the user would
            see it in its terminal.
    
        .. versionchanged:: 8.2
            The result object always returns the ``stderr_bytes`` stream.
    
        .. versionchanged:: 8.0
            The result object has the ``return_value`` attribute with
            the value returned from the invoked command.
    
        .. versionchanged:: 4.0
            Added the ``color`` parameter.
    
        .. versionchanged:: 3.0
            Added the ``catch_exceptions`` parameter.
    
        .. versionchanged:: 3.0
            The result object has the ``exc_info`` attribute with the
            traceback if available.
        """
        exc_info = None
        if catch_exceptions is None:
            catch_exceptions = self.catch_exceptions
    
        with self.isolation(input=input, env=env, color=color) as outstreams:
            return_value = None
            exception: BaseException | None = None
            exit_code = 0
    
            if isinstance(args, str):
                args = shlex.split(args)
    
            try:
>               prog_name = extra.pop("prog_name")
                            ^^^^^^^^^^^^^^^^^^^^^^
E               KeyError: 'prog_name'

C:\Users\Administrator\AppData\Local\Programs\Python\Python312\Lib\site-packages\click\testing.py:499: KeyError

During handling of the above exception, another exception occurred:

self = <tests.test_cli.TestCLIEdgeCases object at 0x0000020C3A4375C0>

    def test_mixed_large_and_small(self):
        """Test CLI with mix of very large and very small numbers."""
        runner = CliRunner()
>       result = runner.invoke(main, ['1e10', '1e-10', '5', '3'])
                 ^^^^^^^^^^^^^^^^^^^^^^^^^^^^^^^^^^^^^^^^^^^^^^^^

tests\test_cli.py:816: 
_ _ _ _ _ _ _ _ _ _ _ _ _ _ _ _ _ _ _ _ _ _ _ _ _ _ _ _ _ _ _ _ _ _ _ _ _ _ _ _
C:\Users\Administrator\AppData\Local\Programs\Python\Python312\Lib\site-packages\click\testing.py:501: in invoke
    prog_name = self.get_default_prog_name(cli)
                ^^^^^^^^^^^^^^^^^^^^^^^^^^^^^^^
_ _ _ _ _ _ _ _ _ _ _ _ _ _ _ _ _ _ _ _ _ _ _ _ _ _ _ _ _ _ _ _ _ _ _ _ _ _ _ _

self = <click.testing.CliRunner object at 0x0000020C3B9B6750>
cli = <function main at 0x0000020C3A3F16C0>

    def get_default_prog_name(self, cli: Command) -> str:
        """Given a command object it will return the default program name
        for it.  The default is the `name` attribute or ``"root"`` if not
        set.
        """
>       return cli.name or "root"
               ^^^^^^^^
E       AttributeError: 'function' object has no attribute 'name'

C:\Users\Administrator\AppData\Local\Programs\Python\Python312\Lib\site-packages\click\testing.py:268: AttributeError
__________ TestCLIEdgeCases.test_duplicate_values_various_positions ___________

self = <click.testing.CliRunner object at 0x0000020C3B9B78F0>
cli = <function main at 0x0000020C3A3F16C0>
args = ['1', '2', '1', '3', '2', '1'], input = None, env = None
catch_exceptions = True, color = False, extra = {}, exc_info = None
outstreams = (<click.testing.BytesIOCopy object at 0x0000020C3B8EF5B0>, <click.testing.BytesIOCopy object at 0x0000020C3B8EF600>, <_io.BytesIO object at 0x0000020C3B8EF510>)
return_value = None, exception = None, exit_code = 0

    def invoke(
        self,
        cli: Command,
        args: str | cabc.Sequence[str] | None = None,
        input: str | bytes | t.IO[t.Any] | None = None,
        env: cabc.Mapping[str, str | None] | None = None,
        catch_exceptions: bool | None = None,
        color: bool = False,
        **extra: t.Any,
    ) -> Result:
        """Invokes a command in an isolated environment.  The arguments are
        forwarded directly to the command line script, the `extra` keyword
        arguments are passed to the :meth:`~clickpkg.Command.main` function of
        the command.
    
        This returns a :class:`Result` object.
    
        :param cli: the command to invoke
        :param args: the arguments to invoke. It may be given as an iterable
                     or a string. When given as string it will be interpreted
                     as a Unix shell command. More details at
                     :func:`shlex.split`.
        :param input: the input data for `sys.stdin`.
        :param env: the environment overrides.
        :param catch_exceptions: Whether to catch any other exceptions than
                                 ``SystemExit``. If :data:`None`, the value
                                 from :class:`CliRunner` is used.
        :param extra: the keyword arguments to pass to :meth:`main`.
        :param color: whether the output should contain color codes. The
                      application can still override this explicitly.
    
        .. versionadded:: 8.2
            The result object has the ``output_bytes`` attribute with
            the mix of ``stdout_bytes`` and ``stderr_bytes``, as the user would
            see it in its terminal.
    
        .. versionchanged:: 8.2
            The result object always returns the ``stderr_bytes`` stream.
    
        .. versionchanged:: 8.0
            The result object has the ``return_value`` attribute with
            the value returned from the invoked command.
    
        .. versionchanged:: 4.0
            Added the ``color`` parameter.
    
        .. versionchanged:: 3.0
            Added the ``catch_exceptions`` parameter.
    
        .. versionchanged:: 3.0
            The result object has the ``exc_info`` attribute with the
            traceback if available.
        """
        exc_info = None
        if catch_exceptions is None:
            catch_exceptions = self.catch_exceptions
    
        with self.isolation(input=input, env=env, color=color) as outstreams:
            return_value = None
            exception: BaseException | None = None
            exit_code = 0
    
            if isinstance(args, str):
                args = shlex.split(args)
    
            try:
>               prog_name = extra.pop("prog_name")
                            ^^^^^^^^^^^^^^^^^^^^^^
E               KeyError: 'prog_name'

C:\Users\Administrator\AppData\Local\Programs\Python\Python312\Lib\site-packages\click\testing.py:499: KeyError

During handling of the above exception, another exception occurred:

self = <tests.test_cli.TestCLIEdgeCases object at 0x0000020C3A4378C0>

    def test_duplicate_values_various_positions(self):
        """Test handling duplicates in various positions."""
        runner = CliRunner()
>       result = runner.invoke(main, ['1', '2', '1', '3', '2', '1'])
                 ^^^^^^^^^^^^^^^^^^^^^^^^^^^^^^^^^^^^^^^^^^^^^^^^^^^

tests\test_cli.py:824: 
_ _ _ _ _ _ _ _ _ _ _ _ _ _ _ _ _ _ _ _ _ _ _ _ _ _ _ _ _ _ _ _ _ _ _ _ _ _ _ _
C:\Users\Administrator\AppData\Local\Programs\Python\Python312\Lib\site-packages\click\testing.py:501: in invoke
    prog_name = self.get_default_prog_name(cli)
                ^^^^^^^^^^^^^^^^^^^^^^^^^^^^^^^
_ _ _ _ _ _ _ _ _ _ _ _ _ _ _ _ _ _ _ _ _ _ _ _ _ _ _ _ _ _ _ _ _ _ _ _ _ _ _ _

self = <click.testing.CliRunner object at 0x0000020C3B9B78F0>
cli = <function main at 0x0000020C3A3F16C0>

    def get_default_prog_name(self, cli: Command) -> str:
        """Given a command object it will return the default program name
        for it.  The default is the `name` attribute or ``"root"`` if not
        set.
        """
>       return cli.name or "root"
               ^^^^^^^^
E       AttributeError: 'function' object has no attribute 'name'

C:\Users\Administrator\AppData\Local\Programs\Python\Python312\Lib\site-packages\click\testing.py:268: AttributeError
_______________ TestCLIEdgeCases.test_negative_and_positive_mix _______________

self = <click.testing.CliRunner object at 0x0000020C3B9BF410>
cli = <function main at 0x0000020C3A3F16C0>, args = ['-5', '10', '-3', '7', '0']
input = None, env = None, catch_exceptions = True, color = False, extra = {}
exc_info = None
outstreams = (<click.testing.BytesIOCopy object at 0x0000020C3B8EC810>, <click.testing.BytesIOCopy object at 0x0000020C3B8EDC60>, <_io.BytesIO object at 0x0000020C3B8EC2C0>)
return_value = None, exception = None, exit_code = 0

    def invoke(
        self,
        cli: Command,
        args: str | cabc.Sequence[str] | None = None,
        input: str | bytes | t.IO[t.Any] | None = None,
        env: cabc.Mapping[str, str | None] | None = None,
        catch_exceptions: bool | None = None,
        color: bool = False,
        **extra: t.Any,
    ) -> Result:
        """Invokes a command in an isolated environment.  The arguments are
        forwarded directly to the command line script, the `extra` keyword
        arguments are passed to the :meth:`~clickpkg.Command.main` function of
        the command.
    
        This returns a :class:`Result` object.
    
        :param cli: the command to invoke
        :param args: the arguments to invoke. It may be given as an iterable
                     or a string. When given as string it will be interpreted
                     as a Unix shell command. More details at
                     :func:`shlex.split`.
        :param input: the input data for `sys.stdin`.
        :param env: the environment overrides.
        :param catch_exceptions: Whether to catch any other exceptions than
                                 ``SystemExit``. If :data:`None`, the value
                                 from :class:`CliRunner` is used.
        :param extra: the keyword arguments to pass to :meth:`main`.
        :param color: whether the output should contain color codes. The
                      application can still override this explicitly.
    
        .. versionadded:: 8.2
            The result object has the ``output_bytes`` attribute with
            the mix of ``stdout_bytes`` and ``stderr_bytes``, as the user would
            see it in its terminal.
    
        .. versionchanged:: 8.2
            The result object always returns the ``stderr_bytes`` stream.
    
        .. versionchanged:: 8.0
            The result object has the ``return_value`` attribute with
            the value returned from the invoked command.
    
        .. versionchanged:: 4.0
            Added the ``color`` parameter.
    
        .. versionchanged:: 3.0
            Added the ``catch_exceptions`` parameter.
    
        .. versionchanged:: 3.0
            The result object has the ``exc_info`` attribute with the
            traceback if available.
        """
        exc_info = None
        if catch_exceptions is None:
            catch_exceptions = self.catch_exceptions
    
        with self.isolation(input=input, env=env, color=color) as outstreams:
            return_value = None
            exception: BaseException | None = None
            exit_code = 0
    
            if isinstance(args, str):
                args = shlex.split(args)
    
            try:
>               prog_name = extra.pop("prog_name")
                            ^^^^^^^^^^^^^^^^^^^^^^
E               KeyError: 'prog_name'

C:\Users\Administrator\AppData\Local\Programs\Python\Python312\Lib\site-packages\click\testing.py:499: KeyError

During handling of the above exception, another exception occurred:

self = <tests.test_cli.TestCLIEdgeCases object at 0x0000020C3A328B30>

    def test_negative_and_positive_mix(self):
        """Test mix of negative and positive numbers."""
        runner = CliRunner()
>       result = runner.invoke(main, ['-5', '10', '-3', '7', '0'])
                 ^^^^^^^^^^^^^^^^^^^^^^^^^^^^^^^^^^^^^^^^^^^^^^^^^

tests\test_cli.py:831: 
_ _ _ _ _ _ _ _ _ _ _ _ _ _ _ _ _ _ _ _ _ _ _ _ _ _ _ _ _ _ _ _ _ _ _ _ _ _ _ _
C:\Users\Administrator\AppData\Local\Programs\Python\Python312\Lib\site-packages\click\testing.py:501: in invoke
    prog_name = self.get_default_prog_name(cli)
                ^^^^^^^^^^^^^^^^^^^^^^^^^^^^^^^
_ _ _ _ _ _ _ _ _ _ _ _ _ _ _ _ _ _ _ _ _ _ _ _ _ _ _ _ _ _ _ _ _ _ _ _ _ _ _ _

self = <click.testing.CliRunner object at 0x0000020C3B9BF410>
cli = <function main at 0x0000020C3A3F16C0>

    def get_default_prog_name(self, cli: Command) -> str:
        """Given a command object it will return the default program name
        for it.  The default is the `name` attribute or ``"root"`` if not
        set.
        """
>       return cli.name or "root"
               ^^^^^^^^
E       AttributeError: 'function' object has no attribute 'name'

C:\Users\Administrator\AppData\Local\Programs\Python\Python312\Lib\site-packages\click\testing.py:268: AttributeError
_____________________ TestCLIEdgeCases.test_zero_handling _____________________

self = <click.testing.CliRunner object at 0x0000020C3A671C70>
cli = <function main at 0x0000020C3A3F16C0>, args = ['5', '0', '3', '0', '1']
input = None, env = None, catch_exceptions = True, color = False, extra = {}
exc_info = None
outstreams = (<click.testing.BytesIOCopy object at 0x0000020C3A675350>, <click.testing.BytesIOCopy object at 0x0000020C3A6767A0>, <_io.BytesIO object at 0x0000020C3A674220>)
return_value = None, exception = None, exit_code = 0

    def invoke(
        self,
        cli: Command,
        args: str | cabc.Sequence[str] | None = None,
        input: str | bytes | t.IO[t.Any] | None = None,
        env: cabc.Mapping[str, str | None] | None = None,
        catch_exceptions: bool | None = None,
        color: bool = False,
        **extra: t.Any,
    ) -> Result:
        """Invokes a command in an isolated environment.  The arguments are
        forwarded directly to the command line script, the `extra` keyword
        arguments are passed to the :meth:`~clickpkg.Command.main` function of
        the command.
    
        This returns a :class:`Result` object.
    
        :param cli: the command to invoke
        :param args: the arguments to invoke. It may be given as an iterable
                     or a string. When given as string it will be interpreted
                     as a Unix shell command. More details at
                     :func:`shlex.split`.
        :param input: the input data for `sys.stdin`.
        :param env: the environment overrides.
        :param catch_exceptions: Whether to catch any other exceptions than
                                 ``SystemExit``. If :data:`None`, the value
                                 from :class:`CliRunner` is used.
        :param extra: the keyword arguments to pass to :meth:`main`.
        :param color: whether the output should contain color codes. The
                      application can still override this explicitly.
    
        .. versionadded:: 8.2
            The result object has the ``output_bytes`` attribute with
            the mix of ``stdout_bytes`` and ``stderr_bytes``, as the user would
            see it in its terminal.
    
        .. versionchanged:: 8.2
            The result object always returns the ``stderr_bytes`` stream.
    
        .. versionchanged:: 8.0
            The result object has the ``return_value`` attribute with
            the value returned from the invoked command.
    
        .. versionchanged:: 4.0
            Added the ``color`` parameter.
    
        .. versionchanged:: 3.0
            Added the ``catch_exceptions`` parameter.
    
        .. versionchanged:: 3.0
            The result object has the ``exc_info`` attribute with the
            traceback if available.
        """
        exc_info = None
        if catch_exceptions is None:
            catch_exceptions = self.catch_exceptions
    
        with self.isolation(input=input, env=env, color=color) as outstreams:
            return_value = None
            exception: BaseException | None = None
            exit_code = 0
    
            if isinstance(args, str):
                args = shlex.split(args)
    
            try:
>               prog_name = extra.pop("prog_name")
                            ^^^^^^^^^^^^^^^^^^^^^^
E               KeyError: 'prog_name'

C:\Users\Administrator\AppData\Local\Programs\Python\Python312\Lib\site-packages\click\testing.py:499: KeyError

During handling of the above exception, another exception occurred:

self = <tests.test_cli.TestCLIEdgeCases object at 0x0000020C3A40F110>

    def test_zero_handling(self):
        """Test handling of zero values."""
        runner = CliRunner()
>       result = runner.invoke(main, ['5', '0', '3', '0', '1'])
                 ^^^^^^^^^^^^^^^^^^^^^^^^^^^^^^^^^^^^^^^^^^^^^^

tests\test_cli.py:838: 
_ _ _ _ _ _ _ _ _ _ _ _ _ _ _ _ _ _ _ _ _ _ _ _ _ _ _ _ _ _ _ _ _ _ _ _ _ _ _ _
C:\Users\Administrator\AppData\Local\Programs\Python\Python312\Lib\site-packages\click\testing.py:501: in invoke
    prog_name = self.get_default_prog_name(cli)
                ^^^^^^^^^^^^^^^^^^^^^^^^^^^^^^^
_ _ _ _ _ _ _ _ _ _ _ _ _ _ _ _ _ _ _ _ _ _ _ _ _ _ _ _ _ _ _ _ _ _ _ _ _ _ _ _

self = <click.testing.CliRunner object at 0x0000020C3A671C70>
cli = <function main at 0x0000020C3A3F16C0>

    def get_default_prog_name(self, cli: Command) -> str:
        """Given a command object it will return the default program name
        for it.  The default is the `name` attribute or ``"root"`` if not
        set.
        """
>       return cli.name or "root"
               ^^^^^^^^
E       AttributeError: 'function' object has no attribute 'name'

C:\Users\Administrator\AppData\Local\Programs\Python\Python312\Lib\site-packages\click\testing.py:268: AttributeError
___________________ TestBubbleSortCLI.test_cli_basic_usage ____________________

self = <click.testing.CliRunner object at 0x0000020C3B8B6780>
cli = <function main at 0x0000020C3A3F16C0>, args = ['5', '3', '1', '4', '2']
input = None, env = None, catch_exceptions = True, color = False, extra = {}
exc_info = None
outstreams = (<click.testing.BytesIOCopy object at 0x0000020C3B8EE390>, <click.testing.BytesIOCopy object at 0x0000020C3B8EEFC0>, <_io.BytesIO object at 0x0000020C3B8EE3E0>)
return_value = None, exception = None, exit_code = 0

    def invoke(
        self,
        cli: Command,
        args: str | cabc.Sequence[str] | None = None,
        input: str | bytes | t.IO[t.Any] | None = None,
        env: cabc.Mapping[str, str | None] | None = None,
        catch_exceptions: bool | None = None,
        color: bool = False,
        **extra: t.Any,
    ) -> Result:
        """Invokes a command in an isolated environment.  The arguments are
        forwarded directly to the command line script, the `extra` keyword
        arguments are passed to the :meth:`~clickpkg.Command.main` function of
        the command.
    
        This returns a :class:`Result` object.
    
        :param cli: the command to invoke
        :param args: the arguments to invoke. It may be given as an iterable
                     or a string. When given as string it will be interpreted
                     as a Unix shell command. More details at
                     :func:`shlex.split`.
        :param input: the input data for `sys.stdin`.
        :param env: the environment overrides.
        :param catch_exceptions: Whether to catch any other exceptions than
                                 ``SystemExit``. If :data:`None`, the value
                                 from :class:`CliRunner` is used.
        :param extra: the keyword arguments to pass to :meth:`main`.
        :param color: whether the output should contain color codes. The
                      application can still override this explicitly.
    
        .. versionadded:: 8.2
            The result object has the ``output_bytes`` attribute with
            the mix of ``stdout_bytes`` and ``stderr_bytes``, as the user would
            see it in its terminal.
    
        .. versionchanged:: 8.2
            The result object always returns the ``stderr_bytes`` stream.
    
        .. versionchanged:: 8.0
            The result object has the ``return_value`` attribute with
            the value returned from the invoked command.
    
        .. versionchanged:: 4.0
            Added the ``color`` parameter.
    
        .. versionchanged:: 3.0
            Added the ``catch_exceptions`` parameter.
    
        .. versionchanged:: 3.0
            The result object has the ``exc_info`` attribute with the
            traceback if available.
        """
        exc_info = None
        if catch_exceptions is None:
            catch_exceptions = self.catch_exceptions
    
        with self.isolation(input=input, env=env, color=color) as outstreams:
            return_value = None
            exception: BaseException | None = None
            exit_code = 0
    
            if isinstance(args, str):
                args = shlex.split(args)
    
            try:
>               prog_name = extra.pop("prog_name")
                            ^^^^^^^^^^^^^^^^^^^^^^
E               KeyError: 'prog_name'

C:\Users\Administrator\AppData\Local\Programs\Python\Python312\Lib\site-packages\click\testing.py:499: KeyError

During handling of the above exception, another exception occurred:

self = <tests.test_integration.TestBubbleSortCLI object at 0x0000020C3A494A10>

    def test_cli_basic_usage(self):
        """Test basic CLI usage with simple input."""
        runner = CliRunner()
>       result = runner.invoke(main, ['5', '3', '1', '4', '2'])
                 ^^^^^^^^^^^^^^^^^^^^^^^^^^^^^^^^^^^^^^^^^^^^^^

tests\test_integration.py:17: 
_ _ _ _ _ _ _ _ _ _ _ _ _ _ _ _ _ _ _ _ _ _ _ _ _ _ _ _ _ _ _ _ _ _ _ _ _ _ _ _
C:\Users\Administrator\AppData\Local\Programs\Python\Python312\Lib\site-packages\click\testing.py:501: in invoke
    prog_name = self.get_default_prog_name(cli)
                ^^^^^^^^^^^^^^^^^^^^^^^^^^^^^^^
_ _ _ _ _ _ _ _ _ _ _ _ _ _ _ _ _ _ _ _ _ _ _ _ _ _ _ _ _ _ _ _ _ _ _ _ _ _ _ _

self = <click.testing.CliRunner object at 0x0000020C3B8B6780>
cli = <function main at 0x0000020C3A3F16C0>

    def get_default_prog_name(self, cli: Command) -> str:
        """Given a command object it will return the default program name
        for it.  The default is the `name` attribute or ``"root"`` if not
        set.
        """
>       return cli.name or "root"
               ^^^^^^^^
E       AttributeError: 'function' object has no attribute 'name'

C:\Users\Administrator\AppData\Local\Programs\Python\Python312\Lib\site-packages\click\testing.py:268: AttributeError
__________________ TestBubbleSortCLI.test_cli_already_sorted __________________

self = <click.testing.CliRunner object at 0x0000020C3B8B6360>
cli = <function main at 0x0000020C3A3F16C0>, args = ['1', '2', '3', '4', '5']
input = None, env = None, catch_exceptions = True, color = False, extra = {}
exc_info = None
outstreams = (<click.testing.BytesIOCopy object at 0x0000020C3B8E09A0>, <click.testing.BytesIOCopy object at 0x0000020C3B8E09F0>, <_io.BytesIO object at 0x0000020C3B8E0860>)
return_value = None, exception = None, exit_code = 0

    def invoke(
        self,
        cli: Command,
        args: str | cabc.Sequence[str] | None = None,
        input: str | bytes | t.IO[t.Any] | None = None,
        env: cabc.Mapping[str, str | None] | None = None,
        catch_exceptions: bool | None = None,
        color: bool = False,
        **extra: t.Any,
    ) -> Result:
        """Invokes a command in an isolated environment.  The arguments are
        forwarded directly to the command line script, the `extra` keyword
        arguments are passed to the :meth:`~clickpkg.Command.main` function of
        the command.
    
        This returns a :class:`Result` object.
    
        :param cli: the command to invoke
        :param args: the arguments to invoke. It may be given as an iterable
                     or a string. When given as string it will be interpreted
                     as a Unix shell command. More details at
                     :func:`shlex.split`.
        :param input: the input data for `sys.stdin`.
        :param env: the environment overrides.
        :param catch_exceptions: Whether to catch any other exceptions than
                                 ``SystemExit``. If :data:`None`, the value
                                 from :class:`CliRunner` is used.
        :param extra: the keyword arguments to pass to :meth:`main`.
        :param color: whether the output should contain color codes. The
                      application can still override this explicitly.
    
        .. versionadded:: 8.2
            The result object has the ``output_bytes`` attribute with
            the mix of ``stdout_bytes`` and ``stderr_bytes``, as the user would
            see it in its terminal.
    
        .. versionchanged:: 8.2
            The result object always returns the ``stderr_bytes`` stream.
    
        .. versionchanged:: 8.0
            The result object has the ``return_value`` attribute with
            the value returned from the invoked command.
    
        .. versionchanged:: 4.0
            Added the ``color`` parameter.
    
        .. versionchanged:: 3.0
            Added the ``catch_exceptions`` parameter.
    
        .. versionchanged:: 3.0
            The result object has the ``exc_info`` attribute with the
            traceback if available.
        """
        exc_info = None
        if catch_exceptions is None:
            catch_exceptions = self.catch_exceptions
    
        with self.isolation(input=input, env=env, color=color) as outstreams:
            return_value = None
            exception: BaseException | None = None
            exit_code = 0
    
            if isinstance(args, str):
                args = shlex.split(args)
    
            try:
>               prog_name = extra.pop("prog_name")
                            ^^^^^^^^^^^^^^^^^^^^^^
E               KeyError: 'prog_name'

C:\Users\Administrator\AppData\Local\Programs\Python\Python312\Lib\site-packages\click\testing.py:499: KeyError

During handling of the above exception, another exception occurred:

self = <tests.test_integration.TestBubbleSortCLI object at 0x0000020C3A4948F0>

    def test_cli_already_sorted(self):
        """Test CLI with already sorted input."""
        runner = CliRunner()
>       result = runner.invoke(main, ['1', '2', '3', '4', '5'])
                 ^^^^^^^^^^^^^^^^^^^^^^^^^^^^^^^^^^^^^^^^^^^^^^

tests\test_integration.py:24: 
_ _ _ _ _ _ _ _ _ _ _ _ _ _ _ _ _ _ _ _ _ _ _ _ _ _ _ _ _ _ _ _ _ _ _ _ _ _ _ _
C:\Users\Administrator\AppData\Local\Programs\Python\Python312\Lib\site-packages\click\testing.py:501: in invoke
    prog_name = self.get_default_prog_name(cli)
                ^^^^^^^^^^^^^^^^^^^^^^^^^^^^^^^
_ _ _ _ _ _ _ _ _ _ _ _ _ _ _ _ _ _ _ _ _ _ _ _ _ _ _ _ _ _ _ _ _ _ _ _ _ _ _ _

self = <click.testing.CliRunner object at 0x0000020C3B8B6360>
cli = <function main at 0x0000020C3A3F16C0>

    def get_default_prog_name(self, cli: Command) -> str:
        """Given a command object it will return the default program name
        for it.  The default is the `name` attribute or ``"root"`` if not
        set.
        """
>       return cli.name or "root"
               ^^^^^^^^
E       AttributeError: 'function' object has no attribute 'name'

C:\Users\Administrator\AppData\Local\Programs\Python\Python312\Lib\site-packages\click\testing.py:268: AttributeError
__________________ TestBubbleSortCLI.test_cli_reverse_sorted __________________

self = <click.testing.CliRunner object at 0x0000020C3B8B7380>
cli = <function main at 0x0000020C3A3F16C0>, args = ['5', '4', '3', '2', '1']
input = None, env = None, catch_exceptions = True, color = False, extra = {}
exc_info = None
outstreams = (<click.testing.BytesIOCopy object at 0x0000020C3B8E1A30>, <click.testing.BytesIOCopy object at 0x0000020C3B8E18A0>, <_io.BytesIO object at 0x0000020C3B8E1850>)
return_value = None, exception = None, exit_code = 0

    def invoke(
        self,
        cli: Command,
        args: str | cabc.Sequence[str] | None = None,
        input: str | bytes | t.IO[t.Any] | None = None,
        env: cabc.Mapping[str, str | None] | None = None,
        catch_exceptions: bool | None = None,
        color: bool = False,
        **extra: t.Any,
    ) -> Result:
        """Invokes a command in an isolated environment.  The arguments are
        forwarded directly to the command line script, the `extra` keyword
        arguments are passed to the :meth:`~clickpkg.Command.main` function of
        the command.
    
        This returns a :class:`Result` object.
    
        :param cli: the command to invoke
        :param args: the arguments to invoke. It may be given as an iterable
                     or a string. When given as string it will be interpreted
                     as a Unix shell command. More details at
                     :func:`shlex.split`.
        :param input: the input data for `sys.stdin`.
        :param env: the environment overrides.
        :param catch_exceptions: Whether to catch any other exceptions than
                                 ``SystemExit``. If :data:`None`, the value
                                 from :class:`CliRunner` is used.
        :param extra: the keyword arguments to pass to :meth:`main`.
        :param color: whether the output should contain color codes. The
                      application can still override this explicitly.
    
        .. versionadded:: 8.2
            The result object has the ``output_bytes`` attribute with
            the mix of ``stdout_bytes`` and ``stderr_bytes``, as the user would
            see it in its terminal.
    
        .. versionchanged:: 8.2
            The result object always returns the ``stderr_bytes`` stream.
    
        .. versionchanged:: 8.0
            The result object has the ``return_value`` attribute with
            the value returned from the invoked command.
    
        .. versionchanged:: 4.0
            Added the ``color`` parameter.
    
        .. versionchanged:: 3.0
            Added the ``catch_exceptions`` parameter.
    
        .. versionchanged:: 3.0
            The result object has the ``exc_info`` attribute with the
            traceback if available.
        """
        exc_info = None
        if catch_exceptions is None:
            catch_exceptions = self.catch_exceptions
    
        with self.isolation(input=input, env=env, color=color) as outstreams:
            return_value = None
            exception: BaseException | None = None
            exit_code = 0
    
            if isinstance(args, str):
                args = shlex.split(args)
    
            try:
>               prog_name = extra.pop("prog_name")
                            ^^^^^^^^^^^^^^^^^^^^^^
E               KeyError: 'prog_name'

C:\Users\Administrator\AppData\Local\Programs\Python\Python312\Lib\site-packages\click\testing.py:499: KeyError

During handling of the above exception, another exception occurred:

self = <tests.test_integration.TestBubbleSortCLI object at 0x0000020C3A495220>

    def test_cli_reverse_sorted(self):
        """Test CLI with reverse sorted input."""
        runner = CliRunner()
>       result = runner.invoke(main, ['5', '4', '3', '2', '1'])
                 ^^^^^^^^^^^^^^^^^^^^^^^^^^^^^^^^^^^^^^^^^^^^^^

tests\test_integration.py:31: 
_ _ _ _ _ _ _ _ _ _ _ _ _ _ _ _ _ _ _ _ _ _ _ _ _ _ _ _ _ _ _ _ _ _ _ _ _ _ _ _
C:\Users\Administrator\AppData\Local\Programs\Python\Python312\Lib\site-packages\click\testing.py:501: in invoke
    prog_name = self.get_default_prog_name(cli)
                ^^^^^^^^^^^^^^^^^^^^^^^^^^^^^^^
_ _ _ _ _ _ _ _ _ _ _ _ _ _ _ _ _ _ _ _ _ _ _ _ _ _ _ _ _ _ _ _ _ _ _ _ _ _ _ _

self = <click.testing.CliRunner object at 0x0000020C3B8B7380>
cli = <function main at 0x0000020C3A3F16C0>

    def get_default_prog_name(self, cli: Command) -> str:
        """Given a command object it will return the default program name
        for it.  The default is the `name` attribute or ``"root"`` if not
        set.
        """
>       return cli.name or "root"
               ^^^^^^^^
E       AttributeError: 'function' object has no attribute 'name'

C:\Users\Administrator\AppData\Local\Programs\Python\Python312\Lib\site-packages\click\testing.py:268: AttributeError
__________________ TestBubbleSortCLI.test_cli_single_element __________________

self = <click.testing.CliRunner object at 0x0000020C3B9B7890>
cli = <function main at 0x0000020C3A3F16C0>, args = ['42'], input = None
env = None, catch_exceptions = True, color = False, extra = {}, exc_info = None
outstreams = (<click.testing.BytesIOCopy object at 0x0000020C3B8E0720>, <click.testing.BytesIOCopy object at 0x0000020C3B8E36F0>, <_io.BytesIO object at 0x0000020C3B8E36A0>)
return_value = None, exception = None, exit_code = 0

    def invoke(
        self,
        cli: Command,
        args: str | cabc.Sequence[str] | None = None,
        input: str | bytes | t.IO[t.Any] | None = None,
        env: cabc.Mapping[str, str | None] | None = None,
        catch_exceptions: bool | None = None,
        color: bool = False,
        **extra: t.Any,
    ) -> Result:
        """Invokes a command in an isolated environment.  The arguments are
        forwarded directly to the command line script, the `extra` keyword
        arguments are passed to the :meth:`~clickpkg.Command.main` function of
        the command.
    
        This returns a :class:`Result` object.
    
        :param cli: the command to invoke
        :param args: the arguments to invoke. It may be given as an iterable
                     or a string. When given as string it will be interpreted
                     as a Unix shell command. More details at
                     :func:`shlex.split`.
        :param input: the input data for `sys.stdin`.
        :param env: the environment overrides.
        :param catch_exceptions: Whether to catch any other exceptions than
                                 ``SystemExit``. If :data:`None`, the value
                                 from :class:`CliRunner` is used.
        :param extra: the keyword arguments to pass to :meth:`main`.
        :param color: whether the output should contain color codes. The
                      application can still override this explicitly.
    
        .. versionadded:: 8.2
            The result object has the ``output_bytes`` attribute with
            the mix of ``stdout_bytes`` and ``stderr_bytes``, as the user would
            see it in its terminal.
    
        .. versionchanged:: 8.2
            The result object always returns the ``stderr_bytes`` stream.
    
        .. versionchanged:: 8.0
            The result object has the ``return_value`` attribute with
            the value returned from the invoked command.
    
        .. versionchanged:: 4.0
            Added the ``color`` parameter.
    
        .. versionchanged:: 3.0
            Added the ``catch_exceptions`` parameter.
    
        .. versionchanged:: 3.0
            The result object has the ``exc_info`` attribute with the
            traceback if available.
        """
        exc_info = None
        if catch_exceptions is None:
            catch_exceptions = self.catch_exceptions
    
        with self.isolation(input=input, env=env, color=color) as outstreams:
            return_value = None
            exception: BaseException | None = None
            exit_code = 0
    
            if isinstance(args, str):
                args = shlex.split(args)
    
            try:
>               prog_name = extra.pop("prog_name")
                            ^^^^^^^^^^^^^^^^^^^^^^
E               KeyError: 'prog_name'

C:\Users\Administrator\AppData\Local\Programs\Python\Python312\Lib\site-packages\click\testing.py:499: KeyError

During handling of the above exception, another exception occurred:

self = <tests.test_integration.TestBubbleSortCLI object at 0x0000020C3A495520>

    def test_cli_single_element(self):
        """Test CLI with single element."""
        runner = CliRunner()
>       result = runner.invoke(main, ['42'])
                 ^^^^^^^^^^^^^^^^^^^^^^^^^^^

tests\test_integration.py:38: 
_ _ _ _ _ _ _ _ _ _ _ _ _ _ _ _ _ _ _ _ _ _ _ _ _ _ _ _ _ _ _ _ _ _ _ _ _ _ _ _
C:\Users\Administrator\AppData\Local\Programs\Python\Python312\Lib\site-packages\click\testing.py:501: in invoke
    prog_name = self.get_default_prog_name(cli)
                ^^^^^^^^^^^^^^^^^^^^^^^^^^^^^^^
_ _ _ _ _ _ _ _ _ _ _ _ _ _ _ _ _ _ _ _ _ _ _ _ _ _ _ _ _ _ _ _ _ _ _ _ _ _ _ _

self = <click.testing.CliRunner object at 0x0000020C3B9B7890>
cli = <function main at 0x0000020C3A3F16C0>

    def get_default_prog_name(self, cli: Command) -> str:
        """Given a command object it will return the default program name
        for it.  The default is the `name` attribute or ``"root"`` if not
        set.
        """
>       return cli.name or "root"
               ^^^^^^^^
E       AttributeError: 'function' object has no attribute 'name'

C:\Users\Administrator\AppData\Local\Programs\Python\Python312\Lib\site-packages\click\testing.py:268: AttributeError
______________________ TestBubbleSortCLI.test_cli_empty _______________________

self = <click.testing.CliRunner object at 0x0000020C3B9B4440>
cli = <function main at 0x0000020C3A3F16C0>, args = [], input = None, env = None
catch_exceptions = True, color = False, extra = {}, exc_info = None
outstreams = (<click.testing.BytesIOCopy object at 0x0000020C3B8B3C90>, <click.testing.BytesIOCopy object at 0x0000020C3B8B3BA0>, <_io.BytesIO object at 0x0000020C3B8B3C40>)
return_value = None, exception = None, exit_code = 0

    def invoke(
        self,
        cli: Command,
        args: str | cabc.Sequence[str] | None = None,
        input: str | bytes | t.IO[t.Any] | None = None,
        env: cabc.Mapping[str, str | None] | None = None,
        catch_exceptions: bool | None = None,
        color: bool = False,
        **extra: t.Any,
    ) -> Result:
        """Invokes a command in an isolated environment.  The arguments are
        forwarded directly to the command line script, the `extra` keyword
        arguments are passed to the :meth:`~clickpkg.Command.main` function of
        the command.
    
        This returns a :class:`Result` object.
    
        :param cli: the command to invoke
        :param args: the arguments to invoke. It may be given as an iterable
                     or a string. When given as string it will be interpreted
                     as a Unix shell command. More details at
                     :func:`shlex.split`.
        :param input: the input data for `sys.stdin`.
        :param env: the environment overrides.
        :param catch_exceptions: Whether to catch any other exceptions than
                                 ``SystemExit``. If :data:`None`, the value
                                 from :class:`CliRunner` is used.
        :param extra: the keyword arguments to pass to :meth:`main`.
        :param color: whether the output should contain color codes. The
                      application can still override this explicitly.
    
        .. versionadded:: 8.2
            The result object has the ``output_bytes`` attribute with
            the mix of ``stdout_bytes`` and ``stderr_bytes``, as the user would
            see it in its terminal.
    
        .. versionchanged:: 8.2
            The result object always returns the ``stderr_bytes`` stream.
    
        .. versionchanged:: 8.0
            The result object has the ``return_value`` attribute with
            the value returned from the invoked command.
    
        .. versionchanged:: 4.0
            Added the ``color`` parameter.
    
        .. versionchanged:: 3.0
            Added the ``catch_exceptions`` parameter.
    
        .. versionchanged:: 3.0
            The result object has the ``exc_info`` attribute with the
            traceback if available.
        """
        exc_info = None
        if catch_exceptions is None:
            catch_exceptions = self.catch_exceptions
    
        with self.isolation(input=input, env=env, color=color) as outstreams:
            return_value = None
            exception: BaseException | None = None
            exit_code = 0
    
            if isinstance(args, str):
                args = shlex.split(args)
    
            try:
>               prog_name = extra.pop("prog_name")
                            ^^^^^^^^^^^^^^^^^^^^^^
E               KeyError: 'prog_name'

C:\Users\Administrator\AppData\Local\Programs\Python\Python312\Lib\site-packages\click\testing.py:499: KeyError

During handling of the above exception, another exception occurred:

self = <tests.test_integration.TestBubbleSortCLI object at 0x0000020C3A495820>

    def test_cli_empty(self):
        """Test CLI with no arguments."""
        runner = CliRunner()
>       result = runner.invoke(main, [])
                 ^^^^^^^^^^^^^^^^^^^^^^^

tests\test_integration.py:45: 
_ _ _ _ _ _ _ _ _ _ _ _ _ _ _ _ _ _ _ _ _ _ _ _ _ _ _ _ _ _ _ _ _ _ _ _ _ _ _ _
C:\Users\Administrator\AppData\Local\Programs\Python\Python312\Lib\site-packages\click\testing.py:501: in invoke
    prog_name = self.get_default_prog_name(cli)
                ^^^^^^^^^^^^^^^^^^^^^^^^^^^^^^^
_ _ _ _ _ _ _ _ _ _ _ _ _ _ _ _ _ _ _ _ _ _ _ _ _ _ _ _ _ _ _ _ _ _ _ _ _ _ _ _

self = <click.testing.CliRunner object at 0x0000020C3B9B4440>
cli = <function main at 0x0000020C3A3F16C0>

    def get_default_prog_name(self, cli: Command) -> str:
        """Given a command object it will return the default program name
        for it.  The default is the `name` attribute or ``"root"`` if not
        set.
        """
>       return cli.name or "root"
               ^^^^^^^^
E       AttributeError: 'function' object has no attribute 'name'

C:\Users\Administrator\AppData\Local\Programs\Python\Python312\Lib\site-packages\click\testing.py:268: AttributeError
______________ TestBubbleSortCLI.test_cli_with_negative_numbers _______________

self = <click.testing.CliRunner object at 0x0000020C3B8B6B10>
cli = <function main at 0x0000020C3A3F16C0>
args = ['--', '3', '-1', '-4', '0', '2'], input = None, env = None
catch_exceptions = True, color = False, extra = {}, exc_info = None
outstreams = (<click.testing.BytesIOCopy object at 0x0000020C3B8E3920>, <click.testing.BytesIOCopy object at 0x0000020C3B8E1850>, <_io.BytesIO object at 0x0000020C3B8EE480>)
return_value = None, exception = None, exit_code = 0

    def invoke(
        self,
        cli: Command,
        args: str | cabc.Sequence[str] | None = None,
        input: str | bytes | t.IO[t.Any] | None = None,
        env: cabc.Mapping[str, str | None] | None = None,
        catch_exceptions: bool | None = None,
        color: bool = False,
        **extra: t.Any,
    ) -> Result:
        """Invokes a command in an isolated environment.  The arguments are
        forwarded directly to the command line script, the `extra` keyword
        arguments are passed to the :meth:`~clickpkg.Command.main` function of
        the command.
    
        This returns a :class:`Result` object.
    
        :param cli: the command to invoke
        :param args: the arguments to invoke. It may be given as an iterable
                     or a string. When given as string it will be interpreted
                     as a Unix shell command. More details at
                     :func:`shlex.split`.
        :param input: the input data for `sys.stdin`.
        :param env: the environment overrides.
        :param catch_exceptions: Whether to catch any other exceptions than
                                 ``SystemExit``. If :data:`None`, the value
                                 from :class:`CliRunner` is used.
        :param extra: the keyword arguments to pass to :meth:`main`.
        :param color: whether the output should contain color codes. The
                      application can still override this explicitly.
    
        .. versionadded:: 8.2
            The result object has the ``output_bytes`` attribute with
            the mix of ``stdout_bytes`` and ``stderr_bytes``, as the user would
            see it in its terminal.
    
        .. versionchanged:: 8.2
            The result object always returns the ``stderr_bytes`` stream.
    
        .. versionchanged:: 8.0
            The result object has the ``return_value`` attribute with
            the value returned from the invoked command.
    
        .. versionchanged:: 4.0
            Added the ``color`` parameter.
    
        .. versionchanged:: 3.0
            Added the ``catch_exceptions`` parameter.
    
        .. versionchanged:: 3.0
            The result object has the ``exc_info`` attribute with the
            traceback if available.
        """
        exc_info = None
        if catch_exceptions is None:
            catch_exceptions = self.catch_exceptions
    
        with self.isolation(input=input, env=env, color=color) as outstreams:
            return_value = None
            exception: BaseException | None = None
            exit_code = 0
    
            if isinstance(args, str):
                args = shlex.split(args)
    
            try:
>               prog_name = extra.pop("prog_name")
                            ^^^^^^^^^^^^^^^^^^^^^^
E               KeyError: 'prog_name'

C:\Users\Administrator\AppData\Local\Programs\Python\Python312\Lib\site-packages\click\testing.py:499: KeyError

During handling of the above exception, another exception occurred:

self = <tests.test_integration.TestBubbleSortCLI object at 0x0000020C3A495B20>

    def test_cli_with_negative_numbers(self):
        """Test CLI with negative numbers."""
        runner = CliRunner()
        # Use mix_stderr=False and obj to handle negative numbers properly
>       result = runner.invoke(main, ['--', '3', '-1', '-4', '0', '2'])
                 ^^^^^^^^^^^^^^^^^^^^^^^^^^^^^^^^^^^^^^^^^^^^^^^^^^^^^^

tests\test_integration.py:53: 
_ _ _ _ _ _ _ _ _ _ _ _ _ _ _ _ _ _ _ _ _ _ _ _ _ _ _ _ _ _ _ _ _ _ _ _ _ _ _ _
C:\Users\Administrator\AppData\Local\Programs\Python\Python312\Lib\site-packages\click\testing.py:501: in invoke
    prog_name = self.get_default_prog_name(cli)
                ^^^^^^^^^^^^^^^^^^^^^^^^^^^^^^^
_ _ _ _ _ _ _ _ _ _ _ _ _ _ _ _ _ _ _ _ _ _ _ _ _ _ _ _ _ _ _ _ _ _ _ _ _ _ _ _

self = <click.testing.CliRunner object at 0x0000020C3B8B6B10>
cli = <function main at 0x0000020C3A3F16C0>

    def get_default_prog_name(self, cli: Command) -> str:
        """Given a command object it will return the default program name
        for it.  The default is the `name` attribute or ``"root"`` if not
        set.
        """
>       return cli.name or "root"
               ^^^^^^^^
E       AttributeError: 'function' object has no attribute 'name'

C:\Users\Administrator\AppData\Local\Programs\Python\Python312\Lib\site-packages\click\testing.py:268: AttributeError
_________________ TestBubbleSortCLI.test_cli_with_duplicates __________________

self = <click.testing.CliRunner object at 0x0000020C3B8B6660>
cli = <function main at 0x0000020C3A3F16C0>, args = ['3', '1', '3', '2', '1']
input = None, env = None, catch_exceptions = True, color = False, extra = {}
exc_info = None
outstreams = (<click.testing.BytesIOCopy object at 0x0000020C3B8E1A30>, <click.testing.BytesIOCopy object at 0x0000020C3B8B3970>, <_io.BytesIO object at 0x0000020C3B8E3970>)
return_value = None, exception = None, exit_code = 0

    def invoke(
        self,
        cli: Command,
        args: str | cabc.Sequence[str] | None = None,
        input: str | bytes | t.IO[t.Any] | None = None,
        env: cabc.Mapping[str, str | None] | None = None,
        catch_exceptions: bool | None = None,
        color: bool = False,
        **extra: t.Any,
    ) -> Result:
        """Invokes a command in an isolated environment.  The arguments are
        forwarded directly to the command line script, the `extra` keyword
        arguments are passed to the :meth:`~clickpkg.Command.main` function of
        the command.
    
        This returns a :class:`Result` object.
    
        :param cli: the command to invoke
        :param args: the arguments to invoke. It may be given as an iterable
                     or a string. When given as string it will be interpreted
                     as a Unix shell command. More details at
                     :func:`shlex.split`.
        :param input: the input data for `sys.stdin`.
        :param env: the environment overrides.
        :param catch_exceptions: Whether to catch any other exceptions than
                                 ``SystemExit``. If :data:`None`, the value
                                 from :class:`CliRunner` is used.
        :param extra: the keyword arguments to pass to :meth:`main`.
        :param color: whether the output should contain color codes. The
                      application can still override this explicitly.
    
        .. versionadded:: 8.2
            The result object has the ``output_bytes`` attribute with
            the mix of ``stdout_bytes`` and ``stderr_bytes``, as the user would
            see it in its terminal.
    
        .. versionchanged:: 8.2
            The result object always returns the ``stderr_bytes`` stream.
    
        .. versionchanged:: 8.0
            The result object has the ``return_value`` attribute with
            the value returned from the invoked command.
    
        .. versionchanged:: 4.0
            Added the ``color`` parameter.
    
        .. versionchanged:: 3.0
            Added the ``catch_exceptions`` parameter.
    
        .. versionchanged:: 3.0
            The result object has the ``exc_info`` attribute with the
            traceback if available.
        """
        exc_info = None
        if catch_exceptions is None:
            catch_exceptions = self.catch_exceptions
    
        with self.isolation(input=input, env=env, color=color) as outstreams:
            return_value = None
            exception: BaseException | None = None
            exit_code = 0
    
            if isinstance(args, str):
                args = shlex.split(args)
    
            try:
>               prog_name = extra.pop("prog_name")
                            ^^^^^^^^^^^^^^^^^^^^^^
E               KeyError: 'prog_name'

C:\Users\Administrator\AppData\Local\Programs\Python\Python312\Lib\site-packages\click\testing.py:499: KeyError

During handling of the above exception, another exception occurred:

self = <tests.test_integration.TestBubbleSortCLI object at 0x0000020C3A495E20>

    def test_cli_with_duplicates(self):
        """Test CLI with duplicate values."""
        runner = CliRunner()
>       result = runner.invoke(main, ['3', '1', '3', '2', '1'])
                 ^^^^^^^^^^^^^^^^^^^^^^^^^^^^^^^^^^^^^^^^^^^^^^

tests\test_integration.py:60: 
_ _ _ _ _ _ _ _ _ _ _ _ _ _ _ _ _ _ _ _ _ _ _ _ _ _ _ _ _ _ _ _ _ _ _ _ _ _ _ _
C:\Users\Administrator\AppData\Local\Programs\Python\Python312\Lib\site-packages\click\testing.py:501: in invoke
    prog_name = self.get_default_prog_name(cli)
                ^^^^^^^^^^^^^^^^^^^^^^^^^^^^^^^
_ _ _ _ _ _ _ _ _ _ _ _ _ _ _ _ _ _ _ _ _ _ _ _ _ _ _ _ _ _ _ _ _ _ _ _ _ _ _ _

self = <click.testing.CliRunner object at 0x0000020C3B8B6660>
cli = <function main at 0x0000020C3A3F16C0>

    def get_default_prog_name(self, cli: Command) -> str:
        """Given a command object it will return the default program name
        for it.  The default is the `name` attribute or ``"root"`` if not
        set.
        """
>       return cli.name or "root"
               ^^^^^^^^
E       AttributeError: 'function' object has no attribute 'name'

C:\Users\Administrator\AppData\Local\Programs\Python\Python312\Lib\site-packages\click\testing.py:268: AttributeError
_________________ TestBubbleSortCLI.test_cli_invalid_argument _________________

self = <click.testing.CliRunner object at 0x0000020C3B9B5940>
cli = <function main at 0x0000020C3A3F16C0>, args = ['5', 'abc', '3']
input = None, env = None, catch_exceptions = True, color = False, extra = {}
exc_info = None
outstreams = (<click.testing.BytesIOCopy object at 0x0000020C3B8B0180>, <click.testing.BytesIOCopy object at 0x0000020C3B8B1AD0>, <_io.BytesIO object at 0x0000020C3B8B25C0>)
return_value = None, exception = None, exit_code = 0

    def invoke(
        self,
        cli: Command,
        args: str | cabc.Sequence[str] | None = None,
        input: str | bytes | t.IO[t.Any] | None = None,
        env: cabc.Mapping[str, str | None] | None = None,
        catch_exceptions: bool | None = None,
        color: bool = False,
        **extra: t.Any,
    ) -> Result:
        """Invokes a command in an isolated environment.  The arguments are
        forwarded directly to the command line script, the `extra` keyword
        arguments are passed to the :meth:`~clickpkg.Command.main` function of
        the command.
    
        This returns a :class:`Result` object.
    
        :param cli: the command to invoke
        :param args: the arguments to invoke. It may be given as an iterable
                     or a string. When given as string it will be interpreted
                     as a Unix shell command. More details at
                     :func:`shlex.split`.
        :param input: the input data for `sys.stdin`.
        :param env: the environment overrides.
        :param catch_exceptions: Whether to catch any other exceptions than
                                 ``SystemExit``. If :data:`None`, the value
                                 from :class:`CliRunner` is used.
        :param extra: the keyword arguments to pass to :meth:`main`.
        :param color: whether the output should contain color codes. The
                      application can still override this explicitly.
    
        .. versionadded:: 8.2
            The result object has the ``output_bytes`` attribute with
            the mix of ``stdout_bytes`` and ``stderr_bytes``, as the user would
            see it in its terminal.
    
        .. versionchanged:: 8.2
            The result object always returns the ``stderr_bytes`` stream.
    
        .. versionchanged:: 8.0
            The result object has the ``return_value`` attribute with
            the value returned from the invoked command.
    
        .. versionchanged:: 4.0
            Added the ``color`` parameter.
    
        .. versionchanged:: 3.0
            Added the ``catch_exceptions`` parameter.
    
        .. versionchanged:: 3.0
            The result object has the ``exc_info`` attribute with the
            traceback if available.
        """
        exc_info = None
        if catch_exceptions is None:
            catch_exceptions = self.catch_exceptions
    
        with self.isolation(input=input, env=env, color=color) as outstreams:
            return_value = None
            exception: BaseException | None = None
            exit_code = 0
    
            if isinstance(args, str):
                args = shlex.split(args)
    
            try:
>               prog_name = extra.pop("prog_name")
                            ^^^^^^^^^^^^^^^^^^^^^^
E               KeyError: 'prog_name'

C:\Users\Administrator\AppData\Local\Programs\Python\Python312\Lib\site-packages\click\testing.py:499: KeyError

During handling of the above exception, another exception occurred:

self = <tests.test_integration.TestBubbleSortCLI object at 0x0000020C3A496120>

    def test_cli_invalid_argument(self):
        """Test CLI with invalid non-numeric argument."""
        runner = CliRunner()
>       result = runner.invoke(main, ['5', 'abc', '3'])
                 ^^^^^^^^^^^^^^^^^^^^^^^^^^^^^^^^^^^^^^

tests\test_integration.py:67: 
_ _ _ _ _ _ _ _ _ _ _ _ _ _ _ _ _ _ _ _ _ _ _ _ _ _ _ _ _ _ _ _ _ _ _ _ _ _ _ _
C:\Users\Administrator\AppData\Local\Programs\Python\Python312\Lib\site-packages\click\testing.py:501: in invoke
    prog_name = self.get_default_prog_name(cli)
                ^^^^^^^^^^^^^^^^^^^^^^^^^^^^^^^
_ _ _ _ _ _ _ _ _ _ _ _ _ _ _ _ _ _ _ _ _ _ _ _ _ _ _ _ _ _ _ _ _ _ _ _ _ _ _ _

self = <click.testing.CliRunner object at 0x0000020C3B9B5940>
cli = <function main at 0x0000020C3A3F16C0>

    def get_default_prog_name(self, cli: Command) -> str:
        """Given a command object it will return the default program name
        for it.  The default is the `name` attribute or ``"root"`` if not
        set.
        """
>       return cli.name or "root"
               ^^^^^^^^
E       AttributeError: 'function' object has no attribute 'name'

C:\Users\Administrator\AppData\Local\Programs\Python\Python312\Lib\site-packages\click\testing.py:268: AttributeError
_________________ TestBubbleSortCLI.test_cli_with_output_file _________________

self = <click.testing.CliRunner object at 0x0000020C3A76CC80>
cli = <function main at 0x0000020C3A3F16C0>
args = ['5', '3', '1', '4', '2', '--output', ...], input = None, env = None
catch_exceptions = True, color = False, extra = {}, exc_info = None
outstreams = (<click.testing.BytesIOCopy object at 0x0000020C3B8B0EA0>, <click.testing.BytesIOCopy object at 0x0000020C3B8B0860>, <_io.BytesIO object at 0x0000020C3B8B3A10>)
return_value = None, exception = None, exit_code = 0

    def invoke(
        self,
        cli: Command,
        args: str | cabc.Sequence[str] | None = None,
        input: str | bytes | t.IO[t.Any] | None = None,
        env: cabc.Mapping[str, str | None] | None = None,
        catch_exceptions: bool | None = None,
        color: bool = False,
        **extra: t.Any,
    ) -> Result:
        """Invokes a command in an isolated environment.  The arguments are
        forwarded directly to the command line script, the `extra` keyword
        arguments are passed to the :meth:`~clickpkg.Command.main` function of
        the command.
    
        This returns a :class:`Result` object.
    
        :param cli: the command to invoke
        :param args: the arguments to invoke. It may be given as an iterable
                     or a string. When given as string it will be interpreted
                     as a Unix shell command. More details at
                     :func:`shlex.split`.
        :param input: the input data for `sys.stdin`.
        :param env: the environment overrides.
        :param catch_exceptions: Whether to catch any other exceptions than
                                 ``SystemExit``. If :data:`None`, the value
                                 from :class:`CliRunner` is used.
        :param extra: the keyword arguments to pass to :meth:`main`.
        :param color: whether the output should contain color codes. The
                      application can still override this explicitly.
    
        .. versionadded:: 8.2
            The result object has the ``output_bytes`` attribute with
            the mix of ``stdout_bytes`` and ``stderr_bytes``, as the user would
            see it in its terminal.
    
        .. versionchanged:: 8.2
            The result object always returns the ``stderr_bytes`` stream.
    
        .. versionchanged:: 8.0
            The result object has the ``return_value`` attribute with
            the value returned from the invoked command.
    
        .. versionchanged:: 4.0
            Added the ``color`` parameter.
    
        .. versionchanged:: 3.0
            Added the ``catch_exceptions`` parameter.
    
        .. versionchanged:: 3.0
            The result object has the ``exc_info`` attribute with the
            traceback if available.
        """
        exc_info = None
        if catch_exceptions is None:
            catch_exceptions = self.catch_exceptions
    
        with self.isolation(input=input, env=env, color=color) as outstreams:
            return_value = None
            exception: BaseException | None = None
            exit_code = 0
    
            if isinstance(args, str):
                args = shlex.split(args)
    
            try:
>               prog_name = extra.pop("prog_name")
                            ^^^^^^^^^^^^^^^^^^^^^^
E               KeyError: 'prog_name'

C:\Users\Administrator\AppData\Local\Programs\Python\Python312\Lib\site-packages\click\testing.py:499: KeyError

During handling of the above exception, another exception occurred:

self = <tests.test_integration.TestBubbleSortCLI object at 0x0000020C3A496420>

    def test_cli_with_output_file(self):
        """Test CLI with output to file."""
        runner = CliRunner()
        with runner.isolated_filesystem():
>           result = runner.invoke(main, ['5', '3', '1', '4', '2', '--output', 'sorted.txt'])
                     ^^^^^^^^^^^^^^^^^^^^^^^^^^^^^^^^^^^^^^^^^^^^^^^^^^^^^^^^^^^^^^^^^^^^^^^^

tests\test_integration.py:75: 
_ _ _ _ _ _ _ _ _ _ _ _ _ _ _ _ _ _ _ _ _ _ _ _ _ _ _ _ _ _ _ _ _ _ _ _ _ _ _ _
C:\Users\Administrator\AppData\Local\Programs\Python\Python312\Lib\site-packages\click\testing.py:501: in invoke
    prog_name = self.get_default_prog_name(cli)
                ^^^^^^^^^^^^^^^^^^^^^^^^^^^^^^^
_ _ _ _ _ _ _ _ _ _ _ _ _ _ _ _ _ _ _ _ _ _ _ _ _ _ _ _ _ _ _ _ _ _ _ _ _ _ _ _

self = <click.testing.CliRunner object at 0x0000020C3A76CC80>
cli = <function main at 0x0000020C3A3F16C0>

    def get_default_prog_name(self, cli: Command) -> str:
        """Given a command object it will return the default program name
        for it.  The default is the `name` attribute or ``"root"`` if not
        set.
        """
>       return cli.name or "root"
               ^^^^^^^^
E       AttributeError: 'function' object has no attribute 'name'

C:\Users\Administrator\AppData\Local\Programs\Python\Python312\Lib\site-packages\click\testing.py:268: AttributeError
_________________ TestBubbleSortCLI.test_cli_with_input_file __________________

self = <click.testing.CliRunner object at 0x0000020C3A6DA000>
cli = <function main at 0x0000020C3A3F16C0>, args = ['--file', 'numbers.txt']
input = None, env = None, catch_exceptions = True, color = False, extra = {}
exc_info = None
outstreams = (<click.testing.BytesIOCopy object at 0x0000020C3B8B01D0>, <click.testing.BytesIOCopy object at 0x0000020C3B8B0220>, <_io.BytesIO object at 0x0000020C3B8B0040>)
return_value = None, exception = None, exit_code = 0

    def invoke(
        self,
        cli: Command,
        args: str | cabc.Sequence[str] | None = None,
        input: str | bytes | t.IO[t.Any] | None = None,
        env: cabc.Mapping[str, str | None] | None = None,
        catch_exceptions: bool | None = None,
        color: bool = False,
        **extra: t.Any,
    ) -> Result:
        """Invokes a command in an isolated environment.  The arguments are
        forwarded directly to the command line script, the `extra` keyword
        arguments are passed to the :meth:`~clickpkg.Command.main` function of
        the command.
    
        This returns a :class:`Result` object.
    
        :param cli: the command to invoke
        :param args: the arguments to invoke. It may be given as an iterable
                     or a string. When given as string it will be interpreted
                     as a Unix shell command. More details at
                     :func:`shlex.split`.
        :param input: the input data for `sys.stdin`.
        :param env: the environment overrides.
        :param catch_exceptions: Whether to catch any other exceptions than
                                 ``SystemExit``. If :data:`None`, the value
                                 from :class:`CliRunner` is used.
        :param extra: the keyword arguments to pass to :meth:`main`.
        :param color: whether the output should contain color codes. The
                      application can still override this explicitly.
    
        .. versionadded:: 8.2
            The result object has the ``output_bytes`` attribute with
            the mix of ``stdout_bytes`` and ``stderr_bytes``, as the user would
            see it in its terminal.
    
        .. versionchanged:: 8.2
            The result object always returns the ``stderr_bytes`` stream.
    
        .. versionchanged:: 8.0
            The result object has the ``return_value`` attribute with
            the value returned from the invoked command.
    
        .. versionchanged:: 4.0
            Added the ``color`` parameter.
    
        .. versionchanged:: 3.0
            Added the ``catch_exceptions`` parameter.
    
        .. versionchanged:: 3.0
            The result object has the ``exc_info`` attribute with the
            traceback if available.
        """
        exc_info = None
        if catch_exceptions is None:
            catch_exceptions = self.catch_exceptions
    
        with self.isolation(input=input, env=env, color=color) as outstreams:
            return_value = None
            exception: BaseException | None = None
            exit_code = 0
    
            if isinstance(args, str):
                args = shlex.split(args)
    
            try:
>               prog_name = extra.pop("prog_name")
                            ^^^^^^^^^^^^^^^^^^^^^^
E               KeyError: 'prog_name'

C:\Users\Administrator\AppData\Local\Programs\Python\Python312\Lib\site-packages\click\testing.py:499: KeyError

During handling of the above exception, another exception occurred:

self = <tests.test_integration.TestBubbleSortCLI object at 0x0000020C3A496720>

    def test_cli_with_input_file(self):
        """Test CLI reading from input file."""
        runner = CliRunner()
        with runner.isolated_filesystem():
            # Create input file
            with open('numbers.txt', 'w') as f:
                f.write('5\n3\n1\n4\n2\n')
    
>           result = runner.invoke(main, ['--file', 'numbers.txt'])
                     ^^^^^^^^^^^^^^^^^^^^^^^^^^^^^^^^^^^^^^^^^^^^^^

tests\test_integration.py:91: 
_ _ _ _ _ _ _ _ _ _ _ _ _ _ _ _ _ _ _ _ _ _ _ _ _ _ _ _ _ _ _ _ _ _ _ _ _ _ _ _
C:\Users\Administrator\AppData\Local\Programs\Python\Python312\Lib\site-packages\click\testing.py:501: in invoke
    prog_name = self.get_default_prog_name(cli)
                ^^^^^^^^^^^^^^^^^^^^^^^^^^^^^^^
_ _ _ _ _ _ _ _ _ _ _ _ _ _ _ _ _ _ _ _ _ _ _ _ _ _ _ _ _ _ _ _ _ _ _ _ _ _ _ _

self = <click.testing.CliRunner object at 0x0000020C3A6DA000>
cli = <function main at 0x0000020C3A3F16C0>

    def get_default_prog_name(self, cli: Command) -> str:
        """Given a command object it will return the default program name
        for it.  The default is the `name` attribute or ``"root"`` if not
        set.
        """
>       return cli.name or "root"
               ^^^^^^^^
E       AttributeError: 'function' object has no attribute 'name'

C:\Users\Administrator\AppData\Local\Programs\Python\Python312\Lib\site-packages\click\testing.py:268: AttributeError
_______ TestBubbleSortCLI.test_cli_with_input_file_with_invalid_number ________

self = <click.testing.CliRunner object at 0x0000020C3B9BD190>
cli = <function main at 0x0000020C3A3F16C0>, args = ['--file', 'numbers.txt']
input = None, env = None, catch_exceptions = True, color = False, extra = {}
exc_info = None
outstreams = (<click.testing.BytesIOCopy object at 0x0000020C3B8B20C0>, <click.testing.BytesIOCopy object at 0x0000020C3B8B12B0>, <_io.BytesIO object at 0x0000020C3B8B2160>)
return_value = None, exception = None, exit_code = 0

    def invoke(
        self,
        cli: Command,
        args: str | cabc.Sequence[str] | None = None,
        input: str | bytes | t.IO[t.Any] | None = None,
        env: cabc.Mapping[str, str | None] | None = None,
        catch_exceptions: bool | None = None,
        color: bool = False,
        **extra: t.Any,
    ) -> Result:
        """Invokes a command in an isolated environment.  The arguments are
        forwarded directly to the command line script, the `extra` keyword
        arguments are passed to the :meth:`~clickpkg.Command.main` function of
        the command.
    
        This returns a :class:`Result` object.
    
        :param cli: the command to invoke
        :param args: the arguments to invoke. It may be given as an iterable
                     or a string. When given as string it will be interpreted
                     as a Unix shell command. More details at
                     :func:`shlex.split`.
        :param input: the input data for `sys.stdin`.
        :param env: the environment overrides.
        :param catch_exceptions: Whether to catch any other exceptions than
                                 ``SystemExit``. If :data:`None`, the value
                                 from :class:`CliRunner` is used.
        :param extra: the keyword arguments to pass to :meth:`main`.
        :param color: whether the output should contain color codes. The
                      application can still override this explicitly.
    
        .. versionadded:: 8.2
            The result object has the ``output_bytes`` attribute with
            the mix of ``stdout_bytes`` and ``stderr_bytes``, as the user would
            see it in its terminal.
    
        .. versionchanged:: 8.2
            The result object always returns the ``stderr_bytes`` stream.
    
        .. versionchanged:: 8.0
            The result object has the ``return_value`` attribute with
            the value returned from the invoked command.
    
        .. versionchanged:: 4.0
            Added the ``color`` parameter.
    
        .. versionchanged:: 3.0
            Added the ``catch_exceptions`` parameter.
    
        .. versionchanged:: 3.0
            The result object has the ``exc_info`` attribute with the
            traceback if available.
        """
        exc_info = None
        if catch_exceptions is None:
            catch_exceptions = self.catch_exceptions
    
        with self.isolation(input=input, env=env, color=color) as outstreams:
            return_value = None
            exception: BaseException | None = None
            exit_code = 0
    
            if isinstance(args, str):
                args = shlex.split(args)
    
            try:
>               prog_name = extra.pop("prog_name")
                            ^^^^^^^^^^^^^^^^^^^^^^
E               KeyError: 'prog_name'

C:\Users\Administrator\AppData\Local\Programs\Python\Python312\Lib\site-packages\click\testing.py:499: KeyError

During handling of the above exception, another exception occurred:

self = <tests.test_integration.TestBubbleSortCLI object at 0x0000020C3A496A20>

    def test_cli_with_input_file_with_invalid_number(self):
        """Test CLI with invalid number in input file."""
        runner = CliRunner()
        with runner.isolated_filesystem():
            # Create input file with invalid number
            with open('numbers.txt', 'w') as f:
                f.write('5\ninvalid\n3\n')
    
>           result = runner.invoke(main, ['--file', 'numbers.txt'])
                     ^^^^^^^^^^^^^^^^^^^^^^^^^^^^^^^^^^^^^^^^^^^^^^

tests\test_integration.py:103: 
_ _ _ _ _ _ _ _ _ _ _ _ _ _ _ _ _ _ _ _ _ _ _ _ _ _ _ _ _ _ _ _ _ _ _ _ _ _ _ _
C:\Users\Administrator\AppData\Local\Programs\Python\Python312\Lib\site-packages\click\testing.py:501: in invoke
    prog_name = self.get_default_prog_name(cli)
                ^^^^^^^^^^^^^^^^^^^^^^^^^^^^^^^
_ _ _ _ _ _ _ _ _ _ _ _ _ _ _ _ _ _ _ _ _ _ _ _ _ _ _ _ _ _ _ _ _ _ _ _ _ _ _ _

self = <click.testing.CliRunner object at 0x0000020C3B9BD190>
cli = <function main at 0x0000020C3A3F16C0>

    def get_default_prog_name(self, cli: Command) -> str:
        """Given a command object it will return the default program name
        for it.  The default is the `name` attribute or ``"root"`` if not
        set.
        """
>       return cli.name or "root"
               ^^^^^^^^
E       AttributeError: 'function' object has no attribute 'name'

C:\Users\Administrator\AppData\Local\Programs\Python\Python312\Lib\site-packages\click\testing.py:268: AttributeError
_______________ TestBubbleSortCLI.test_cli_with_mixed_int_float _______________

self = <click.testing.CliRunner object at 0x0000020C3A6D9580>
cli = <function main at 0x0000020C3A3F16C0>, args = ['5', '3.5', '1', '4.2']
input = None, env = None, catch_exceptions = True, color = False, extra = {}
exc_info = None
outstreams = (<click.testing.BytesIOCopy object at 0x0000020C3B8B2F20>, <click.testing.BytesIOCopy object at 0x0000020C3B8B0270>, <_io.BytesIO object at 0x0000020C3B8B2DE0>)
return_value = None, exception = None, exit_code = 0

    def invoke(
        self,
        cli: Command,
        args: str | cabc.Sequence[str] | None = None,
        input: str | bytes | t.IO[t.Any] | None = None,
        env: cabc.Mapping[str, str | None] | None = None,
        catch_exceptions: bool | None = None,
        color: bool = False,
        **extra: t.Any,
    ) -> Result:
        """Invokes a command in an isolated environment.  The arguments are
        forwarded directly to the command line script, the `extra` keyword
        arguments are passed to the :meth:`~clickpkg.Command.main` function of
        the command.
    
        This returns a :class:`Result` object.
    
        :param cli: the command to invoke
        :param args: the arguments to invoke. It may be given as an iterable
                     or a string. When given as string it will be interpreted
                     as a Unix shell command. More details at
                     :func:`shlex.split`.
        :param input: the input data for `sys.stdin`.
        :param env: the environment overrides.
        :param catch_exceptions: Whether to catch any other exceptions than
                                 ``SystemExit``. If :data:`None`, the value
                                 from :class:`CliRunner` is used.
        :param extra: the keyword arguments to pass to :meth:`main`.
        :param color: whether the output should contain color codes. The
                      application can still override this explicitly.
    
        .. versionadded:: 8.2
            The result object has the ``output_bytes`` attribute with
            the mix of ``stdout_bytes`` and ``stderr_bytes``, as the user would
            see it in its terminal.
    
        .. versionchanged:: 8.2
            The result object always returns the ``stderr_bytes`` stream.
    
        .. versionchanged:: 8.0
            The result object has the ``return_value`` attribute with
            the value returned from the invoked command.
    
        .. versionchanged:: 4.0
            Added the ``color`` parameter.
    
        .. versionchanged:: 3.0
            Added the ``catch_exceptions`` parameter.
    
        .. versionchanged:: 3.0
            The result object has the ``exc_info`` attribute with the
            traceback if available.
        """
        exc_info = None
        if catch_exceptions is None:
            catch_exceptions = self.catch_exceptions
    
        with self.isolation(input=input, env=env, color=color) as outstreams:
            return_value = None
            exception: BaseException | None = None
            exit_code = 0
    
            if isinstance(args, str):
                args = shlex.split(args)
    
            try:
>               prog_name = extra.pop("prog_name")
                            ^^^^^^^^^^^^^^^^^^^^^^
E               KeyError: 'prog_name'

C:\Users\Administrator\AppData\Local\Programs\Python\Python312\Lib\site-packages\click\testing.py:499: KeyError

During handling of the above exception, another exception occurred:

self = <tests.test_integration.TestBubbleSortCLI object at 0x0000020C3A496D20>

    def test_cli_with_mixed_int_float(self):
        """Test CLI with mixed integers and floats."""
        runner = CliRunner()
>       result = runner.invoke(main, ['5', '3.5', '1', '4.2'])
                 ^^^^^^^^^^^^^^^^^^^^^^^^^^^^^^^^^^^^^^^^^^^^^

tests\test_integration.py:110: 
_ _ _ _ _ _ _ _ _ _ _ _ _ _ _ _ _ _ _ _ _ _ _ _ _ _ _ _ _ _ _ _ _ _ _ _ _ _ _ _
C:\Users\Administrator\AppData\Local\Programs\Python\Python312\Lib\site-packages\click\testing.py:501: in invoke
    prog_name = self.get_default_prog_name(cli)
                ^^^^^^^^^^^^^^^^^^^^^^^^^^^^^^^
_ _ _ _ _ _ _ _ _ _ _ _ _ _ _ _ _ _ _ _ _ _ _ _ _ _ _ _ _ _ _ _ _ _ _ _ _ _ _ _

self = <click.testing.CliRunner object at 0x0000020C3A6D9580>
cli = <function main at 0x0000020C3A3F16C0>

    def get_default_prog_name(self, cli: Command) -> str:
        """Given a command object it will return the default program name
        for it.  The default is the `name` attribute or ``"root"`` if not
        set.
        """
>       return cli.name or "root"
               ^^^^^^^^
E       AttributeError: 'function' object has no attribute 'name'

C:\Users\Administrator\AppData\Local\Programs\Python\Python312\Lib\site-packages\click\testing.py:268: AttributeError
___________ TestBubbleSortCLI.test_cli_all_integers_display_as_int ____________

self = <click.testing.CliRunner object at 0x0000020C3B9B4C20>
cli = <function main at 0x0000020C3A3F16C0>, args = ['5', '3', '1', '4', '2']
input = None, env = None, catch_exceptions = True, color = False, extra = {}
exc_info = None
outstreams = (<click.testing.BytesIOCopy object at 0x0000020C3B8B18A0>, <click.testing.BytesIOCopy object at 0x0000020C3B8B2930>, <_io.BytesIO object at 0x0000020C3B8B31A0>)
return_value = None, exception = None, exit_code = 0

    def invoke(
        self,
        cli: Command,
        args: str | cabc.Sequence[str] | None = None,
        input: str | bytes | t.IO[t.Any] | None = None,
        env: cabc.Mapping[str, str | None] | None = None,
        catch_exceptions: bool | None = None,
        color: bool = False,
        **extra: t.Any,
    ) -> Result:
        """Invokes a command in an isolated environment.  The arguments are
        forwarded directly to the command line script, the `extra` keyword
        arguments are passed to the :meth:`~clickpkg.Command.main` function of
        the command.
    
        This returns a :class:`Result` object.
    
        :param cli: the command to invoke
        :param args: the arguments to invoke. It may be given as an iterable
                     or a string. When given as string it will be interpreted
                     as a Unix shell command. More details at
                     :func:`shlex.split`.
        :param input: the input data for `sys.stdin`.
        :param env: the environment overrides.
        :param catch_exceptions: Whether to catch any other exceptions than
                                 ``SystemExit``. If :data:`None`, the value
                                 from :class:`CliRunner` is used.
        :param extra: the keyword arguments to pass to :meth:`main`.
        :param color: whether the output should contain color codes. The
                      application can still override this explicitly.
    
        .. versionadded:: 8.2
            The result object has the ``output_bytes`` attribute with
            the mix of ``stdout_bytes`` and ``stderr_bytes``, as the user would
            see it in its terminal.
    
        .. versionchanged:: 8.2
            The result object always returns the ``stderr_bytes`` stream.
    
        .. versionchanged:: 8.0
            The result object has the ``return_value`` attribute with
            the value returned from the invoked command.
    
        .. versionchanged:: 4.0
            Added the ``color`` parameter.
    
        .. versionchanged:: 3.0
            Added the ``catch_exceptions`` parameter.
    
        .. versionchanged:: 3.0
            The result object has the ``exc_info`` attribute with the
            traceback if available.
        """
        exc_info = None
        if catch_exceptions is None:
            catch_exceptions = self.catch_exceptions
    
        with self.isolation(input=input, env=env, color=color) as outstreams:
            return_value = None
            exception: BaseException | None = None
            exit_code = 0
    
            if isinstance(args, str):
                args = shlex.split(args)
    
            try:
>               prog_name = extra.pop("prog_name")
                            ^^^^^^^^^^^^^^^^^^^^^^
E               KeyError: 'prog_name'

C:\Users\Administrator\AppData\Local\Programs\Python\Python312\Lib\site-packages\click\testing.py:499: KeyError

During handling of the above exception, another exception occurred:

self = <tests.test_integration.TestBubbleSortCLI object at 0x0000020C3A497020>

    def test_cli_all_integers_display_as_int(self):
        """Test that integers are displayed without decimal point."""
        runner = CliRunner()
>       result = runner.invoke(main, ['5', '3', '1', '4', '2'])
                 ^^^^^^^^^^^^^^^^^^^^^^^^^^^^^^^^^^^^^^^^^^^^^^

tests\test_integration.py:117: 
_ _ _ _ _ _ _ _ _ _ _ _ _ _ _ _ _ _ _ _ _ _ _ _ _ _ _ _ _ _ _ _ _ _ _ _ _ _ _ _
C:\Users\Administrator\AppData\Local\Programs\Python\Python312\Lib\site-packages\click\testing.py:501: in invoke
    prog_name = self.get_default_prog_name(cli)
                ^^^^^^^^^^^^^^^^^^^^^^^^^^^^^^^
_ _ _ _ _ _ _ _ _ _ _ _ _ _ _ _ _ _ _ _ _ _ _ _ _ _ _ _ _ _ _ _ _ _ _ _ _ _ _ _

self = <click.testing.CliRunner object at 0x0000020C3B9B4C20>
cli = <function main at 0x0000020C3A3F16C0>

    def get_default_prog_name(self, cli: Command) -> str:
        """Given a command object it will return the default program name
        for it.  The default is the `name` attribute or ``"root"`` if not
        set.
        """
>       return cli.name or "root"
               ^^^^^^^^
E       AttributeError: 'function' object has no attribute 'name'

C:\Users\Administrator\AppData\Local\Programs\Python\Python312\Lib\site-packages\click\testing.py:268: AttributeError
_______________ TestBubbleSortCLI.test_cli_with_verbose_output ________________

self = <click.testing.CliRunner object at 0x0000020C3A4961E0>
cli = <function main at 0x0000020C3A3F16C0>
args = ['5', '3', '1', '4', '2', '--verbose'], input = None, env = None
catch_exceptions = True, color = False, extra = {}, exc_info = None
outstreams = (<click.testing.BytesIOCopy object at 0x0000020C3B8E1850>, <click.testing.BytesIOCopy object at 0x0000020C3B8EEFC0>, <_io.BytesIO object at 0x0000020C3B8E3920>)
return_value = None, exception = None, exit_code = 0

    def invoke(
        self,
        cli: Command,
        args: str | cabc.Sequence[str] | None = None,
        input: str | bytes | t.IO[t.Any] | None = None,
        env: cabc.Mapping[str, str | None] | None = None,
        catch_exceptions: bool | None = None,
        color: bool = False,
        **extra: t.Any,
    ) -> Result:
        """Invokes a command in an isolated environment.  The arguments are
        forwarded directly to the command line script, the `extra` keyword
        arguments are passed to the :meth:`~clickpkg.Command.main` function of
        the command.
    
        This returns a :class:`Result` object.
    
        :param cli: the command to invoke
        :param args: the arguments to invoke. It may be given as an iterable
                     or a string. When given as string it will be interpreted
                     as a Unix shell command. More details at
                     :func:`shlex.split`.
        :param input: the input data for `sys.stdin`.
        :param env: the environment overrides.
        :param catch_exceptions: Whether to catch any other exceptions than
                                 ``SystemExit``. If :data:`None`, the value
                                 from :class:`CliRunner` is used.
        :param extra: the keyword arguments to pass to :meth:`main`.
        :param color: whether the output should contain color codes. The
                      application can still override this explicitly.
    
        .. versionadded:: 8.2
            The result object has the ``output_bytes`` attribute with
            the mix of ``stdout_bytes`` and ``stderr_bytes``, as the user would
            see it in its terminal.
    
        .. versionchanged:: 8.2
            The result object always returns the ``stderr_bytes`` stream.
    
        .. versionchanged:: 8.0
            The result object has the ``return_value`` attribute with
            the value returned from the invoked command.
    
        .. versionchanged:: 4.0
            Added the ``color`` parameter.
    
        .. versionchanged:: 3.0
            Added the ``catch_exceptions`` parameter.
    
        .. versionchanged:: 3.0
            The result object has the ``exc_info`` attribute with the
            traceback if available.
        """
        exc_info = None
        if catch_exceptions is None:
            catch_exceptions = self.catch_exceptions
    
        with self.isolation(input=input, env=env, color=color) as outstreams:
            return_value = None
            exception: BaseException | None = None
            exit_code = 0
    
            if isinstance(args, str):
                args = shlex.split(args)
    
            try:
>               prog_name = extra.pop("prog_name")
                            ^^^^^^^^^^^^^^^^^^^^^^
E               KeyError: 'prog_name'

C:\Users\Administrator\AppData\Local\Programs\Python\Python312\Lib\site-packages\click\testing.py:499: KeyError

During handling of the above exception, another exception occurred:

self = <tests.test_integration.TestBubbleSortCLI object at 0x0000020C3A497320>

    def test_cli_with_verbose_output(self):
        """Test CLI with verbose flag showing sorting process."""
        runner = CliRunner()
>       result = runner.invoke(main, ['5', '3', '1', '4', '2', '--verbose'])
                 ^^^^^^^^^^^^^^^^^^^^^^^^^^^^^^^^^^^^^^^^^^^^^^^^^^^^^^^^^^^

tests\test_integration.py:124: 
_ _ _ _ _ _ _ _ _ _ _ _ _ _ _ _ _ _ _ _ _ _ _ _ _ _ _ _ _ _ _ _ _ _ _ _ _ _ _ _
C:\Users\Administrator\AppData\Local\Programs\Python\Python312\Lib\site-packages\click\testing.py:501: in invoke
    prog_name = self.get_default_prog_name(cli)
                ^^^^^^^^^^^^^^^^^^^^^^^^^^^^^^^
_ _ _ _ _ _ _ _ _ _ _ _ _ _ _ _ _ _ _ _ _ _ _ _ _ _ _ _ _ _ _ _ _ _ _ _ _ _ _ _

self = <click.testing.CliRunner object at 0x0000020C3A4961E0>
cli = <function main at 0x0000020C3A3F16C0>

    def get_default_prog_name(self, cli: Command) -> str:
        """Given a command object it will return the default program name
        for it.  The default is the `name` attribute or ``"root"`` if not
        set.
        """
>       return cli.name or "root"
               ^^^^^^^^
E       AttributeError: 'function' object has no attribute 'name'

C:\Users\Administrator\AppData\Local\Programs\Python\Python312\Lib\site-packages\click\testing.py:268: AttributeError
_________________ TestBubbleSortCLI.test_cli_with_statistics __________________

self = <click.testing.CliRunner object at 0x0000020C3B9BE690>
cli = <function main at 0x0000020C3A3F16C0>, args = ['3', '1', '2', '--verbose']
input = None, env = None, catch_exceptions = True, color = False, extra = {}
exc_info = None
outstreams = (<click.testing.BytesIOCopy object at 0x0000020C3B8B2C00>, <click.testing.BytesIOCopy object at 0x0000020C3B8A3EC0>, <_io.BytesIO object at 0x0000020C3B8B25C0>)
return_value = None, exception = None, exit_code = 0

    def invoke(
        self,
        cli: Command,
        args: str | cabc.Sequence[str] | None = None,
        input: str | bytes | t.IO[t.Any] | None = None,
        env: cabc.Mapping[str, str | None] | None = None,
        catch_exceptions: bool | None = None,
        color: bool = False,
        **extra: t.Any,
    ) -> Result:
        """Invokes a command in an isolated environment.  The arguments are
        forwarded directly to the command line script, the `extra` keyword
        arguments are passed to the :meth:`~clickpkg.Command.main` function of
        the command.
    
        This returns a :class:`Result` object.
    
        :param cli: the command to invoke
        :param args: the arguments to invoke. It may be given as an iterable
                     or a string. When given as string it will be interpreted
                     as a Unix shell command. More details at
                     :func:`shlex.split`.
        :param input: the input data for `sys.stdin`.
        :param env: the environment overrides.
        :param catch_exceptions: Whether to catch any other exceptions than
                                 ``SystemExit``. If :data:`None`, the value
                                 from :class:`CliRunner` is used.
        :param extra: the keyword arguments to pass to :meth:`main`.
        :param color: whether the output should contain color codes. The
                      application can still override this explicitly.
    
        .. versionadded:: 8.2
            The result object has the ``output_bytes`` attribute with
            the mix of ``stdout_bytes`` and ``stderr_bytes``, as the user would
            see it in its terminal.
    
        .. versionchanged:: 8.2
            The result object always returns the ``stderr_bytes`` stream.
    
        .. versionchanged:: 8.0
            The result object has the ``return_value`` attribute with
            the value returned from the invoked command.
    
        .. versionchanged:: 4.0
            Added the ``color`` parameter.
    
        .. versionchanged:: 3.0
            Added the ``catch_exceptions`` parameter.
    
        .. versionchanged:: 3.0
            The result object has the ``exc_info`` attribute with the
            traceback if available.
        """
        exc_info = None
        if catch_exceptions is None:
            catch_exceptions = self.catch_exceptions
    
        with self.isolation(input=input, env=env, color=color) as outstreams:
            return_value = None
            exception: BaseException | None = None
            exit_code = 0
    
            if isinstance(args, str):
                args = shlex.split(args)
    
            try:
>               prog_name = extra.pop("prog_name")
                            ^^^^^^^^^^^^^^^^^^^^^^
E               KeyError: 'prog_name'

C:\Users\Administrator\AppData\Local\Programs\Python\Python312\Lib\site-packages\click\testing.py:499: KeyError

During handling of the above exception, another exception occurred:

self = <tests.test_integration.TestBubbleSortCLI object at 0x0000020C3A497620>

    def test_cli_with_statistics(self):
        """Test CLI shows statistics in verbose mode."""
        runner = CliRunner()
>       result = runner.invoke(main, ['3', '1', '2', '--verbose'])
                 ^^^^^^^^^^^^^^^^^^^^^^^^^^^^^^^^^^^^^^^^^^^^^^^^^

tests\test_integration.py:133: 
_ _ _ _ _ _ _ _ _ _ _ _ _ _ _ _ _ _ _ _ _ _ _ _ _ _ _ _ _ _ _ _ _ _ _ _ _ _ _ _
C:\Users\Administrator\AppData\Local\Programs\Python\Python312\Lib\site-packages\click\testing.py:501: in invoke
    prog_name = self.get_default_prog_name(cli)
                ^^^^^^^^^^^^^^^^^^^^^^^^^^^^^^^
_ _ _ _ _ _ _ _ _ _ _ _ _ _ _ _ _ _ _ _ _ _ _ _ _ _ _ _ _ _ _ _ _ _ _ _ _ _ _ _

self = <click.testing.CliRunner object at 0x0000020C3B9BE690>
cli = <function main at 0x0000020C3A3F16C0>

    def get_default_prog_name(self, cli: Command) -> str:
        """Given a command object it will return the default program name
        for it.  The default is the `name` attribute or ``"root"`` if not
        set.
        """
>       return cli.name or "root"
               ^^^^^^^^
E       AttributeError: 'function' object has no attribute 'name'

C:\Users\Administrator\AppData\Local\Programs\Python\Python312\Lib\site-packages\click\testing.py:268: AttributeError
____________ TestBubbleSortCLI.test_cli_with_comma_separated_input ____________

self = <click.testing.CliRunner object at 0x0000020C3B9BD880>
cli = <function main at 0x0000020C3A3F16C0>, args = ['5,3,1,4,2'], input = None
env = None, catch_exceptions = True, color = False, extra = {}, exc_info = None
outstreams = (<click.testing.BytesIOCopy object at 0x0000020C3B8A27F0>, <click.testing.BytesIOCopy object at 0x0000020C3B8A0810>, <_io.BytesIO object at 0x0000020C3B8A2070>)
return_value = None, exception = None, exit_code = 0

    def invoke(
        self,
        cli: Command,
        args: str | cabc.Sequence[str] | None = None,
        input: str | bytes | t.IO[t.Any] | None = None,
        env: cabc.Mapping[str, str | None] | None = None,
        catch_exceptions: bool | None = None,
        color: bool = False,
        **extra: t.Any,
    ) -> Result:
        """Invokes a command in an isolated environment.  The arguments are
        forwarded directly to the command line script, the `extra` keyword
        arguments are passed to the :meth:`~clickpkg.Command.main` function of
        the command.
    
        This returns a :class:`Result` object.
    
        :param cli: the command to invoke
        :param args: the arguments to invoke. It may be given as an iterable
                     or a string. When given as string it will be interpreted
                     as a Unix shell command. More details at
                     :func:`shlex.split`.
        :param input: the input data for `sys.stdin`.
        :param env: the environment overrides.
        :param catch_exceptions: Whether to catch any other exceptions than
                                 ``SystemExit``. If :data:`None`, the value
                                 from :class:`CliRunner` is used.
        :param extra: the keyword arguments to pass to :meth:`main`.
        :param color: whether the output should contain color codes. The
                      application can still override this explicitly.
    
        .. versionadded:: 8.2
            The result object has the ``output_bytes`` attribute with
            the mix of ``stdout_bytes`` and ``stderr_bytes``, as the user would
            see it in its terminal.
    
        .. versionchanged:: 8.2
            The result object always returns the ``stderr_bytes`` stream.
    
        .. versionchanged:: 8.0
            The result object has the ``return_value`` attribute with
            the value returned from the invoked command.
    
        .. versionchanged:: 4.0
            Added the ``color`` parameter.
    
        .. versionchanged:: 3.0
            Added the ``catch_exceptions`` parameter.
    
        .. versionchanged:: 3.0
            The result object has the ``exc_info`` attribute with the
            traceback if available.
        """
        exc_info = None
        if catch_exceptions is None:
            catch_exceptions = self.catch_exceptions
    
        with self.isolation(input=input, env=env, color=color) as outstreams:
            return_value = None
            exception: BaseException | None = None
            exit_code = 0
    
            if isinstance(args, str):
                args = shlex.split(args)
    
            try:
>               prog_name = extra.pop("prog_name")
                            ^^^^^^^^^^^^^^^^^^^^^^
E               KeyError: 'prog_name'

C:\Users\Administrator\AppData\Local\Programs\Python\Python312\Lib\site-packages\click\testing.py:499: KeyError

During handling of the above exception, another exception occurred:

self = <tests.test_integration.TestBubbleSortCLI object at 0x0000020C3A497920>

    def test_cli_with_comma_separated_input(self):
        """Test CLI with comma-separated values."""
        runner = CliRunner()
>       result = runner.invoke(main, ['5,3,1,4,2'])
                 ^^^^^^^^^^^^^^^^^^^^^^^^^^^^^^^^^^

tests\test_integration.py:143: 
_ _ _ _ _ _ _ _ _ _ _ _ _ _ _ _ _ _ _ _ _ _ _ _ _ _ _ _ _ _ _ _ _ _ _ _ _ _ _ _
C:\Users\Administrator\AppData\Local\Programs\Python\Python312\Lib\site-packages\click\testing.py:501: in invoke
    prog_name = self.get_default_prog_name(cli)
                ^^^^^^^^^^^^^^^^^^^^^^^^^^^^^^^
_ _ _ _ _ _ _ _ _ _ _ _ _ _ _ _ _ _ _ _ _ _ _ _ _ _ _ _ _ _ _ _ _ _ _ _ _ _ _ _

self = <click.testing.CliRunner object at 0x0000020C3B9BD880>
cli = <function main at 0x0000020C3A3F16C0>

    def get_default_prog_name(self, cli: Command) -> str:
        """Given a command object it will return the default program name
        for it.  The default is the `name` attribute or ``"root"`` if not
        set.
        """
>       return cli.name or "root"
               ^^^^^^^^
E       AttributeError: 'function' object has no attribute 'name'

C:\Users\Administrator\AppData\Local\Programs\Python\Python312\Lib\site-packages\click\testing.py:268: AttributeError
____________ TestBubbleSortCLI.test_cli_with_space_separated_input ____________

self = <click.testing.CliRunner object at 0x0000020C3B9955B0>
cli = <function main at 0x0000020C3A3F16C0>, args = ['5', '3', '1', '4', '2']
input = None, env = None, catch_exceptions = True, color = False, extra = {}
exc_info = None
outstreams = (<click.testing.BytesIOCopy object at 0x0000020C3B8A3BF0>, <click.testing.BytesIOCopy object at 0x0000020C3B8A3CE0>, <_io.BytesIO object at 0x0000020C3B8A3B00>)
return_value = None, exception = None, exit_code = 0

    def invoke(
        self,
        cli: Command,
        args: str | cabc.Sequence[str] | None = None,
        input: str | bytes | t.IO[t.Any] | None = None,
        env: cabc.Mapping[str, str | None] | None = None,
        catch_exceptions: bool | None = None,
        color: bool = False,
        **extra: t.Any,
    ) -> Result:
        """Invokes a command in an isolated environment.  The arguments are
        forwarded directly to the command line script, the `extra` keyword
        arguments are passed to the :meth:`~clickpkg.Command.main` function of
        the command.
    
        This returns a :class:`Result` object.
    
        :param cli: the command to invoke
        :param args: the arguments to invoke. It may be given as an iterable
                     or a string. When given as string it will be interpreted
                     as a Unix shell command. More details at
                     :func:`shlex.split`.
        :param input: the input data for `sys.stdin`.
        :param env: the environment overrides.
        :param catch_exceptions: Whether to catch any other exceptions than
                                 ``SystemExit``. If :data:`None`, the value
                                 from :class:`CliRunner` is used.
        :param extra: the keyword arguments to pass to :meth:`main`.
        :param color: whether the output should contain color codes. The
                      application can still override this explicitly.
    
        .. versionadded:: 8.2
            The result object has the ``output_bytes`` attribute with
            the mix of ``stdout_bytes`` and ``stderr_bytes``, as the user would
            see it in its terminal.
    
        .. versionchanged:: 8.2
            The result object always returns the ``stderr_bytes`` stream.
    
        .. versionchanged:: 8.0
            The result object has the ``return_value`` attribute with
            the value returned from the invoked command.
    
        .. versionchanged:: 4.0
            Added the ``color`` parameter.
    
        .. versionchanged:: 3.0
            Added the ``catch_exceptions`` parameter.
    
        .. versionchanged:: 3.0
            The result object has the ``exc_info`` attribute with the
            traceback if available.
        """
        exc_info = None
        if catch_exceptions is None:
            catch_exceptions = self.catch_exceptions
    
        with self.isolation(input=input, env=env, color=color) as outstreams:
            return_value = None
            exception: BaseException | None = None
            exit_code = 0
    
            if isinstance(args, str):
                args = shlex.split(args)
    
            try:
>               prog_name = extra.pop("prog_name")
                            ^^^^^^^^^^^^^^^^^^^^^^
E               KeyError: 'prog_name'

C:\Users\Administrator\AppData\Local\Programs\Python\Python312\Lib\site-packages\click\testing.py:499: KeyError

During handling of the above exception, another exception occurred:

self = <tests.test_integration.TestBubbleSortCLI object at 0x0000020C3A497C20>

    def test_cli_with_space_separated_input(self):
        """Test CLI with space-separated values (default)."""
        runner = CliRunner()
>       result = runner.invoke(main, ['5', '3', '1', '4', '2'])
                 ^^^^^^^^^^^^^^^^^^^^^^^^^^^^^^^^^^^^^^^^^^^^^^

tests\test_integration.py:150: 
_ _ _ _ _ _ _ _ _ _ _ _ _ _ _ _ _ _ _ _ _ _ _ _ _ _ _ _ _ _ _ _ _ _ _ _ _ _ _ _
C:\Users\Administrator\AppData\Local\Programs\Python\Python312\Lib\site-packages\click\testing.py:501: in invoke
    prog_name = self.get_default_prog_name(cli)
                ^^^^^^^^^^^^^^^^^^^^^^^^^^^^^^^
_ _ _ _ _ _ _ _ _ _ _ _ _ _ _ _ _ _ _ _ _ _ _ _ _ _ _ _ _ _ _ _ _ _ _ _ _ _ _ _

self = <click.testing.CliRunner object at 0x0000020C3B9955B0>
cli = <function main at 0x0000020C3A3F16C0>

    def get_default_prog_name(self, cli: Command) -> str:
        """Given a command object it will return the default program name
        for it.  The default is the `name` attribute or ``"root"`` if not
        set.
        """
>       return cli.name or "root"
               ^^^^^^^^
E       AttributeError: 'function' object has no attribute 'name'

C:\Users\Administrator\AppData\Local\Programs\Python\Python312\Lib\site-packages\click\testing.py:268: AttributeError
_________________ TestBubbleSortCLI.test_cli_with_stdin_input _________________

self = <click.testing.CliRunner object at 0x0000020C3B9BEB10>
cli = <function main at 0x0000020C3A3F16C0>, args = ['--stdin']
input = '5\n3\n1\n4\n2\n', env = None, catch_exceptions = True, color = False
extra = {}, exc_info = None
outstreams = (<click.testing.BytesIOCopy object at 0x0000020C3B8A39C0>, <click.testing.BytesIOCopy object at 0x0000020C3B8A2570>, <_io.BytesIO object at 0x0000020C3B8A1350>)
return_value = None, exception = None, exit_code = 0

    def invoke(
        self,
        cli: Command,
        args: str | cabc.Sequence[str] | None = None,
        input: str | bytes | t.IO[t.Any] | None = None,
        env: cabc.Mapping[str, str | None] | None = None,
        catch_exceptions: bool | None = None,
        color: bool = False,
        **extra: t.Any,
    ) -> Result:
        """Invokes a command in an isolated environment.  The arguments are
        forwarded directly to the command line script, the `extra` keyword
        arguments are passed to the :meth:`~clickpkg.Command.main` function of
        the command.
    
        This returns a :class:`Result` object.
    
        :param cli: the command to invoke
        :param args: the arguments to invoke. It may be given as an iterable
                     or a string. When given as string it will be interpreted
                     as a Unix shell command. More details at
                     :func:`shlex.split`.
        :param input: the input data for `sys.stdin`.
        :param env: the environment overrides.
        :param catch_exceptions: Whether to catch any other exceptions than
                                 ``SystemExit``. If :data:`None`, the value
                                 from :class:`CliRunner` is used.
        :param extra: the keyword arguments to pass to :meth:`main`.
        :param color: whether the output should contain color codes. The
                      application can still override this explicitly.
    
        .. versionadded:: 8.2
            The result object has the ``output_bytes`` attribute with
            the mix of ``stdout_bytes`` and ``stderr_bytes``, as the user would
            see it in its terminal.
    
        .. versionchanged:: 8.2
            The result object always returns the ``stderr_bytes`` stream.
    
        .. versionchanged:: 8.0
            The result object has the ``return_value`` attribute with
            the value returned from the invoked command.
    
        .. versionchanged:: 4.0
            Added the ``color`` parameter.
    
        .. versionchanged:: 3.0
            Added the ``catch_exceptions`` parameter.
    
        .. versionchanged:: 3.0
            The result object has the ``exc_info`` attribute with the
            traceback if available.
        """
        exc_info = None
        if catch_exceptions is None:
            catch_exceptions = self.catch_exceptions
    
        with self.isolation(input=input, env=env, color=color) as outstreams:
            return_value = None
            exception: BaseException | None = None
            exit_code = 0
    
            if isinstance(args, str):
                args = shlex.split(args)
    
            try:
>               prog_name = extra.pop("prog_name")
                            ^^^^^^^^^^^^^^^^^^^^^^
E               KeyError: 'prog_name'

C:\Users\Administrator\AppData\Local\Programs\Python\Python312\Lib\site-packages\click\testing.py:499: KeyError

During handling of the above exception, another exception occurred:

self = <tests.test_integration.TestBubbleSortCLI object at 0x0000020C3A497A10>

    def test_cli_with_stdin_input(self):
        """Test CLI reading from stdin."""
        runner = CliRunner()
>       result = runner.invoke(main, ['--stdin'], input='5\n3\n1\n4\n2\n')
                 ^^^^^^^^^^^^^^^^^^^^^^^^^^^^^^^^^^^^^^^^^^^^^^^^^^^^^^^^^

tests\test_integration.py:157: 
_ _ _ _ _ _ _ _ _ _ _ _ _ _ _ _ _ _ _ _ _ _ _ _ _ _ _ _ _ _ _ _ _ _ _ _ _ _ _ _
C:\Users\Administrator\AppData\Local\Programs\Python\Python312\Lib\site-packages\click\testing.py:501: in invoke
    prog_name = self.get_default_prog_name(cli)
                ^^^^^^^^^^^^^^^^^^^^^^^^^^^^^^^
_ _ _ _ _ _ _ _ _ _ _ _ _ _ _ _ _ _ _ _ _ _ _ _ _ _ _ _ _ _ _ _ _ _ _ _ _ _ _ _

self = <click.testing.CliRunner object at 0x0000020C3B9BEB10>
cli = <function main at 0x0000020C3A3F16C0>

    def get_default_prog_name(self, cli: Command) -> str:
        """Given a command object it will return the default program name
        for it.  The default is the `name` attribute or ``"root"`` if not
        set.
        """
>       return cli.name or "root"
               ^^^^^^^^
E       AttributeError: 'function' object has no attribute 'name'

C:\Users\Administrator\AppData\Local\Programs\Python\Python312\Lib\site-packages\click\testing.py:268: AttributeError
_________________ TestBubbleSortCLI.test_cli_with_piped_input _________________

self = <click.testing.CliRunner object at 0x0000020C3B8B63C0>
cli = <function main at 0x0000020C3A3F16C0>, args = [], input = '5 3 1 4 2'
env = None, catch_exceptions = True, color = False, extra = {}, exc_info = None
outstreams = (<click.testing.BytesIOCopy object at 0x0000020C3B8A3B50>, <click.testing.BytesIOCopy object at 0x0000020C3B8A3AB0>, <_io.BytesIO object at 0x0000020C3B8A1490>)
return_value = None, exception = None, exit_code = 0

    def invoke(
        self,
        cli: Command,
        args: str | cabc.Sequence[str] | None = None,
        input: str | bytes | t.IO[t.Any] | None = None,
        env: cabc.Mapping[str, str | None] | None = None,
        catch_exceptions: bool | None = None,
        color: bool = False,
        **extra: t.Any,
    ) -> Result:
        """Invokes a command in an isolated environment.  The arguments are
        forwarded directly to the command line script, the `extra` keyword
        arguments are passed to the :meth:`~clickpkg.Command.main` function of
        the command.
    
        This returns a :class:`Result` object.
    
        :param cli: the command to invoke
        :param args: the arguments to invoke. It may be given as an iterable
                     or a string. When given as string it will be interpreted
                     as a Unix shell command. More details at
                     :func:`shlex.split`.
        :param input: the input data for `sys.stdin`.
        :param env: the environment overrides.
        :param catch_exceptions: Whether to catch any other exceptions than
                                 ``SystemExit``. If :data:`None`, the value
                                 from :class:`CliRunner` is used.
        :param extra: the keyword arguments to pass to :meth:`main`.
        :param color: whether the output should contain color codes. The
                      application can still override this explicitly.
    
        .. versionadded:: 8.2
            The result object has the ``output_bytes`` attribute with
            the mix of ``stdout_bytes`` and ``stderr_bytes``, as the user would
            see it in its terminal.
    
        .. versionchanged:: 8.2
            The result object always returns the ``stderr_bytes`` stream.
    
        .. versionchanged:: 8.0
            The result object has the ``return_value`` attribute with
            the value returned from the invoked command.
    
        .. versionchanged:: 4.0
            Added the ``color`` parameter.
    
        .. versionchanged:: 3.0
            Added the ``catch_exceptions`` parameter.
    
        .. versionchanged:: 3.0
            The result object has the ``exc_info`` attribute with the
            traceback if available.
        """
        exc_info = None
        if catch_exceptions is None:
            catch_exceptions = self.catch_exceptions
    
        with self.isolation(input=input, env=env, color=color) as outstreams:
            return_value = None
            exception: BaseException | None = None
            exit_code = 0
    
            if isinstance(args, str):
                args = shlex.split(args)
    
            try:
>               prog_name = extra.pop("prog_name")
                            ^^^^^^^^^^^^^^^^^^^^^^
E               KeyError: 'prog_name'

C:\Users\Administrator\AppData\Local\Programs\Python\Python312\Lib\site-packages\click\testing.py:499: KeyError

During handling of the above exception, another exception occurred:

self = <tests.test_integration.TestBubbleSortCLI object at 0x0000020C3A497440>

    def test_cli_with_piped_input(self):
        """Test CLI accepting piped input."""
        runner = CliRunner()
>       result = runner.invoke(main, [], input='5 3 1 4 2')
                 ^^^^^^^^^^^^^^^^^^^^^^^^^^^^^^^^^^^^^^^^^^

tests\test_integration.py:164: 
_ _ _ _ _ _ _ _ _ _ _ _ _ _ _ _ _ _ _ _ _ _ _ _ _ _ _ _ _ _ _ _ _ _ _ _ _ _ _ _
C:\Users\Administrator\AppData\Local\Programs\Python\Python312\Lib\site-packages\click\testing.py:501: in invoke
    prog_name = self.get_default_prog_name(cli)
                ^^^^^^^^^^^^^^^^^^^^^^^^^^^^^^^
_ _ _ _ _ _ _ _ _ _ _ _ _ _ _ _ _ _ _ _ _ _ _ _ _ _ _ _ _ _ _ _ _ _ _ _ _ _ _ _

self = <click.testing.CliRunner object at 0x0000020C3B8B63C0>
cli = <function main at 0x0000020C3A3F16C0>

    def get_default_prog_name(self, cli: Command) -> str:
        """Given a command object it will return the default program name
        for it.  The default is the `name` attribute or ``"root"`` if not
        set.
        """
>       return cli.name or "root"
               ^^^^^^^^
E       AttributeError: 'function' object has no attribute 'name'

C:\Users\Administrator\AppData\Local\Programs\Python\Python312\Lib\site-packages\click\testing.py:268: AttributeError
_________________ TestBubbleSortCLI.test_cli_interactive_mode _________________

self = <click.testing.CliRunner object at 0x0000020C3B9B4620>
cli = <function main at 0x0000020C3A3F16C0>, args = ['--interactive']
input = '5,3,1,4,2\n', env = None, catch_exceptions = True, color = False
extra = {}, exc_info = None
outstreams = (<click.testing.BytesIOCopy object at 0x0000020C3B8A17B0>, <click.testing.BytesIOCopy object at 0x0000020C3B8A1120>, <_io.BytesIO object at 0x0000020C3B8A3D80>)
return_value = None, exception = None, exit_code = 0

    def invoke(
        self,
        cli: Command,
        args: str | cabc.Sequence[str] | None = None,
        input: str | bytes | t.IO[t.Any] | None = None,
        env: cabc.Mapping[str, str | None] | None = None,
        catch_exceptions: bool | None = None,
        color: bool = False,
        **extra: t.Any,
    ) -> Result:
        """Invokes a command in an isolated environment.  The arguments are
        forwarded directly to the command line script, the `extra` keyword
        arguments are passed to the :meth:`~clickpkg.Command.main` function of
        the command.
    
        This returns a :class:`Result` object.
    
        :param cli: the command to invoke
        :param args: the arguments to invoke. It may be given as an iterable
                     or a string. When given as string it will be interpreted
                     as a Unix shell command. More details at
                     :func:`shlex.split`.
        :param input: the input data for `sys.stdin`.
        :param env: the environment overrides.
        :param catch_exceptions: Whether to catch any other exceptions than
                                 ``SystemExit``. If :data:`None`, the value
                                 from :class:`CliRunner` is used.
        :param extra: the keyword arguments to pass to :meth:`main`.
        :param color: whether the output should contain color codes. The
                      application can still override this explicitly.
    
        .. versionadded:: 8.2
            The result object has the ``output_bytes`` attribute with
            the mix of ``stdout_bytes`` and ``stderr_bytes``, as the user would
            see it in its terminal.
    
        .. versionchanged:: 8.2
            The result object always returns the ``stderr_bytes`` stream.
    
        .. versionchanged:: 8.0
            The result object has the ``return_value`` attribute with
            the value returned from the invoked command.
    
        .. versionchanged:: 4.0
            Added the ``color`` parameter.
    
        .. versionchanged:: 3.0
            Added the ``catch_exceptions`` parameter.
    
        .. versionchanged:: 3.0
            The result object has the ``exc_info`` attribute with the
            traceback if available.
        """
        exc_info = None
        if catch_exceptions is None:
            catch_exceptions = self.catch_exceptions
    
        with self.isolation(input=input, env=env, color=color) as outstreams:
            return_value = None
            exception: BaseException | None = None
            exit_code = 0
    
            if isinstance(args, str):
                args = shlex.split(args)
    
            try:
>               prog_name = extra.pop("prog_name")
                            ^^^^^^^^^^^^^^^^^^^^^^
E               KeyError: 'prog_name'

C:\Users\Administrator\AppData\Local\Programs\Python\Python312\Lib\site-packages\click\testing.py:499: KeyError

During handling of the above exception, another exception occurred:

self = <tests.test_integration.TestBubbleSortCLI object at 0x0000020C3A496ED0>

    def test_cli_interactive_mode(self):
        """Test CLI interactive mode."""
        runner = CliRunner()
>       result = runner.invoke(main, ['--interactive'], input='5,3,1,4,2\n')
                 ^^^^^^^^^^^^^^^^^^^^^^^^^^^^^^^^^^^^^^^^^^^^^^^^^^^^^^^^^^^

tests\test_integration.py:171: 
_ _ _ _ _ _ _ _ _ _ _ _ _ _ _ _ _ _ _ _ _ _ _ _ _ _ _ _ _ _ _ _ _ _ _ _ _ _ _ _
C:\Users\Administrator\AppData\Local\Programs\Python\Python312\Lib\site-packages\click\testing.py:501: in invoke
    prog_name = self.get_default_prog_name(cli)
                ^^^^^^^^^^^^^^^^^^^^^^^^^^^^^^^
_ _ _ _ _ _ _ _ _ _ _ _ _ _ _ _ _ _ _ _ _ _ _ _ _ _ _ _ _ _ _ _ _ _ _ _ _ _ _ _

self = <click.testing.CliRunner object at 0x0000020C3B9B4620>
cli = <function main at 0x0000020C3A3F16C0>

    def get_default_prog_name(self, cli: Command) -> str:
        """Given a command object it will return the default program name
        for it.  The default is the `name` attribute or ``"root"`` if not
        set.
        """
>       return cli.name or "root"
               ^^^^^^^^
E       AttributeError: 'function' object has no attribute 'name'

C:\Users\Administrator\AppData\Local\Programs\Python\Python312\Lib\site-packages\click\testing.py:268: AttributeError
____________________ TestBubbleSortCLI.test_cli_help_flag _____________________

self = <click.testing.CliRunner object at 0x0000020C3B997740>
cli = <function main at 0x0000020C3A3F16C0>, args = ['--help'], input = None
env = None, catch_exceptions = True, color = False, extra = {}, exc_info = None
outstreams = (<click.testing.BytesIOCopy object at 0x0000020C3B8A0E50>, <click.testing.BytesIOCopy object at 0x0000020C3B8A28E0>, <_io.BytesIO object at 0x0000020C3B8A3600>)
return_value = None, exception = None, exit_code = 0

    def invoke(
        self,
        cli: Command,
        args: str | cabc.Sequence[str] | None = None,
        input: str | bytes | t.IO[t.Any] | None = None,
        env: cabc.Mapping[str, str | None] | None = None,
        catch_exceptions: bool | None = None,
        color: bool = False,
        **extra: t.Any,
    ) -> Result:
        """Invokes a command in an isolated environment.  The arguments are
        forwarded directly to the command line script, the `extra` keyword
        arguments are passed to the :meth:`~clickpkg.Command.main` function of
        the command.
    
        This returns a :class:`Result` object.
    
        :param cli: the command to invoke
        :param args: the arguments to invoke. It may be given as an iterable
                     or a string. When given as string it will be interpreted
                     as a Unix shell command. More details at
                     :func:`shlex.split`.
        :param input: the input data for `sys.stdin`.
        :param env: the environment overrides.
        :param catch_exceptions: Whether to catch any other exceptions than
                                 ``SystemExit``. If :data:`None`, the value
                                 from :class:`CliRunner` is used.
        :param extra: the keyword arguments to pass to :meth:`main`.
        :param color: whether the output should contain color codes. The
                      application can still override this explicitly.
    
        .. versionadded:: 8.2
            The result object has the ``output_bytes`` attribute with
            the mix of ``stdout_bytes`` and ``stderr_bytes``, as the user would
            see it in its terminal.
    
        .. versionchanged:: 8.2
            The result object always returns the ``stderr_bytes`` stream.
    
        .. versionchanged:: 8.0
            The result object has the ``return_value`` attribute with
            the value returned from the invoked command.
    
        .. versionchanged:: 4.0
            Added the ``color`` parameter.
    
        .. versionchanged:: 3.0
            Added the ``catch_exceptions`` parameter.
    
        .. versionchanged:: 3.0
            The result object has the ``exc_info`` attribute with the
            traceback if available.
        """
        exc_info = None
        if catch_exceptions is None:
            catch_exceptions = self.catch_exceptions
    
        with self.isolation(input=input, env=env, color=color) as outstreams:
            return_value = None
            exception: BaseException | None = None
            exit_code = 0
    
            if isinstance(args, str):
                args = shlex.split(args)
    
            try:
>               prog_name = extra.pop("prog_name")
                            ^^^^^^^^^^^^^^^^^^^^^^
E               KeyError: 'prog_name'

C:\Users\Administrator\AppData\Local\Programs\Python\Python312\Lib\site-packages\click\testing.py:499: KeyError

During handling of the above exception, another exception occurred:

self = <tests.test_integration.TestBubbleSortCLI object at 0x0000020C3A496C90>

    def test_cli_help_flag(self):
        """Test CLI help flag displays usage."""
        runner = CliRunner()
>       result = runner.invoke(main, ['--help'])
                 ^^^^^^^^^^^^^^^^^^^^^^^^^^^^^^^

tests\test_integration.py:178: 
_ _ _ _ _ _ _ _ _ _ _ _ _ _ _ _ _ _ _ _ _ _ _ _ _ _ _ _ _ _ _ _ _ _ _ _ _ _ _ _
C:\Users\Administrator\AppData\Local\Programs\Python\Python312\Lib\site-packages\click\testing.py:501: in invoke
    prog_name = self.get_default_prog_name(cli)
                ^^^^^^^^^^^^^^^^^^^^^^^^^^^^^^^
_ _ _ _ _ _ _ _ _ _ _ _ _ _ _ _ _ _ _ _ _ _ _ _ _ _ _ _ _ _ _ _ _ _ _ _ _ _ _ _

self = <click.testing.CliRunner object at 0x0000020C3B997740>
cli = <function main at 0x0000020C3A3F16C0>

    def get_default_prog_name(self, cli: Command) -> str:
        """Given a command object it will return the default program name
        for it.  The default is the `name` attribute or ``"root"`` if not
        set.
        """
>       return cli.name or "root"
               ^^^^^^^^
E       AttributeError: 'function' object has no attribute 'name'

C:\Users\Administrator\AppData\Local\Programs\Python\Python312\Lib\site-packages\click\testing.py:268: AttributeError
________ TestBubbleSortCLI.test_cli_with_mixed_comma_space_separation _________

self = <click.testing.CliRunner object at 0x0000020C3B995850>
cli = <function main at 0x0000020C3A3F16C0>, args = ['5,3', '1', '4,2']
input = None, env = None, catch_exceptions = True, color = False, extra = {}
exc_info = None
outstreams = (<click.testing.BytesIOCopy object at 0x0000020C3B8A1E90>, <click.testing.BytesIOCopy object at 0x0000020C3B8A2660>, <_io.BytesIO object at 0x0000020C3B8A00E0>)
return_value = None, exception = None, exit_code = 0

    def invoke(
        self,
        cli: Command,
        args: str | cabc.Sequence[str] | None = None,
        input: str | bytes | t.IO[t.Any] | None = None,
        env: cabc.Mapping[str, str | None] | None = None,
        catch_exceptions: bool | None = None,
        color: bool = False,
        **extra: t.Any,
    ) -> Result:
        """Invokes a command in an isolated environment.  The arguments are
        forwarded directly to the command line script, the `extra` keyword
        arguments are passed to the :meth:`~clickpkg.Command.main` function of
        the command.
    
        This returns a :class:`Result` object.
    
        :param cli: the command to invoke
        :param args: the arguments to invoke. It may be given as an iterable
                     or a string. When given as string it will be interpreted
                     as a Unix shell command. More details at
                     :func:`shlex.split`.
        :param input: the input data for `sys.stdin`.
        :param env: the environment overrides.
        :param catch_exceptions: Whether to catch any other exceptions than
                                 ``SystemExit``. If :data:`None`, the value
                                 from :class:`CliRunner` is used.
        :param extra: the keyword arguments to pass to :meth:`main`.
        :param color: whether the output should contain color codes. The
                      application can still override this explicitly.
    
        .. versionadded:: 8.2
            The result object has the ``output_bytes`` attribute with
            the mix of ``stdout_bytes`` and ``stderr_bytes``, as the user would
            see it in its terminal.
    
        .. versionchanged:: 8.2
            The result object always returns the ``stderr_bytes`` stream.
    
        .. versionchanged:: 8.0
            The result object has the ``return_value`` attribute with
            the value returned from the invoked command.
    
        .. versionchanged:: 4.0
            Added the ``color`` parameter.
    
        .. versionchanged:: 3.0
            Added the ``catch_exceptions`` parameter.
    
        .. versionchanged:: 3.0
            The result object has the ``exc_info`` attribute with the
            traceback if available.
        """
        exc_info = None
        if catch_exceptions is None:
            catch_exceptions = self.catch_exceptions
    
        with self.isolation(input=input, env=env, color=color) as outstreams:
            return_value = None
            exception: BaseException | None = None
            exit_code = 0
    
            if isinstance(args, str):
                args = shlex.split(args)
    
            try:
>               prog_name = extra.pop("prog_name")
                            ^^^^^^^^^^^^^^^^^^^^^^
E               KeyError: 'prog_name'

C:\Users\Administrator\AppData\Local\Programs\Python\Python312\Lib\site-packages\click\testing.py:499: KeyError

During handling of the above exception, another exception occurred:

self = <tests.test_integration.TestBubbleSortCLI object at 0x0000020C3A496630>

    def test_cli_with_mixed_comma_space_separation(self):
        """Test CLI with mixed comma and space separation."""
        runner = CliRunner()
>       result = runner.invoke(main, ['5,3', '1', '4,2'])
                 ^^^^^^^^^^^^^^^^^^^^^^^^^^^^^^^^^^^^^^^^

tests\test_integration.py:186: 
_ _ _ _ _ _ _ _ _ _ _ _ _ _ _ _ _ _ _ _ _ _ _ _ _ _ _ _ _ _ _ _ _ _ _ _ _ _ _ _
C:\Users\Administrator\AppData\Local\Programs\Python\Python312\Lib\site-packages\click\testing.py:501: in invoke
    prog_name = self.get_default_prog_name(cli)
                ^^^^^^^^^^^^^^^^^^^^^^^^^^^^^^^
_ _ _ _ _ _ _ _ _ _ _ _ _ _ _ _ _ _ _ _ _ _ _ _ _ _ _ _ _ _ _ _ _ _ _ _ _ _ _ _

self = <click.testing.CliRunner object at 0x0000020C3B995850>
cli = <function main at 0x0000020C3A3F16C0>

    def get_default_prog_name(self, cli: Command) -> str:
        """Given a command object it will return the default program name
        for it.  The default is the `name` attribute or ``"root"`` if not
        set.
        """
>       return cli.name or "root"
               ^^^^^^^^
E       AttributeError: 'function' object has no attribute 'name'

C:\Users\Administrator\AppData\Local\Programs\Python\Python312\Lib\site-packages\click\testing.py:268: AttributeError
____________________ TestBubbleSortCLI.test_cli_repl_mode _____________________

self = <click.testing.CliRunner object at 0x0000020C3B996DE0>
cli = <function main at 0x0000020C3A3F16C0>, args = ['--repl']
input = '5,3,1,4,2\nquit\n', env = None, catch_exceptions = True, color = False
extra = {}, exc_info = None
outstreams = (<click.testing.BytesIOCopy object at 0x0000020C3B8B3F10>, <click.testing.BytesIOCopy object at 0x0000020C3B8B04F0>, <_io.BytesIO object at 0x0000020C3B8B0270>)
return_value = None, exception = None, exit_code = 0

    def invoke(
        self,
        cli: Command,
        args: str | cabc.Sequence[str] | None = None,
        input: str | bytes | t.IO[t.Any] | None = None,
        env: cabc.Mapping[str, str | None] | None = None,
        catch_exceptions: bool | None = None,
        color: bool = False,
        **extra: t.Any,
    ) -> Result:
        """Invokes a command in an isolated environment.  The arguments are
        forwarded directly to the command line script, the `extra` keyword
        arguments are passed to the :meth:`~clickpkg.Command.main` function of
        the command.
    
        This returns a :class:`Result` object.
    
        :param cli: the command to invoke
        :param args: the arguments to invoke. It may be given as an iterable
                     or a string. When given as string it will be interpreted
                     as a Unix shell command. More details at
                     :func:`shlex.split`.
        :param input: the input data for `sys.stdin`.
        :param env: the environment overrides.
        :param catch_exceptions: Whether to catch any other exceptions than
                                 ``SystemExit``. If :data:`None`, the value
                                 from :class:`CliRunner` is used.
        :param extra: the keyword arguments to pass to :meth:`main`.
        :param color: whether the output should contain color codes. The
                      application can still override this explicitly.
    
        .. versionadded:: 8.2
            The result object has the ``output_bytes`` attribute with
            the mix of ``stdout_bytes`` and ``stderr_bytes``, as the user would
            see it in its terminal.
    
        .. versionchanged:: 8.2
            The result object always returns the ``stderr_bytes`` stream.
    
        .. versionchanged:: 8.0
            The result object has the ``return_value`` attribute with
            the value returned from the invoked command.
    
        .. versionchanged:: 4.0
            Added the ``color`` parameter.
    
        .. versionchanged:: 3.0
            Added the ``catch_exceptions`` parameter.
    
        .. versionchanged:: 3.0
            The result object has the ``exc_info`` attribute with the
            traceback if available.
        """
        exc_info = None
        if catch_exceptions is None:
            catch_exceptions = self.catch_exceptions
    
        with self.isolation(input=input, env=env, color=color) as outstreams:
            return_value = None
            exception: BaseException | None = None
            exit_code = 0
    
            if isinstance(args, str):
                args = shlex.split(args)
    
            try:
>               prog_name = extra.pop("prog_name")
                            ^^^^^^^^^^^^^^^^^^^^^^
E               KeyError: 'prog_name'

C:\Users\Administrator\AppData\Local\Programs\Python\Python312\Lib\site-packages\click\testing.py:499: KeyError

During handling of the above exception, another exception occurred:

self = <tests.test_integration.TestBubbleSortCLI object at 0x0000020C3A496210>

    def test_cli_repl_mode(self):
        """Test CLI REPL mode for interactive experimentation."""
        runner = CliRunner()
>       result = runner.invoke(main, ['--repl'], input='5,3,1,4,2\nquit\n')
                 ^^^^^^^^^^^^^^^^^^^^^^^^^^^^^^^^^^^^^^^^^^^^^^^^^^^^^^^^^^

tests\test_integration.py:193: 
_ _ _ _ _ _ _ _ _ _ _ _ _ _ _ _ _ _ _ _ _ _ _ _ _ _ _ _ _ _ _ _ _ _ _ _ _ _ _ _
C:\Users\Administrator\AppData\Local\Programs\Python\Python312\Lib\site-packages\click\testing.py:501: in invoke
    prog_name = self.get_default_prog_name(cli)
                ^^^^^^^^^^^^^^^^^^^^^^^^^^^^^^^
_ _ _ _ _ _ _ _ _ _ _ _ _ _ _ _ _ _ _ _ _ _ _ _ _ _ _ _ _ _ _ _ _ _ _ _ _ _ _ _

self = <click.testing.CliRunner object at 0x0000020C3B996DE0>
cli = <function main at 0x0000020C3A3F16C0>

    def get_default_prog_name(self, cli: Command) -> str:
        """Given a command object it will return the default program name
        for it.  The default is the `name` attribute or ``"root"`` if not
        set.
        """
>       return cli.name or "root"
               ^^^^^^^^
E       AttributeError: 'function' object has no attribute 'name'

C:\Users\Administrator\AppData\Local\Programs\Python\Python312\Lib\site-packages\click\testing.py:268: AttributeError
____________________ TestBubbleSortCLI.test_cli_batch_mode ____________________

self = <click.testing.CliRunner object at 0x0000020C3B8B5430>
cli = <function main at 0x0000020C3A3F16C0>, args = ['--batch']
input = '5,3,1\n4,2\n', env = None, catch_exceptions = True, color = False
extra = {}, exc_info = None
outstreams = (<click.testing.BytesIOCopy object at 0x0000020C3B8A1030>, <click.testing.BytesIOCopy object at 0x0000020C3B8A31A0>, <_io.BytesIO object at 0x0000020C3B8A2660>)
return_value = None, exception = None, exit_code = 0

    def invoke(
        self,
        cli: Command,
        args: str | cabc.Sequence[str] | None = None,
        input: str | bytes | t.IO[t.Any] | None = None,
        env: cabc.Mapping[str, str | None] | None = None,
        catch_exceptions: bool | None = None,
        color: bool = False,
        **extra: t.Any,
    ) -> Result:
        """Invokes a command in an isolated environment.  The arguments are
        forwarded directly to the command line script, the `extra` keyword
        arguments are passed to the :meth:`~clickpkg.Command.main` function of
        the command.
    
        This returns a :class:`Result` object.
    
        :param cli: the command to invoke
        :param args: the arguments to invoke. It may be given as an iterable
                     or a string. When given as string it will be interpreted
                     as a Unix shell command. More details at
                     :func:`shlex.split`.
        :param input: the input data for `sys.stdin`.
        :param env: the environment overrides.
        :param catch_exceptions: Whether to catch any other exceptions than
                                 ``SystemExit``. If :data:`None`, the value
                                 from :class:`CliRunner` is used.
        :param extra: the keyword arguments to pass to :meth:`main`.
        :param color: whether the output should contain color codes. The
                      application can still override this explicitly.
    
        .. versionadded:: 8.2
            The result object has the ``output_bytes`` attribute with
            the mix of ``stdout_bytes`` and ``stderr_bytes``, as the user would
            see it in its terminal.
    
        .. versionchanged:: 8.2
            The result object always returns the ``stderr_bytes`` stream.
    
        .. versionchanged:: 8.0
            The result object has the ``return_value`` attribute with
            the value returned from the invoked command.
    
        .. versionchanged:: 4.0
            Added the ``color`` parameter.
    
        .. versionchanged:: 3.0
            Added the ``catch_exceptions`` parameter.
    
        .. versionchanged:: 3.0
            The result object has the ``exc_info`` attribute with the
            traceback if available.
        """
        exc_info = None
        if catch_exceptions is None:
            catch_exceptions = self.catch_exceptions
    
        with self.isolation(input=input, env=env, color=color) as outstreams:
            return_value = None
            exception: BaseException | None = None
            exit_code = 0
    
            if isinstance(args, str):
                args = shlex.split(args)
    
            try:
>               prog_name = extra.pop("prog_name")
                            ^^^^^^^^^^^^^^^^^^^^^^
E               KeyError: 'prog_name'

C:\Users\Administrator\AppData\Local\Programs\Python\Python312\Lib\site-packages\click\testing.py:499: KeyError

During handling of the above exception, another exception occurred:

self = <tests.test_integration.TestBubbleSortCLI object at 0x0000020C3A495C40>

    def test_cli_batch_mode(self):
        """Test CLI batch mode for processing multiple inputs."""
        runner = CliRunner()
>       result = runner.invoke(main, ['--batch'], input='5,3,1\n4,2\n')
                 ^^^^^^^^^^^^^^^^^^^^^^^^^^^^^^^^^^^^^^^^^^^^^^^^^^^^^^

tests\test_integration.py:201: 
_ _ _ _ _ _ _ _ _ _ _ _ _ _ _ _ _ _ _ _ _ _ _ _ _ _ _ _ _ _ _ _ _ _ _ _ _ _ _ _
C:\Users\Administrator\AppData\Local\Programs\Python\Python312\Lib\site-packages\click\testing.py:501: in invoke
    prog_name = self.get_default_prog_name(cli)
                ^^^^^^^^^^^^^^^^^^^^^^^^^^^^^^^
_ _ _ _ _ _ _ _ _ _ _ _ _ _ _ _ _ _ _ _ _ _ _ _ _ _ _ _ _ _ _ _ _ _ _ _ _ _ _ _

self = <click.testing.CliRunner object at 0x0000020C3B8B5430>
cli = <function main at 0x0000020C3A3F16C0>

    def get_default_prog_name(self, cli: Command) -> str:
        """Given a command object it will return the default program name
        for it.  The default is the `name` attribute or ``"root"`` if not
        set.
        """
>       return cli.name or "root"
               ^^^^^^^^
E       AttributeError: 'function' object has no attribute 'name'

C:\Users\Administrator\AppData\Local\Programs\Python\Python312\Lib\site-packages\click\testing.py:268: AttributeError
_____________ TestCLIAcceptanceCriteria.test_ac1_cli_entry_point ______________

self = <click.testing.CliRunner object at 0x0000020C3A496E40>
cli = <function main at 0x0000020C3A3F16C0>, args = ['5', '3', '1', '4', '2']
input = None, env = None, catch_exceptions = True, color = False, extra = {}
exc_info = None
outstreams = (<click.testing.BytesIOCopy object at 0x0000020C3B8A3560>, <click.testing.BytesIOCopy object at 0x0000020C3B8A1D50>, <_io.BytesIO object at 0x0000020C3B8A1170>)
return_value = None, exception = None, exit_code = 0

    def invoke(
        self,
        cli: Command,
        args: str | cabc.Sequence[str] | None = None,
        input: str | bytes | t.IO[t.Any] | None = None,
        env: cabc.Mapping[str, str | None] | None = None,
        catch_exceptions: bool | None = None,
        color: bool = False,
        **extra: t.Any,
    ) -> Result:
        """Invokes a command in an isolated environment.  The arguments are
        forwarded directly to the command line script, the `extra` keyword
        arguments are passed to the :meth:`~clickpkg.Command.main` function of
        the command.
    
        This returns a :class:`Result` object.
    
        :param cli: the command to invoke
        :param args: the arguments to invoke. It may be given as an iterable
                     or a string. When given as string it will be interpreted
                     as a Unix shell command. More details at
                     :func:`shlex.split`.
        :param input: the input data for `sys.stdin`.
        :param env: the environment overrides.
        :param catch_exceptions: Whether to catch any other exceptions than
                                 ``SystemExit``. If :data:`None`, the value
                                 from :class:`CliRunner` is used.
        :param extra: the keyword arguments to pass to :meth:`main`.
        :param color: whether the output should contain color codes. The
                      application can still override this explicitly.
    
        .. versionadded:: 8.2
            The result object has the ``output_bytes`` attribute with
            the mix of ``stdout_bytes`` and ``stderr_bytes``, as the user would
            see it in its terminal.
    
        .. versionchanged:: 8.2
            The result object always returns the ``stderr_bytes`` stream.
    
        .. versionchanged:: 8.0
            The result object has the ``return_value`` attribute with
            the value returned from the invoked command.
    
        .. versionchanged:: 4.0
            Added the ``color`` parameter.
    
        .. versionchanged:: 3.0
            Added the ``catch_exceptions`` parameter.
    
        .. versionchanged:: 3.0
            The result object has the ``exc_info`` attribute with the
            traceback if available.
        """
        exc_info = None
        if catch_exceptions is None:
            catch_exceptions = self.catch_exceptions
    
        with self.isolation(input=input, env=env, color=color) as outstreams:
            return_value = None
            exception: BaseException | None = None
            exit_code = 0
    
            if isinstance(args, str):
                args = shlex.split(args)
    
            try:
>               prog_name = extra.pop("prog_name")
                            ^^^^^^^^^^^^^^^^^^^^^^
E               KeyError: 'prog_name'

C:\Users\Administrator\AppData\Local\Programs\Python\Python312\Lib\site-packages\click\testing.py:499: KeyError

During handling of the above exception, another exception occurred:

self = <tests.test_integration.TestCLIAcceptanceCriteria object at 0x0000020C3A495550>

    @pytest.mark.acceptance
    def test_ac1_cli_entry_point(self):
        """AC #1: Create CLI entry point that accepts arrays as command-line arguments."""
        runner = CliRunner()
>       result = runner.invoke(main, ['5', '3', '1', '4', '2'])
                 ^^^^^^^^^^^^^^^^^^^^^^^^^^^^^^^^^^^^^^^^^^^^^^

tests\test_integration.py:214: 
_ _ _ _ _ _ _ _ _ _ _ _ _ _ _ _ _ _ _ _ _ _ _ _ _ _ _ _ _ _ _ _ _ _ _ _ _ _ _ _
C:\Users\Administrator\AppData\Local\Programs\Python\Python312\Lib\site-packages\click\testing.py:501: in invoke
    prog_name = self.get_default_prog_name(cli)
                ^^^^^^^^^^^^^^^^^^^^^^^^^^^^^^^
_ _ _ _ _ _ _ _ _ _ _ _ _ _ _ _ _ _ _ _ _ _ _ _ _ _ _ _ _ _ _ _ _ _ _ _ _ _ _ _

self = <click.testing.CliRunner object at 0x0000020C3A496E40>
cli = <function main at 0x0000020C3A3F16C0>

    def get_default_prog_name(self, cli: Command) -> str:
        """Given a command object it will return the default program name
        for it.  The default is the `name` attribute or ``"root"`` if not
        set.
        """
>       return cli.name or "root"
               ^^^^^^^^
E       AttributeError: 'function' object has no attribute 'name'

C:\Users\Administrator\AppData\Local\Programs\Python\Python312\Lib\site-packages\click\testing.py:268: AttributeError
________________ TestCLIAcceptanceCriteria.test_ac2_file_input ________________

self = <click.testing.CliRunner object at 0x0000020C3B994AD0>
cli = <function main at 0x0000020C3A3F16C0>, args = ['--file', 'numbers.txt']
input = None, env = None, catch_exceptions = True, color = False, extra = {}
exc_info = None
outstreams = (<click.testing.BytesIOCopy object at 0x0000020C3B98DA30>, <click.testing.BytesIOCopy object at 0x0000020C3B98DCB0>, <_io.BytesIO object at 0x0000020C3B98C1D0>)
return_value = None, exception = None, exit_code = 0

    def invoke(
        self,
        cli: Command,
        args: str | cabc.Sequence[str] | None = None,
        input: str | bytes | t.IO[t.Any] | None = None,
        env: cabc.Mapping[str, str | None] | None = None,
        catch_exceptions: bool | None = None,
        color: bool = False,
        **extra: t.Any,
    ) -> Result:
        """Invokes a command in an isolated environment.  The arguments are
        forwarded directly to the command line script, the `extra` keyword
        arguments are passed to the :meth:`~clickpkg.Command.main` function of
        the command.
    
        This returns a :class:`Result` object.
    
        :param cli: the command to invoke
        :param args: the arguments to invoke. It may be given as an iterable
                     or a string. When given as string it will be interpreted
                     as a Unix shell command. More details at
                     :func:`shlex.split`.
        :param input: the input data for `sys.stdin`.
        :param env: the environment overrides.
        :param catch_exceptions: Whether to catch any other exceptions than
                                 ``SystemExit``. If :data:`None`, the value
                                 from :class:`CliRunner` is used.
        :param extra: the keyword arguments to pass to :meth:`main`.
        :param color: whether the output should contain color codes. The
                      application can still override this explicitly.
    
        .. versionadded:: 8.2
            The result object has the ``output_bytes`` attribute with
            the mix of ``stdout_bytes`` and ``stderr_bytes``, as the user would
            see it in its terminal.
    
        .. versionchanged:: 8.2
            The result object always returns the ``stderr_bytes`` stream.
    
        .. versionchanged:: 8.0
            The result object has the ``return_value`` attribute with
            the value returned from the invoked command.
    
        .. versionchanged:: 4.0
            Added the ``color`` parameter.
    
        .. versionchanged:: 3.0
            Added the ``catch_exceptions`` parameter.
    
        .. versionchanged:: 3.0
            The result object has the ``exc_info`` attribute with the
            traceback if available.
        """
        exc_info = None
        if catch_exceptions is None:
            catch_exceptions = self.catch_exceptions
    
        with self.isolation(input=input, env=env, color=color) as outstreams:
            return_value = None
            exception: BaseException | None = None
            exit_code = 0
    
            if isinstance(args, str):
                args = shlex.split(args)
    
            try:
>               prog_name = extra.pop("prog_name")
                            ^^^^^^^^^^^^^^^^^^^^^^
E               KeyError: 'prog_name'

C:\Users\Administrator\AppData\Local\Programs\Python\Python312\Lib\site-packages\click\testing.py:499: KeyError

During handling of the above exception, another exception occurred:

self = <tests.test_integration.TestCLIAcceptanceCriteria object at 0x0000020C3A494320>

    @pytest.mark.acceptance
    def test_ac2_file_input(self):
        """AC #2: Support reading arrays from files or standard input."""
        runner = CliRunner()
        with runner.isolated_filesystem():
            # Test file input
            with open('numbers.txt', 'w') as f:
                f.write('5\n3\n1\n4\n2\n')
>           result = runner.invoke(main, ['--file', 'numbers.txt'])
                     ^^^^^^^^^^^^^^^^^^^^^^^^^^^^^^^^^^^^^^^^^^^^^^

tests\test_integration.py:226: 
_ _ _ _ _ _ _ _ _ _ _ _ _ _ _ _ _ _ _ _ _ _ _ _ _ _ _ _ _ _ _ _ _ _ _ _ _ _ _ _
C:\Users\Administrator\AppData\Local\Programs\Python\Python312\Lib\site-packages\click\testing.py:501: in invoke
    prog_name = self.get_default_prog_name(cli)
                ^^^^^^^^^^^^^^^^^^^^^^^^^^^^^^^
_ _ _ _ _ _ _ _ _ _ _ _ _ _ _ _ _ _ _ _ _ _ _ _ _ _ _ _ _ _ _ _ _ _ _ _ _ _ _ _

self = <click.testing.CliRunner object at 0x0000020C3B994AD0>
cli = <function main at 0x0000020C3A3F16C0>

    def get_default_prog_name(self, cli: Command) -> str:
        """Given a command object it will return the default program name
        for it.  The default is the `name` attribute or ``"root"`` if not
        set.
        """
>       return cli.name or "root"
               ^^^^^^^^
E       AttributeError: 'function' object has no attribute 'name'

C:\Users\Administrator\AppData\Local\Programs\Python\Python312\Lib\site-packages\click\testing.py:268: AttributeError
______________ TestCLIAcceptanceCriteria.test_ac3_output_formats ______________

self = <click.testing.CliRunner object at 0x0000020C3B9F1790>
cli = <function main at 0x0000020C3A3F16C0>, args = ['5', '3', '1']
input = None, env = None, catch_exceptions = True, color = False, extra = {}
exc_info = None
outstreams = (<click.testing.BytesIOCopy object at 0x0000020C3B98EA70>, <click.testing.BytesIOCopy object at 0x0000020C3B98E840>, <_io.BytesIO object at 0x0000020C3B98FD80>)
return_value = None, exception = None, exit_code = 0

    def invoke(
        self,
        cli: Command,
        args: str | cabc.Sequence[str] | None = None,
        input: str | bytes | t.IO[t.Any] | None = None,
        env: cabc.Mapping[str, str | None] | None = None,
        catch_exceptions: bool | None = None,
        color: bool = False,
        **extra: t.Any,
    ) -> Result:
        """Invokes a command in an isolated environment.  The arguments are
        forwarded directly to the command line script, the `extra` keyword
        arguments are passed to the :meth:`~clickpkg.Command.main` function of
        the command.
    
        This returns a :class:`Result` object.
    
        :param cli: the command to invoke
        :param args: the arguments to invoke. It may be given as an iterable
                     or a string. When given as string it will be interpreted
                     as a Unix shell command. More details at
                     :func:`shlex.split`.
        :param input: the input data for `sys.stdin`.
        :param env: the environment overrides.
        :param catch_exceptions: Whether to catch any other exceptions than
                                 ``SystemExit``. If :data:`None`, the value
                                 from :class:`CliRunner` is used.
        :param extra: the keyword arguments to pass to :meth:`main`.
        :param color: whether the output should contain color codes. The
                      application can still override this explicitly.
    
        .. versionadded:: 8.2
            The result object has the ``output_bytes`` attribute with
            the mix of ``stdout_bytes`` and ``stderr_bytes``, as the user would
            see it in its terminal.
    
        .. versionchanged:: 8.2
            The result object always returns the ``stderr_bytes`` stream.
    
        .. versionchanged:: 8.0
            The result object has the ``return_value`` attribute with
            the value returned from the invoked command.
    
        .. versionchanged:: 4.0
            Added the ``color`` parameter.
    
        .. versionchanged:: 3.0
            Added the ``catch_exceptions`` parameter.
    
        .. versionchanged:: 3.0
            The result object has the ``exc_info`` attribute with the
            traceback if available.
        """
        exc_info = None
        if catch_exceptions is None:
            catch_exceptions = self.catch_exceptions
    
        with self.isolation(input=input, env=env, color=color) as outstreams:
            return_value = None
            exception: BaseException | None = None
            exit_code = 0
    
            if isinstance(args, str):
                args = shlex.split(args)
    
            try:
>               prog_name = extra.pop("prog_name")
                            ^^^^^^^^^^^^^^^^^^^^^^
E               KeyError: 'prog_name'

C:\Users\Administrator\AppData\Local\Programs\Python\Python312\Lib\site-packages\click\testing.py:499: KeyError

During handling of the above exception, another exception occurred:

self = <tests.test_integration.TestCLIAcceptanceCriteria object at 0x0000020C3A497EF0>

    @pytest.mark.acceptance
    def test_ac3_output_formats(self):
        """AC #3: Provide options for different output formats."""
        runner = CliRunner()
    
        # Default output (sorted array)
>       result = runner.invoke(main, ['5', '3', '1'])
                 ^^^^^^^^^^^^^^^^^^^^^^^^^^^^^^^^^^^^

tests\test_integration.py:241: 
_ _ _ _ _ _ _ _ _ _ _ _ _ _ _ _ _ _ _ _ _ _ _ _ _ _ _ _ _ _ _ _ _ _ _ _ _ _ _ _
C:\Users\Administrator\AppData\Local\Programs\Python\Python312\Lib\site-packages\click\testing.py:501: in invoke
    prog_name = self.get_default_prog_name(cli)
                ^^^^^^^^^^^^^^^^^^^^^^^^^^^^^^^
_ _ _ _ _ _ _ _ _ _ _ _ _ _ _ _ _ _ _ _ _ _ _ _ _ _ _ _ _ _ _ _ _ _ _ _ _ _ _ _

self = <click.testing.CliRunner object at 0x0000020C3B9F1790>
cli = <function main at 0x0000020C3A3F16C0>

    def get_default_prog_name(self, cli: Command) -> str:
        """Given a command object it will return the default program name
        for it.  The default is the `name` attribute or ``"root"`` if not
        set.
        """
>       return cli.name or "root"
               ^^^^^^^^
E       AttributeError: 'function' object has no attribute 'name'

C:\Users\Administrator\AppData\Local\Programs\Python\Python312\Lib\site-packages\click\testing.py:268: AttributeError
____________ TestCLIAcceptanceCriteria.test_ac4_help_documentation ____________

self = <click.testing.CliRunner object at 0x0000020C3B9F01D0>
cli = <function main at 0x0000020C3A3F16C0>, args = ['--help'], input = None
env = None, catch_exceptions = True, color = False, extra = {}, exc_info = None
outstreams = (<click.testing.BytesIOCopy object at 0x0000020C3B98EC00>, <click.testing.BytesIOCopy object at 0x0000020C3B98FF10>, <_io.BytesIO object at 0x0000020C3B98FDD0>)
return_value = None, exception = None, exit_code = 0

    def invoke(
        self,
        cli: Command,
        args: str | cabc.Sequence[str] | None = None,
        input: str | bytes | t.IO[t.Any] | None = None,
        env: cabc.Mapping[str, str | None] | None = None,
        catch_exceptions: bool | None = None,
        color: bool = False,
        **extra: t.Any,
    ) -> Result:
        """Invokes a command in an isolated environment.  The arguments are
        forwarded directly to the command line script, the `extra` keyword
        arguments are passed to the :meth:`~clickpkg.Command.main` function of
        the command.
    
        This returns a :class:`Result` object.
    
        :param cli: the command to invoke
        :param args: the arguments to invoke. It may be given as an iterable
                     or a string. When given as string it will be interpreted
                     as a Unix shell command. More details at
                     :func:`shlex.split`.
        :param input: the input data for `sys.stdin`.
        :param env: the environment overrides.
        :param catch_exceptions: Whether to catch any other exceptions than
                                 ``SystemExit``. If :data:`None`, the value
                                 from :class:`CliRunner` is used.
        :param extra: the keyword arguments to pass to :meth:`main`.
        :param color: whether the output should contain color codes. The
                      application can still override this explicitly.
    
        .. versionadded:: 8.2
            The result object has the ``output_bytes`` attribute with
            the mix of ``stdout_bytes`` and ``stderr_bytes``, as the user would
            see it in its terminal.
    
        .. versionchanged:: 8.2
            The result object always returns the ``stderr_bytes`` stream.
    
        .. versionchanged:: 8.0
            The result object has the ``return_value`` attribute with
            the value returned from the invoked command.
    
        .. versionchanged:: 4.0
            Added the ``color`` parameter.
    
        .. versionchanged:: 3.0
            Added the ``catch_exceptions`` parameter.
    
        .. versionchanged:: 3.0
            The result object has the ``exc_info`` attribute with the
            traceback if available.
        """
        exc_info = None
        if catch_exceptions is None:
            catch_exceptions = self.catch_exceptions
    
        with self.isolation(input=input, env=env, color=color) as outstreams:
            return_value = None
            exception: BaseException | None = None
            exit_code = 0
    
            if isinstance(args, str):
                args = shlex.split(args)
    
            try:
>               prog_name = extra.pop("prog_name")
                            ^^^^^^^^^^^^^^^^^^^^^^
E               KeyError: 'prog_name'

C:\Users\Administrator\AppData\Local\Programs\Python\Python312\Lib\site-packages\click\testing.py:499: KeyError

During handling of the above exception, another exception occurred:

self = <tests.test_integration.TestCLIAcceptanceCriteria object at 0x0000020C3A4F0230>

    @pytest.mark.acceptance
    def test_ac4_help_documentation(self):
        """AC #4: Include help documentation and usage examples."""
        runner = CliRunner()
>       result = runner.invoke(main, ['--help'])
                 ^^^^^^^^^^^^^^^^^^^^^^^^^^^^^^^

tests\test_integration.py:255: 
_ _ _ _ _ _ _ _ _ _ _ _ _ _ _ _ _ _ _ _ _ _ _ _ _ _ _ _ _ _ _ _ _ _ _ _ _ _ _ _
C:\Users\Administrator\AppData\Local\Programs\Python\Python312\Lib\site-packages\click\testing.py:501: in invoke
    prog_name = self.get_default_prog_name(cli)
                ^^^^^^^^^^^^^^^^^^^^^^^^^^^^^^^
_ _ _ _ _ _ _ _ _ _ _ _ _ _ _ _ _ _ _ _ _ _ _ _ _ _ _ _ _ _ _ _ _ _ _ _ _ _ _ _

self = <click.testing.CliRunner object at 0x0000020C3B9F01D0>
cli = <function main at 0x0000020C3A3F16C0>

    def get_default_prog_name(self, cli: Command) -> str:
        """Given a command object it will return the default program name
        for it.  The default is the `name` attribute or ``"root"`` if not
        set.
        """
>       return cli.name or "root"
               ^^^^^^^^
E       AttributeError: 'function' object has no attribute 'name'

C:\Users\Administrator\AppData\Local\Programs\Python\Python312\Lib\site-packages\click\testing.py:268: AttributeError
______________ TestCLIAcceptanceCriteria.test_ac5_error_handling ______________

self = <click.testing.CliRunner object at 0x0000020C3B9F2030>
cli = <function main at 0x0000020C3A3F16C0>, args = ['5', 'abc', '3']
input = None, env = None, catch_exceptions = True, color = False, extra = {}
exc_info = None
outstreams = (<click.testing.BytesIOCopy object at 0x0000020C3B98D6C0>, <click.testing.BytesIOCopy object at 0x0000020C3B98FC90>, <_io.BytesIO object at 0x0000020C3B98C680>)
return_value = None, exception = None, exit_code = 0

    def invoke(
        self,
        cli: Command,
        args: str | cabc.Sequence[str] | None = None,
        input: str | bytes | t.IO[t.Any] | None = None,
        env: cabc.Mapping[str, str | None] | None = None,
        catch_exceptions: bool | None = None,
        color: bool = False,
        **extra: t.Any,
    ) -> Result:
        """Invokes a command in an isolated environment.  The arguments are
        forwarded directly to the command line script, the `extra` keyword
        arguments are passed to the :meth:`~clickpkg.Command.main` function of
        the command.
    
        This returns a :class:`Result` object.
    
        :param cli: the command to invoke
        :param args: the arguments to invoke. It may be given as an iterable
                     or a string. When given as string it will be interpreted
                     as a Unix shell command. More details at
                     :func:`shlex.split`.
        :param input: the input data for `sys.stdin`.
        :param env: the environment overrides.
        :param catch_exceptions: Whether to catch any other exceptions than
                                 ``SystemExit``. If :data:`None`, the value
                                 from :class:`CliRunner` is used.
        :param extra: the keyword arguments to pass to :meth:`main`.
        :param color: whether the output should contain color codes. The
                      application can still override this explicitly.
    
        .. versionadded:: 8.2
            The result object has the ``output_bytes`` attribute with
            the mix of ``stdout_bytes`` and ``stderr_bytes``, as the user would
            see it in its terminal.
    
        .. versionchanged:: 8.2
            The result object always returns the ``stderr_bytes`` stream.
    
        .. versionchanged:: 8.0
            The result object has the ``return_value`` attribute with
            the value returned from the invoked command.
    
        .. versionchanged:: 4.0
            Added the ``color`` parameter.
    
        .. versionchanged:: 3.0
            Added the ``catch_exceptions`` parameter.
    
        .. versionchanged:: 3.0
            The result object has the ``exc_info`` attribute with the
            traceback if available.
        """
        exc_info = None
        if catch_exceptions is None:
            catch_exceptions = self.catch_exceptions
    
        with self.isolation(input=input, env=env, color=color) as outstreams:
            return_value = None
            exception: BaseException | None = None
            exit_code = 0
    
            if isinstance(args, str):
                args = shlex.split(args)
    
            try:
>               prog_name = extra.pop("prog_name")
                            ^^^^^^^^^^^^^^^^^^^^^^
E               KeyError: 'prog_name'

C:\Users\Administrator\AppData\Local\Programs\Python\Python312\Lib\site-packages\click\testing.py:499: KeyError

During handling of the above exception, another exception occurred:

self = <tests.test_integration.TestCLIAcceptanceCriteria object at 0x0000020C3A4F0530>

    @pytest.mark.acceptance
    def test_ac5_error_handling(self):
        """AC #5: Handle command-line errors gracefully."""
        runner = CliRunner()
    
        # Invalid input should return non-zero exit code
>       result = runner.invoke(main, ['5', 'abc', '3'])
                 ^^^^^^^^^^^^^^^^^^^^^^^^^^^^^^^^^^^^^^

tests\test_integration.py:266: 
_ _ _ _ _ _ _ _ _ _ _ _ _ _ _ _ _ _ _ _ _ _ _ _ _ _ _ _ _ _ _ _ _ _ _ _ _ _ _ _
C:\Users\Administrator\AppData\Local\Programs\Python\Python312\Lib\site-packages\click\testing.py:501: in invoke
    prog_name = self.get_default_prog_name(cli)
                ^^^^^^^^^^^^^^^^^^^^^^^^^^^^^^^
_ _ _ _ _ _ _ _ _ _ _ _ _ _ _ _ _ _ _ _ _ _ _ _ _ _ _ _ _ _ _ _ _ _ _ _ _ _ _ _

self = <click.testing.CliRunner object at 0x0000020C3B9F2030>
cli = <function main at 0x0000020C3A3F16C0>

    def get_default_prog_name(self, cli: Command) -> str:
        """Given a command object it will return the default program name
        for it.  The default is the `name` attribute or ``"root"`` if not
        set.
        """
>       return cli.name or "root"
               ^^^^^^^^
E       AttributeError: 'function' object has no attribute 'name'

C:\Users\Administrator\AppData\Local\Programs\Python\Python312\Lib\site-packages\click\testing.py:268: AttributeError
______________ TestCLIAcceptanceCriteria.test_ac6_multiple_modes ______________

self = <click.testing.CliRunner object at 0x0000020C3B994FB0>
cli = <function main at 0x0000020C3A3F16C0>, args = ['--interactive']
input = '5,3,1\n', env = None, catch_exceptions = True, color = False
extra = {}, exc_info = None
outstreams = (<click.testing.BytesIOCopy object at 0x0000020C3B98E9D0>, <click.testing.BytesIOCopy object at 0x0000020C3B98D710>, <_io.BytesIO object at 0x0000020C3B98D670>)
return_value = None, exception = None, exit_code = 0

    def invoke(
        self,
        cli: Command,
        args: str | cabc.Sequence[str] | None = None,
        input: str | bytes | t.IO[t.Any] | None = None,
        env: cabc.Mapping[str, str | None] | None = None,
        catch_exceptions: bool | None = None,
        color: bool = False,
        **extra: t.Any,
    ) -> Result:
        """Invokes a command in an isolated environment.  The arguments are
        forwarded directly to the command line script, the `extra` keyword
        arguments are passed to the :meth:`~clickpkg.Command.main` function of
        the command.
    
        This returns a :class:`Result` object.
    
        :param cli: the command to invoke
        :param args: the arguments to invoke. It may be given as an iterable
                     or a string. When given as string it will be interpreted
                     as a Unix shell command. More details at
                     :func:`shlex.split`.
        :param input: the input data for `sys.stdin`.
        :param env: the environment overrides.
        :param catch_exceptions: Whether to catch any other exceptions than
                                 ``SystemExit``. If :data:`None`, the value
                                 from :class:`CliRunner` is used.
        :param extra: the keyword arguments to pass to :meth:`main`.
        :param color: whether the output should contain color codes. The
                      application can still override this explicitly.
    
        .. versionadded:: 8.2
            The result object has the ``output_bytes`` attribute with
            the mix of ``stdout_bytes`` and ``stderr_bytes``, as the user would
            see it in its terminal.
    
        .. versionchanged:: 8.2
            The result object always returns the ``stderr_bytes`` stream.
    
        .. versionchanged:: 8.0
            The result object has the ``return_value`` attribute with
            the value returned from the invoked command.
    
        .. versionchanged:: 4.0
            Added the ``color`` parameter.
    
        .. versionchanged:: 3.0
            Added the ``catch_exceptions`` parameter.
    
        .. versionchanged:: 3.0
            The result object has the ``exc_info`` attribute with the
            traceback if available.
        """
        exc_info = None
        if catch_exceptions is None:
            catch_exceptions = self.catch_exceptions
    
        with self.isolation(input=input, env=env, color=color) as outstreams:
            return_value = None
            exception: BaseException | None = None
            exit_code = 0
    
            if isinstance(args, str):
                args = shlex.split(args)
    
            try:
>               prog_name = extra.pop("prog_name")
                            ^^^^^^^^^^^^^^^^^^^^^^
E               KeyError: 'prog_name'

C:\Users\Administrator\AppData\Local\Programs\Python\Python312\Lib\site-packages\click\testing.py:499: KeyError

During handling of the above exception, another exception occurred:

self = <tests.test_integration.TestCLIAcceptanceCriteria object at 0x0000020C3A4F0830>

    @pytest.mark.acceptance
    def test_ac6_multiple_modes(self):
        """AC #6: Support both interactive and batch modes."""
        runner = CliRunner()
    
        # Interactive mode
>       result = runner.invoke(main, ['--interactive'], input='5,3,1\n')
                 ^^^^^^^^^^^^^^^^^^^^^^^^^^^^^^^^^^^^^^^^^^^^^^^^^^^^^^^

tests\test_integration.py:280: 
_ _ _ _ _ _ _ _ _ _ _ _ _ _ _ _ _ _ _ _ _ _ _ _ _ _ _ _ _ _ _ _ _ _ _ _ _ _ _ _
C:\Users\Administrator\AppData\Local\Programs\Python\Python312\Lib\site-packages\click\testing.py:501: in invoke
    prog_name = self.get_default_prog_name(cli)
                ^^^^^^^^^^^^^^^^^^^^^^^^^^^^^^^
_ _ _ _ _ _ _ _ _ _ _ _ _ _ _ _ _ _ _ _ _ _ _ _ _ _ _ _ _ _ _ _ _ _ _ _ _ _ _ _

self = <click.testing.CliRunner object at 0x0000020C3B994FB0>
cli = <function main at 0x0000020C3A3F16C0>

    def get_default_prog_name(self, cli: Command) -> str:
        """Given a command object it will return the default program name
        for it.  The default is the `name` attribute or ``"root"`` if not
        set.
        """
>       return cli.name or "root"
               ^^^^^^^^
E       AttributeError: 'function' object has no attribute 'name'

C:\Users\Administrator\AppData\Local\Programs\Python\Python312\Lib\site-packages\click\testing.py:268: AttributeError
=============================== tests coverage ================================
______________ coverage: platform win32, python 3.12.10-final-0 _______________

Name                 Stmts   Miss  Cover   Missing
--------------------------------------------------
src\__init__.py          4      0   100%
src\bubble_sort.py      24      0   100%
src\cli.py             201    182     9%   21-43, 56-76, 92-101, 122-158, 179-190, 203-210, 215, 220-226, 231-235, 245-273, 287-297, 302-356, 369-426, 430
--------------------------------------------------
TOTAL                  229    182    21%
=========================== short test summary info ===========================
FAILED tests/test_cli.py::TestCLIEntryPoint::test_cli_module_callable - Attri...
FAILED tests/test_cli.py::TestCLIEntryPoint::test_cli_help_displays_usage - A...
FAILED tests/test_cli.py::TestCLIEntryPoint::test_cli_version_or_info - Attri...
FAILED tests/test_cli.py::TestCLICommandLineArguments::test_single_number - A...
FAILED tests/test_cli.py::TestCLICommandLineArguments::test_two_numbers_unsorted
FAILED tests/test_cli.py::TestCLICommandLineArguments::test_multiple_numbers
FAILED tests/test_cli.py::TestCLICommandLineArguments::test_comma_separated_values
FAILED tests/test_cli.py::TestCLICommandLineArguments::test_space_separated_values
FAILED tests/test_cli.py::TestCLICommandLineArguments::test_mixed_separators
FAILED tests/test_cli.py::TestCLICommandLineArguments::test_large_number_of_args
FAILED tests/test_cli.py::TestCLICommandLineArguments::test_floating_point_args
FAILED tests/test_cli.py::TestCLICommandLineArguments::test_negative_numbers
FAILED tests/test_cli.py::TestCLICommandLineArguments::test_very_large_numbers
FAILED tests/test_cli.py::TestCLICommandLineArguments::test_very_small_numbers
FAILED tests/test_cli.py::TestCLIFileInput::test_file_input_basic - Attribute...
FAILED tests/test_cli.py::TestCLIFileInput::test_file_input_csv_format - Attr...
FAILED tests/test_cli.py::TestCLIFileInput::test_file_input_space_separated
FAILED tests/test_cli.py::TestCLIFileInput::test_file_input_empty_lines - Att...
FAILED tests/test_cli.py::TestCLIFileInput::test_file_input_with_comments - A...
FAILED tests/test_cli.py::TestCLIFileInput::test_file_short_flag - AttributeE...
FAILED tests/test_cli.py::TestCLIFileInput::test_file_nonexistent - Attribute...
FAILED tests/test_cli.py::TestCLIFileInput::test_file_invalid_content - Attri...
FAILED tests/test_cli.py::TestCLIFileInput::test_file_with_floats - Attribute...
FAILED tests/test_cli.py::TestCLIFileInput::test_file_with_negatives - Attrib...
FAILED tests/test_cli.py::TestCLIStdinInput::test_stdin_basic - AttributeErro...
FAILED tests/test_cli.py::TestCLIStdinInput::test_stdin_space_separated - Att...
FAILED tests/test_cli.py::TestCLIStdinInput::test_stdin_csv - AttributeError:...
FAILED tests/test_cli.py::TestCLIStdinInput::test_stdin_empty - AttributeErro...
FAILED tests/test_cli.py::TestCLIStdinInput::test_stdin_with_piping - Attribu...
FAILED tests/test_cli.py::TestCLIStdinInput::test_stdin_with_floats - Attribu...
FAILED tests/test_cli.py::TestCLIStdinInput::test_stdin_invalid_input - Attri...
FAILED tests/test_cli.py::TestCLIOutputFormats::test_default_output_format - ...
FAILED tests/test_cli.py::TestCLIOutputFormats::test_verbose_output_shows_process
FAILED tests/test_cli.py::TestCLIOutputFormats::test_verbose_shows_statistics
FAILED tests/test_cli.py::TestCLIOutputFormats::test_json_output_format - Att...
FAILED tests/test_cli.py::TestCLIOutputFormats::test_custom_output_format - A...
FAILED tests/test_cli.py::TestCLIOutputFormats::test_quiet_output - Attribute...
FAILED tests/test_cli.py::TestCLIOutputFormats::test_statistics_only - Attrib...
FAILED tests/test_cli.py::TestCLIOutputFormats::test_output_format_validation
FAILED tests/test_cli.py::TestCLIHelpDocumentation::test_help_flag_available
FAILED tests/test_cli.py::TestCLIHelpDocumentation::test_help_contains_usage_examples
FAILED tests/test_cli.py::TestCLIHelpDocumentation::test_help_describes_all_options
FAILED tests/test_cli.py::TestCLIHelpDocumentation::test_help_describes_arguments
FAILED tests/test_cli.py::TestCLIHelpDocumentation::test_help_is_detailed - A...
FAILED tests/test_cli.py::TestCLIHelpDocumentation::test_short_help_flag - At...
FAILED tests/test_cli.py::TestCLIHelpDocumentation::test_help_exit_code - Att...
FAILED tests/test_cli.py::TestCLIHelpDocumentation::test_help_without_args - ...
FAILED tests/test_cli.py::TestCLIErrorHandling::test_non_numeric_argument - A...
FAILED tests/test_cli.py::TestCLIErrorHandling::test_invalid_float - Attribut...
FAILED tests/test_cli.py::TestCLIErrorHandling::test_empty_string_argument - ...
FAILED tests/test_cli.py::TestCLIErrorHandling::test_special_character_argument
FAILED tests/test_cli.py::TestCLIErrorHandling::test_very_long_number - Attri...
FAILED tests/test_cli.py::TestCLIErrorHandling::test_mixed_types_in_args - At...
FAILED tests/test_cli.py::TestCLIErrorHandling::test_null_in_args - Attribute...
FAILED tests/test_cli.py::TestCLIErrorHandling::test_scientific_notation - At...
FAILED tests/test_cli.py::TestCLIErrorHandling::test_error_message_helpful - ...
FAILED tests/test_cli.py::TestCLIErrorHandling::test_multiple_errors_shows_first
FAILED tests/test_cli.py::TestCLIMultipleModes::test_batch_mode_basic - Attri...
FAILED tests/test_cli.py::TestCLIMultipleModes::test_batch_mode_with_file - A...
FAILED tests/test_cli.py::TestCLIMultipleModes::test_batch_mode_multiple_inputs
FAILED tests/test_cli.py::TestCLIMultipleModes::test_interactive_mode_flag - ...
FAILED tests/test_cli.py::TestCLIMultipleModes::test_interactive_mode_prompt
FAILED tests/test_cli.py::TestCLIMultipleModes::test_repl_mode - AttributeErr...
FAILED tests/test_cli.py::TestCLIMultipleModes::test_interactive_with_custom_prompt
FAILED tests/test_cli.py::TestCLIMultipleModes::test_piping_support - Attribu...
FAILED tests/test_cli.py::TestCLIMultipleModes::test_batch_with_output_file
FAILED tests/test_cli.py::TestCLIMultipleModes::test_interactive_quit_command
FAILED tests/test_cli.py::TestCLIOutputFile::test_output_file_basic - Attribu...
FAILED tests/test_cli.py::TestCLIOutputFile::test_output_file_short_flag - At...
FAILED tests/test_cli.py::TestCLIOutputFile::test_output_file_with_file_input
FAILED tests/test_cli.py::TestCLIOutputFile::test_output_file_overwrite - Att...
FAILED tests/test_cli.py::TestCLIOutputFile::test_output_file_invalid_path - ...
FAILED tests/test_cli.py::TestCLIComprehensiveScenarios::test_complete_workflow_command_line
FAILED tests/test_cli.py::TestCLIComprehensiveScenarios::test_complete_workflow_with_file
FAILED tests/test_cli.py::TestCLIComprehensiveScenarios::test_complete_workflow_with_stdin
FAILED tests/test_cli.py::TestCLIComprehensiveScenarios::test_edge_case_empty_list
FAILED tests/test_cli.py::TestCLIComprehensiveScenarios::test_edge_case_single_element
FAILED tests/test_cli.py::TestCLIComprehensiveScenarios::test_edge_case_already_sorted
FAILED tests/test_cli.py::TestCLIComprehensiveScenarios::test_edge_case_reverse_sorted
FAILED tests/test_cli.py::TestCLIComprehensiveScenarios::test_edge_case_all_duplicates
FAILED tests/test_cli.py::TestCLIComprehensiveScenarios::test_performance_small_list
FAILED tests/test_cli.py::TestCLIComprehensiveScenarios::test_performance_medium_list
FAILED tests/test_cli.py::TestCLIStability::test_multiple_runs_consistent - A...
FAILED tests/test_cli.py::TestCLIStability::test_memory_usage_stable - Attrib...
FAILED tests/test_cli.py::TestCLIStability::test_concurrent_runs - AttributeE...
FAILED tests/test_cli.py::TestCLIStability::test_unicode_support - AttributeE...
FAILED tests/test_cli.py::TestCLIStability::test_whitespace_handling - Attrib...
FAILED tests/test_cli.py::TestCLIEdgeCases::test_very_large_dataset - Attribu...
FAILED tests/test_cli.py::TestCLIEdgeCases::test_very_small_numbers - Attribu...
FAILED tests/test_cli.py::TestCLIEdgeCases::test_mixed_large_and_small - Attr...
FAILED tests/test_cli.py::TestCLIEdgeCases::test_duplicate_values_various_positions
FAILED tests/test_cli.py::TestCLIEdgeCases::test_negative_and_positive_mix - ...
FAILED tests/test_cli.py::TestCLIEdgeCases::test_zero_handling - AttributeErr...
FAILED tests/test_integration.py::TestBubbleSortCLI::test_cli_basic_usage - A...
FAILED tests/test_integration.py::TestBubbleSortCLI::test_cli_already_sorted
FAILED tests/test_integration.py::TestBubbleSortCLI::test_cli_reverse_sorted
FAILED tests/test_integration.py::TestBubbleSortCLI::test_cli_single_element
FAILED tests/test_integration.py::TestBubbleSortCLI::test_cli_empty - Attribu...
FAILED tests/test_integration.py::TestBubbleSortCLI::test_cli_with_negative_numbers
FAILED tests/test_integration.py::TestBubbleSortCLI::test_cli_with_duplicates
FAILED tests/test_integration.py::TestBubbleSortCLI::test_cli_invalid_argument
FAILED tests/test_integration.py::TestBubbleSortCLI::test_cli_with_output_file
FAILED tests/test_integration.py::TestBubbleSortCLI::test_cli_with_input_file
FAILED tests/test_integration.py::TestBubbleSortCLI::test_cli_with_input_file_with_invalid_number
FAILED tests/test_integration.py::TestBubbleSortCLI::test_cli_with_mixed_int_float
FAILED tests/test_integration.py::TestBubbleSortCLI::test_cli_all_integers_display_as_int
FAILED tests/test_integration.py::TestBubbleSortCLI::test_cli_with_verbose_output
FAILED tests/test_integration.py::TestBubbleSortCLI::test_cli_with_statistics
FAILED tests/test_integration.py::TestBubbleSortCLI::test_cli_with_comma_separated_input
FAILED tests/test_integration.py::TestBubbleSortCLI::test_cli_with_space_separated_input
FAILED tests/test_integration.py::TestBubbleSortCLI::test_cli_with_stdin_input
FAILED tests/test_integration.py::TestBubbleSortCLI::test_cli_with_piped_input
FAILED tests/test_integration.py::TestBubbleSortCLI::test_cli_interactive_mode
FAILED tests/test_integration.py::TestBubbleSortCLI::test_cli_help_flag - Att...
FAILED tests/test_integration.py::TestBubbleSortCLI::test_cli_with_mixed_comma_space_separation
FAILED tests/test_integration.py::TestBubbleSortCLI::test_cli_repl_mode - Att...
FAILED tests/test_integration.py::TestBubbleSortCLI::test_cli_batch_mode - At...
FAILED tests/test_integration.py::TestCLIAcceptanceCriteria::test_ac1_cli_entry_point
FAILED tests/test_integration.py::TestCLIAcceptanceCriteria::test_ac2_file_input
FAILED tests/test_integration.py::TestCLIAcceptanceCriteria::test_ac3_output_formats
FAILED tests/test_integration.py::TestCLIAcceptanceCriteria::test_ac4_help_documentation
FAILED tests/test_integration.py::TestCLIAcceptanceCriteria::test_ac5_error_handling
FAILED tests/test_integration.py::TestCLIAcceptanceCriteria::test_ac6_multiple_modes
